WARNING : Using CLI version 2.43.2 but project's `requirements.txt`
WARNING : is configured to use 2.43.1. Consider either installing
WARNING : CLI version 2.43.1 or running `pretext update-project`
WARNING : to update `requirements.txt` and other managed files to match 2.43.2.
INFO    : Since no target was supplied, we will use "web".

INFO    : Generating any needed assets.
INFO    : XSL conversion of /workspaces/activediscreteTEST0312826/Doree-main/source/main.ptx by /home/codespace/.ptx/2.43.2/core/xsl/utilities/pretext-enhanced-source.xsl
INFO    : successful application of /home/codespace/.ptx/2.43.2/core/xsl/utilities/pretext-enhanced-source.xsl
WARNING : Now generating latex images
INFO    : converting latex-image pictures from /workspaces/activediscreteTEST0312826/Doree-main/source/main.ptx to svg graphics for placement in /workspaces/activediscreteTEST0312826/Doree-main/generated-assets/latex-image
INFO    : extracting latex-image pictures from /workspaces/activediscreteTEST0312826/Doree-main/source/main.ptx
INFO    : string parameters passed to extraction stylesheet: {'publisher': '/workspaces/activediscreteTEST0312826/Doree-main/source/publication.xml'}
INFO    : discovering source file's directory name: /workspaces/activediscreteTEST0312826/Doree-main/source
INFO    : verifying and expanding input directory: /workspaces/activediscreteTEST0312826/Doree-main/source/../generated-assets
INFO    : input directory expanded to absolute path: /workspaces/activediscreteTEST0312826/Doree-main/generated-assets
INFO    : verifying and expanding input directory: /workspaces/activediscreteTEST0312826/Doree-main/source/../assets
INFO    : input directory expanded to absolute path: /workspaces/activediscreteTEST0312826/Doree-main/assets
INFO    : discovering source file's directory name: /workspaces/activediscreteTEST0312826/Doree-main/source
INFO    : XSL conversion of /workspaces/activediscreteTEST0312826/Doree-main/source/main.ptx by /home/codespace/.ptx/2.43.2/core/xsl/extract-latex-image.xsl
INFO    : successful application of /home/codespace/.ptx/2.43.2/core/xsl/extract-latex-image.xsl
INFO    : converting figure_all_diff_set-2.tex to figure_all_diff_set-2.pdf
INFO    : cropping figure_all_diff_set-2.pdf to cropped-figure_all_diff_set-2.pdf
INFO    : renaming cropped-figure_all_diff_set-2.pdf to figure_all_diff_set-2.pdf
INFO    : converting figure_all_diff_set-2.pdf to figure_all_diff_set-2.svg
INFO    : converting figure_show_set-2.tex to figure_show_set-2.pdf
INFO    : cropping figure_show_set-2.pdf to cropped-figure_show_set-2.pdf
INFO    : renaming cropped-figure_show_set-2.pdf to figure_show_set-2.pdf
INFO    : converting figure_show_set-2.pdf to figure_show_set-2.svg
INFO    : converting figure_show_not_set-2.tex to figure_show_not_set-2.pdf
INFO    : cropping figure_show_not_set-2.pdf to cropped-figure_show_not_set-2.pdf
INFO    : renaming cropped-figure_show_not_set-2.pdf to figure_show_not_set-2.pdf
INFO    : converting figure_show_not_set-2.pdf to figure_show_not_set-2.svg
INFO    : converting fig_all_odd_degree-2.tex to fig_all_odd_degree-2.pdf
INFO    : cropping fig_all_odd_degree-2.pdf to cropped-fig_all_odd_degree-2.pdf
INFO    : renaming cropped-fig_all_odd_degree-2.pdf to fig_all_odd_degree-2.pdf
INFO    : converting fig_all_odd_degree-2.pdf to fig_all_odd_degree-2.svg
INFO    : converting figure_decide_if_set-2.tex to figure_decide_if_set-2.pdf
INFO    : cropping figure_decide_if_set-2.pdf to cropped-figure_decide_if_set-2.pdf
INFO    : renaming cropped-figure_decide_if_set-2.pdf to figure_decide_if_set-2.pdf
INFO    : converting figure_decide_if_set-2.pdf to figure_decide_if_set-2.svg
INFO    : converting figure_set_game_2cards-2.tex to figure_set_game_2cards-2.pdf
INFO    : cropping figure_set_game_2cards-2.pdf to cropped-figure_set_game_2cards-2.pdf
INFO    : renaming cropped-figure_set_game_2cards-2.pdf to figure_set_game_2cards-2.pdf
INFO    : converting figure_set_game_2cards-2.pdf to figure_set_game_2cards-2.svg
INFO    : converting fig_elephant_quants-2.tex to fig_elephant_quants-2.pdf
INFO    : cropping fig_elephant_quants-2.pdf to cropped-fig_elephant_quants-2.pdf
INFO    : renaming cropped-fig_elephant_quants-2.pdf to fig_elephant_quants-2.pdf
INFO    : converting fig_elephant_quants-2.pdf to fig_elephant_quants-2.svg
INFO    : converting fig_SET_2SPO-2.tex to fig_SET_2SPO-2.pdf
INFO    : cropping fig_SET_2SPO-2.pdf to cropped-fig_SET_2SPO-2.pdf
INFO    : renaming cropped-fig_SET_2SPO-2.pdf to fig_SET_2SPO-2.pdf
INFO    : converting fig_SET_2SPO-2.pdf to fig_SET_2SPO-2.svg
INFO    : converting figure_set_game_2cards-5.tex to figure_set_game_2cards-5.pdf
INFO    : cropping figure_set_game_2cards-5.pdf to cropped-figure_set_game_2cards-5.pdf
INFO    : renaming cropped-figure_set_game_2cards-5.pdf to figure_set_game_2cards-5.pdf
INFO    : converting figure_set_game_2cards-5.pdf to figure_set_game_2cards-5.svg
INFO    : Removing temporary directory /tmp/ptx-e97xok9t
INFO    : Finished generating assets.

INFO    : Finished generating assets successfully.

INFO    : 
