WARNING : Project's CLI version could not be detected from `requirements.txt`.
WARNING : Try `pretext update-project` to produce a compatible file.
INFO    : Building target web
INFO    : XSL conversion of /workspaces/activediscreteTEST0312826/Doree-main/source/main.ptx by /home/codespace/.ptx/2.43.1/core/xsl/utilities/pretext-enhanced-source.xsl
INFO    : successful application of /home/codespace/.ptx/2.43.1/core/xsl/utilities/pretext-enhanced-source.xsl
WARNING : Schema validation could not be completed: no validator was available (jing is not installed and lxml could not compile the schema). Continuing with build.
INFO    : Generating any needed assets.
WARNING : Now generating latex images
INFO    : converting latex-image pictures from /workspaces/activediscreteTEST0312826/Doree-main/source/main.ptx to svg graphics for placement in /workspaces/activediscreteTEST0312826/Doree-main/generated-assets/latex-image
INFO    : extracting latex-image pictures from /workspaces/activediscreteTEST0312826/Doree-main/source/main.ptx
INFO    : string parameters passed to extraction stylesheet: {'cli.version': '2.43', 'publisher': '/workspaces/activediscreteTEST0312826/Doree-main/source/publication.xml'}
INFO    : discovering source file's directory name: /workspaces/activediscreteTEST0312826/Doree-main/source
INFO    : verifying and expanding input directory: /workspaces/activediscreteTEST0312826/Doree-main/source/../generated-assets
INFO    : input directory expanded to absolute path: /workspaces/activediscreteTEST0312826/Doree-main/generated-assets
INFO    : verifying and expanding input directory: /workspaces/activediscreteTEST0312826/Doree-main/source/../assets
INFO    : input directory expanded to absolute path: /workspaces/activediscreteTEST0312826/Doree-main/assets
INFO    : discovering source file's directory name: /workspaces/activediscreteTEST0312826/Doree-main/source
INFO    : XSL conversion of /workspaces/activediscreteTEST0312826/Doree-main/source/main.ptx by /home/codespace/.ptx/2.43.1/core/xsl/extract-latex-image.xsl
INFO    : successful application of /home/codespace/.ptx/2.43.1/core/xsl/extract-latex-image.xsl
INFO    : converting fig_reln_01_quick-2.tex to fig_reln_01_quick-2.pdf
INFO    : cropping fig_reln_01_quick-2.pdf to cropped-fig_reln_01_quick-2.pdf
INFO    : renaming cropped-fig_reln_01_quick-2.pdf to fig_reln_01_quick-2.pdf
INFO    : converting fig_reln_01_quick-2.pdf to fig_reln_01_quick-2.svg
INFO    : converting fig_paths12345_labeled-2.tex to fig_paths12345_labeled-2.pdf
INFO    : cropping fig_paths12345_labeled-2.pdf to cropped-fig_paths12345_labeled-2.pdf
INFO    : renaming cropped-fig_paths12345_labeled-2.pdf to fig_paths12345_labeled-2.pdf
INFO    : converting fig_paths12345_labeled-2.pdf to fig_paths12345_labeled-2.svg
INFO    : converting fig_3comp-2.tex to fig_3comp-2.pdf
INFO    : cropping fig_3comp-2.pdf to cropped-fig_3comp-2.pdf
INFO    : renaming cropped-fig_3comp-2.pdf to fig_3comp-2.pdf
INFO    : converting fig_3comp-2.pdf to fig_3comp-2.svg
INFO    : converting fig_wheel6_3colored-2.tex to fig_wheel6_3colored-2.pdf
INFO    : cropping fig_wheel6_3colored-2.pdf to cropped-fig_wheel6_3colored-2.pdf
INFO    : renaming cropped-fig_wheel6_3colored-2.pdf to fig_wheel6_3colored-2.pdf
INFO    : converting fig_wheel6_3colored-2.pdf to fig_wheel6_3colored-2.svg
INFO    : converting fig_notism_Ham8-2.tex to fig_notism_Ham8-2.pdf
INFO    : cropping fig_notism_Ham8-2.pdf to cropped-fig_notism_Ham8-2.pdf
INFO    : renaming cropped-fig_notism_Ham8-2.pdf to fig_notism_Ham8-2.pdf
INFO    : converting fig_notism_Ham8-2.pdf to fig_notism_Ham8-2.svg
INFO    : converting fig_ism_H4b7_comp-2.tex to fig_ism_H4b7_comp-2.pdf
INFO    : cropping fig_ism_H4b7_comp-2.pdf to cropped-fig_ism_H4b7_comp-2.pdf
INFO    : renaming cropped-fig_ism_H4b7_comp-2.pdf to fig_ism_H4b7_comp-2.pdf
INFO    : converting fig_ism_H4b7_comp-2.pdf to fig_ism_H4b7_comp-2.svg
INFO    : converting fig_graph_and_comp-2.tex to fig_graph_and_comp-2.pdf
INFO    : cropping fig_graph_and_comp-2.pdf to cropped-fig_graph_and_comp-2.pdf
INFO    : renaming cropped-fig_graph_and_comp-2.pdf to fig_graph_and_comp-2.pdf
INFO    : converting fig_graph_and_comp-2.pdf to fig_graph_and_comp-2.svg
INFO    : converting fig_K5-2.tex to fig_K5-2.pdf
INFO    : cropping fig_K5-2.pdf to cropped-fig_K5-2.pdf
INFO    : renaming cropped-fig_K5-2.pdf to fig_K5-2.pdf
INFO    : converting fig_K5-2.pdf to fig_K5-2.svg
INFO    : converting fig_function_finite-2.tex to fig_function_finite-2.pdf
INFO    : cropping fig_function_finite-2.pdf to cropped-fig_function_finite-2.pdf
INFO    : renaming cropped-fig_function_finite-2.pdf to fig_function_finite-2.pdf
INFO    : converting fig_function_finite-2.pdf to fig_function_finite-2.svg
INFO    : converting fig_directed_graph_three_relations-2.tex to fig_directed_graph_three_relations-2.pdf
INFO    : cropping fig_directed_graph_three_relations-2.pdf to cropped-fig_directed_graph_three_relations-2.pdf
INFO    : renaming cropped-fig_directed_graph_three_relations-2.pdf to fig_directed_graph_three_relations-2.pdf
INFO    : converting fig_directed_graph_three_relations-2.pdf to fig_directed_graph_three_relations-2.svg
INFO    : converting fig_arith_triangle_recursion-2.tex to fig_arith_triangle_recursion-2.pdf
INFO    : cropping fig_arith_triangle_recursion-2.pdf to cropped-fig_arith_triangle_recursion-2.pdf
INFO    : renaming cropped-fig_arith_triangle_recursion-2.pdf to fig_arith_triangle_recursion-2.pdf
INFO    : converting fig_arith_triangle_recursion-2.pdf to fig_arith_triangle_recursion-2.svg
INFO    : converting fig_suspended_cycles-2.tex to fig_suspended_cycles-2.pdf
INFO    : cropping fig_suspended_cycles-2.pdf to cropped-fig_suspended_cycles-2.pdf
INFO    : renaming cropped-fig_suspended_cycles-2.pdf to fig_suspended_cycles-2.pdf
INFO    : converting fig_suspended_cycles-2.pdf to fig_suspended_cycles-2.svg
INFO    : converting fig_ism_Ham6-2.tex to fig_ism_Ham6-2.pdf
INFO    : cropping fig_ism_Ham6-2.pdf to cropped-fig_ism_Ham6-2.pdf
INFO    : renaming cropped-fig_ism_Ham6-2.pdf to fig_ism_Ham6-2.pdf
INFO    : converting fig_ism_Ham6-2.pdf to fig_ism_Ham6-2.svg
INFO    : converting fig_K33_comp-2.tex to fig_K33_comp-2.pdf
INFO    : cropping fig_K33_comp-2.pdf to cropped-fig_K33_comp-2.pdf
INFO    : renaming cropped-fig_K33_comp-2.pdf to fig_K33_comp-2.pdf
INFO    : converting fig_K33_comp-2.pdf to fig_K33_comp-2.svg
INFO    : converting fig_ism_Ham5-2.tex to fig_ism_Ham5-2.pdf
INFO    : cropping fig_ism_Ham5-2.pdf to cropped-fig_ism_Ham5-2.pdf
INFO    : renaming cropped-fig_ism_Ham5-2.pdf to fig_ism_Ham5-2.pdf
INFO    : converting fig_ism_Ham5-2.pdf to fig_ism_Ham5-2.svg
INFO    : converting fig_W4W5-2.tex to fig_W4W5-2.pdf
INFO    : cropping fig_W4W5-2.pdf to cropped-fig_W4W5-2.pdf
INFO    : renaming cropped-fig_W4W5-2.pdf to fig_W4W5-2.pdf
INFO    : converting fig_W4W5-2.pdf to fig_W4W5-2.svg
INFO    : converting fig_ism_H4b7-2.tex to fig_ism_H4b7-2.pdf
INFO    : cropping fig_ism_H4b7-2.pdf to cropped-fig_ism_H4b7-2.pdf
INFO    : renaming cropped-fig_ism_H4b7-2.pdf to fig_ism_H4b7-2.pdf
INFO    : converting fig_ism_H4b7-2.pdf to fig_ism_H4b7-2.svg
INFO    : converting fig_Harary4b8-2.tex to fig_Harary4b8-2.pdf
INFO    : cropping fig_Harary4b8-2.pdf to cropped-fig_Harary4b8-2.pdf
INFO    : renaming cropped-fig_Harary4b8-2.pdf to fig_Harary4b8-2.pdf
INFO    : converting fig_Harary4b8-2.pdf to fig_Harary4b8-2.svg
INFO    : converting fig_H4b6_standard-2.tex to fig_H4b6_standard-2.pdf
INFO    : cropping fig_H4b6_standard-2.pdf to cropped-fig_H4b6_standard-2.pdf
INFO    : renaming cropped-fig_H4b6_standard-2.pdf to fig_H4b6_standard-2.pdf
INFO    : converting fig_H4b6_standard-2.pdf to fig_H4b6_standard-2.svg
INFO    : converting fig_graphical-2.tex to fig_graphical-2.pdf
INFO    : cropping fig_graphical-2.pdf to cropped-fig_graphical-2.pdf
INFO    : renaming cropped-fig_graphical-2.pdf to fig_graphical-2.pdf
INFO    : converting fig_graphical-2.pdf to fig_graphical-2.svg
INFO    : converting fig_graph_busy-2.tex to fig_graph_busy-2.pdf
INFO    : cropping fig_graph_busy-2.pdf to cropped-fig_graph_busy-2.pdf
INFO    : renaming cropped-fig_graph_busy-2.pdf to fig_graph_busy-2.pdf
INFO    : converting fig_graph_busy-2.pdf to fig_graph_busy-2.svg
INFO    : converting fig_tree_proper_bs3-2.tex to fig_tree_proper_bs3-2.pdf
INFO    : cropping fig_tree_proper_bs3-2.pdf to cropped-fig_tree_proper_bs3-2.pdf
INFO    : renaming cropped-fig_tree_proper_bs3-2.pdf to fig_tree_proper_bs3-2.pdf
INFO    : converting fig_tree_proper_bs3-2.pdf to fig_tree_proper_bs3-2.svg
INFO    : converting fig_tree_proper_bs5-2.tex to fig_tree_proper_bs5-2.pdf
INFO    : cropping fig_tree_proper_bs5-2.pdf to cropped-fig_tree_proper_bs5-2.pdf
INFO    : renaming cropped-fig_tree_proper_bs5-2.pdf to fig_tree_proper_bs5-2.pdf
INFO    : converting fig_tree_proper_bs5-2.pdf to fig_tree_proper_bs5-2.svg
INFO    : converting fig_classmates_comp-2.tex to fig_classmates_comp-2.pdf
INFO    : cropping fig_classmates_comp-2.pdf to cropped-fig_classmates_comp-2.pdf
INFO    : renaming cropped-fig_classmates_comp-2.pdf to fig_classmates_comp-2.pdf
INFO    : converting fig_classmates_comp-2.pdf to fig_classmates_comp-2.svg
INFO    : converting figure_path_graphs_recursive-2.tex to figure_path_graphs_recursive-2.pdf
INFO    : cropping figure_path_graphs_recursive-2.pdf to cropped-figure_path_graphs_recursive-2.pdf
INFO    : renaming cropped-figure_path_graphs_recursive-2.pdf to figure_path_graphs_recursive-2.pdf
INFO    : converting figure_path_graphs_recursive-2.pdf to figure_path_graphs_recursive-2.svg
INFO    : converting figure_show_set-2.tex to figure_show_set-2.pdf
INFO    : cropping figure_show_set-2.pdf to cropped-figure_show_set-2.pdf
INFO    : renaming cropped-figure_show_set-2.pdf to figure_show_set-2.pdf
INFO    : converting figure_show_set-2.pdf to figure_show_set-2.svg
INFO    : converting fig_grid_3x4-2.tex to fig_grid_3x4-2.pdf
INFO    : cropping fig_grid_3x4-2.pdf to cropped-fig_grid_3x4-2.pdf
INFO    : renaming cropped-fig_grid_3x4-2.pdf to fig_grid_3x4-2.pdf
INFO    : converting fig_grid_3x4-2.pdf to fig_grid_3x4-2.svg
INFO    : converting fig_subgraphs_trees-2.tex to fig_subgraphs_trees-2.pdf
INFO    : cropping fig_subgraphs_trees-2.pdf to cropped-fig_subgraphs_trees-2.pdf
INFO    : renaming cropped-fig_subgraphs_trees-2.pdf to fig_subgraphs_trees-2.pdf
INFO    : converting fig_subgraphs_trees-2.pdf to fig_subgraphs_trees-2.svg
INFO    : converting fig_schedule_alumni-2.tex to fig_schedule_alumni-2.pdf
INFO    : cropping fig_schedule_alumni-2.pdf to cropped-fig_schedule_alumni-2.pdf
INFO    : renaming cropped-fig_schedule_alumni-2.pdf to fig_schedule_alumni-2.pdf
INFO    : converting fig_schedule_alumni-2.pdf to fig_schedule_alumni-2.svg
INFO    : converting fig_two_deg3-2.tex to fig_two_deg3-2.pdf
INFO    : cropping fig_two_deg3-2.pdf to cropped-fig_two_deg3-2.pdf
INFO    : renaming cropped-fig_two_deg3-2.pdf to fig_two_deg3-2.pdf
INFO    : converting fig_two_deg3-2.pdf to fig_two_deg3-2.svg
INFO    : converting fig_P4_P5-2.tex to fig_P4_P5-2.pdf
INFO    : cropping fig_P4_P5-2.pdf to cropped-fig_P4_P5-2.pdf
INFO    : renaming cropped-fig_P4_P5-2.pdf to fig_P4_P5-2.pdf
INFO    : converting fig_P4_P5-2.pdf to fig_P4_P5-2.svg
INFO    : converting fig_graph_midwest-2.tex to fig_graph_midwest-2.pdf
INFO    : cropping fig_graph_midwest-2.pdf to cropped-fig_graph_midwest-2.pdf
INFO    : renaming cropped-fig_graph_midwest-2.pdf to fig_graph_midwest-2.pdf
INFO    : converting fig_graph_midwest-2.pdf to fig_graph_midwest-2.svg
INFO    : converting fig_hanoi_start_end-3.tex to fig_hanoi_start_end-3.pdf
INFO    : cropping fig_hanoi_start_end-3.pdf to cropped-fig_hanoi_start_end-3.pdf
INFO    : renaming cropped-fig_hanoi_start_end-3.pdf to fig_hanoi_start_end-3.pdf
INFO    : converting fig_hanoi_start_end-3.pdf to fig_hanoi_start_end-3.svg
INFO    : converting fig_ism_H3b6_K3b3-2.tex to fig_ism_H3b6_K3b3-2.pdf
INFO    : cropping fig_ism_H3b6_K3b3-2.pdf to cropped-fig_ism_H3b6_K3b3-2.pdf
INFO    : renaming cropped-fig_ism_H3b6_K3b3-2.pdf to fig_ism_H3b6_K3b3-2.pdf
INFO    : converting fig_ism_H3b6_K3b3-2.pdf to fig_ism_H3b6_K3b3-2.svg
INFO    : converting fig_nonism_order5-2.tex to fig_nonism_order5-2.pdf
INFO    : cropping fig_nonism_order5-2.pdf to cropped-fig_nonism_order5-2.pdf
INFO    : renaming cropped-fig_nonism_order5-2.pdf to fig_nonism_order5-2.pdf
INFO    : converting fig_nonism_order5-2.pdf to fig_nonism_order5-2.svg
INFO    : converting fig_digraph_relon123456-2.tex to fig_digraph_relon123456-2.pdf
INFO    : cropping fig_digraph_relon123456-2.pdf to cropped-fig_digraph_relon123456-2.pdf
INFO    : renaming cropped-fig_digraph_relon123456-2.pdf to fig_digraph_relon123456-2.pdf
INFO    : converting fig_digraph_relon123456-2.pdf to fig_digraph_relon123456-2.svg
INFO    : converting fig_L2x4-2.tex to fig_L2x4-2.pdf
INFO    : cropping fig_L2x4-2.pdf to cropped-fig_L2x4-2.pdf
INFO    : renaming cropped-fig_L2x4-2.pdf to fig_L2x4-2.pdf
INFO    : converting fig_L2x4-2.pdf to fig_L2x4-2.svg
INFO    : converting fig_classify_order4_size2_or_size4-2.tex to fig_classify_order4_size2_or_size4-2.pdf
INFO    : cropping fig_classify_order4_size2_or_size4-2.pdf to cropped-fig_classify_order4_size2_or_size4-2.pdf
INFO    : renaming cropped-fig_classify_order4_size2_or_size4-2.pdf to fig_classify_order4_size2_or_size4-2.pdf
INFO    : converting fig_classify_order4_size2_or_size4-2.pdf to fig_classify_order4_size2_or_size4-2.svg
INFO    : converting fig_part_sums_fib-2.tex to fig_part_sums_fib-2.pdf
INFO    : cropping fig_part_sums_fib-2.pdf to cropped-fig_part_sums_fib-2.pdf
INFO    : renaming cropped-fig_part_sums_fib-2.pdf to fig_part_sums_fib-2.pdf
INFO    : converting fig_part_sums_fib-2.pdf to fig_part_sums_fib-2.svg
INFO    : converting fig_number_line_ceiling-2.tex to fig_number_line_ceiling-2.pdf
INFO    : cropping fig_number_line_ceiling-2.pdf to cropped-fig_number_line_ceiling-2.pdf
INFO    : renaming cropped-fig_number_line_ceiling-2.pdf to fig_number_line_ceiling-2.pdf
INFO    : converting fig_number_line_ceiling-2.pdf to fig_number_line_ceiling-2.svg
INFO    : converting fig_password8_spaces-2.tex to fig_password8_spaces-2.pdf
INFO    : cropping fig_password8_spaces-2.pdf to cropped-fig_password8_spaces-2.pdf
INFO    : renaming cropped-fig_password8_spaces-2.pdf to fig_password8_spaces-2.pdf
INFO    : converting fig_password8_spaces-2.pdf to fig_password8_spaces-2.svg
INFO    : converting fig_nonism_graphs_act-2.tex to fig_nonism_graphs_act-2.pdf
INFO    : cropping fig_nonism_graphs_act-2.pdf to cropped-fig_nonism_graphs_act-2.pdf
INFO    : renaming cropped-fig_nonism_graphs_act-2.pdf to fig_nonism_graphs_act-2.pdf
INFO    : converting fig_nonism_graphs_act-2.pdf to fig_nonism_graphs_act-2.svg
INFO    : converting fig_K2b5_standard-2.tex to fig_K2b5_standard-2.pdf
INFO    : cropping fig_K2b5_standard-2.pdf to cropped-fig_K2b5_standard-2.pdf
INFO    : renaming cropped-fig_K2b5_standard-2.pdf to fig_K2b5_standard-2.pdf
INFO    : converting fig_K2b5_standard-2.pdf to fig_K2b5_standard-2.svg
INFO    : converting fig_part_sums_geometric-2.tex to fig_part_sums_geometric-2.pdf
INFO    : cropping fig_part_sums_geometric-2.pdf to cropped-fig_part_sums_geometric-2.pdf
INFO    : renaming cropped-fig_part_sums_geometric-2.pdf to fig_part_sums_geometric-2.pdf
INFO    : converting fig_part_sums_geometric-2.pdf to fig_part_sums_geometric-2.svg
INFO    : converting figure_show_not_set-2.tex to figure_show_not_set-2.pdf
INFO    : cropping figure_show_not_set-2.pdf to cropped-figure_show_not_set-2.pdf
INFO    : renaming cropped-figure_show_not_set-2.pdf to figure_show_not_set-2.pdf
INFO    : converting figure_show_not_set-2.pdf to figure_show_not_set-2.svg
INFO    : converting fig_act_deg_seq-2.tex to fig_act_deg_seq-2.pdf
INFO    : cropping fig_act_deg_seq-2.pdf to cropped-fig_act_deg_seq-2.pdf
INFO    : renaming cropped-fig_act_deg_seq-2.pdf to fig_act_deg_seq-2.pdf
INFO    : converting fig_act_deg_seq-2.pdf to fig_act_deg_seq-2.svg
INFO    : converting fig_not_pairing_floorofhalf-2.tex to fig_not_pairing_floorofhalf-2.pdf
INFO    : cropping fig_not_pairing_floorofhalf-2.pdf to cropped-fig_not_pairing_floorofhalf-2.pdf
INFO    : renaming cropped-fig_not_pairing_floorofhalf-2.pdf to fig_not_pairing_floorofhalf-2.pdf
INFO    : converting fig_not_pairing_floorofhalf-2.pdf to fig_not_pairing_floorofhalf-2.svg
INFO    : converting fig_TandV-2.tex to fig_TandV-2.pdf
INFO    : cropping fig_TandV-2.pdf to cropped-fig_TandV-2.pdf
INFO    : renaming cropped-fig_TandV-2.pdf to fig_TandV-2.pdf
INFO    : converting fig_TandV-2.pdf to fig_TandV-2.svg
INFO    : converting fig_ladder_cross_color-2.tex to fig_ladder_cross_color-2.pdf
INFO    : cropping fig_ladder_cross_color-2.pdf to cropped-fig_ladder_cross_color-2.pdf
INFO    : renaming cropped-fig_ladder_cross_color-2.pdf to fig_ladder_cross_color-2.pdf
INFO    : converting fig_ladder_cross_color-2.pdf to fig_ladder_cross_color-2.svg
INFO    : converting fig_unit_circle_verticallinetest-2.tex to fig_unit_circle_verticallinetest-2.pdf
INFO    : cropping fig_unit_circle_verticallinetest-2.pdf to cropped-fig_unit_circle_verticallinetest-2.pdf
INFO    : renaming cropped-fig_unit_circle_verticallinetest-2.pdf to fig_unit_circle_verticallinetest-2.pdf
INFO    : converting fig_unit_circle_verticallinetest-2.pdf to fig_unit_circle_verticallinetest-2.svg
INFO    : converting figure_rec_trees_first_four-2.tex to figure_rec_trees_first_four-2.pdf
INFO    : cropping figure_rec_trees_first_four-2.pdf to cropped-figure_rec_trees_first_four-2.pdf
INFO    : renaming cropped-figure_rec_trees_first_four-2.pdf to figure_rec_trees_first_four-2.pdf
INFO    : converting figure_rec_trees_first_four-2.pdf to figure_rec_trees_first_four-2.svg
INFO    : converting fig_W3-2.tex to fig_W3-2.pdf
INFO    : cropping fig_W3-2.pdf to cropped-fig_W3-2.pdf
INFO    : renaming cropped-fig_W3-2.pdf to fig_W3-2.pdf
INFO    : converting fig_W3-2.pdf to fig_W3-2.svg
INFO    : converting fig_part_products_constant-2.tex to fig_part_products_constant-2.pdf
INFO    : cropping fig_part_products_constant-2.pdf to cropped-fig_part_products_constant-2.pdf
INFO    : renaming cropped-fig_part_products_constant-2.pdf to fig_part_products_constant-2.pdf
INFO    : converting fig_part_products_constant-2.pdf to fig_part_products_constant-2.svg
INFO    : converting fig_ism_K4_minus_edge-2.tex to fig_ism_K4_minus_edge-2.pdf
INFO    : cropping fig_ism_K4_minus_edge-2.pdf to cropped-fig_ism_K4_minus_edge-2.pdf
INFO    : renaming cropped-fig_ism_K4_minus_edge-2.pdf to fig_ism_K4_minus_edge-2.pdf
INFO    : converting fig_ism_K4_minus_edge-2.pdf to fig_ism_K4_minus_edge-2.svg
INFO    : converting fig_less_obv_clique-2.tex to fig_less_obv_clique-2.pdf
INFO    : cropping fig_less_obv_clique-2.pdf to cropped-fig_less_obv_clique-2.pdf
INFO    : renaming cropped-fig_less_obv_clique-2.pdf to fig_less_obv_clique-2.pdf
INFO    : converting fig_less_obv_clique-2.pdf to fig_less_obv_clique-2.svg
INFO    : converting fig_bridges_graph-2.tex to fig_bridges_graph-2.pdf
INFO    : cropping fig_bridges_graph-2.pdf to cropped-fig_bridges_graph-2.pdf
INFO    : renaming cropped-fig_bridges_graph-2.pdf to fig_bridges_graph-2.pdf
INFO    : converting fig_bridges_graph-2.pdf to fig_bridges_graph-2.svg
INFO    : converting fig_tau1_sigma1_perms-2.tex to fig_tau1_sigma1_perms-2.pdf
INFO    : cropping fig_tau1_sigma1_perms-2.pdf to cropped-fig_tau1_sigma1_perms-2.pdf
INFO    : renaming cropped-fig_tau1_sigma1_perms-2.pdf to fig_tau1_sigma1_perms-2.pdf
INFO    : converting fig_tau1_sigma1_perms-2.pdf to fig_tau1_sigma1_perms-2.svg
INFO    : converting fig_part_sums_linear-2.tex to fig_part_sums_linear-2.pdf
INFO    : cropping fig_part_sums_linear-2.pdf to cropped-fig_part_sums_linear-2.pdf
INFO    : renaming cropped-fig_part_sums_linear-2.pdf to fig_part_sums_linear-2.pdf
INFO    : converting fig_part_sums_linear-2.pdf to fig_part_sums_linear-2.svg
INFO    : converting fig_part_sums_constant-2.tex to fig_part_sums_constant-2.pdf
INFO    : cropping fig_part_sums_constant-2.pdf to cropped-fig_part_sums_constant-2.pdf
INFO    : renaming cropped-fig_part_sums_constant-2.pdf to fig_part_sums_constant-2.pdf
INFO    : converting fig_part_sums_constant-2.pdf to fig_part_sums_constant-2.svg
INFO    : converting fig_elephant_quants-2.tex to fig_elephant_quants-2.pdf
INFO    : cropping fig_elephant_quants-2.pdf to cropped-fig_elephant_quants-2.pdf
INFO    : renaming cropped-fig_elephant_quants-2.pdf to fig_elephant_quants-2.pdf
INFO    : converting fig_elephant_quants-2.pdf to fig_elephant_quants-2.svg
INFO    : converting fig_SET_2SPO-2.tex to fig_SET_2SPO-2.pdf
INFO    : cropping fig_SET_2SPO-2.pdf to cropped-fig_SET_2SPO-2.pdf
INFO    : renaming cropped-fig_SET_2SPO-2.pdf to fig_SET_2SPO-2.pdf
INFO    : converting fig_SET_2SPO-2.pdf to fig_SET_2SPO-2.svg
INFO    : converting figure_decide_if_set-2.tex to figure_decide_if_set-2.pdf
INFO    : cropping figure_decide_if_set-2.pdf to cropped-figure_decide_if_set-2.pdf
INFO    : renaming cropped-figure_decide_if_set-2.pdf to figure_decide_if_set-2.pdf
INFO    : converting figure_decide_if_set-2.pdf to figure_decide_if_set-2.svg
INFO    : converting fig_G1G2_labeled-2.tex to fig_G1G2_labeled-2.pdf
INFO    : cropping fig_G1G2_labeled-2.pdf to cropped-fig_G1G2_labeled-2.pdf
INFO    : renaming cropped-fig_G1G2_labeled-2.pdf to fig_G1G2_labeled-2.pdf
INFO    : converting fig_G1G2_labeled-2.pdf to fig_G1G2_labeled-2.svg
INFO    : converting fig_stars_K1b4_K1b5-2.tex to fig_stars_K1b4_K1b5-2.pdf
INFO    : cropping fig_stars_K1b4_K1b5-2.pdf to cropped-fig_stars_K1b4_K1b5-2.pdf
INFO    : renaming cropped-fig_stars_K1b4_K1b5-2.pdf to fig_stars_K1b4_K1b5-2.pdf
INFO    : converting fig_stars_K1b4_K1b5-2.pdf to fig_stars_K1b4_K1b5-2.svg
INFO    : converting fig_failed_labeling-2.tex to fig_failed_labeling-2.pdf
INFO    : cropping fig_failed_labeling-2.pdf to cropped-fig_failed_labeling-2.pdf
INFO    : renaming cropped-fig_failed_labeling-2.pdf to fig_failed_labeling-2.pdf
INFO    : converting fig_failed_labeling-2.pdf to fig_failed_labeling-2.svg
INFO    : converting fig_ism_notK33-2.tex to fig_ism_notK33-2.pdf
INFO    : cropping fig_ism_notK33-2.pdf to cropped-fig_ism_notK33-2.pdf
INFO    : renaming cropped-fig_ism_notK33-2.pdf to fig_ism_notK33-2.pdf
INFO    : converting fig_ism_notK33-2.pdf to fig_ism_notK33-2.svg
INFO    : converting fig_C8_plus_edges-2.tex to fig_C8_plus_edges-2.pdf
INFO    : cropping fig_C8_plus_edges-2.pdf to cropped-fig_C8_plus_edges-2.pdf
INFO    : renaming cropped-fig_C8_plus_edges-2.pdf to fig_C8_plus_edges-2.pdf
INFO    : converting fig_C8_plus_edges-2.pdf to fig_C8_plus_edges-2.svg
INFO    : converting fig_froma1_toc4-2.tex to fig_froma1_toc4-2.pdf
INFO    : cropping fig_froma1_toc4-2.pdf to cropped-fig_froma1_toc4-2.pdf
INFO    : renaming cropped-fig_froma1_toc4-2.pdf to fig_froma1_toc4-2.pdf
INFO    : converting fig_froma1_toc4-2.pdf to fig_froma1_toc4-2.svg
INFO    : converting fig_K4b4-2.tex to fig_K4b4-2.pdf
INFO    : cropping fig_K4b4-2.pdf to cropped-fig_K4b4-2.pdf
INFO    : renaming cropped-fig_K4b4-2.pdf to fig_K4b4-2.pdf
INFO    : converting fig_K4b4-2.pdf to fig_K4b4-2.svg
INFO    : converting fig_tree_bit_strings_length4_weight2-2.tex to fig_tree_bit_strings_length4_weight2-2.pdf
INFO    : cropping fig_tree_bit_strings_length4_weight2-2.pdf to cropped-fig_tree_bit_strings_length4_weight2-2.pdf
INFO    : renaming cropped-fig_tree_bit_strings_length4_weight2-2.pdf to fig_tree_bit_strings_length4_weight2-2.pdf
INFO    : converting fig_tree_bit_strings_length4_weight2-2.pdf to fig_tree_bit_strings_length4_weight2-2.svg
INFO    : converting fig_act_ism_comp-2.tex to fig_act_ism_comp-2.pdf
INFO    : cropping fig_act_ism_comp-2.pdf to cropped-fig_act_ism_comp-2.pdf
INFO    : renaming cropped-fig_act_ism_comp-2.pdf to fig_act_ism_comp-2.pdf
INFO    : converting fig_act_ism_comp-2.pdf to fig_act_ism_comp-2.svg
INFO    : converting fig_hyperbola_notfn_DESMOS-2.tex to fig_hyperbola_notfn_DESMOS-2.pdf
INFO    : cropping fig_hyperbola_notfn_DESMOS-2.pdf to cropped-fig_hyperbola_notfn_DESMOS-2.pdf
INFO    : renaming cropped-fig_hyperbola_notfn_DESMOS-2.pdf to fig_hyperbola_notfn_DESMOS-2.pdf
INFO    : converting fig_hyperbola_notfn_DESMOS-2.pdf to fig_hyperbola_notfn_DESMOS-2.svg
INFO    : converting fig_less_obv_cycle-2.tex to fig_less_obv_cycle-2.pdf
INFO    : cropping fig_less_obv_cycle-2.pdf to cropped-fig_less_obv_cycle-2.pdf
INFO    : renaming cropped-fig_less_obv_cycle-2.pdf to fig_less_obv_cycle-2.pdf
INFO    : converting fig_less_obv_cycle-2.pdf to fig_less_obv_cycle-2.svg
INFO    : converting figure_rec_trees_defn-2.tex to figure_rec_trees_defn-2.pdf
INFO    : cropping figure_rec_trees_defn-2.pdf to cropped-figure_rec_trees_defn-2.pdf
INFO    : renaming cropped-figure_rec_trees_defn-2.pdf to figure_rec_trees_defn-2.pdf
INFO    : converting figure_rec_trees_defn-2.pdf to figure_rec_trees_defn-2.svg
INFO    : converting fig_my_first_adj_matrix-2.tex to fig_my_first_adj_matrix-2.pdf
INFO    : cropping fig_my_first_adj_matrix-2.pdf to cropped-fig_my_first_adj_matrix-2.pdf
INFO    : renaming cropped-fig_my_first_adj_matrix-2.pdf to fig_my_first_adj_matrix-2.pdf
INFO    : converting fig_my_first_adj_matrix-2.pdf to fig_my_first_adj_matrix-2.svg
INFO    : converting fig_nonid_pair_naturals-2.tex to fig_nonid_pair_naturals-2.pdf
INFO    : cropping fig_nonid_pair_naturals-2.pdf to cropped-fig_nonid_pair_naturals-2.pdf
INFO    : renaming cropped-fig_nonid_pair_naturals-2.pdf to fig_nonid_pair_naturals-2.pdf
INFO    : converting fig_nonid_pair_naturals-2.pdf to fig_nonid_pair_naturals-2.svg
INFO    : converting fig_ism_trees_easy-2.tex to fig_ism_trees_easy-2.pdf
INFO    : cropping fig_ism_trees_easy-2.pdf to cropped-fig_ism_trees_easy-2.pdf
INFO    : renaming cropped-fig_ism_trees_easy-2.pdf to fig_ism_trees_easy-2.pdf
INFO    : converting fig_ism_trees_easy-2.pdf to fig_ism_trees_easy-2.svg
INFO    : converting fig_nonism_H3b6-2.tex to fig_nonism_H3b6-2.pdf
INFO    : cropping fig_nonism_H3b6-2.pdf to cropped-fig_nonism_H3b6-2.pdf
INFO    : renaming cropped-fig_nonism_H3b6-2.pdf to fig_nonism_H3b6-2.pdf
INFO    : converting fig_nonism_H3b6-2.pdf to fig_nonism_H3b6-2.svg
INFO    : converting fig_elephant_nolabel-2.tex to fig_elephant_nolabel-2.pdf
INFO    : cropping fig_elephant_nolabel-2.pdf to cropped-fig_elephant_nolabel-2.pdf
INFO    : renaming cropped-fig_elephant_nolabel-2.pdf to fig_elephant_nolabel-2.pdf
INFO    : converting fig_elephant_nolabel-2.pdf to fig_elephant_nolabel-2.svg
INFO    : converting fig_graph_10nplus1-2.tex to fig_graph_10nplus1-2.pdf
INFO    : cropping fig_graph_10nplus1-2.pdf to cropped-fig_graph_10nplus1-2.pdf
INFO    : renaming cropped-fig_graph_10nplus1-2.pdf to fig_graph_10nplus1-2.pdf
INFO    : converting fig_graph_10nplus1-2.pdf to fig_graph_10nplus1-2.svg
INFO    : converting fig_nonism_order7-2.tex to fig_nonism_order7-2.pdf
INFO    : cropping fig_nonism_order7-2.pdf to cropped-fig_nonism_order7-2.pdf
INFO    : renaming cropped-fig_nonism_order7-2.pdf to fig_nonism_order7-2.pdf
INFO    : converting fig_nonism_order7-2.pdf to fig_nonism_order7-2.svg
INFO    : converting fig_notism_C4-2.tex to fig_notism_C4-2.pdf
INFO    : cropping fig_notism_C4-2.pdf to cropped-fig_notism_C4-2.pdf
INFO    : renaming cropped-fig_notism_C4-2.pdf to fig_notism_C4-2.pdf
INFO    : converting fig_notism_C4-2.pdf to fig_notism_C4-2.svg
INFO    : converting fig_hanoi_start_end-2.tex to fig_hanoi_start_end-2.pdf
INFO    : cropping fig_hanoi_start_end-2.pdf to cropped-fig_hanoi_start_end-2.pdf
INFO    : renaming cropped-fig_hanoi_start_end-2.pdf to fig_hanoi_start_end-2.pdf
INFO    : converting fig_hanoi_start_end-2.pdf to fig_hanoi_start_end-2.svg
INFO    : converting fig_elephant_4colored-2.tex to fig_elephant_4colored-2.pdf
INFO    : cropping fig_elephant_4colored-2.pdf to cropped-fig_elephant_4colored-2.pdf
INFO    : renaming cropped-fig_elephant_4colored-2.pdf to fig_elephant_4colored-2.pdf
INFO    : converting fig_elephant_4colored-2.pdf to fig_elephant_4colored-2.svg
INFO    : converting fig_graph_from_adjmat-2.tex to fig_graph_from_adjmat-2.pdf
INFO    : cropping fig_graph_from_adjmat-2.pdf to cropped-fig_graph_from_adjmat-2.pdf
INFO    : renaming cropped-fig_graph_from_adjmat-2.pdf to fig_graph_from_adjmat-2.pdf
INFO    : converting fig_graph_from_adjmat-2.pdf to fig_graph_from_adjmat-2.svg
INFO    : converting fig_ism_Ham6_comp-2.tex to fig_ism_Ham6_comp-2.pdf
INFO    : cropping fig_ism_Ham6_comp-2.pdf to cropped-fig_ism_Ham6_comp-2.pdf
INFO    : renaming cropped-fig_ism_Ham6_comp-2.pdf to fig_ism_Ham6_comp-2.pdf
INFO    : converting fig_ism_Ham6_comp-2.pdf to fig_ism_Ham6_comp-2.svg
INFO    : converting fig_tree_bit_strings_length3-2.tex to fig_tree_bit_strings_length3-2.pdf
INFO    : cropping fig_tree_bit_strings_length3-2.pdf to cropped-fig_tree_bit_strings_length3-2.pdf
INFO    : renaming cropped-fig_tree_bit_strings_length3-2.pdf to fig_tree_bit_strings_length3-2.pdf
INFO    : converting fig_tree_bit_strings_length3-2.pdf to fig_tree_bit_strings_length3-2.svg
INFO    : converting fig_parabola_graph-2.tex to fig_parabola_graph-2.pdf
INFO    : cropping fig_parabola_graph-2.pdf to cropped-fig_parabola_graph-2.pdf
INFO    : renaming cropped-fig_parabola_graph-2.pdf to fig_parabola_graph-2.pdf
INFO    : converting fig_parabola_graph-2.pdf to fig_parabola_graph-2.svg
INFO    : converting fig_lockers-2.tex to fig_lockers-2.pdf
INFO    : cropping fig_lockers-2.pdf to cropped-fig_lockers-2.pdf
INFO    : renaming cropped-fig_lockers-2.pdf to fig_lockers-2.pdf
INFO    : converting fig_lockers-2.pdf to fig_lockers-2.svg
INFO    : converting fig_venn_int_union-2.tex to fig_venn_int_union-2.pdf
INFO    : cropping fig_venn_int_union-2.pdf to cropped-fig_venn_int_union-2.pdf
INFO    : renaming cropped-fig_venn_int_union-2.pdf to fig_venn_int_union-2.pdf
INFO    : converting fig_venn_int_union-2.pdf to fig_venn_int_union-2.svg
INFO    : converting fig_venn_3sets_specific-2.tex to fig_venn_3sets_specific-2.pdf
INFO    : cropping fig_venn_3sets_specific-2.pdf to cropped-fig_venn_3sets_specific-2.pdf
INFO    : renaming cropped-fig_venn_3sets_specific-2.pdf to fig_venn_3sets_specific-2.pdf
INFO    : converting fig_venn_3sets_specific-2.pdf to fig_venn_3sets_specific-2.svg
INFO    : converting fig_finite_functions-2.tex to fig_finite_functions-2.pdf
INFO    : cropping fig_finite_functions-2.pdf to cropped-fig_finite_functions-2.pdf
INFO    : renaming cropped-fig_finite_functions-2.pdf to fig_finite_functions-2.pdf
INFO    : converting fig_finite_functions-2.pdf to fig_finite_functions-2.svg
INFO    : converting fig_bridges-2.tex to fig_bridges-2.pdf
INFO    : cropping fig_bridges-2.pdf to cropped-fig_bridges-2.pdf
INFO    : renaming cropped-fig_bridges-2.pdf to fig_bridges-2.pdf
INFO    : converting fig_bridges-2.pdf to fig_bridges-2.svg
INFO    : converting fig_finite_fn_act-2.tex to fig_finite_fn_act-2.pdf
INFO    : cropping fig_finite_fn_act-2.pdf to cropped-fig_finite_fn_act-2.pdf
INFO    : renaming cropped-fig_finite_fn_act-2.pdf to fig_finite_fn_act-2.pdf
INFO    : converting fig_finite_fn_act-2.pdf to fig_finite_fn_act-2.svg
INFO    : converting fig_four_drawings_K4_minus_edge-2.tex to fig_four_drawings_K4_minus_edge-2.pdf
INFO    : cropping fig_four_drawings_K4_minus_edge-2.pdf to cropped-fig_four_drawings_K4_minus_edge-2.pdf
INFO    : renaming cropped-fig_four_drawings_K4_minus_edge-2.pdf to fig_four_drawings_K4_minus_edge-2.pdf
INFO    : converting fig_four_drawings_K4_minus_edge-2.pdf to fig_four_drawings_K4_minus_edge-2.svg
INFO    : converting fig_perms_sigma_inv-2.tex to fig_perms_sigma_inv-2.pdf
INFO    : cropping fig_perms_sigma_inv-2.pdf to cropped-fig_perms_sigma_inv-2.pdf
INFO    : renaming cropped-fig_perms_sigma_inv-2.pdf to fig_perms_sigma_inv-2.pdf
INFO    : converting fig_perms_sigma_inv-2.pdf to fig_perms_sigma_inv-2.svg
INFO    : converting fig_K6_again-2.tex to fig_K6_again-2.pdf
INFO    : cropping fig_K6_again-2.pdf to cropped-fig_K6_again-2.pdf
INFO    : renaming cropped-fig_K6_again-2.pdf to fig_K6_again-2.pdf
INFO    : converting fig_K6_again-2.pdf to fig_K6_again-2.svg
INFO    : converting fig_regular8_answer-2.tex to fig_regular8_answer-2.pdf
INFO    : cropping fig_regular8_answer-2.pdf to cropped-fig_regular8_answer-2.pdf
INFO    : renaming cropped-fig_regular8_answer-2.pdf to fig_regular8_answer-2.pdf
INFO    : converting fig_regular8_answer-2.pdf to fig_regular8_answer-2.svg
INFO    : converting fig_nonism_trees_act-2.tex to fig_nonism_trees_act-2.pdf
INFO    : cropping fig_nonism_trees_act-2.pdf to cropped-fig_nonism_trees_act-2.pdf
INFO    : renaming cropped-fig_nonism_trees_act-2.pdf to fig_nonism_trees_act-2.pdf
INFO    : converting fig_nonism_trees_act-2.pdf to fig_nonism_trees_act-2.svg
INFO    : converting fig_schedule_alumni_colors-2.tex to fig_schedule_alumni_colors-2.pdf
INFO    : cropping fig_schedule_alumni_colors-2.pdf to cropped-fig_schedule_alumni_colors-2.pdf
INFO    : renaming cropped-fig_schedule_alumni_colors-2.pdf to fig_schedule_alumni_colors-2.pdf
INFO    : converting fig_schedule_alumni_colors-2.pdf to fig_schedule_alumni_colors-2.svg
INFO    : converting fig_sigma_sq-2.tex to fig_sigma_sq-2.pdf
INFO    : cropping fig_sigma_sq-2.pdf to cropped-fig_sigma_sq-2.pdf
INFO    : renaming cropped-fig_sigma_sq-2.pdf to fig_sigma_sq-2.pdf
INFO    : converting fig_sigma_sq-2.pdf to fig_sigma_sq-2.svg
INFO    : converting fig_finite_is_function-2.tex to fig_finite_is_function-2.pdf
INFO    : cropping fig_finite_is_function-2.pdf to cropped-fig_finite_is_function-2.pdf
INFO    : renaming cropped-fig_finite_is_function-2.pdf to fig_finite_is_function-2.pdf
INFO    : converting fig_finite_is_function-2.pdf to fig_finite_is_function-2.svg
INFO    : converting fig_nonism_order6-2.tex to fig_nonism_order6-2.pdf
INFO    : cropping fig_nonism_order6-2.pdf to cropped-fig_nonism_order6-2.pdf
INFO    : renaming cropped-fig_nonism_order6-2.pdf to fig_nonism_order6-2.pdf
INFO    : converting fig_nonism_order6-2.pdf to fig_nonism_order6-2.svg
INFO    : converting fig_chessboard_hms-2.tex to fig_chessboard_hms-2.pdf
INFO    : cropping fig_chessboard_hms-2.pdf to cropped-fig_chessboard_hms-2.pdf
INFO    : renaming cropped-fig_chessboard_hms-2.pdf to fig_chessboard_hms-2.pdf
INFO    : converting fig_chessboard_hms-2.pdf to fig_chessboard_hms-2.svg
INFO    : converting fig_subset_corral-2.tex to fig_subset_corral-2.pdf
INFO    : cropping fig_subset_corral-2.pdf to cropped-fig_subset_corral-2.pdf
INFO    : renaming cropped-fig_subset_corral-2.pdf to fig_subset_corral-2.pdf
INFO    : converting fig_subset_corral-2.pdf to fig_subset_corral-2.svg
INFO    : converting fig_2x2_GW_grid-2.tex to fig_2x2_GW_grid-2.pdf
INFO    : cropping fig_2x2_GW_grid-2.pdf to cropped-fig_2x2_GW_grid-2.pdf
INFO    : renaming cropped-fig_2x2_GW_grid-2.pdf to fig_2x2_GW_grid-2.pdf
INFO    : converting fig_2x2_GW_grid-2.pdf to fig_2x2_GW_grid-2.svg
INFO    : converting fig_perm_id-2.tex to fig_perm_id-2.pdf
INFO    : cropping fig_perm_id-2.pdf to cropped-fig_perm_id-2.pdf
INFO    : renaming cropped-fig_perm_id-2.pdf to fig_perm_id-2.pdf
INFO    : converting fig_perm_id-2.pdf to fig_perm_id-2.svg
INFO    : converting fig_three_comp_answer-2.tex to fig_three_comp_answer-2.pdf
INFO    : cropping fig_three_comp_answer-2.pdf to cropped-fig_three_comp_answer-2.pdf
INFO    : renaming cropped-fig_three_comp_answer-2.pdf to fig_three_comp_answer-2.pdf
INFO    : converting fig_three_comp_answer-2.pdf to fig_three_comp_answer-2.svg
INFO    : converting fig_shift_1right_not_pair_naturals-2.tex to fig_shift_1right_not_pair_naturals-2.pdf
INFO    : cropping fig_shift_1right_not_pair_naturals-2.pdf to cropped-fig_shift_1right_not_pair_naturals-2.pdf
INFO    : renaming cropped-fig_shift_1right_not_pair_naturals-2.pdf to fig_shift_1right_not_pair_naturals-2.pdf
INFO    : converting fig_shift_1right_not_pair_naturals-2.pdf to fig_shift_1right_not_pair_naturals-2.svg
INFO    : converting fig_house_with_tails-2.tex to fig_house_with_tails-2.pdf
INFO    : cropping fig_house_with_tails-2.pdf to cropped-fig_house_with_tails-2.pdf
INFO    : renaming cropped-fig_house_with_tails-2.pdf to fig_house_with_tails-2.pdf
INFO    : converting fig_house_with_tails-2.pdf to fig_house_with_tails-2.svg
INFO    : converting fig_less_obv_path-2.tex to fig_less_obv_path-2.pdf
INFO    : cropping fig_less_obv_path-2.pdf to cropped-fig_less_obv_path-2.pdf
INFO    : renaming cropped-fig_less_obv_path-2.pdf to fig_less_obv_path-2.pdf
INFO    : converting fig_less_obv_path-2.pdf to fig_less_obv_path-2.svg
INFO    : converting fig_digraph_rel_infinite-2.tex to fig_digraph_rel_infinite-2.pdf
INFO    : cropping fig_digraph_rel_infinite-2.pdf to cropped-fig_digraph_rel_infinite-2.pdf
INFO    : renaming cropped-fig_digraph_rel_infinite-2.pdf to fig_digraph_rel_infinite-2.pdf
INFO    : converting fig_digraph_rel_infinite-2.pdf to fig_digraph_rel_infinite-2.svg
INFO    : converting fig_elephant-2.tex to fig_elephant-2.pdf
INFO    : cropping fig_elephant-2.pdf to cropped-fig_elephant-2.pdf
INFO    : renaming cropped-fig_elephant-2.pdf to fig_elephant-2.pdf
INFO    : converting fig_elephant-2.pdf to fig_elephant-2.svg
INFO    : converting fig_word_graph_first-2.tex to fig_word_graph_first-2.pdf
INFO    : cropping fig_word_graph_first-2.pdf to cropped-fig_word_graph_first-2.pdf
INFO    : renaming cropped-fig_word_graph_first-2.pdf to fig_word_graph_first-2.pdf
INFO    : converting fig_word_graph_first-2.pdf to fig_word_graph_first-2.svg
INFO    : converting fig_C4_C5-2.tex to fig_C4_C5-2.pdf
INFO    : cropping fig_C4_C5-2.pdf to cropped-fig_C4_C5-2.pdf
INFO    : renaming cropped-fig_C4_C5-2.pdf to fig_C4_C5-2.pdf
INFO    : converting fig_C4_C5-2.pdf to fig_C4_C5-2.svg
INFO    : converting fig_classify_order4_size3-2.tex to fig_classify_order4_size3-2.pdf
INFO    : cropping fig_classify_order4_size3-2.pdf to cropped-fig_classify_order4_size3-2.pdf
INFO    : renaming cropped-fig_classify_order4_size3-2.pdf to fig_classify_order4_size3-2.pdf
INFO    : converting fig_classify_order4_size3-2.pdf to fig_classify_order4_size3-2.svg
INFO    : converting fig_perfect_binary_trees-2.tex to fig_perfect_binary_trees-2.pdf
INFO    : cropping fig_perfect_binary_trees-2.pdf to cropped-fig_perfect_binary_trees-2.pdf
INFO    : renaming cropped-fig_perfect_binary_trees-2.pdf to fig_perfect_binary_trees-2.pdf
INFO    : converting fig_perfect_binary_trees-2.pdf to fig_perfect_binary_trees-2.svg
INFO    : converting fig_sigma_of_tau-2.tex to fig_sigma_of_tau-2.pdf
INFO    : cropping fig_sigma_of_tau-2.pdf to cropped-fig_sigma_of_tau-2.pdf
INFO    : renaming cropped-fig_sigma_of_tau-2.pdf to fig_sigma_of_tau-2.pdf
INFO    : converting fig_sigma_of_tau-2.pdf to fig_sigma_of_tau-2.svg
INFO    : converting fig_ism_petersen-2.tex to fig_ism_petersen-2.pdf
INFO    : cropping fig_ism_petersen-2.pdf to cropped-fig_ism_petersen-2.pdf
INFO    : renaming cropped-fig_ism_petersen-2.pdf to fig_ism_petersen-2.pdf
INFO    : converting fig_ism_petersen-2.pdf to fig_ism_petersen-2.svg
INFO    : converting fig_complete_graphs_12345-2.tex to fig_complete_graphs_12345-2.pdf
INFO    : cropping fig_complete_graphs_12345-2.pdf to cropped-fig_complete_graphs_12345-2.pdf
INFO    : renaming cropped-fig_complete_graphs_12345-2.pdf to fig_complete_graphs_12345-2.pdf
INFO    : converting fig_complete_graphs_12345-2.pdf to fig_complete_graphs_12345-2.svg
INFO    : converting fig_ism_trees_easy_answer-2.tex to fig_ism_trees_easy_answer-2.pdf
INFO    : cropping fig_ism_trees_easy_answer-2.pdf to cropped-fig_ism_trees_easy_answer-2.pdf
INFO    : renaming cropped-fig_ism_trees_easy_answer-2.pdf to fig_ism_trees_easy_answer-2.pdf
INFO    : converting fig_ism_trees_easy_answer-2.pdf to fig_ism_trees_easy_answer-2.svg
INFO    : converting fig_ism_trees-2.tex to fig_ism_trees-2.pdf
INFO    : cropping fig_ism_trees-2.pdf to cropped-fig_ism_trees-2.pdf
INFO    : renaming cropped-fig_ism_trees-2.pdf to fig_ism_trees-2.pdf
INFO    : converting fig_ism_trees-2.pdf to fig_ism_trees-2.svg
INFO    : converting fig_graphical_answer-2.tex to fig_graphical_answer-2.pdf
INFO    : cropping fig_graphical_answer-2.pdf to cropped-fig_graphical_answer-2.pdf
INFO    : renaming cropped-fig_graphical_answer-2.pdf to fig_graphical_answer-2.pdf
INFO    : converting fig_graphical_answer-2.pdf to fig_graphical_answer-2.svg
INFO    : converting fig_subset_corral_again-2.tex to fig_subset_corral_again-2.pdf
INFO    : cropping fig_subset_corral_again-2.pdf to cropped-fig_subset_corral_again-2.pdf
INFO    : renaming cropped-fig_subset_corral_again-2.pdf to fig_subset_corral_again-2.pdf
INFO    : converting fig_subset_corral_again-2.pdf to fig_subset_corral_again-2.svg
INFO    : converting fig_hockey_stick-2.tex to fig_hockey_stick-2.pdf
INFO    : cropping fig_hockey_stick-2.pdf to cropped-fig_hockey_stick-2.pdf
INFO    : renaming cropped-fig_hockey_stick-2.pdf to fig_hockey_stick-2.pdf
INFO    : converting fig_hockey_stick-2.pdf to fig_hockey_stick-2.svg
INFO    : converting fig_complicated_graph-2.tex to fig_complicated_graph-2.pdf
INFO    : cropping fig_complicated_graph-2.pdf to cropped-fig_complicated_graph-2.pdf
INFO    : renaming cropped-fig_complicated_graph-2.pdf to fig_complicated_graph-2.pdf
INFO    : converting fig_complicated_graph-2.pdf to fig_complicated_graph-2.svg
INFO    : converting fig_wheel5_4colored-2.tex to fig_wheel5_4colored-2.pdf
INFO    : cropping fig_wheel5_4colored-2.pdf to cropped-fig_wheel5_4colored-2.pdf
INFO    : renaming cropped-fig_wheel5_4colored-2.pdf to fig_wheel5_4colored-2.pdf
INFO    : converting fig_wheel5_4colored-2.pdf to fig_wheel5_4colored-2.svg
INFO    : converting fig_NE_states-2.tex to fig_NE_states-2.pdf
INFO    : cropping fig_NE_states-2.pdf to cropped-fig_NE_states-2.pdf
INFO    : renaming cropped-fig_NE_states-2.pdf to fig_NE_states-2.pdf
INFO    : converting fig_NE_states-2.pdf to fig_NE_states-2.svg
INFO    : converting fig_mod12_clock-2.tex to fig_mod12_clock-2.pdf
INFO    : cropping fig_mod12_clock-2.pdf to cropped-fig_mod12_clock-2.pdf
INFO    : renaming cropped-fig_mod12_clock-2.pdf to fig_mod12_clock-2.pdf
INFO    : converting fig_mod12_clock-2.pdf to fig_mod12_clock-2.svg
INFO    : converting fig_number_line_floor-2.tex to fig_number_line_floor-2.pdf
INFO    : cropping fig_number_line_floor-2.pdf to cropped-fig_number_line_floor-2.pdf
INFO    : renaming cropped-fig_number_line_floor-2.pdf to fig_number_line_floor-2.pdf
INFO    : converting fig_number_line_floor-2.pdf to fig_number_line_floor-2.svg
INFO    : converting fig_perm_sigma-2.tex to fig_perm_sigma-2.pdf
INFO    : cropping fig_perm_sigma-2.pdf to cropped-fig_perm_sigma-2.pdf
INFO    : renaming cropped-fig_perm_sigma-2.pdf to fig_perm_sigma-2.pdf
INFO    : converting fig_perm_sigma-2.pdf to fig_perm_sigma-2.svg
INFO    : converting fig_tree_defn-2.tex to fig_tree_defn-2.pdf
INFO    : cropping fig_tree_defn-2.pdf to cropped-fig_tree_defn-2.pdf
INFO    : renaming cropped-fig_tree_defn-2.pdf to fig_tree_defn-2.pdf
INFO    : converting fig_tree_defn-2.pdf to fig_tree_defn-2.svg
INFO    : converting figure_all_diff_set-2.tex to figure_all_diff_set-2.pdf
INFO    : cropping figure_all_diff_set-2.pdf to cropped-figure_all_diff_set-2.pdf
INFO    : renaming cropped-figure_all_diff_set-2.pdf to figure_all_diff_set-2.pdf
INFO    : converting figure_all_diff_set-2.pdf to figure_all_diff_set-2.svg
INFO    : converting fig_dot_diagram_shift_left1-2.tex to fig_dot_diagram_shift_left1-2.pdf
INFO    : cropping fig_dot_diagram_shift_left1-2.pdf to cropped-fig_dot_diagram_shift_left1-2.pdf
INFO    : renaming cropped-fig_dot_diagram_shift_left1-2.pdf to fig_dot_diagram_shift_left1-2.pdf
INFO    : converting fig_dot_diagram_shift_left1-2.pdf to fig_dot_diagram_shift_left1-2.svg
INFO    : converting fig_ism_Ham6_comp_labeled-2.tex to fig_ism_Ham6_comp_labeled-2.pdf
INFO    : cropping fig_ism_Ham6_comp_labeled-2.pdf to cropped-fig_ism_Ham6_comp_labeled-2.pdf
INFO    : renaming cropped-fig_ism_Ham6_comp_labeled-2.pdf to fig_ism_Ham6_comp_labeled-2.pdf
INFO    : converting fig_ism_Ham6_comp_labeled-2.pdf to fig_ism_Ham6_comp_labeled-2.svg
INFO    : converting fig_robots-2.tex to fig_robots-2.pdf
INFO    : cropping fig_robots-2.pdf to cropped-fig_robots-2.pdf
INFO    : renaming cropped-fig_robots-2.pdf to fig_robots-2.pdf
INFO    : converting fig_robots-2.pdf to fig_robots-2.svg
INFO    : converting fig_classify_order3-2.tex to fig_classify_order3-2.pdf
INFO    : cropping fig_classify_order3-2.pdf to cropped-fig_classify_order3-2.pdf
INFO    : renaming cropped-fig_classify_order3-2.pdf to fig_classify_order3-2.pdf
INFO    : converting fig_classify_order3-2.pdf to fig_classify_order3-2.svg
INFO    : converting fig_K4_standard-2.tex to fig_K4_standard-2.pdf
INFO    : cropping fig_K4_standard-2.pdf to cropped-fig_K4_standard-2.pdf
INFO    : renaming cropped-fig_K4_standard-2.pdf to fig_K4_standard-2.pdf
INFO    : converting fig_K4_standard-2.pdf to fig_K4_standard-2.svg
INFO    : converting fig_venn_specific-2.tex to fig_venn_specific-2.pdf
INFO    : cropping fig_venn_specific-2.pdf to cropped-fig_venn_specific-2.pdf
INFO    : renaming cropped-fig_venn_specific-2.pdf to fig_venn_specific-2.pdf
INFO    : converting fig_venn_specific-2.pdf to fig_venn_specific-2.svg
INFO    : converting fig_C5_3colored-2.tex to fig_C5_3colored-2.pdf
INFO    : cropping fig_C5_3colored-2.pdf to cropped-fig_C5_3colored-2.pdf
INFO    : renaming cropped-fig_C5_3colored-2.pdf to fig_C5_3colored-2.pdf
INFO    : converting fig_C5_3colored-2.pdf to fig_C5_3colored-2.svg
INFO    : converting fig_finite_not_function-2.tex to fig_finite_not_function-2.pdf
INFO    : cropping fig_finite_not_function-2.pdf to cropped-fig_finite_not_function-2.pdf
INFO    : renaming cropped-fig_finite_not_function-2.pdf to fig_finite_not_function-2.pdf
INFO    : converting fig_finite_not_function-2.pdf to fig_finite_not_function-2.svg
INFO    : converting fig_relation_finite_dot_diagram-2.tex to fig_relation_finite_dot_diagram-2.pdf
INFO    : cropping fig_relation_finite_dot_diagram-2.pdf to cropped-fig_relation_finite_dot_diagram-2.pdf
INFO    : renaming cropped-fig_relation_finite_dot_diagram-2.pdf to fig_relation_finite_dot_diagram-2.pdf
INFO    : converting fig_relation_finite_dot_diagram-2.pdf to fig_relation_finite_dot_diagram-2.svg
INFO    : converting fig_8cycles-2.tex to fig_8cycles-2.pdf
INFO    : cropping fig_8cycles-2.pdf to cropped-fig_8cycles-2.pdf
INFO    : renaming cropped-fig_8cycles-2.pdf to fig_8cycles-2.pdf
INFO    : converting fig_8cycles-2.pdf to fig_8cycles-2.svg
INFO    : converting fig_cart_prod_as_points-2.tex to fig_cart_prod_as_points-2.pdf
INFO    : cropping fig_cart_prod_as_points-2.pdf to cropped-fig_cart_prod_as_points-2.pdf
INFO    : renaming cropped-fig_cart_prod_as_points-2.pdf to fig_cart_prod_as_points-2.pdf
INFO    : converting fig_cart_prod_as_points-2.pdf to fig_cart_prod_as_points-2.svg
INFO    : converting fig_tree_2strings-2.tex to fig_tree_2strings-2.pdf
INFO    : cropping fig_tree_2strings-2.pdf to cropped-fig_tree_2strings-2.pdf
INFO    : renaming cropped-fig_tree_2strings-2.pdf to fig_tree_2strings-2.pdf
INFO    : converting fig_tree_2strings-2.pdf to fig_tree_2strings-2.svg
INFO    : converting fig_venn_diff-2.tex to fig_venn_diff-2.pdf
INFO    : cropping fig_venn_diff-2.pdf to cropped-fig_venn_diff-2.pdf
INFO    : renaming cropped-fig_venn_diff-2.pdf to fig_venn_diff-2.pdf
INFO    : converting fig_venn_diff-2.pdf to fig_venn_diff-2.svg
INFO    : converting fig_graph_setbuilder-2.tex to fig_graph_setbuilder-2.pdf
INFO    : cropping fig_graph_setbuilder-2.pdf to cropped-fig_graph_setbuilder-2.pdf
INFO    : renaming cropped-fig_graph_setbuilder-2.pdf to fig_graph_setbuilder-2.pdf
INFO    : converting fig_graph_setbuilder-2.pdf to fig_graph_setbuilder-2.svg
INFO    : converting fig_L2x5-2.tex to fig_L2x5-2.pdf
INFO    : cropping fig_L2x5-2.pdf to cropped-fig_L2x5-2.pdf
INFO    : renaming cropped-fig_L2x5-2.pdf to fig_L2x5-2.pdf
INFO    : converting fig_L2x5-2.pdf to fig_L2x5-2.svg
INFO    : converting fig_shortcuts_barbells-2.tex to fig_shortcuts_barbells-2.pdf
INFO    : cropping fig_shortcuts_barbells-2.pdf to cropped-fig_shortcuts_barbells-2.pdf
INFO    : renaming cropped-fig_shortcuts_barbells-2.pdf to fig_shortcuts_barbells-2.pdf
INFO    : converting fig_shortcuts_barbells-2.pdf to fig_shortcuts_barbells-2.svg
INFO    : converting fig_K6b3-2.tex to fig_K6b3-2.pdf
INFO    : cropping fig_K6b3-2.pdf to cropped-fig_K6b3-2.pdf
INFO    : renaming cropped-fig_K6b3-2.pdf to fig_K6b3-2.pdf
INFO    : converting fig_K6b3-2.pdf to fig_K6b3-2.svg
INFO    : converting fig_twisted_disconnected-2.tex to fig_twisted_disconnected-2.pdf
INFO    : cropping fig_twisted_disconnected-2.pdf to cropped-fig_twisted_disconnected-2.pdf
INFO    : renaming cropped-fig_twisted_disconnected-2.pdf to fig_twisted_disconnected-2.pdf
INFO    : converting fig_twisted_disconnected-2.pdf to fig_twisted_disconnected-2.svg
INFO    : converting fig_all_odd_degree-2.tex to fig_all_odd_degree-2.pdf
INFO    : cropping fig_all_odd_degree-2.pdf to cropped-fig_all_odd_degree-2.pdf
INFO    : renaming cropped-fig_all_odd_degree-2.pdf to fig_all_odd_degree-2.pdf
INFO    : converting fig_all_odd_degree-2.pdf to fig_all_odd_degree-2.svg
INFO    : converting fig_sq_dom3-2.tex to fig_sq_dom3-2.pdf
INFO    : cropping fig_sq_dom3-2.pdf to cropped-fig_sq_dom3-2.pdf
INFO    : renaming cropped-fig_sq_dom3-2.pdf to fig_sq_dom3-2.pdf
INFO    : converting fig_sq_dom3-2.pdf to fig_sq_dom3-2.svg
INFO    : converting fig_parabola_verticallinetest_graph-2.tex to fig_parabola_verticallinetest_graph-2.pdf
INFO    : cropping fig_parabola_verticallinetest_graph-2.pdf to cropped-fig_parabola_verticallinetest_graph-2.pdf
INFO    : renaming cropped-fig_parabola_verticallinetest_graph-2.pdf to fig_parabola_verticallinetest_graph-2.pdf
INFO    : converting fig_parabola_verticallinetest_graph-2.pdf to fig_parabola_verticallinetest_graph-2.svg
INFO    : converting fig_rel_finite_ppty-2.tex to fig_rel_finite_ppty-2.pdf
INFO    : cropping fig_rel_finite_ppty-2.pdf to cropped-fig_rel_finite_ppty-2.pdf
INFO    : renaming cropped-fig_rel_finite_ppty-2.pdf to fig_rel_finite_ppty-2.pdf
INFO    : converting fig_rel_finite_ppty-2.pdf to fig_rel_finite_ppty-2.svg
INFO    : converting figure_set_game_2cards-5.tex to figure_set_game_2cards-5.pdf
INFO    : cropping figure_set_game_2cards-5.pdf to cropped-figure_set_game_2cards-5.pdf
INFO    : renaming cropped-figure_set_game_2cards-5.pdf to figure_set_game_2cards-5.pdf
INFO    : converting figure_set_game_2cards-5.pdf to figure_set_game_2cards-5.svg
INFO    : converting fig_venn_complement-2.tex to fig_venn_complement-2.pdf
INFO    : cropping fig_venn_complement-2.pdf to cropped-fig_venn_complement-2.pdf
INFO    : renaming cropped-fig_venn_complement-2.pdf to fig_venn_complement-2.pdf
INFO    : converting fig_venn_complement-2.pdf to fig_venn_complement-2.svg
INFO    : converting fig_4reg-2.tex to fig_4reg-2.pdf
INFO    : cropping fig_4reg-2.pdf to cropped-fig_4reg-2.pdf
INFO    : renaming cropped-fig_4reg-2.pdf to fig_4reg-2.pdf
INFO    : converting fig_4reg-2.pdf to fig_4reg-2.svg
INFO    : converting fig_pairing_int_evens-2.tex to fig_pairing_int_evens-2.pdf
INFO    : cropping fig_pairing_int_evens-2.pdf to cropped-fig_pairing_int_evens-2.pdf
INFO    : renaming cropped-fig_pairing_int_evens-2.pdf to fig_pairing_int_evens-2.pdf
INFO    : converting fig_pairing_int_evens-2.pdf to fig_pairing_int_evens-2.svg
INFO    : converting fig_subgraph_order6-2.tex to fig_subgraph_order6-2.pdf
INFO    : cropping fig_subgraph_order6-2.pdf to cropped-fig_subgraph_order6-2.pdf
INFO    : renaming cropped-fig_subgraph_order6-2.pdf to fig_subgraph_order6-2.pdf
INFO    : converting fig_subgraph_order6-2.pdf to fig_subgraph_order6-2.svg
INFO    : converting fig_hanoi5-2.tex to fig_hanoi5-2.pdf
INFO    : cropping fig_hanoi5-2.pdf to cropped-fig_hanoi5-2.pdf
INFO    : renaming cropped-fig_hanoi5-2.pdf to fig_hanoi5-2.pdf
INFO    : converting fig_hanoi5-2.pdf to fig_hanoi5-2.svg
INFO    : converting fig_map_coloring-2.tex to fig_map_coloring-2.pdf
INFO    : cropping fig_map_coloring-2.pdf to cropped-fig_map_coloring-2.pdf
INFO    : renaming cropped-fig_map_coloring-2.pdf to fig_map_coloring-2.pdf
INFO    : converting fig_map_coloring-2.pdf to fig_map_coloring-2.svg
INFO    : converting fig_tau_of_sigma-2.tex to fig_tau_of_sigma-2.pdf
INFO    : cropping fig_tau_of_sigma-2.pdf to cropped-fig_tau_of_sigma-2.pdf
INFO    : renaming cropped-fig_tau_of_sigma-2.pdf to fig_tau_of_sigma-2.pdf
INFO    : converting fig_tau_of_sigma-2.pdf to fig_tau_of_sigma-2.svg
INFO    : converting fig_midwest_map-2.tex to fig_midwest_map-2.pdf
INFO    : cropping fig_midwest_map-2.pdf to cropped-fig_midwest_map-2.pdf
INFO    : renaming cropped-fig_midwest_map-2.pdf to fig_midwest_map-2.pdf
INFO    : converting fig_midwest_map-2.pdf to fig_midwest_map-2.svg
INFO    : converting fig_nonism_Ham5-2.tex to fig_nonism_Ham5-2.pdf
INFO    : cropping fig_nonism_Ham5-2.pdf to cropped-fig_nonism_Ham5-2.pdf
INFO    : renaming cropped-fig_nonism_Ham5-2.pdf to fig_nonism_Ham5-2.pdf
INFO    : converting fig_nonism_Ham5-2.pdf to fig_nonism_Ham5-2.svg
INFO    : converting fig_nonism_complicated_Ham8-2.tex to fig_nonism_complicated_Ham8-2.pdf
INFO    : cropping fig_nonism_complicated_Ham8-2.pdf to cropped-fig_nonism_complicated_Ham8-2.pdf
INFO    : renaming cropped-fig_nonism_complicated_Ham8-2.pdf to fig_nonism_complicated_Ham8-2.pdf
INFO    : converting fig_nonism_complicated_Ham8-2.pdf to fig_nonism_complicated_Ham8-2.svg
INFO    : converting fig_tree_for_fn_exer-2.tex to fig_tree_for_fn_exer-2.pdf
INFO    : cropping fig_tree_for_fn_exer-2.pdf to cropped-fig_tree_for_fn_exer-2.pdf
INFO    : renaming cropped-fig_tree_for_fn_exer-2.pdf to fig_tree_for_fn_exer-2.pdf
INFO    : converting fig_tree_for_fn_exer-2.pdf to fig_tree_for_fn_exer-2.svg
INFO    : converting fig_mod5_clock-2.tex to fig_mod5_clock-2.pdf
INFO    : cropping fig_mod5_clock-2.pdf to cropped-fig_mod5_clock-2.pdf
INFO    : renaming cropped-fig_mod5_clock-2.pdf to fig_mod5_clock-2.pdf
INFO    : converting fig_mod5_clock-2.pdf to fig_mod5_clock-2.svg
INFO    : converting fig_state_graph_5coins-2.tex to fig_state_graph_5coins-2.pdf
INFO    : cropping fig_state_graph_5coins-2.pdf to cropped-fig_state_graph_5coins-2.pdf
INFO    : renaming cropped-fig_state_graph_5coins-2.pdf to fig_state_graph_5coins-2.pdf
INFO    : converting fig_state_graph_5coins-2.pdf to fig_state_graph_5coins-2.svg
INFO    : converting fig_answer_exer_domain_codomain_finite2-2.tex to fig_answer_exer_domain_codomain_finite2-2.pdf
INFO    : cropping fig_answer_exer_domain_codomain_finite2-2.pdf to cropped-fig_answer_exer_domain_codomain_finite2-2.pdf
INFO    : renaming cropped-fig_answer_exer_domain_codomain_finite2-2.pdf to fig_answer_exer_domain_codomain_finite2-2.pdf
INFO    : converting fig_answer_exer_domain_codomain_finite2-2.pdf to fig_answer_exer_domain_codomain_finite2-2.svg
INFO    : converting fig_rec_trees_labeled-2.tex to fig_rec_trees_labeled-2.pdf
INFO    : cropping fig_rec_trees_labeled-2.pdf to cropped-fig_rec_trees_labeled-2.pdf
INFO    : renaming cropped-fig_rec_trees_labeled-2.pdf to fig_rec_trees_labeled-2.pdf
INFO    : converting fig_rec_trees_labeled-2.pdf to fig_rec_trees_labeled-2.svg
INFO    : converting fig_twisted_cycle-2.tex to fig_twisted_cycle-2.pdf
INFO    : cropping fig_twisted_cycle-2.pdf to cropped-fig_twisted_cycle-2.pdf
INFO    : renaming cropped-fig_twisted_cycle-2.pdf to fig_twisted_cycle-2.pdf
INFO    : converting fig_twisted_cycle-2.pdf to fig_twisted_cycle-2.svg
INFO    : converting fig_G1G2G3-2.tex to fig_G1G2G3-2.pdf
INFO    : cropping fig_G1G2G3-2.pdf to cropped-fig_G1G2G3-2.pdf
INFO    : renaming cropped-fig_G1G2G3-2.pdf to fig_G1G2G3-2.pdf
INFO    : converting fig_G1G2G3-2.pdf to fig_G1G2G3-2.svg
INFO    : converting figure_set_game_2cards-2.tex to figure_set_game_2cards-2.pdf
INFO    : cropping figure_set_game_2cards-2.pdf to cropped-figure_set_game_2cards-2.pdf
INFO    : renaming cropped-figure_set_game_2cards-2.pdf to figure_set_game_2cards-2.pdf
INFO    : converting figure_set_game_2cards-2.pdf to figure_set_game_2cards-2.svg
INFO    : converting fig_classmates_graph-2.tex to fig_classmates_graph-2.pdf
INFO    : cropping fig_classmates_graph-2.pdf to cropped-fig_classmates_graph-2.pdf
INFO    : renaming cropped-fig_classmates_graph-2.pdf to fig_classmates_graph-2.pdf
INFO    : converting fig_classmates_graph-2.pdf to fig_classmates_graph-2.svg
INFO    : converting fig_graph_act_deg_comp-2.tex to fig_graph_act_deg_comp-2.pdf
INFO    : cropping fig_graph_act_deg_comp-2.pdf to cropped-fig_graph_act_deg_comp-2.pdf
INFO    : renaming cropped-fig_graph_act_deg_comp-2.pdf to fig_graph_act_deg_comp-2.pdf
INFO    : converting fig_graph_act_deg_comp-2.pdf to fig_graph_act_deg_comp-2.svg
INFO    : converting fig_answer_exer_domain_codomain_finite-2.tex to fig_answer_exer_domain_codomain_finite-2.pdf
INFO    : cropping fig_answer_exer_domain_codomain_finite-2.pdf to cropped-fig_answer_exer_domain_codomain_finite-2.pdf
INFO    : renaming cropped-fig_answer_exer_domain_codomain_finite-2.pdf to fig_answer_exer_domain_codomain_finite-2.pdf
INFO    : converting fig_answer_exer_domain_codomain_finite-2.pdf to fig_answer_exer_domain_codomain_finite-2.svg
INFO    : converting fig_less_obv_subgraph-2.tex to fig_less_obv_subgraph-2.pdf
INFO    : cropping fig_less_obv_subgraph-2.pdf to cropped-fig_less_obv_subgraph-2.pdf
INFO    : renaming cropped-fig_less_obv_subgraph-2.pdf to fig_less_obv_subgraph-2.pdf
INFO    : converting fig_less_obv_subgraph-2.pdf to fig_less_obv_subgraph-2.svg
INFO    : converting fig_part_product_linear-2.tex to fig_part_product_linear-2.pdf
INFO    : cropping fig_part_product_linear-2.pdf to cropped-fig_part_product_linear-2.pdf
INFO    : renaming cropped-fig_part_product_linear-2.pdf to fig_part_product_linear-2.pdf
INFO    : converting fig_part_product_linear-2.pdf to fig_part_product_linear-2.svg
INFO    : converting fig_parabola_not_function-2.tex to fig_parabola_not_function-2.pdf
INFO    : cropping fig_parabola_not_function-2.pdf to cropped-fig_parabola_not_function-2.pdf
INFO    : renaming cropped-fig_parabola_not_function-2.pdf to fig_parabola_not_function-2.pdf
INFO    : converting fig_parabola_not_function-2.pdf to fig_parabola_not_function-2.svg
INFO    : converting fig_tau_sq-2.tex to fig_tau_sq-2.pdf
INFO    : cropping fig_tau_sq-2.pdf to cropped-fig_tau_sq-2.pdf
INFO    : renaming cropped-fig_tau_sq-2.pdf to fig_tau_sq-2.pdf
INFO    : converting fig_tau_sq-2.pdf to fig_tau_sq-2.svg
INFO    : converting fig_equiv_rel_12345-2.tex to fig_equiv_rel_12345-2.pdf
INFO    : cropping fig_equiv_rel_12345-2.pdf to cropped-fig_equiv_rel_12345-2.pdf
INFO    : renaming cropped-fig_equiv_rel_12345-2.pdf to fig_equiv_rel_12345-2.pdf
INFO    : converting fig_equiv_rel_12345-2.pdf to fig_equiv_rel_12345-2.svg
INFO    : converting fig_notism_Ham8_bipartite-2.tex to fig_notism_Ham8_bipartite-2.pdf
INFO    : cropping fig_notism_Ham8_bipartite-2.pdf to cropped-fig_notism_Ham8_bipartite-2.pdf
INFO    : renaming cropped-fig_notism_Ham8_bipartite-2.pdf to fig_notism_Ham8_bipartite-2.pdf
INFO    : converting fig_notism_Ham8_bipartite-2.pdf to fig_notism_Ham8_bipartite-2.svg
INFO    : converting fig_sq_dom5-2.tex to fig_sq_dom5-2.pdf
INFO    : cropping fig_sq_dom5-2.pdf to cropped-fig_sq_dom5-2.pdf
INFO    : renaming cropped-fig_sq_dom5-2.pdf to fig_sq_dom5-2.pdf
INFO    : converting fig_sq_dom5-2.pdf to fig_sq_dom5-2.svg
INFO    : converting fig_52card_deck-2.tex to fig_52card_deck-2.pdf
INFO    : cropping fig_52card_deck-2.pdf to cropped-fig_52card_deck-2.pdf
INFO    : renaming cropped-fig_52card_deck-2.pdf to fig_52card_deck-2.pdf
INFO    : converting fig_52card_deck-2.pdf to fig_52card_deck-2.svg
INFO    : converting fig_venn_3sets-2.tex to fig_venn_3sets-2.pdf
INFO    : cropping fig_venn_3sets-2.pdf to cropped-fig_venn_3sets-2.pdf
INFO    : renaming cropped-fig_venn_3sets-2.pdf to fig_venn_3sets-2.pdf
INFO    : converting fig_venn_3sets-2.pdf to fig_venn_3sets-2.svg
INFO    : Removing temporary directory /tmp/ptx-dp4j4y2l
INFO    : Finished generating assets.

INFO    : Building with custom xsl /workspaces/activediscreteTEST0312826/Doree-main/source/xsl/custom-html.xsl
INFO    : Preparing to build into /workspaces/activediscreteTEST0312826/Doree-main/build/web.
INFO    : discovering source file's directory name: /workspaces/activediscreteTEST0312826/Doree-main/source
INFO    : verifying and expanding input directory: /workspaces/activediscreteTEST0312826/Doree-main/source/../generated-assets
INFO    : input directory expanded to absolute path: /workspaces/activediscreteTEST0312826/Doree-main/generated-assets
INFO    : verifying and expanding input directory: /workspaces/activediscreteTEST0312826/Doree-main/source/../assets
INFO    : input directory expanded to absolute path: /workspaces/activediscreteTEST0312826/Doree-main/assets
INFO    : discovering source file's directory name: /workspaces/activediscreteTEST0312826/Doree-main/source
INFO    : XSL conversion of /workspaces/activediscreteTEST0312826/Doree-main/source/main.ptx by /home/codespace/.ptx/2.43.1/core/xsl/utilities/report-publisher-variables.xsl
INFO    : successful application of /home/codespace/.ptx/2.43.1/core/xsl/utilities/report-publisher-variables.xsl
INFO    : Downloading rs services file from https://runestone.academy/cdn/runestone/latest/webpack_static_imports.xml.
INFO    : Runestone Services via online CDN query: version 8.1.16
INFO    : Downloading Runestone Services, version 8.1.16
INFO    : Extracting Runestone Services from archive file
INFO    : Building custom css theme: theme-default-modern
INFO    : converting /workspaces/activediscreteTEST0312826/Doree-main/source/main.ptx to HTML in /tmp/ptx-d87kv6pj
INFO    : XSL conversion of /workspaces/activediscreteTEST0312826/Doree-main/source/main.ptx by /tmp/ptxcli_mzzk9j4d/cli_xsl/custom-html.xsl
INFO    : messages from the log for XSL processing:
WARNING : * PTX:WARNING: There are apparent XML elements in locations that should be text only (1 times).
WARNING : * PTX:WARNING: There is an apparent XML element (<ndash>) inside an <c> element, which should only contain text.  Using an escaped "less than" ('&lt;') might be the solution, or using a CDATA section.
INFO    : *              located at: pretext/book/chapter/section/subsection/subsubsection/exercise/statement/p/c/ndash
INFO    : *              located within: "exer_bal_ternary_strings" (xml:id), "Explore" (title)
WARNING : * PTX:WARNING: In a section containing subsections, any content that is not inside a subsection needs to be inside an <introduction> and/or  <conclusion>.
INFO    : *              located at: pretext/book/chapter/section
INFO    : *              located within: "sec_handshakes" (xml:id), "Handshakes" (title)
INFO    : * PTX:INFO:   checking all deprecated elements.
WARNING : * PTX:DEPRECATE: (2024-10-08) elements previously included in a "titlepage" element inside the "frontmatter" (author, editor, credit, date, and event) should now be placed in "frontmatter/bibinfo".  To ensure a title page is created, put only the empty element "titlepage-items" inside "titlepage".  Until you move these elements, we will try to honor your intent. (1 time)
INFO    : *              located at: pretext/book/frontmatter/titlepage
INFO    : *              located within: "Active Discrete Mathematics: Patterns, Structures, and Proof" (title)
INFO    : * --------------
WARNING : * PTX:DEPRECATE: (2026-05-11) the "me" and "men" elements have been deprecated.  The replacement is an "md" with no "mrow" children, and numbering is controlled by the "@number" attribute, or a global setting in "docinfo". (842 times)
INFO    : *              located at: pretext/book/chapter/section/subsection/activity/p/ol/li/p/me
INFO    : *              located within: "act_handshakes" (xml:id), "Handshakes puzzle" (title)
INFO    : *              located at: pretext/book/chapter/section/subsection/example/solution/p/me
INFO    : *              located within: "exam_hs6" (xml:id), "Six students shake hands" (title)
INFO    : *              located at: pretext/book/chapter/section/subsection/example/solution/p/me
INFO    : *              located within: "exam_hs6" (xml:id), "Six students shake hands" (title)
INFO    : *              located at: pretext/book/chapter/section/subsection/example/solution/p/me
INFO    : *              located within: "exam_hs6" (xml:id), "Six students shake hands" (title)
INFO    : *              located at: pretext/book/chapter/section/subsection/p/me
INFO    : *              located within: "Counting Handshakes" (title)
INFO    : *              located at: pretext/book/chapter/section/subsection/example/statement/p/ol/li/p/solution/figure/me
INFO    : *              located within: "fig_sq_dom6_start1" (xml:id)
INFO    : *              located at: pretext/book/chapter/section/subsection/example/statement/p/ol/li/p/solution/figure/me
INFO    : *              located within: "fig_sq_dom6_start1" (xml:id)
INFO    : *              located at: pretext/book/chapter/section/subsection/example/statement/p/ol/li/p/solution/figure/me
INFO    : *              located within: "fig_sq_dom6_start2" (xml:id)
INFO    : * --------------
WARNING : * PTX:WARNING: Unstructured content within a list item is being ignored ("In this textbook we abbreviate true as")
INFO    : *              located at: pretext/book/chapter/section/subsection/definition/statement/p/ol/li
INFO    : *              located within: "defn_and_or_xor" (xml:id), "And, or, and xor" (title)
WARNING : * PTX:WARNING: Unstructured content within a list item is being ignored ("and false as")
INFO    : *              located at: pretext/book/chapter/section/subsection/definition/statement/p/ol/li
INFO    : *              located within: "defn_and_or_xor" (xml:id), "And, or, and xor" (title)
WARNING : * PTX:WARNING: Unstructured content within a list item is being ignored (". Some computer science textbooks use")
INFO    : *              located at: pretext/book/chapter/section/subsection/definition/statement/p/ol/li
INFO    : *              located within: "defn_and_or_xor" (xml:id), "And, or, and xor" (title)
WARNING : * PTX:WARNING: Unstructured content within a list item is being ignored ("for true and")
INFO    : *              located at: pretext/book/chapter/section/subsection/definition/statement/p/ol/li
INFO    : *              located within: "defn_and_or_xor" (xml:id), "And, or, and xor" (title)
WARNING : * PTX:WARNING: Unstructured content within a list item is being ignored ("for false instead.")
INFO    : *              located at: pretext/book/chapter/section/subsection/definition/statement/p/ol/li
INFO    : *              located within: "defn_and_or_xor" (xml:id), "And, or, and xor" (title)
WARNING : * PTX:WARNING: Unstructured content within a list item is being ignored ("Check that the set of three cards shown in")
INFO    : *              located at: pretext/book/chapter/section/subsection/activity/ol/li
INFO    : *              located within: "act_set_game" (xml:id), "The game SET\texttrademark" (title)
WARNING : * PTX:WARNING: Unstructured content within a list item is being ignored ("is a SET.")
INFO    : *              located at: pretext/book/chapter/section/subsection/activity/ol/li
INFO    : *              located within: "act_set_game" (xml:id), "The game SET\texttrademark" (title)
WARNING : * PTX:WARNING: Unstructured content within a list item is being ignored ("Calculate")
INFO    : *              located at: pretext/book/chapter/section/subsection/activity/p/ol/li
INFO    : *              located within: "part_OR" (xml:id)
WARNING : * PTX:WARNING: Unstructured content within a list item is being ignored ("if")
INFO    : *              located at: pretext/book/chapter/section/subsection/activity/p/ol/li
INFO    : *              located within: "part_OR" (xml:id)
WARNING : * PTX:WARNING: Unstructured content within a list item is being ignored ("and")
INFO    : *              located at: pretext/book/chapter/section/subsection/activity/p/ol/li
INFO    : *              located within: "part_OR" (xml:id)
WARNING : * PTX:WARNING: Unstructured content within a list item is being ignored (". It might help to line up the bit strings as follows.")
INFO    : *              located at: pretext/book/chapter/section/subsection/activity/p/ol/li
INFO    : *              located within: "part_OR" (xml:id)
WARNING : * PTX:WARNING: Unstructured content within a list item is being ignored ("For example,")
INFO    : *              located at: pretext/book/chapter/section/subsection/definition/statement/p/ol/li
INFO    : *              located within: "defn_proper_bs" (xml:id), "Proper bit strings" (title)
WARNING : * PTX:WARNING: Unstructured content within a list item is being ignored ("is proper, as we show in")
INFO    : *              located at: pretext/book/chapter/section/subsection/definition/statement/p/ol/li
INFO    : *              located within: "defn_proper_bs" (xml:id), "Proper bit strings" (title)
WARNING : * PTX:WARNING: Unstructured content within a list item is being ignored (".")
INFO    : *              located at: pretext/book/chapter/section/subsection/definition/statement/p/ol/li
INFO    : *              located within: "defn_proper_bs" (xml:id), "Proper bit strings" (title)
WARNING : * PTX:WARNING: Unstructured content within a list item is being ignored ("In this textbook we abbreviate true as")
INFO    : *              located at: pretext/book/chapter/section/subsection/definition/statement/p/ol/li
INFO    : *              located within: "defn_and_or_xor" (xml:id), "And, or, and xor" (title)
WARNING : * PTX:WARNING: Unstructured content within a list item is being ignored ("and false as")
INFO    : *              located at: pretext/book/chapter/section/subsection/definition/statement/p/ol/li
INFO    : *              located within: "defn_and_or_xor" (xml:id), "And, or, and xor" (title)
WARNING : * PTX:WARNING: Unstructured content within a list item is being ignored (". Some computer science textbooks use")
INFO    : *              located at: pretext/book/chapter/section/subsection/definition/statement/p/ol/li
INFO    : *              located within: "defn_and_or_xor" (xml:id), "And, or, and xor" (title)
WARNING : * PTX:WARNING: Unstructured content within a list item is being ignored ("for true and")
INFO    : *              located at: pretext/book/chapter/section/subsection/definition/statement/p/ol/li
INFO    : *              located within: "defn_and_or_xor" (xml:id), "And, or, and xor" (title)
WARNING : * PTX:WARNING: Unstructured content within a list item is being ignored ("for false instead.")
INFO    : *              located at: pretext/book/chapter/section/subsection/definition/statement/p/ol/li
INFO    : *              located within: "defn_and_or_xor" (xml:id), "And, or, and xor" (title)
WARNING : * PTX:WARNING: Unstructured content within a list item is being ignored ("For example,")
INFO    : *              located at: pretext/book/chapter/section/subsection/definition/statement/p/ol/li
INFO    : *              located within: "defn_proper_bs" (xml:id), "Proper bit strings" (title)
WARNING : * PTX:WARNING: Unstructured content within a list item is being ignored ("is proper, as we show in")
INFO    : *              located at: pretext/book/chapter/section/subsection/definition/statement/p/ol/li
INFO    : *              located within: "defn_proper_bs" (xml:id), "Proper bit strings" (title)
WARNING : * PTX:WARNING: Unstructured content within a list item is being ignored (".")
INFO    : *              located at: pretext/book/chapter/section/subsection/definition/statement/p/ol/li
INFO    : *              located within: "defn_proper_bs" (xml:id), "Proper bit strings" (title)
INFO    : successful application of /tmp/ptxcli_mzzk9j4d/cli_xsl/custom-html.xsl
INFO    : Removing temporary directory /tmp/ptx-d87kv6pj
INFO    : Removing temporary directory /tmp/ptx-9x_8pha3
INFO    : 
Finished build for target web. Run `pretext view web` to see the results.

INFO    : 
Success!  Built requested target(s) without errors.

INFO    : 
