WARNING : Using CLI version 2.43.2 but project's `requirements.txt`
WARNING : is configured to use 2.43.1. Consider either installing
WARNING : CLI version 2.43.1 or running `pretext update-project`
WARNING : to update `requirements.txt` and other managed files to match 2.43.2.
INFO    : Building target web
INFO    : XSL conversion of /workspaces/activediscreteTEST0312826/Doree-main/source/main.ptx by /home/codespace/.ptx/2.43.2/core/xsl/utilities/pretext-enhanced-source.xsl
INFO    : successful application of /home/codespace/.ptx/2.43.2/core/xsl/utilities/pretext-enhanced-source.xsl
WARNING : Schema validation could not be completed: no validator was available (jing is not installed and lxml could not compile the schema). Continuing with build.
INFO    : Generating any needed assets.
INFO    : Finished generating assets.

INFO    : Building with custom xsl /workspaces/activediscreteTEST0312826/Doree-main/source/xsl/custom-html.xsl
INFO    : Preparing to build into /workspaces/activediscreteTEST0312826/Doree-main/source/build/web.
INFO    : discovering source file's directory name: /workspaces/activediscreteTEST0312826/Doree-main/source
INFO    : verifying and expanding input directory: /workspaces/activediscreteTEST0312826/Doree-main/source/../generated-assets
INFO    : input directory expanded to absolute path: /workspaces/activediscreteTEST0312826/Doree-main/generated-assets
INFO    : verifying and expanding input directory: /workspaces/activediscreteTEST0312826/Doree-main/source/../assets
INFO    : input directory expanded to absolute path: /workspaces/activediscreteTEST0312826/Doree-main/assets
INFO    : discovering source file's directory name: /workspaces/activediscreteTEST0312826/Doree-main/source
INFO    : XSL conversion of /workspaces/activediscreteTEST0312826/Doree-main/source/main.ptx by /home/codespace/.ptx/2.43.2/core/xsl/utilities/report-publisher-variables.xsl
INFO    : successful application of /home/codespace/.ptx/2.43.2/core/xsl/utilities/report-publisher-variables.xsl
INFO    : Downloading rs services file from https://runestone.academy/cdn/runestone/latest/webpack_static_imports.xml.
INFO    : Runestone Services via online CDN query: version 8.1.14
INFO    : Downloading Runestone Services, version 8.1.14
INFO    : Extracting Runestone Services from archive file
INFO    : Building custom css theme: theme-default-modern
INFO    : converting /workspaces/activediscreteTEST0312826/Doree-main/source/main.ptx to HTML in /tmp/ptx-4uswrsmn
INFO    : XSL conversion of /workspaces/activediscreteTEST0312826/Doree-main/source/main.ptx by /tmp/ptxcli_ukq_hp7n/cli_xsl/custom-html.xsl
CRITICAL: Entity 'INLINE-EXERCISE-FILTER' not defined, line 9, column 65 (custom-html.xsl, line 9)
INFO    : ------------------------
CRITICAL: Failed to build without errors.  Exiting...
INFO    : 
----------------------------------------------------
INFO    : While running pretext, the following errors occurred:

INFO    : (see log messages above or in the 'logs' folder for more information)
INFO    : ----------------------------------------------------
