WARNING : Using CLI version 2.43.2 but project's `requirements.txt`
WARNING : is configured to use 2.43.1. Consider either installing
WARNING : CLI version 2.43.1 or running `pretext update-project`
WARNING : to update `requirements.txt` and other managed files to match 2.43.2.
INFO    : Building target web
INFO    : XSL conversion of /workspaces/activediscreteTEST0312826/Doree-main/source/main.ptx by /home/codespace/.ptx/2.43.2/core/xsl/utilities/pretext-enhanced-source.xsl
INFO    : successful application of /home/codespace/.ptx/2.43.2/core/xsl/utilities/pretext-enhanced-source.xsl
WARNING : Schema validation could not be completed: no validator was available (jing is not installed and lxml could not compile the schema). Continuing with build.
INFO    : Generating any needed assets.
WARNING : Now generating latex images
INFO    : converting latex-image pictures from /workspaces/activediscreteTEST0312826/Doree-main/source/main.ptx to svg graphics for placement in /workspaces/activediscreteTEST0312826/Doree-main/generated-assets/latex-image
INFO    : extracting latex-image pictures from /workspaces/activediscreteTEST0312826/Doree-main/source/main.ptx
INFO    : string parameters passed to extraction stylesheet: {'cli.version': '2.43', 'publisher': '/workspaces/activediscreteTEST0312826/Doree-main/source/publication.xml'}
INFO    : discovering source file's directory name: /workspaces/activediscreteTEST0312826/Doree-main/source
INFO    : verifying and expanding input directory: /workspaces/activediscreteTEST0312826/Doree-main/source/../generated-assets
INFO    : input directory expanded to absolute path: /workspaces/activediscreteTEST0312826/Doree-main/generated-assets
INFO    : verifying and expanding input directory: /workspaces/activediscreteTEST0312826/Doree-main/source/../assets
INFO    : input directory expanded to absolute path: /workspaces/activediscreteTEST0312826/Doree-main/assets
INFO    : discovering source file's directory name: /workspaces/activediscreteTEST0312826/Doree-main/source
INFO    : XSL conversion of /workspaces/activediscreteTEST0312826/Doree-main/source/main.ptx by /home/codespace/.ptx/2.43.2/core/xsl/extract-latex-image.xsl
INFO    : successful application of /home/codespace/.ptx/2.43.2/core/xsl/extract-latex-image.xsl
INFO    : converting fig_ism_trees_easy_answer-2.tex to fig_ism_trees_easy_answer-2.pdf
INFO    : cropping fig_ism_trees_easy_answer-2.pdf to cropped-fig_ism_trees_easy_answer-2.pdf
INFO    : renaming cropped-fig_ism_trees_easy_answer-2.pdf to fig_ism_trees_easy_answer-2.pdf
INFO    : converting fig_ism_trees_easy_answer-2.pdf to fig_ism_trees_easy_answer-2.svg
INFO    : converting fig_house_with_tails-2.tex to fig_house_with_tails-2.pdf
INFO    : cropping fig_house_with_tails-2.pdf to cropped-fig_house_with_tails-2.pdf
INFO    : renaming cropped-fig_house_with_tails-2.pdf to fig_house_with_tails-2.pdf
INFO    : converting fig_house_with_tails-2.pdf to fig_house_with_tails-2.svg
INFO    : converting fig_act_deg_seq-2.tex to fig_act_deg_seq-2.pdf
INFO    : cropping fig_act_deg_seq-2.pdf to cropped-fig_act_deg_seq-2.pdf
INFO    : renaming cropped-fig_act_deg_seq-2.pdf to fig_act_deg_seq-2.pdf
INFO    : converting fig_act_deg_seq-2.pdf to fig_act_deg_seq-2.svg
INFO    : converting fig_classmates_comp-2.tex to fig_classmates_comp-2.pdf
INFO    : cropping fig_classmates_comp-2.pdf to cropped-fig_classmates_comp-2.pdf
INFO    : renaming cropped-fig_classmates_comp-2.pdf to fig_classmates_comp-2.pdf
INFO    : converting fig_classmates_comp-2.pdf to fig_classmates_comp-2.svg
INFO    : converting fig_four_drawings_K4_minus_edge-2.tex to fig_four_drawings_K4_minus_edge-2.pdf
INFO    : cropping fig_four_drawings_K4_minus_edge-2.pdf to cropped-fig_four_drawings_K4_minus_edge-2.pdf
INFO    : renaming cropped-fig_four_drawings_K4_minus_edge-2.pdf to fig_four_drawings_K4_minus_edge-2.pdf
INFO    : converting fig_four_drawings_K4_minus_edge-2.pdf to fig_four_drawings_K4_minus_edge-2.svg
INFO    : converting fig_less_obv_clique-2.tex to fig_less_obv_clique-2.pdf
INFO    : cropping fig_less_obv_clique-2.pdf to cropped-fig_less_obv_clique-2.pdf
INFO    : renaming cropped-fig_less_obv_clique-2.pdf to fig_less_obv_clique-2.pdf
INFO    : converting fig_less_obv_clique-2.pdf to fig_less_obv_clique-2.svg
INFO    : converting fig_perfect_binary_trees-2.tex to fig_perfect_binary_trees-2.pdf
INFO    : cropping fig_perfect_binary_trees-2.pdf to cropped-fig_perfect_binary_trees-2.pdf
INFO    : renaming cropped-fig_perfect_binary_trees-2.pdf to fig_perfect_binary_trees-2.pdf
INFO    : converting fig_perfect_binary_trees-2.pdf to fig_perfect_binary_trees-2.svg
INFO    : converting fig_elephant_4colored-2.tex to fig_elephant_4colored-2.pdf
INFO    : cropping fig_elephant_4colored-2.pdf to cropped-fig_elephant_4colored-2.pdf
INFO    : renaming cropped-fig_elephant_4colored-2.pdf to fig_elephant_4colored-2.pdf
INFO    : converting fig_elephant_4colored-2.pdf to fig_elephant_4colored-2.svg
INFO    : converting fig_nonism_order6-2.tex to fig_nonism_order6-2.pdf
INFO    : cropping fig_nonism_order6-2.pdf to cropped-fig_nonism_order6-2.pdf
INFO    : renaming cropped-fig_nonism_order6-2.pdf to fig_nonism_order6-2.pdf
INFO    : converting fig_nonism_order6-2.pdf to fig_nonism_order6-2.svg
INFO    : converting fig_twisted_disconnected-2.tex to fig_twisted_disconnected-2.pdf
INFO    : cropping fig_twisted_disconnected-2.pdf to cropped-fig_twisted_disconnected-2.pdf
INFO    : renaming cropped-fig_twisted_disconnected-2.pdf to fig_twisted_disconnected-2.pdf
INFO    : converting fig_twisted_disconnected-2.pdf to fig_twisted_disconnected-2.svg
INFO    : converting fig_less_obv_path-2.tex to fig_less_obv_path-2.pdf
INFO    : cropping fig_less_obv_path-2.pdf to cropped-fig_less_obv_path-2.pdf
INFO    : renaming cropped-fig_less_obv_path-2.pdf to fig_less_obv_path-2.pdf
INFO    : converting fig_less_obv_path-2.pdf to fig_less_obv_path-2.svg
INFO    : converting fig_graphical_answer-2.tex to fig_graphical_answer-2.pdf
INFO    : cropping fig_graphical_answer-2.pdf to cropped-fig_graphical_answer-2.pdf
INFO    : renaming cropped-fig_graphical_answer-2.pdf to fig_graphical_answer-2.pdf
INFO    : converting fig_graphical_answer-2.pdf to fig_graphical_answer-2.svg
INFO    : converting fig_less_obv_subgraph-2.tex to fig_less_obv_subgraph-2.pdf
INFO    : cropping fig_less_obv_subgraph-2.pdf to cropped-fig_less_obv_subgraph-2.pdf
INFO    : renaming cropped-fig_less_obv_subgraph-2.pdf to fig_less_obv_subgraph-2.pdf
INFO    : converting fig_less_obv_subgraph-2.pdf to fig_less_obv_subgraph-2.svg
INFO    : converting fig_classify_order3-2.tex to fig_classify_order3-2.pdf
INFO    : cropping fig_classify_order3-2.pdf to cropped-fig_classify_order3-2.pdf
INFO    : renaming cropped-fig_classify_order3-2.pdf to fig_classify_order3-2.pdf
INFO    : converting fig_classify_order3-2.pdf to fig_classify_order3-2.svg
INFO    : converting fig_notism_Ham8_bipartite-2.tex to fig_notism_Ham8_bipartite-2.pdf
INFO    : cropping fig_notism_Ham8_bipartite-2.pdf to cropped-fig_notism_Ham8_bipartite-2.pdf
INFO    : renaming cropped-fig_notism_Ham8_bipartite-2.pdf to fig_notism_Ham8_bipartite-2.pdf
INFO    : converting fig_notism_Ham8_bipartite-2.pdf to fig_notism_Ham8_bipartite-2.svg
INFO    : converting fig_mod5_clock-2.tex to fig_mod5_clock-2.pdf
INFO    : cropping fig_mod5_clock-2.pdf to cropped-fig_mod5_clock-2.pdf
INFO    : renaming cropped-fig_mod5_clock-2.pdf to fig_mod5_clock-2.pdf
INFO    : converting fig_mod5_clock-2.pdf to fig_mod5_clock-2.svg
INFO    : converting fig_wheel6_3colored-2.tex to fig_wheel6_3colored-2.pdf
INFO    : cropping fig_wheel6_3colored-2.pdf to cropped-fig_wheel6_3colored-2.pdf
INFO    : renaming cropped-fig_wheel6_3colored-2.pdf to fig_wheel6_3colored-2.pdf
INFO    : converting fig_wheel6_3colored-2.pdf to fig_wheel6_3colored-2.svg
INFO    : converting fig_suspended_cycles-2.tex to fig_suspended_cycles-2.pdf
INFO    : cropping fig_suspended_cycles-2.pdf to cropped-fig_suspended_cycles-2.pdf
INFO    : renaming cropped-fig_suspended_cycles-2.pdf to fig_suspended_cycles-2.pdf
INFO    : converting fig_suspended_cycles-2.pdf to fig_suspended_cycles-2.svg
INFO    : converting fig_bridges_graph-2.tex to fig_bridges_graph-2.pdf
INFO    : cropping fig_bridges_graph-2.pdf to cropped-fig_bridges_graph-2.pdf
INFO    : renaming cropped-fig_bridges_graph-2.pdf to fig_bridges_graph-2.pdf
INFO    : converting fig_bridges_graph-2.pdf to fig_bridges_graph-2.svg
INFO    : converting fig_ism_notK33-2.tex to fig_ism_notK33-2.pdf
INFO    : cropping fig_ism_notK33-2.pdf to cropped-fig_ism_notK33-2.pdf
INFO    : renaming cropped-fig_ism_notK33-2.pdf to fig_ism_notK33-2.pdf
INFO    : converting fig_ism_notK33-2.pdf to fig_ism_notK33-2.svg
INFO    : converting fig_classify_order4_size3-2.tex to fig_classify_order4_size3-2.pdf
INFO    : cropping fig_classify_order4_size3-2.pdf to cropped-fig_classify_order4_size3-2.pdf
INFO    : renaming cropped-fig_classify_order4_size3-2.pdf to fig_classify_order4_size3-2.pdf
INFO    : converting fig_classify_order4_size3-2.pdf to fig_classify_order4_size3-2.svg
INFO    : converting fig_H4b6_standard-2.tex to fig_H4b6_standard-2.pdf
INFO    : cropping fig_H4b6_standard-2.pdf to cropped-fig_H4b6_standard-2.pdf
INFO    : renaming cropped-fig_H4b6_standard-2.pdf to fig_H4b6_standard-2.pdf
INFO    : converting fig_H4b6_standard-2.pdf to fig_H4b6_standard-2.svg
INFO    : converting fig_complicated_graph-2.tex to fig_complicated_graph-2.pdf
INFO    : cropping fig_complicated_graph-2.pdf to cropped-fig_complicated_graph-2.pdf
INFO    : renaming cropped-fig_complicated_graph-2.pdf to fig_complicated_graph-2.pdf
INFO    : converting fig_complicated_graph-2.pdf to fig_complicated_graph-2.svg
INFO    : converting fig_K5-2.tex to fig_K5-2.pdf
INFO    : cropping fig_K5-2.pdf to cropped-fig_K5-2.pdf
INFO    : renaming cropped-fig_K5-2.pdf to fig_K5-2.pdf
INFO    : converting fig_K5-2.pdf to fig_K5-2.svg
INFO    : converting fig_notism_C4-2.tex to fig_notism_C4-2.pdf
INFO    : cropping fig_notism_C4-2.pdf to cropped-fig_notism_C4-2.pdf
INFO    : renaming cropped-fig_notism_C4-2.pdf to fig_notism_C4-2.pdf
INFO    : converting fig_notism_C4-2.pdf to fig_notism_C4-2.svg
INFO    : converting fig_C4_C5-2.tex to fig_C4_C5-2.pdf
INFO    : cropping fig_C4_C5-2.pdf to cropped-fig_C4_C5-2.pdf
INFO    : renaming cropped-fig_C4_C5-2.pdf to fig_C4_C5-2.pdf
INFO    : converting fig_C4_C5-2.pdf to fig_C4_C5-2.svg
INFO    : converting fig_three_comp_answer-2.tex to fig_three_comp_answer-2.pdf
INFO    : cropping fig_three_comp_answer-2.pdf to cropped-fig_three_comp_answer-2.pdf
INFO    : renaming cropped-fig_three_comp_answer-2.pdf to fig_three_comp_answer-2.pdf
INFO    : converting fig_three_comp_answer-2.pdf to fig_three_comp_answer-2.svg
INFO    : converting fig_ism_K4_minus_edge-2.tex to fig_ism_K4_minus_edge-2.pdf
INFO    : cropping fig_ism_K4_minus_edge-2.pdf to cropped-fig_ism_K4_minus_edge-2.pdf
INFO    : renaming cropped-fig_ism_K4_minus_edge-2.pdf to fig_ism_K4_minus_edge-2.pdf
INFO    : converting fig_ism_K4_minus_edge-2.pdf to fig_ism_K4_minus_edge-2.svg
INFO    : converting fig_W3-2.tex to fig_W3-2.pdf
INFO    : cropping fig_W3-2.pdf to cropped-fig_W3-2.pdf
INFO    : renaming cropped-fig_W3-2.pdf to fig_W3-2.pdf
INFO    : converting fig_W3-2.pdf to fig_W3-2.svg
INFO    : converting fig_schedule_alumni_colors-2.tex to fig_schedule_alumni_colors-2.pdf
INFO    : cropping fig_schedule_alumni_colors-2.pdf to cropped-fig_schedule_alumni_colors-2.pdf
INFO    : renaming cropped-fig_schedule_alumni_colors-2.pdf to fig_schedule_alumni_colors-2.pdf
INFO    : converting fig_schedule_alumni_colors-2.pdf to fig_schedule_alumni_colors-2.svg
INFO    : converting fig_robots-2.tex to fig_robots-2.pdf
INFO    : cropping fig_robots-2.pdf to cropped-fig_robots-2.pdf
INFO    : renaming cropped-fig_robots-2.pdf to fig_robots-2.pdf
INFO    : converting fig_robots-2.pdf to fig_robots-2.svg
INFO    : converting fig_C5_3colored-2.tex to fig_C5_3colored-2.pdf
INFO    : cropping fig_C5_3colored-2.pdf to cropped-fig_C5_3colored-2.pdf
INFO    : renaming cropped-fig_C5_3colored-2.pdf to fig_C5_3colored-2.pdf
INFO    : converting fig_C5_3colored-2.pdf to fig_C5_3colored-2.svg
INFO    : converting fig_ism_petersen-2.tex to fig_ism_petersen-2.pdf
INFO    : cropping fig_ism_petersen-2.pdf to cropped-fig_ism_petersen-2.pdf
INFO    : renaming cropped-fig_ism_petersen-2.pdf to fig_ism_petersen-2.pdf
INFO    : converting fig_ism_petersen-2.pdf to fig_ism_petersen-2.svg
INFO    : converting fig_elephant-2.tex to fig_elephant-2.pdf
INFO    : cropping fig_elephant-2.pdf to cropped-fig_elephant-2.pdf
INFO    : renaming cropped-fig_elephant-2.pdf to fig_elephant-2.pdf
INFO    : converting fig_elephant-2.pdf to fig_elephant-2.svg
INFO    : converting fig_word_graph_first-2.tex to fig_word_graph_first-2.pdf
INFO    : cropping fig_word_graph_first-2.pdf to cropped-fig_word_graph_first-2.pdf
INFO    : renaming cropped-fig_word_graph_first-2.pdf to fig_word_graph_first-2.pdf
INFO    : converting fig_word_graph_first-2.pdf to fig_word_graph_first-2.svg
INFO    : converting fig_ism_H4b7_comp-2.tex to fig_ism_H4b7_comp-2.pdf
INFO    : cropping fig_ism_H4b7_comp-2.pdf to cropped-fig_ism_H4b7_comp-2.pdf
INFO    : renaming cropped-fig_ism_H4b7_comp-2.pdf to fig_ism_H4b7_comp-2.pdf
INFO    : converting fig_ism_H4b7_comp-2.pdf to fig_ism_H4b7_comp-2.svg
INFO    : converting fig_ladder_cross_color-2.tex to fig_ladder_cross_color-2.pdf
INFO    : cropping fig_ladder_cross_color-2.pdf to cropped-fig_ladder_cross_color-2.pdf
INFO    : renaming cropped-fig_ladder_cross_color-2.pdf to fig_ladder_cross_color-2.pdf
INFO    : converting fig_ladder_cross_color-2.pdf to fig_ladder_cross_color-2.svg
INFO    : converting fig_3comp-2.tex to fig_3comp-2.pdf
INFO    : cropping fig_3comp-2.pdf to cropped-fig_3comp-2.pdf
INFO    : renaming cropped-fig_3comp-2.pdf to fig_3comp-2.pdf
INFO    : converting fig_3comp-2.pdf to fig_3comp-2.svg
INFO    : converting fig_K6b3-2.tex to fig_K6b3-2.pdf
INFO    : cropping fig_K6b3-2.pdf to cropped-fig_K6b3-2.pdf
INFO    : renaming cropped-fig_K6b3-2.pdf to fig_K6b3-2.pdf
INFO    : converting fig_K6b3-2.pdf to fig_K6b3-2.svg
INFO    : converting fig_regular8_answer-2.tex to fig_regular8_answer-2.pdf
INFO    : cropping fig_regular8_answer-2.pdf to cropped-fig_regular8_answer-2.pdf
INFO    : renaming cropped-fig_regular8_answer-2.pdf to fig_regular8_answer-2.pdf
INFO    : converting fig_regular8_answer-2.pdf to fig_regular8_answer-2.svg
INFO    : converting fig_classmates_graph-2.tex to fig_classmates_graph-2.pdf
INFO    : cropping fig_classmates_graph-2.pdf to cropped-fig_classmates_graph-2.pdf
INFO    : renaming cropped-fig_classmates_graph-2.pdf to fig_classmates_graph-2.pdf
INFO    : converting fig_classmates_graph-2.pdf to fig_classmates_graph-2.svg
INFO    : converting fig_nonism_H3b6-2.tex to fig_nonism_H3b6-2.pdf
INFO    : cropping fig_nonism_H3b6-2.pdf to cropped-fig_nonism_H3b6-2.pdf
INFO    : renaming cropped-fig_nonism_H3b6-2.pdf to fig_nonism_H3b6-2.pdf
INFO    : converting fig_nonism_H3b6-2.pdf to fig_nonism_H3b6-2.svg
INFO    : converting fig_tree_defn-2.tex to fig_tree_defn-2.pdf
INFO    : cropping fig_tree_defn-2.pdf to cropped-fig_tree_defn-2.pdf
INFO    : renaming cropped-fig_tree_defn-2.pdf to fig_tree_defn-2.pdf
INFO    : converting fig_tree_defn-2.pdf to fig_tree_defn-2.svg
INFO    : converting fig_ism_trees-2.tex to fig_ism_trees-2.pdf
INFO    : cropping fig_ism_trees-2.pdf to cropped-fig_ism_trees-2.pdf
INFO    : renaming cropped-fig_ism_trees-2.pdf to fig_ism_trees-2.pdf
INFO    : converting fig_ism_trees-2.pdf to fig_ism_trees-2.svg
INFO    : converting fig_K33_comp-2.tex to fig_K33_comp-2.pdf
INFO    : cropping fig_K33_comp-2.pdf to cropped-fig_K33_comp-2.pdf
INFO    : renaming cropped-fig_K33_comp-2.pdf to fig_K33_comp-2.pdf
INFO    : converting fig_K33_comp-2.pdf to fig_K33_comp-2.svg
INFO    : converting fig_notism_Ham8-2.tex to fig_notism_Ham8-2.pdf
INFO    : cropping fig_notism_Ham8-2.pdf to cropped-fig_notism_Ham8-2.pdf
INFO    : renaming cropped-fig_notism_Ham8-2.pdf to fig_notism_Ham8-2.pdf
INFO    : converting fig_notism_Ham8-2.pdf to fig_notism_Ham8-2.svg
INFO    : converting fig_classify_order4_size2_or_size4-2.tex to fig_classify_order4_size2_or_size4-2.pdf
INFO    : cropping fig_classify_order4_size2_or_size4-2.pdf to cropped-fig_classify_order4_size2_or_size4-2.pdf
INFO    : renaming cropped-fig_classify_order4_size2_or_size4-2.pdf to fig_classify_order4_size2_or_size4-2.pdf
INFO    : converting fig_classify_order4_size2_or_size4-2.pdf to fig_classify_order4_size2_or_size4-2.svg
INFO    : converting fig_wheel5_4colored-2.tex to fig_wheel5_4colored-2.pdf
INFO    : cropping fig_wheel5_4colored-2.pdf to cropped-fig_wheel5_4colored-2.pdf
INFO    : renaming cropped-fig_wheel5_4colored-2.pdf to fig_wheel5_4colored-2.pdf
INFO    : converting fig_wheel5_4colored-2.pdf to fig_wheel5_4colored-2.svg
INFO    : converting fig_less_obv_cycle-2.tex to fig_less_obv_cycle-2.pdf
INFO    : cropping fig_less_obv_cycle-2.pdf to cropped-fig_less_obv_cycle-2.pdf
INFO    : renaming cropped-fig_less_obv_cycle-2.pdf to fig_less_obv_cycle-2.pdf
INFO    : converting fig_less_obv_cycle-2.pdf to fig_less_obv_cycle-2.svg
INFO    : converting fig_my_first_adj_matrix-2.tex to fig_my_first_adj_matrix-2.pdf
INFO    : cropping fig_my_first_adj_matrix-2.pdf to cropped-fig_my_first_adj_matrix-2.pdf
INFO    : renaming cropped-fig_my_first_adj_matrix-2.pdf to fig_my_first_adj_matrix-2.pdf
INFO    : converting fig_my_first_adj_matrix-2.pdf to fig_my_first_adj_matrix-2.svg
INFO    : converting fig_Harary4b8-2.tex to fig_Harary4b8-2.pdf
INFO    : cropping fig_Harary4b8-2.pdf to cropped-fig_Harary4b8-2.pdf
INFO    : renaming cropped-fig_Harary4b8-2.pdf to fig_Harary4b8-2.pdf
INFO    : converting fig_Harary4b8-2.pdf to fig_Harary4b8-2.svg
INFO    : converting fig_ism_Ham5-2.tex to fig_ism_Ham5-2.pdf
INFO    : cropping fig_ism_Ham5-2.pdf to cropped-fig_ism_Ham5-2.pdf
INFO    : renaming cropped-fig_ism_Ham5-2.pdf to fig_ism_Ham5-2.pdf
INFO    : converting fig_ism_Ham5-2.pdf to fig_ism_Ham5-2.svg
INFO    : converting fig_nonism_trees_act-2.tex to fig_nonism_trees_act-2.pdf
INFO    : cropping fig_nonism_trees_act-2.pdf to cropped-fig_nonism_trees_act-2.pdf
INFO    : renaming cropped-fig_nonism_trees_act-2.pdf to fig_nonism_trees_act-2.pdf
INFO    : converting fig_nonism_trees_act-2.pdf to fig_nonism_trees_act-2.svg
INFO    : converting fig_L2x5-2.tex to fig_L2x5-2.pdf
INFO    : cropping fig_L2x5-2.pdf to cropped-fig_L2x5-2.pdf
INFO    : renaming cropped-fig_L2x5-2.pdf to fig_L2x5-2.pdf
INFO    : converting fig_L2x5-2.pdf to fig_L2x5-2.svg
INFO    : converting fig_subgraph_order6-2.tex to fig_subgraph_order6-2.pdf
INFO    : cropping fig_subgraph_order6-2.pdf to cropped-fig_subgraph_order6-2.pdf
INFO    : renaming cropped-fig_subgraph_order6-2.pdf to fig_subgraph_order6-2.pdf
INFO    : converting fig_subgraph_order6-2.pdf to fig_subgraph_order6-2.svg
INFO    : converting fig_K2b5_standard-2.tex to fig_K2b5_standard-2.pdf
INFO    : cropping fig_K2b5_standard-2.pdf to cropped-fig_K2b5_standard-2.pdf
INFO    : renaming cropped-fig_K2b5_standard-2.pdf to fig_K2b5_standard-2.pdf
INFO    : converting fig_K2b5_standard-2.pdf to fig_K2b5_standard-2.svg
INFO    : converting fig_C8_plus_edges-2.tex to fig_C8_plus_edges-2.pdf
INFO    : cropping fig_C8_plus_edges-2.pdf to cropped-fig_C8_plus_edges-2.pdf
INFO    : renaming cropped-fig_C8_plus_edges-2.pdf to fig_C8_plus_edges-2.pdf
INFO    : converting fig_C8_plus_edges-2.pdf to fig_C8_plus_edges-2.svg
INFO    : converting fig_ism_Ham6_comp-2.tex to fig_ism_Ham6_comp-2.pdf
INFO    : cropping fig_ism_Ham6_comp-2.pdf to cropped-fig_ism_Ham6_comp-2.pdf
INFO    : renaming cropped-fig_ism_Ham6_comp-2.pdf to fig_ism_Ham6_comp-2.pdf
INFO    : converting fig_ism_Ham6_comp-2.pdf to fig_ism_Ham6_comp-2.svg
INFO    : converting fig_L2x4-2.tex to fig_L2x4-2.pdf
INFO    : cropping fig_L2x4-2.pdf to cropped-fig_L2x4-2.pdf
INFO    : renaming cropped-fig_L2x4-2.pdf to fig_L2x4-2.pdf
INFO    : converting fig_L2x4-2.pdf to fig_L2x4-2.svg
INFO    : converting fig_elephant_nolabel-2.tex to fig_elephant_nolabel-2.pdf
INFO    : cropping fig_elephant_nolabel-2.pdf to cropped-fig_elephant_nolabel-2.pdf
INFO    : renaming cropped-fig_elephant_nolabel-2.pdf to fig_elephant_nolabel-2.pdf
INFO    : converting fig_elephant_nolabel-2.pdf to fig_elephant_nolabel-2.svg
INFO    : converting fig_stars_K1b4_K1b5-2.tex to fig_stars_K1b4_K1b5-2.pdf
INFO    : cropping fig_stars_K1b4_K1b5-2.pdf to cropped-fig_stars_K1b4_K1b5-2.pdf
INFO    : renaming cropped-fig_stars_K1b4_K1b5-2.pdf to fig_stars_K1b4_K1b5-2.pdf
INFO    : converting fig_stars_K1b4_K1b5-2.pdf to fig_stars_K1b4_K1b5-2.svg
INFO    : converting fig_graph_midwest-2.tex to fig_graph_midwest-2.pdf
INFO    : cropping fig_graph_midwest-2.pdf to cropped-fig_graph_midwest-2.pdf
INFO    : renaming cropped-fig_graph_midwest-2.pdf to fig_graph_midwest-2.pdf
INFO    : converting fig_graph_midwest-2.pdf to fig_graph_midwest-2.svg
INFO    : converting fig_G1G2G3-2.tex to fig_G1G2G3-2.pdf
INFO    : cropping fig_G1G2G3-2.pdf to cropped-fig_G1G2G3-2.pdf
INFO    : renaming cropped-fig_G1G2G3-2.pdf to fig_G1G2G3-2.pdf
INFO    : converting fig_G1G2G3-2.pdf to fig_G1G2G3-2.svg
INFO    : converting fig_K4b4-2.tex to fig_K4b4-2.pdf
INFO    : cropping fig_K4b4-2.pdf to cropped-fig_K4b4-2.pdf
INFO    : renaming cropped-fig_K4b4-2.pdf to fig_K4b4-2.pdf
INFO    : converting fig_K4b4-2.pdf to fig_K4b4-2.svg
INFO    : converting fig_bridges-2.tex to fig_bridges-2.pdf
ERROR   : LaTeX compilation of fig_bridges-2.tex failed.
Re-run, requesting "source" as the format, to analyze the image.
Likely creating the entire document as PDF will fail similarly.
The transcript of the LaTeX run follows.
WARNING : LaTeX compilation of fig_bridges-2.tex failed
INFO    : converting fig_graph_act_deg_comp-2.tex to fig_graph_act_deg_comp-2.pdf
INFO    : cropping fig_graph_act_deg_comp-2.pdf to cropped-fig_graph_act_deg_comp-2.pdf
INFO    : renaming cropped-fig_graph_act_deg_comp-2.pdf to fig_graph_act_deg_comp-2.pdf
INFO    : converting fig_graph_act_deg_comp-2.pdf to fig_graph_act_deg_comp-2.svg
INFO    : converting fig_4reg-2.tex to fig_4reg-2.pdf
INFO    : cropping fig_4reg-2.pdf to cropped-fig_4reg-2.pdf
INFO    : renaming cropped-fig_4reg-2.pdf to fig_4reg-2.pdf
INFO    : converting fig_4reg-2.pdf to fig_4reg-2.svg
INFO    : converting fig_graph_from_adjmat-2.tex to fig_graph_from_adjmat-2.pdf
INFO    : cropping fig_graph_from_adjmat-2.pdf to cropped-fig_graph_from_adjmat-2.pdf
INFO    : renaming cropped-fig_graph_from_adjmat-2.pdf to fig_graph_from_adjmat-2.pdf
INFO    : converting fig_graph_from_adjmat-2.pdf to fig_graph_from_adjmat-2.svg
INFO    : converting fig_ism_H3b6_K3b3-2.tex to fig_ism_H3b6_K3b3-2.pdf
INFO    : cropping fig_ism_H3b6_K3b3-2.pdf to cropped-fig_ism_H3b6_K3b3-2.pdf
INFO    : renaming cropped-fig_ism_H3b6_K3b3-2.pdf to fig_ism_H3b6_K3b3-2.pdf
INFO    : converting fig_ism_H3b6_K3b3-2.pdf to fig_ism_H3b6_K3b3-2.svg
INFO    : converting fig_graph_busy-2.tex to fig_graph_busy-2.pdf
INFO    : cropping fig_graph_busy-2.pdf to cropped-fig_graph_busy-2.pdf
INFO    : renaming cropped-fig_graph_busy-2.pdf to fig_graph_busy-2.pdf
INFO    : converting fig_graph_busy-2.pdf to fig_graph_busy-2.svg
INFO    : converting figure_factoring120-2.tex to figure_factoring120-2.pdf
ERROR   : LaTeX compilation of figure_factoring120-2.tex failed.
Re-run, requesting "source" as the format, to analyze the image.
Likely creating the entire document as PDF will fail similarly.
The transcript of the LaTeX run follows.
WARNING : LaTeX compilation of figure_factoring120-2.tex failed
INFO    : converting fig_nonism_order7-2.tex to fig_nonism_order7-2.pdf
INFO    : cropping fig_nonism_order7-2.pdf to cropped-fig_nonism_order7-2.pdf
INFO    : renaming cropped-fig_nonism_order7-2.pdf to fig_nonism_order7-2.pdf
INFO    : converting fig_nonism_order7-2.pdf to fig_nonism_order7-2.svg
INFO    : converting fig_ism_H4b7-2.tex to fig_ism_H4b7-2.pdf
INFO    : cropping fig_ism_H4b7-2.pdf to cropped-fig_ism_H4b7-2.pdf
INFO    : renaming cropped-fig_ism_H4b7-2.pdf to fig_ism_H4b7-2.pdf
INFO    : converting fig_ism_H4b7-2.pdf to fig_ism_H4b7-2.svg
INFO    : converting fig_K4_standard-2.tex to fig_K4_standard-2.pdf
INFO    : cropping fig_K4_standard-2.pdf to cropped-fig_K4_standard-2.pdf
INFO    : renaming cropped-fig_K4_standard-2.pdf to fig_K4_standard-2.pdf
INFO    : converting fig_K4_standard-2.pdf to fig_K4_standard-2.svg
INFO    : converting fig_failed_labeling-2.tex to fig_failed_labeling-2.pdf
INFO    : cropping fig_failed_labeling-2.pdf to cropped-fig_failed_labeling-2.pdf
INFO    : renaming cropped-fig_failed_labeling-2.pdf to fig_failed_labeling-2.pdf
INFO    : converting fig_failed_labeling-2.pdf to fig_failed_labeling-2.svg
INFO    : converting fig_nonism_graphs_act-2.tex to fig_nonism_graphs_act-2.pdf
INFO    : cropping fig_nonism_graphs_act-2.pdf to cropped-fig_nonism_graphs_act-2.pdf
INFO    : renaming cropped-fig_nonism_graphs_act-2.pdf to fig_nonism_graphs_act-2.pdf
INFO    : converting fig_nonism_graphs_act-2.pdf to fig_nonism_graphs_act-2.svg
INFO    : converting fig_grid_3x4-2.tex to fig_grid_3x4-2.pdf
INFO    : cropping fig_grid_3x4-2.pdf to cropped-fig_grid_3x4-2.pdf
INFO    : renaming cropped-fig_grid_3x4-2.pdf to fig_grid_3x4-2.pdf
INFO    : converting fig_grid_3x4-2.pdf to fig_grid_3x4-2.svg
INFO    : converting fig_8cycles-2.tex to fig_8cycles-2.pdf
INFO    : cropping fig_8cycles-2.pdf to cropped-fig_8cycles-2.pdf
INFO    : renaming cropped-fig_8cycles-2.pdf to fig_8cycles-2.pdf
INFO    : converting fig_8cycles-2.pdf to fig_8cycles-2.svg
INFO    : converting fig_P4_P5-2.tex to fig_P4_P5-2.pdf
INFO    : cropping fig_P4_P5-2.pdf to cropped-fig_P4_P5-2.pdf
INFO    : renaming cropped-fig_P4_P5-2.pdf to fig_P4_P5-2.pdf
INFO    : converting fig_P4_P5-2.pdf to fig_P4_P5-2.svg
INFO    : converting fig_ism_trees_easy-2.tex to fig_ism_trees_easy-2.pdf
INFO    : cropping fig_ism_trees_easy-2.pdf to cropped-fig_ism_trees_easy-2.pdf
INFO    : renaming cropped-fig_ism_trees_easy-2.pdf to fig_ism_trees_easy-2.pdf
INFO    : converting fig_ism_trees_easy-2.pdf to fig_ism_trees_easy-2.svg
INFO    : converting fig_G1G2_labeled-2.tex to fig_G1G2_labeled-2.pdf
INFO    : cropping fig_G1G2_labeled-2.pdf to cropped-fig_G1G2_labeled-2.pdf
INFO    : renaming cropped-fig_G1G2_labeled-2.pdf to fig_G1G2_labeled-2.pdf
INFO    : converting fig_G1G2_labeled-2.pdf to fig_G1G2_labeled-2.svg
INFO    : converting fig_graph_and_comp-2.tex to fig_graph_and_comp-2.pdf
INFO    : cropping fig_graph_and_comp-2.pdf to cropped-fig_graph_and_comp-2.pdf
INFO    : renaming cropped-fig_graph_and_comp-2.pdf to fig_graph_and_comp-2.pdf
INFO    : converting fig_graph_and_comp-2.pdf to fig_graph_and_comp-2.svg
INFO    : converting fig_K6_again-2.tex to fig_K6_again-2.pdf
INFO    : cropping fig_K6_again-2.pdf to cropped-fig_K6_again-2.pdf
INFO    : renaming cropped-fig_K6_again-2.pdf to fig_K6_again-2.pdf
INFO    : converting fig_K6_again-2.pdf to fig_K6_again-2.svg
INFO    : converting fig_mod12_clock-2.tex to fig_mod12_clock-2.pdf
INFO    : cropping fig_mod12_clock-2.pdf to cropped-fig_mod12_clock-2.pdf
INFO    : renaming cropped-fig_mod12_clock-2.pdf to fig_mod12_clock-2.pdf
INFO    : converting fig_mod12_clock-2.pdf to fig_mod12_clock-2.svg
INFO    : converting fig_complete_graphs_12345-2.tex to fig_complete_graphs_12345-2.pdf
INFO    : cropping fig_complete_graphs_12345-2.pdf to cropped-fig_complete_graphs_12345-2.pdf
INFO    : renaming cropped-fig_complete_graphs_12345-2.pdf to fig_complete_graphs_12345-2.pdf
INFO    : converting fig_complete_graphs_12345-2.pdf to fig_complete_graphs_12345-2.svg
INFO    : converting fig_twisted_cycle-2.tex to fig_twisted_cycle-2.pdf
INFO    : cropping fig_twisted_cycle-2.pdf to cropped-fig_twisted_cycle-2.pdf
INFO    : renaming cropped-fig_twisted_cycle-2.pdf to fig_twisted_cycle-2.pdf
INFO    : converting fig_twisted_cycle-2.pdf to fig_twisted_cycle-2.svg
INFO    : converting fig_nonism_complicated_Ham8-2.tex to fig_nonism_complicated_Ham8-2.pdf
INFO    : cropping fig_nonism_complicated_Ham8-2.pdf to cropped-fig_nonism_complicated_Ham8-2.pdf
INFO    : renaming cropped-fig_nonism_complicated_Ham8-2.pdf to fig_nonism_complicated_Ham8-2.pdf
INFO    : converting fig_nonism_complicated_Ham8-2.pdf to fig_nonism_complicated_Ham8-2.svg
INFO    : converting fig_ism_Ham6_comp_labeled-2.tex to fig_ism_Ham6_comp_labeled-2.pdf
INFO    : cropping fig_ism_Ham6_comp_labeled-2.pdf to cropped-fig_ism_Ham6_comp_labeled-2.pdf
INFO    : renaming cropped-fig_ism_Ham6_comp_labeled-2.pdf to fig_ism_Ham6_comp_labeled-2.pdf
INFO    : converting fig_ism_Ham6_comp_labeled-2.pdf to fig_ism_Ham6_comp_labeled-2.svg
INFO    : converting fig_act_ism_comp-2.tex to fig_act_ism_comp-2.pdf
INFO    : cropping fig_act_ism_comp-2.pdf to cropped-fig_act_ism_comp-2.pdf
INFO    : renaming cropped-fig_act_ism_comp-2.pdf to fig_act_ism_comp-2.pdf
INFO    : converting fig_act_ism_comp-2.pdf to fig_act_ism_comp-2.svg
INFO    : converting fig_ism_Ham6-2.tex to fig_ism_Ham6-2.pdf
INFO    : cropping fig_ism_Ham6-2.pdf to cropped-fig_ism_Ham6-2.pdf
INFO    : renaming cropped-fig_ism_Ham6-2.pdf to fig_ism_Ham6-2.pdf
INFO    : converting fig_ism_Ham6-2.pdf to fig_ism_Ham6-2.svg
INFO    : converting fig_nonism_Ham5-2.tex to fig_nonism_Ham5-2.pdf
INFO    : cropping fig_nonism_Ham5-2.pdf to cropped-fig_nonism_Ham5-2.pdf
INFO    : renaming cropped-fig_nonism_Ham5-2.pdf to fig_nonism_Ham5-2.pdf
INFO    : converting fig_nonism_Ham5-2.pdf to fig_nonism_Ham5-2.svg
INFO    : converting fig_nonism_order5-2.tex to fig_nonism_order5-2.pdf
INFO    : cropping fig_nonism_order5-2.pdf to cropped-fig_nonism_order5-2.pdf
INFO    : renaming cropped-fig_nonism_order5-2.pdf to fig_nonism_order5-2.pdf
INFO    : converting fig_nonism_order5-2.pdf to fig_nonism_order5-2.svg
INFO    : converting fig_subgraphs_trees-2.tex to fig_subgraphs_trees-2.pdf
INFO    : cropping fig_subgraphs_trees-2.pdf to cropped-fig_subgraphs_trees-2.pdf
INFO    : renaming cropped-fig_subgraphs_trees-2.pdf to fig_subgraphs_trees-2.pdf
INFO    : converting fig_subgraphs_trees-2.pdf to fig_subgraphs_trees-2.svg
INFO    : converting fig_W4W5-2.tex to fig_W4W5-2.pdf
INFO    : cropping fig_W4W5-2.pdf to cropped-fig_W4W5-2.pdf
INFO    : renaming cropped-fig_W4W5-2.pdf to fig_W4W5-2.pdf
INFO    : converting fig_W4W5-2.pdf to fig_W4W5-2.svg
INFO    : converting fig_graphical-2.tex to fig_graphical-2.pdf
INFO    : cropping fig_graphical-2.pdf to cropped-fig_graphical-2.pdf
INFO    : renaming cropped-fig_graphical-2.pdf to fig_graphical-2.pdf
INFO    : converting fig_graphical-2.pdf to fig_graphical-2.svg
INFO    : converting fig_schedule_alumni-2.tex to fig_schedule_alumni-2.pdf
INFO    : cropping fig_schedule_alumni-2.pdf to cropped-fig_schedule_alumni-2.pdf
INFO    : renaming cropped-fig_schedule_alumni-2.pdf to fig_schedule_alumni-2.pdf
INFO    : converting fig_schedule_alumni-2.pdf to fig_schedule_alumni-2.svg
ERROR   : Unable to generate some latex-image assets:
 LaTeX compilation failed for 2 "latex-image"(s).
Review the log for error messages, and LaTeX transcripts.
Images are:
  fig_bridges-2.tex
  figure_factoring120-2.tex
INFO    : Removing temporary directory /tmp/ptx-egv_jp91
INFO    : Finished generating assets.

INFO    : Preparing to build into /workspaces/activediscreteTEST0312826/Doree-main/source/build/web.
INFO    : discovering source file's directory name: /workspaces/activediscreteTEST0312826/Doree-main/source
INFO    : verifying and expanding input directory: /workspaces/activediscreteTEST0312826/Doree-main/source/../generated-assets
INFO    : input directory expanded to absolute path: /workspaces/activediscreteTEST0312826/Doree-main/generated-assets
INFO    : verifying and expanding input directory: /workspaces/activediscreteTEST0312826/Doree-main/source/../assets
INFO    : input directory expanded to absolute path: /workspaces/activediscreteTEST0312826/Doree-main/assets
INFO    : discovering source file's directory name: /workspaces/activediscreteTEST0312826/Doree-main/source
INFO    : XSL conversion of /workspaces/activediscreteTEST0312826/Doree-main/source/main.ptx by /home/codespace/.ptx/2.43.2/core/xsl/utilities/report-publisher-variables.xsl
INFO    : successful application of /home/codespace/.ptx/2.43.2/core/xsl/utilities/report-publisher-variables.xsl
INFO    : Downloading rs services file from https://runestone.academy/cdn/runestone/latest/webpack_static_imports.xml.
INFO    : Runestone Services via online CDN query: version 8.1.11
INFO    : Downloading Runestone Services, version 8.1.11
INFO    : Extracting Runestone Services from archive file
INFO    : Building custom css theme: theme-default-modern
INFO    : converting /workspaces/activediscreteTEST0312826/Doree-main/source/main.ptx to HTML in /tmp/ptx-ti_asuma
INFO    : XSL conversion of /workspaces/activediscreteTEST0312826/Doree-main/source/main.ptx by /home/codespace/.ptx/2.43.2/core/xsl/pretext-html.xsl
INFO    : messages from the log for XSL processing:
WARNING : * PTX:WARNING:    An <xref> wants to build text using a number to identify the target, but the target (which has @xml:id "exer_not_last_winning_position") does not have a number. You could try 'text="title"' or 'text="custom"' on the "xref".
INFO    : *              located at: pretext/book/chapter/section/subsection/subsubsection/title/xref
INFO    : *              located within: " Select Answers and Hints" (title)
WARNING : * PTX:WARNING:    An <xref> wants to build text using a number to identify the target, but the target (which has @xml:id "exer_not_last_conj") does not have a number. You could try 'text="title"' or 'text="custom"' on the "xref".
INFO    : *              located at: pretext/book/chapter/section/subsection/subsubsection/title/xref
INFO    : *              located within: " Select Answers and Hints" (title)
WARNING : * PTX:WARNING: There are apparent XML elements in locations that should be text only (1 times).
WARNING : * PTX:WARNING: There is an apparent XML element (<ndash>) inside an <c> element, which should only contain text.  Using an escaped "less than" ('&lt;') might be the solution, or using a CDATA section.
INFO    : *              located at: pretext/book/chapter/section/subsection/subsubsection/exercise/statement/p/c/ndash
INFO    : *              located within: "exer_bal_ternary_strings" (xml:id), "\exerE" (title)
INFO    : * PTX:INFO:   checking all deprecated elements.
WARNING : * PTX:DEPRECATE: (2024-10-08) elements previously included in a "titlepage" element inside the "frontmatter" (author, editor, credit, date, and event) should now be placed in "frontmatter/bibinfo".  To ensure a title page is created, put only the empty element "titlepage-items" inside "titlepage".  Until you move these elements, we will try to honor your intent. (1 time)
INFO    : *              located at: pretext/book/frontmatter/titlepage
INFO    : *              located within: "Active Discrete Mathematics: Patterns, Structures, and Proof" (title)
INFO    : * --------------
WARNING : * PTX:DEPRECATE: (2026-05-11) the "me" and "men" elements have been deprecated.  The replacement is an "md" with no "mrow" children, and numbering is controlled by the "@number" attribute, or a global setting in "docinfo". (199 times)
INFO    : *              located at: pretext/book/chapter/activity/p/ol/li/p/me
INFO    : *              located within: "act_handshakes" (xml:id), "Handshakes puzzle" (title)
INFO    : *              located at: pretext/book/chapter/example/solution/p/me
INFO    : *              located within: "exam_hs6" (xml:id), "Six students shake hands" (title)
INFO    : *              located at: pretext/book/chapter/example/solution/p/me
INFO    : *              located within: "exam_hs6" (xml:id), "Six students shake hands" (title)
INFO    : *              located at: pretext/book/chapter/example/solution/p/me
INFO    : *              located within: "exam_hs6" (xml:id), "Six students shake hands" (title)
INFO    : *              located at: pretext/book/chapter/p/me
INFO    : *              located within: "ch_prologue" (xml:id), "Prologue: Handshakes" (title)
INFO    : *              located at: pretext/book/chapter/section/subsection/example/statement/p/ol/li/p/solution/figure/me
INFO    : *              located within: "fig_sq_dom6_start1" (xml:id)
INFO    : *              located at: pretext/book/chapter/section/subsection/example/statement/p/ol/li/p/solution/figure/me
INFO    : *              located within: "fig_sq_dom6_start2" (xml:id)
INFO    : *              located at: pretext/book/chapter/section/subsection/example/statement/p/ol/li/p/solution/p/me
INFO    : *              located within: "exam_sq_dom8" (xml:id), "Counting squares and dominoes tilings of a 1 \times 8 board" (title)
INFO    : * --------------
ERROR   : * PTX:ERROR:   a cross-reference ("xref") uses references [exer_math_ind_sum_evens] that do not point to any target, or perhaps point to multiple targets.  Maybe you typed an @xml:id value wrong, maybe the target of the @xml:id is nonexistent, or maybe you temporarily removed the target from your source, or maybe an auxiliary file contains a duplicate.  Your output will contain some placeholder text that you will not want to distribute to your readers.
INFO    : *              located at: pretext/book/chapter/p/xref
INFO    : *              located within: "ch_prologue" (xml:id), "Prologue: Handshakes" (title)
ERROR   : * PTX:ERROR:   a cross-reference ("xref") uses references [exer_comb_pf_sum_hs] that do not point to any target, or perhaps point to multiple targets.  Maybe you typed an @xml:id value wrong, maybe the target of the @xml:id is nonexistent, or maybe you temporarily removed the target from your source, or maybe an auxiliary file contains a duplicate.  Your output will contain some placeholder text that you will not want to distribute to your readers.
INFO    : *              located at: pretext/book/chapter/p/xref
INFO    : *              located within: "ch_prologue" (xml:id), "Prologue: Handshakes" (title)
ERROR   : * PTX:ERROR:   a cross-reference ("xref") uses references [sec_sum_proofs] that do not point to any target, or perhaps point to multiple targets.  Maybe you typed an @xml:id value wrong, maybe the target of the @xml:id is nonexistent, or maybe you temporarily removed the target from your source, or maybe an auxiliary file contains a duplicate.  Your output will contain some placeholder text that you will not want to distribute to your readers.
INFO    : *              located at: pretext/book/chapter/p/xref
INFO    : *              located within: "ch_prologue" (xml:id), "Prologue: Handshakes" (title)
ERROR   : * PTX:ERROR:   a cross-reference ("xref") uses references [ch_logic_proof] that do not point to any target, or perhaps point to multiple targets.  Maybe you typed an @xml:id value wrong, maybe the target of the @xml:id is nonexistent, or maybe you temporarily removed the target from your source, or maybe an auxiliary file contains a duplicate.  Your output will contain some placeholder text that you will not want to distribute to your readers.
INFO    : *              located at: pretext/book/chapter/p/xref
INFO    : *              located within: "ch_prologue" (xml:id), "Prologue: Handshakes" (title)
ERROR   : * PTX:ERROR:   a cross-reference ("xref") uses references [ch_functions] that do not point to any target, or perhaps point to multiple targets.  Maybe you typed an @xml:id value wrong, maybe the target of the @xml:id is nonexistent, or maybe you temporarily removed the target from your source, or maybe an auxiliary file contains a duplicate.  Your output will contain some placeholder text that you will not want to distribute to your readers.
INFO    : *              located at: pretext/book/chapter/p/xref
INFO    : *              located within: "ch_prologue" (xml:id), "Prologue: Handshakes" (title)
ERROR   : * PTX:ERROR:   a cross-reference ("xref") uses references [ch_sets_rel] that do not point to any target, or perhaps point to multiple targets.  Maybe you typed an @xml:id value wrong, maybe the target of the @xml:id is nonexistent, or maybe you temporarily removed the target from your source, or maybe an auxiliary file contains a duplicate.  Your output will contain some placeholder text that you will not want to distribute to your readers.
INFO    : *              located at: pretext/book/chapter/p/xref
INFO    : *              located within: "ch_prologue" (xml:id), "Prologue: Handshakes" (title)
ERROR   : * PTX:ERROR:   a cross-reference ("xref") uses references [ch_recursion_induction] that do not point to any target, or perhaps point to multiple targets.  Maybe you typed an @xml:id value wrong, maybe the target of the @xml:id is nonexistent, or maybe you temporarily removed the target from your source, or maybe an auxiliary file contains a duplicate.  Your output will contain some placeholder text that you will not want to distribute to your readers.
INFO    : *              located at: pretext/book/chapter/p/xref
INFO    : *              located within: "ch_prologue" (xml:id), "Prologue: Handshakes" (title)
ERROR   : * PTX:ERROR:   a cross-reference ("xref") uses references [ch_sum_prod] that do not point to any target, or perhaps point to multiple targets.  Maybe you typed an @xml:id value wrong, maybe the target of the @xml:id is nonexistent, or maybe you temporarily removed the target from your source, or maybe an auxiliary file contains a duplicate.  Your output will contain some placeholder text that you will not want to distribute to your readers.
INFO    : *              located at: pretext/book/chapter/p/xref
INFO    : *              located within: "ch_prologue" (xml:id), "Prologue: Handshakes" (title)
ERROR   : * PTX:ERROR:   a cross-reference ("xref") uses references [ch_recursion_induction] that do not point to any target, or perhaps point to multiple targets.  Maybe you typed an @xml:id value wrong, maybe the target of the @xml:id is nonexistent, or maybe you temporarily removed the target from your source, or maybe an auxiliary file contains a duplicate.  Your output will contain some placeholder text that you will not want to distribute to your readers.
INFO    : *              located at: pretext/book/chapter/section/subsection/p/xref
INFO    : *              located within: "sub_squares_dominoes" (xml:id), "\subsqdom" (title)
ERROR   : * PTX:ERROR:   a cross-reference ("xref") uses references [sec_explicitly_defined_sequences] that do not point to any target, or perhaps point to multiple targets.  Maybe you typed an @xml:id value wrong, maybe the target of the @xml:id is nonexistent, or maybe you temporarily removed the target from your source, or maybe an auxiliary file contains a duplicate.  Your output will contain some placeholder text that you will not want to distribute to your readers.
INFO    : *              located at: pretext/book/chapter/section/subsection/example/statement/p/ol/li/p/solution/p/xref
INFO    : *              located within: "exam_sq_dom8" (xml:id), "Counting squares and dominoes tilings of a 1 \times 8 board" (title)
ERROR   : * PTX:ERROR:   a cross-reference ("xref") uses references [sec_fibonacci_higher] that do not point to any target, or perhaps point to multiple targets.  Maybe you typed an @xml:id value wrong, maybe the target of the @xml:id is nonexistent, or maybe you temporarily removed the target from your source, or maybe an auxiliary file contains a duplicate.  Your output will contain some placeholder text that you will not want to distribute to your readers.
INFO    : *              located at: pretext/book/chapter/section/subsection/p/xref
INFO    : *              located within: "sub_squares_dominoes" (xml:id), "\subsqdom" (title)
ERROR   : * PTX:ERROR:   a cross-reference ("xref") uses references [sec_logic_connectives] that do not point to any target, or perhaps point to multiple targets.  Maybe you typed an @xml:id value wrong, maybe the target of the @xml:id is nonexistent, or maybe you temporarily removed the target from your source, or maybe an auxiliary file contains a duplicate.  Your output will contain some placeholder text that you will not want to distribute to your readers.
INFO    : *              located at: pretext/book/chapter/section/subsection/subsubsection/exercise/statement/p/fn/xref
INFO    : *              located within: "exer_big_island" (xml:id), "\exerU" (title)
ERROR   : * PTX:ERROR:   a cross-reference ("xref") uses references [sec_converse_cp] that do not point to any target, or perhaps point to multiple targets.  Maybe you typed an @xml:id value wrong, maybe the target of the @xml:id is nonexistent, or maybe you temporarily removed the target from your source, or maybe an auxiliary file contains a duplicate.  Your output will contain some placeholder text that you will not want to distribute to your readers.
INFO    : *              located at: pretext/book/chapter/section/subsection/remark/p/fn/xref
INFO    : *              located within: "rem_show_not_ism" (xml:id), "Using graph invariants to prove that two graphs are not isomorphic" (title)
ERROR   : * PTX:ERROR:   a cross-reference ("xref") uses references [act_fractions] that do not point to any target, or perhaps point to multiple targets.  Maybe you typed an @xml:id value wrong, maybe the target of the @xml:id is nonexistent, or maybe you temporarily removed the target from your source, or maybe an auxiliary file contains a duplicate.  Your output will contain some placeholder text that you will not want to distribute to your readers.
INFO    : *              located at: pretext/book/chapter/section/subsection/p/xref
INFO    : *              located within: "sub_fractions" (xml:id), "\subfractions" (title)
ERROR   : * PTX:ERROR:   a cross-reference ("xref") uses references [sec_logic_connectives] that do not point to any target, or perhaps point to multiple targets.  Maybe you typed an @xml:id value wrong, maybe the target of the @xml:id is nonexistent, or maybe you temporarily removed the target from your source, or maybe an auxiliary file contains a duplicate.  Your output will contain some placeholder text that you will not want to distribute to your readers.
INFO    : *              located at: pretext/book/chapter/section/subsection/subsubsection/exercise/statement/p/xref
INFO    : *              located within: "exer_proof_cases_square_mod4" (xml:id), "\exerE" (title)
ERROR   : * PTX:ERROR:   a cross-reference ("xref") uses references [sec_logic_connectives] that do not point to any target, or perhaps point to multiple targets.  Maybe you typed an @xml:id value wrong, maybe the target of the @xml:id is nonexistent, or maybe you temporarily removed the target from your source, or maybe an auxiliary file contains a duplicate.  Your output will contain some placeholder text that you will not want to distribute to your readers.
INFO    : *              located at: pretext/book/chapter/section/subsection/subsubsection/exercise/statement/p/xref
INFO    : *              located within: "exer_proof_cases_square_mod3" (xml:id), "\exerE" (title)
WARNING : * PTX:WARNING:    An <xref> wants to build text using a number to identify the target, but the target (which has @xml:id "exer_not_last_winning_position") does not have a number. You could try 'text="title"' or 'text="custom"' on the "xref".
INFO    : *              located at: pretext/book/chapter/section/subsection/subsubsection/title/xref
INFO    : *              located within: " Select Answers and Hints" (title)
WARNING : * PTX:WARNING:    An <xref> wants to build text using a number to identify the target, but the target (which has @xml:id "exer_not_last_winning_position") does not have a number. You could try 'text="title"' or 'text="custom"' on the "xref".
INFO    : *              located at: pretext/book/chapter/section/subsection/subsubsection/title/xref
INFO    : *              located within: " Select Answers and Hints" (title)
WARNING : * PTX:WARNING:    An <xref> wants to build text using a number to identify the target, but the target (which has @xml:id "exer_not_last_winning_position") does not have a number. You could try 'text="title"' or 'text="custom"' on the "xref".
INFO    : *              located at: pretext/book/chapter/section/subsection/subsubsection/title/xref
INFO    : *              located within: " Select Answers and Hints" (title)
WARNING : * PTX:WARNING:    An <xref> wants to build text using a number to identify the target, but the target (which has @xml:id "exer_not_last_conj") does not have a number. You could try 'text="title"' or 'text="custom"' on the "xref".
INFO    : *              located at: pretext/book/chapter/section/subsection/subsubsection/title/xref
INFO    : *              located within: " Select Answers and Hints" (title)
WARNING : * PTX:WARNING:    An <xref> wants to build text using a number to identify the target, but the target (which has @xml:id "exer_not_last_conj") does not have a number. You could try 'text="title"' or 'text="custom"' on the "xref".
INFO    : *              located at: pretext/book/chapter/section/subsection/subsubsection/title/xref
INFO    : *              located within: " Select Answers and Hints" (title)
WARNING : * PTX:WARNING:    An <xref> wants to build text using a number to identify the target, but the target (which has @xml:id "exer_not_last_conj") does not have a number. You could try 'text="title"' or 'text="custom"' on the "xref".
INFO    : *              located at: pretext/book/chapter/section/subsection/subsubsection/title/xref
INFO    : *              located within: " Select Answers and Hints" (title)
ERROR   : * PTX:ERROR:   a cross-reference ("xref") uses references [exer_proof_EAthm_recursion] that do not point to any target, or perhaps point to multiple targets.  Maybe you typed an @xml:id value wrong, maybe the target of the @xml:id is nonexistent, or maybe you temporarily removed the target from your source, or maybe an auxiliary file contains a duplicate.  Your output will contain some placeholder text that you will not want to distribute to your readers.
INFO    : *              located at: pretext/book/chapter/section/subsection/p/xref
INFO    : *              located within: "sub_euclidean_alg" (xml:id), "\subea" (title)
ERROR   : * PTX:ERROR:   a cross-reference ("xref") uses references [sec_explicitly_defined_sequences] that do not point to any target, or perhaps point to multiple targets.  Maybe you typed an @xml:id value wrong, maybe the target of the @xml:id is nonexistent, or maybe you temporarily removed the target from your source, or maybe an auxiliary file contains a duplicate.  Your output will contain some placeholder text that you will not want to distribute to your readers.
INFO    : *              located at: pretext/book/chapter/section/subsection/example/statement/p/ol/li/p/solution/p/xref
INFO    : *              located within: "exam_sq_dom8" (xml:id), "Counting squares and dominoes tilings of a 1 \times 8 board" (title)
ERROR   : * PTX:ERROR:   a cross-reference ("xref") uses references [sec_logic_connectives] that do not point to any target, or perhaps point to multiple targets.  Maybe you typed an @xml:id value wrong, maybe the target of the @xml:id is nonexistent, or maybe you temporarily removed the target from your source, or maybe an auxiliary file contains a duplicate.  Your output will contain some placeholder text that you will not want to distribute to your readers.
INFO    : *              located at: pretext/book/chapter/section/subsection/subsubsection/exercise/statement/p/xref
INFO    : *              located within: "exer_proof_cases_square_mod4" (xml:id), "\exerE" (title)
ERROR   : * PTX:ERROR:   a cross-reference ("xref") uses references [sec_logic_connectives] that do not point to any target, or perhaps point to multiple targets.  Maybe you typed an @xml:id value wrong, maybe the target of the @xml:id is nonexistent, or maybe you temporarily removed the target from your source, or maybe an auxiliary file contains a duplicate.  Your output will contain some placeholder text that you will not want to distribute to your readers.
INFO    : *              located at: pretext/book/chapter/section/subsection/subsubsection/exercise/statement/p/xref
INFO    : *              located within: "exer_proof_cases_square_mod3" (xml:id), "\exerE" (title)
INFO    : successful application of /home/codespace/.ptx/2.43.2/core/xsl/pretext-html.xsl
INFO    : Removing temporary directory /tmp/ptx-ti_asuma
INFO    : Removing temporary directory /tmp/ptx-wf__bibz
INFO    : 
Finished build for target web. Run `pretext view web` to see the results.

CRITICAL: There were errors during the build.  See above.
INFO    : ------------------------
CRITICAL: Failed to build without errors.  Exiting...
INFO    : 
----------------------------------------------------
INFO    : While running pretext, the following errors occurred:

INFO    : (see log messages above or in the 'logs' folder for more information)
INFO    : ----------------------------------------------------
