WARNING : Could not find a target 'pdf', but found a target 'print' with format='pdf'; using this target.
INFO    : Building target print
INFO    : XSL conversion of /workspaces/activediscreteTEST0312826/Doree-main/source/main.ptx by /home/codespace/.ptx/2.43.1/core/xsl/utilities/pretext-enhanced-source.xsl
INFO    : successful application of /home/codespace/.ptx/2.43.1/core/xsl/utilities/pretext-enhanced-source.xsl
WARNING : Schema validation could not be completed: no validator was available (jing is not installed and lxml could not compile the schema). Continuing with build.
INFO    : Generating any needed assets.
INFO    : Finished generating assets.

INFO    : Preparing to build into /workspaces/activediscreteTEST0312826/Doree-main/source/build/print.
INFO    : discovering source file's directory name: /workspaces/activediscreteTEST0312826/Doree-main/source
INFO    : verifying and expanding input directory: /workspaces/activediscreteTEST0312826/Doree-main/source/../generated-assets
INFO    : input directory expanded to absolute path: /workspaces/activediscreteTEST0312826/Doree-main/generated-assets
INFO    : verifying and expanding input directory: /workspaces/activediscreteTEST0312826/Doree-main/source/../assets
INFO    : input directory expanded to absolute path: /workspaces/activediscreteTEST0312826/Doree-main/assets
INFO    : discovering source file's directory name: /workspaces/activediscreteTEST0312826/Doree-main/source
INFO    : XSL conversion of /workspaces/activediscreteTEST0312826/Doree-main/source/main.ptx by /home/codespace/.ptx/2.43.1/core/xsl/utilities/report-publisher-variables.xsl
INFO    : successful application of /home/codespace/.ptx/2.43.1/core/xsl/utilities/report-publisher-variables.xsl
INFO    : converting /workspaces/activediscreteTEST0312826/Doree-main/source/main.ptx to LaTeX as /tmp/ptx-z4kim1n5/main.tex
INFO    : XSL conversion of /workspaces/activediscreteTEST0312826/Doree-main/source/main.ptx by /home/codespace/.ptx/2.43.1/core/xsl/pretext-latex.xsl
INFO    : messages from the log for XSL processing:
WARNING : * PTX:WARNING: There are apparent XML elements in locations that should be text only (1 times).
WARNING : * PTX:WARNING: There is an apparent XML element (<ndash>) inside an <c> element, which should only contain text.  Using an escaped "less than" ('&lt;') might be the solution, or using a CDATA section.
INFO    : *              located at: pretext/book/chapter/section/subsection/subsubsection/exercise/statement/p/c/ndash
INFO    : *              located within: "exer_bal_ternary_strings" (xml:id), "\exerE" (title)
INFO    : * PTX:INFO:   checking all deprecated elements.
WARNING : * PTX:DEPRECATE: (2024-10-08) elements previously included in a "titlepage" element inside the "frontmatter" (author, editor, credit, date, and event) should now be placed in "frontmatter/bibinfo".  To ensure a title page is created, put only the empty element "titlepage-items" inside "titlepage".  Until you move these elements, we will try to honor your intent. (1 time)
INFO    : *              located at: pretext/book/frontmatter/titlepage
INFO    : *              located within: "Active Discrete Mathematics: Patterns, Structures, and Proof" (title)
INFO    : * --------------
WARNING : * PTX:DEPRECATE: (2026-05-11) the "me" and "men" elements have been deprecated.  The replacement is an "md" with no "mrow" children, and numbering is controlled by the "@number" attribute, or a global setting in "docinfo". (86 times)
INFO    : *              located at: pretext/book/chapter/activity/p/ol/li/p/me
INFO    : *              located within: "act_handshakes" (xml:id), "Handshakes puzzle" (title)
INFO    : *              located at: pretext/book/chapter/example/solution/p/me
INFO    : *              located within: "exam_hs6" (xml:id), "Six students shake hands" (title)
INFO    : *              located at: pretext/book/chapter/example/solution/p/me
INFO    : *              located within: "exam_hs6" (xml:id), "Six students shake hands" (title)
INFO    : *              located at: pretext/book/chapter/example/solution/p/me
INFO    : *              located within: "exam_hs6" (xml:id), "Six students shake hands" (title)
INFO    : *              located at: pretext/book/chapter/p/me
INFO    : *              located within: "ch_prologue" (xml:id), "Prologue: Handshakes" (title)
INFO    : *              located at: pretext/book/chapter/section/subsection/example/statement/p/ol/li/p/solution/figure/me
INFO    : *              located within: "fig_sq_dom6_start1" (xml:id)
INFO    : *              located at: pretext/book/chapter/section/subsection/example/statement/p/ol/li/p/solution/figure/me
INFO    : *              located within: "fig_sq_dom6_start2" (xml:id)
INFO    : *              located at: pretext/book/chapter/section/subsection/example/statement/p/ol/li/p/solution/p/me
INFO    : *              located within: "exam_sq_dom8" (xml:id), "Counting squares and dominoes tilings of a 1 \times 8 board" (title)
INFO    : * --------------
ERROR   : * PTX:ERROR:   a cross-reference ("xref") uses references [ch_graph_theory] that do not point to any target, or perhaps point to multiple targets.  Maybe you typed an @xml:id value wrong, maybe the target of the @xml:id is nonexistent, or maybe you temporarily removed the target from your source, or maybe an auxiliary file contains a duplicate.  Your output will contain some placeholder text that you will not want to distribute to your readers.
INFO    : *              located at: pretext/book/chapter/example/solution/p/xref
INFO    : *              located within: "exam_hs6" (xml:id), "Six students shake hands" (title)
ERROR   : * PTX:ERROR:   a cross-reference ("xref") uses references [exer_math_ind_sum_evens] that do not point to any target, or perhaps point to multiple targets.  Maybe you typed an @xml:id value wrong, maybe the target of the @xml:id is nonexistent, or maybe you temporarily removed the target from your source, or maybe an auxiliary file contains a duplicate.  Your output will contain some placeholder text that you will not want to distribute to your readers.
INFO    : *              located at: pretext/book/chapter/p/xref
INFO    : *              located within: "ch_prologue" (xml:id), "Prologue: Handshakes" (title)
ERROR   : * PTX:ERROR:   a cross-reference ("xref") uses references [exer_comb_pf_sum_hs] that do not point to any target, or perhaps point to multiple targets.  Maybe you typed an @xml:id value wrong, maybe the target of the @xml:id is nonexistent, or maybe you temporarily removed the target from your source, or maybe an auxiliary file contains a duplicate.  Your output will contain some placeholder text that you will not want to distribute to your readers.
INFO    : *              located at: pretext/book/chapter/p/xref
INFO    : *              located within: "ch_prologue" (xml:id), "Prologue: Handshakes" (title)
ERROR   : * PTX:ERROR:   a cross-reference ("xref") uses references [sec_sum_proofs] that do not point to any target, or perhaps point to multiple targets.  Maybe you typed an @xml:id value wrong, maybe the target of the @xml:id is nonexistent, or maybe you temporarily removed the target from your source, or maybe an auxiliary file contains a duplicate.  Your output will contain some placeholder text that you will not want to distribute to your readers.
INFO    : *              located at: pretext/book/chapter/p/xref
INFO    : *              located within: "ch_prologue" (xml:id), "Prologue: Handshakes" (title)
ERROR   : * PTX:ERROR:   a cross-reference ("xref") uses references [ch_graph_theory] that do not point to any target, or perhaps point to multiple targets.  Maybe you typed an @xml:id value wrong, maybe the target of the @xml:id is nonexistent, or maybe you temporarily removed the target from your source, or maybe an auxiliary file contains a duplicate.  Your output will contain some placeholder text that you will not want to distribute to your readers.
INFO    : *              located at: pretext/book/chapter/p/xref
INFO    : *              located within: "ch_prologue" (xml:id), "Prologue: Handshakes" (title)
ERROR   : * PTX:ERROR:   a cross-reference ("xref") uses references [ch_number_theory] that do not point to any target, or perhaps point to multiple targets.  Maybe you typed an @xml:id value wrong, maybe the target of the @xml:id is nonexistent, or maybe you temporarily removed the target from your source, or maybe an auxiliary file contains a duplicate.  Your output will contain some placeholder text that you will not want to distribute to your readers.
INFO    : *              located at: pretext/book/chapter/p/xref
INFO    : *              located within: "ch_prologue" (xml:id), "Prologue: Handshakes" (title)
ERROR   : * PTX:ERROR:   a cross-reference ("xref") uses references [ch_logic_proof] that do not point to any target, or perhaps point to multiple targets.  Maybe you typed an @xml:id value wrong, maybe the target of the @xml:id is nonexistent, or maybe you temporarily removed the target from your source, or maybe an auxiliary file contains a duplicate.  Your output will contain some placeholder text that you will not want to distribute to your readers.
INFO    : *              located at: pretext/book/chapter/p/xref
INFO    : *              located within: "ch_prologue" (xml:id), "Prologue: Handshakes" (title)
ERROR   : * PTX:ERROR:   a cross-reference ("xref") uses references [ch_functions] that do not point to any target, or perhaps point to multiple targets.  Maybe you typed an @xml:id value wrong, maybe the target of the @xml:id is nonexistent, or maybe you temporarily removed the target from your source, or maybe an auxiliary file contains a duplicate.  Your output will contain some placeholder text that you will not want to distribute to your readers.
INFO    : *              located at: pretext/book/chapter/p/xref
INFO    : *              located within: "ch_prologue" (xml:id), "Prologue: Handshakes" (title)
ERROR   : * PTX:ERROR:   a cross-reference ("xref") uses references [ch_sets_rel] that do not point to any target, or perhaps point to multiple targets.  Maybe you typed an @xml:id value wrong, maybe the target of the @xml:id is nonexistent, or maybe you temporarily removed the target from your source, or maybe an auxiliary file contains a duplicate.  Your output will contain some placeholder text that you will not want to distribute to your readers.
INFO    : *              located at: pretext/book/chapter/p/xref
INFO    : *              located within: "ch_prologue" (xml:id), "Prologue: Handshakes" (title)
ERROR   : * PTX:ERROR:   a cross-reference ("xref") uses references [ch_recursion_induction] that do not point to any target, or perhaps point to multiple targets.  Maybe you typed an @xml:id value wrong, maybe the target of the @xml:id is nonexistent, or maybe you temporarily removed the target from your source, or maybe an auxiliary file contains a duplicate.  Your output will contain some placeholder text that you will not want to distribute to your readers.
INFO    : *              located at: pretext/book/chapter/p/xref
INFO    : *              located within: "ch_prologue" (xml:id), "Prologue: Handshakes" (title)
ERROR   : * PTX:ERROR:   a cross-reference ("xref") uses references [ch_sum_prod] that do not point to any target, or perhaps point to multiple targets.  Maybe you typed an @xml:id value wrong, maybe the target of the @xml:id is nonexistent, or maybe you temporarily removed the target from your source, or maybe an auxiliary file contains a duplicate.  Your output will contain some placeholder text that you will not want to distribute to your readers.
INFO    : *              located at: pretext/book/chapter/p/xref
INFO    : *              located within: "ch_prologue" (xml:id), "Prologue: Handshakes" (title)
ERROR   : * PTX:BUG:     Exercise component mis-labeled
ERROR   : * PTX:BUG:     Exercise component mis-labeled
ERROR   : * PTX:ERROR:   a cross-reference ("xref") uses references [ch_recursion_induction] that do not point to any target, or perhaps point to multiple targets.  Maybe you typed an @xml:id value wrong, maybe the target of the @xml:id is nonexistent, or maybe you temporarily removed the target from your source, or maybe an auxiliary file contains a duplicate.  Your output will contain some placeholder text that you will not want to distribute to your readers.
INFO    : *              located at: pretext/book/chapter/section/subsection/p/xref
INFO    : *              located within: "sub_squares_dominoes" (xml:id), "/subsqdom" (title)
ERROR   : * PTX:BUG:     Exercise component mis-labeled
ERROR   : * PTX:BUG:     Exercise component mis-labeled
ERROR   : * PTX:ERROR:   a cross-reference ("xref") uses references [sec_explicitly_defined_sequences] that do not point to any target, or perhaps point to multiple targets.  Maybe you typed an @xml:id value wrong, maybe the target of the @xml:id is nonexistent, or maybe you temporarily removed the target from your source, or maybe an auxiliary file contains a duplicate.  Your output will contain some placeholder text that you will not want to distribute to your readers.
INFO    : *              located at: pretext/book/chapter/section/subsection/example/statement/p/ol/li/p/solution/p/xref
INFO    : *              located within: "exam_sq_dom8" (xml:id), "Counting squares and dominoes tilings of a 1 \times 8 board" (title)
ERROR   : * PTX:ERROR:   a cross-reference ("xref") uses references [sec_fibonacci_higher] that do not point to any target, or perhaps point to multiple targets.  Maybe you typed an @xml:id value wrong, maybe the target of the @xml:id is nonexistent, or maybe you temporarily removed the target from your source, or maybe an auxiliary file contains a duplicate.  Your output will contain some placeholder text that you will not want to distribute to your readers.
INFO    : *              located at: pretext/book/chapter/section/subsection/p/xref
INFO    : *              located within: "sub_squares_dominoes" (xml:id), "/subsqdom" (title)
ERROR   : * PTX:BUG:     Exercise component mis-labeled
ERROR   : * PTX:BUG:     Exercise component mis-labeled
ERROR   : * PTX:BUG:     Exercise component mis-labeled
ERROR   : * PTX:BUG:     Exercise component mis-labeled
ERROR   : * PTX:BUG:     Exercise component mis-labeled
ERROR   : * PTX:BUG:     Exercise component mis-labeled
ERROR   : * PTX:BUG:     Exercise component mis-labeled
ERROR   : * PTX:BUG:     Exercise component mis-labeled
ERROR   : * PTX:BUG:     Exercise component mis-labeled
ERROR   : * PTX:BUG:     Exercise component mis-labeled
ERROR   : * PTX:BUG:     Exercise component mis-labeled
ERROR   : * PTX:BUG:     Exercise component mis-labeled
ERROR   : * PTX:BUG:     Exercise component mis-labeled
ERROR   : * PTX:BUG:     Exercise component mis-labeled
ERROR   : * PTX:BUG:     Exercise component mis-labeled
ERROR   : * PTX:BUG:     Exercise component mis-labeled
ERROR   : * PTX:BUG:     Exercise component mis-labeled
ERROR   : * PTX:BUG:     Exercise component mis-labeled
ERROR   : * PTX:BUG:     Exercise component mis-labeled
ERROR   : * PTX:BUG:     Exercise component mis-labeled
ERROR   : * PTX:BUG:     Exercise component mis-labeled
ERROR   : * PTX:BUG:     Exercise component mis-labeled
ERROR   : * PTX:BUG:     Exercise component mis-labeled
ERROR   : * PTX:BUG:     Exercise component mis-labeled
ERROR   : * PTX:BUG:     Exercise component mis-labeled
ERROR   : * PTX:BUG:     Exercise component mis-labeled
ERROR   : * PTX:BUG:     Exercise component mis-labeled
ERROR   : * PTX:BUG:     Exercise component mis-labeled
ERROR   : * PTX:BUG:     Exercise component mis-labeled
ERROR   : * PTX:BUG:     Exercise component mis-labeled
ERROR   : * PTX:BUG:     Exercise component mis-labeled
INFO    : successful application of /home/codespace/.ptx/2.43.1/core/xsl/pretext-latex.xsl
INFO    : XSL conversion of /workspaces/activediscreteTEST0312826/Doree-main/source/main.ptx by /home/codespace/.ptx/2.43.1/core/xsl/utilities/report-publisher-variables.xsl
INFO    : successful application of /home/codespace/.ptx/2.43.1/core/xsl/utilities/report-publisher-variables.xsl
CRITICAL: [Errno 2] No such file or directory: 'main.pdf'
INFO    : ------------------------
CRITICAL: Failed to build without errors.  Exiting...
INFO    : 
----------------------------------------------------
INFO    : While running pretext, the following errors occurred:

INFO    : (see log messages above or in the 'logs' folder for more information)
INFO    : ----------------------------------------------------
