WARNING : Using CLI version 2.43.2 but project's `requirements.txt`
WARNING : is configured to use 2.43.1. Consider either installing
WARNING : CLI version 2.43.1 or running `pretext update-project`
WARNING : to update `requirements.txt` and other managed files to match 2.43.2.
INFO    : Building target web
INFO    : XSL conversion of /workspaces/activediscreteTEST0312826/Doree-main/source/main.ptx by /home/codespace/.ptx/2.43.2/core/xsl/utilities/pretext-enhanced-source.xsl
INFO    : successful application of /home/codespace/.ptx/2.43.2/core/xsl/utilities/pretext-enhanced-source.xsl
WARNING : Schema validation could not be completed: no validator was available (jing is not installed and lxml could not compile the schema). Continuing with build.
INFO    : Generating any needed assets.
WARNING : Now generating latex images
INFO    : converting latex-image pictures from /workspaces/activediscreteTEST0312826/Doree-main/source/main.ptx to svg graphics for placement in /workspaces/activediscreteTEST0312826/Doree-main/generated-assets/latex-image
INFO    : extracting latex-image pictures from /workspaces/activediscreteTEST0312826/Doree-main/source/main.ptx
INFO    : string parameters passed to extraction stylesheet: {'cli.version': '2.43', 'publisher': '/workspaces/activediscreteTEST0312826/Doree-main/source/publication.xml'}
INFO    : discovering source file's directory name: /workspaces/activediscreteTEST0312826/Doree-main/source
INFO    : verifying and expanding input directory: /workspaces/activediscreteTEST0312826/Doree-main/source/../generated-assets
INFO    : input directory expanded to absolute path: /workspaces/activediscreteTEST0312826/Doree-main/generated-assets
INFO    : verifying and expanding input directory: /workspaces/activediscreteTEST0312826/Doree-main/source/../assets
INFO    : input directory expanded to absolute path: /workspaces/activediscreteTEST0312826/Doree-main/assets
INFO    : discovering source file's directory name: /workspaces/activediscreteTEST0312826/Doree-main/source
INFO    : XSL conversion of /workspaces/activediscreteTEST0312826/Doree-main/source/main.ptx by /home/codespace/.ptx/2.43.2/core/xsl/extract-latex-image.xsl
INFO    : successful application of /home/codespace/.ptx/2.43.2/core/xsl/extract-latex-image.xsl
INFO    : converting fig_four_real_fns-2.tex to fig_four_real_fns-2.pdf
ERROR   : LaTeX compilation of fig_four_real_fns-2.tex failed.
Re-run, requesting "source" as the format, to analyze the image.
Likely creating the entire document as PDF will fail similarly.
The transcript of the LaTeX run follows.
WARNING : LaTeX compilation of fig_four_real_fns-2.tex failed
INFO    : converting figure_factoring120-2.tex to figure_factoring120-2.pdf
ERROR   : LaTeX compilation of figure_factoring120-2.tex failed.
Re-run, requesting "source" as the format, to analyze the image.
Likely creating the entire document as PDF will fail similarly.
The transcript of the LaTeX run follows.
WARNING : LaTeX compilation of figure_factoring120-2.tex failed
ERROR   : Unable to generate some latex-image assets:
 LaTeX compilation failed for 2 "latex-image"(s).
Review the log for error messages, and LaTeX transcripts.
Images are:
  fig_four_real_fns-2.tex
  figure_factoring120-2.tex
INFO    : Removing temporary directory /tmp/ptx-navo3eay
INFO    : Finished generating assets.

INFO    : Building with custom xsl /workspaces/activediscreteTEST0312826/Doree-main/source/xsl/custom-html.xsl
INFO    : Preparing to build into /workspaces/activediscreteTEST0312826/Doree-main/source/build/web.
INFO    : discovering source file's directory name: /workspaces/activediscreteTEST0312826/Doree-main/source
INFO    : verifying and expanding input directory: /workspaces/activediscreteTEST0312826/Doree-main/source/../generated-assets
INFO    : input directory expanded to absolute path: /workspaces/activediscreteTEST0312826/Doree-main/generated-assets
INFO    : verifying and expanding input directory: /workspaces/activediscreteTEST0312826/Doree-main/source/../assets
INFO    : input directory expanded to absolute path: /workspaces/activediscreteTEST0312826/Doree-main/assets
INFO    : discovering source file's directory name: /workspaces/activediscreteTEST0312826/Doree-main/source
INFO    : XSL conversion of /workspaces/activediscreteTEST0312826/Doree-main/source/main.ptx by /home/codespace/.ptx/2.43.2/core/xsl/utilities/report-publisher-variables.xsl
INFO    : successful application of /home/codespace/.ptx/2.43.2/core/xsl/utilities/report-publisher-variables.xsl
INFO    : Downloading rs services file from https://runestone.academy/cdn/runestone/latest/webpack_static_imports.xml.
INFO    : Runestone Services via online CDN query: version 8.1.16
INFO    : Downloading Runestone Services, version 8.1.16
INFO    : Extracting Runestone Services from archive file
INFO    : Building custom css theme: theme-default-modern
INFO    : converting /workspaces/activediscreteTEST0312826/Doree-main/source/main.ptx to HTML in /tmp/ptx-vizl8ryp
INFO    : XSL conversion of /workspaces/activediscreteTEST0312826/Doree-main/source/main.ptx by /tmp/ptxcli_5m674ypr/cli_xsl/custom-html.xsl
INFO    : messages from the log for XSL processing:
WARNING : * PTX:WARNING: In a section containing subsections, any content that is not inside a subsection needs to be inside an <introduction> and/or  <conclusion>.
INFO    : *              located at: pretext/book/chapter/section
INFO    : *              located within: "sec_handshakes" (xml:id), "Handshakes" (title)
INFO    : * PTX:INFO:   checking all deprecated elements.
WARNING : * PTX:DEPRECATE: (2024-10-08) elements previously included in a "titlepage" element inside the "frontmatter" (author, editor, credit, date, and event) should now be placed in "frontmatter/bibinfo".  To ensure a title page is created, put only the empty element "titlepage-items" inside "titlepage".  Until you move these elements, we will try to honor your intent. (1 time)
INFO    : *              located at: pretext/book/frontmatter/titlepage
INFO    : *              located within: "Active Discrete Mathematics: Patterns, Structures, and Proof" (title)
INFO    : * --------------
WARNING : * PTX:DEPRECATE: (2026-05-11) the "me" and "men" elements have been deprecated.  The replacement is an "md" with no "mrow" children, and numbering is controlled by the "@number" attribute, or a global setting in "docinfo". (761 times)
INFO    : *              located at: pretext/book/chapter/section/subsection/activity/p/ol/li/p/me
INFO    : *              located within: "act_handshakes" (xml:id), "Handshakes puzzle" (title)
INFO    : *              located at: pretext/book/chapter/section/subsection/example/solution/p/me
INFO    : *              located within: "exam_hs6" (xml:id), "Six students shake hands" (title)
INFO    : *              located at: pretext/book/chapter/section/subsection/example/solution/p/me
INFO    : *              located within: "exam_hs6" (xml:id), "Six students shake hands" (title)
INFO    : *              located at: pretext/book/chapter/section/subsection/example/solution/p/me
INFO    : *              located within: "exam_hs6" (xml:id), "Six students shake hands" (title)
INFO    : *              located at: pretext/book/chapter/section/subsection/p/me
INFO    : *              located within: "Counting Handshakes" (title)
INFO    : *              located at: pretext/book/chapter/section/subsection/definition/statement/p/ol/li/p/me
INFO    : *              located within: "part_defn_graph" (xml:id)
INFO    : *              located at: pretext/book/chapter/section/subsection/definition/statement/p/ol/li/p/me
INFO    : *              located within: "defn_degree" (xml:id), "Degree of vertex" (title)
INFO    : *              located at: pretext/book/chapter/section/subsection/example/solution/p/me
INFO    : *              located within: "exam_deg_comp" (xml:id), "Degree of a vertex in the complement" (title)
INFO    : * --------------
ERROR   : * PTX:ERROR:   a cross-reference ("xref") uses references [ch_counting] that do not point to any target, or perhaps point to multiple targets.  Maybe you typed an @xml:id value wrong, maybe the target of the @xml:id is nonexistent, or maybe you temporarily removed the target from your source, or maybe an auxiliary file contains a duplicate.  Your output will contain some placeholder text that you will not want to distribute to your readers.
INFO    : *              located at: pretext/book/chapter/section/subsection/p/xref
INFO    : *              located within: "What is Discrete Mathematics?" (title)
ERROR   : * PTX:ERROR:   a cross-reference ("xref") uses references [act_squares_dominoes] that do not point to any target, or perhaps point to multiple targets.  Maybe you typed an @xml:id value wrong, maybe the target of the @xml:id is nonexistent, or maybe you temporarily removed the target from your source, or maybe an auxiliary file contains a duplicate.  Your output will contain some placeholder text that you will not want to distribute to your readers.
INFO    : *              located at: pretext/book/chapter/section/subsection/p/xref
INFO    : *              located within: "What is Discrete Mathematics?" (title)
ERROR   : * PTX:ERROR:   a cross-reference ("xref") uses references [sec_listing] that do not point to any target, or perhaps point to multiple targets.  Maybe you typed an @xml:id value wrong, maybe the target of the @xml:id is nonexistent, or maybe you temporarily removed the target from your source, or maybe an auxiliary file contains a duplicate.  Your output will contain some placeholder text that you will not want to distribute to your readers.
INFO    : *              located at: pretext/book/chapter/section/subsection/p/xref
INFO    : *              located within: "What is Discrete Mathematics?" (title)
ERROR   : * PTX:ERROR:   a cross-reference ("xref") uses references [sec_bit_strings] that do not point to any target, or perhaps point to multiple targets.  Maybe you typed an @xml:id value wrong, maybe the target of the @xml:id is nonexistent, or maybe you temporarily removed the target from your source, or maybe an auxiliary file contains a duplicate.  Your output will contain some placeholder text that you will not want to distribute to your readers.
INFO    : *              located at: pretext/book/chapter/section/subsection/activity/p/fn/xref
INFO    : *              located within: "act_cube_graph" (xml:id), "Cube graph" (title)
ERROR   : * PTX:ERROR:   a cross-reference ("xref") uses references [exer_hamming_distance] that do not point to any target, or perhaps point to multiple targets.  Maybe you typed an @xml:id value wrong, maybe the target of the @xml:id is nonexistent, or maybe you temporarily removed the target from your source, or maybe an auxiliary file contains a duplicate.  Your output will contain some placeholder text that you will not want to distribute to your readers.
INFO    : *              located at: pretext/book/chapter/section/subsection/activity/p/fn/xref
INFO    : *              located within: "act_cube_graph" (xml:id), "Cube graph" (title)
ERROR   : * PTX:ERROR:   a cross-reference ("xref") uses references [defn_subsets] that do not point to any target, or perhaps point to multiple targets.  Maybe you typed an @xml:id value wrong, maybe the target of the @xml:id is nonexistent, or maybe you temporarily removed the target from your source, or maybe an auxiliary file contains a duplicate.  Your output will contain some placeholder text that you will not want to distribute to your readers.
INFO    : *              located at: pretext/book/chapter/section/subsection/subsubsection/exercise/statement/p/xref
INFO    : *              located within: "exer_intersection_graphs" (xml:id), "Explore" (title)
ERROR   : * PTX:ERROR:   a cross-reference ("xref") uses references [sec_listing] that do not point to any target, or perhaps point to multiple targets.  Maybe you typed an @xml:id value wrong, maybe the target of the @xml:id is nonexistent, or maybe you temporarily removed the target from your source, or maybe an auxiliary file contains a duplicate.  Your output will contain some placeholder text that you will not want to distribute to your readers.
INFO    : *              located at: pretext/book/chapter/section/subsection/p/xref
INFO    : *              located within: "sub_subgraph_tree" (xml:id), "Subgraphs and Trees" (title)
ERROR   : * PTX:ERROR:   a cross-reference ("xref") uses references [defn_factorial] that do not point to any target, or perhaps point to multiple targets.  Maybe you typed an @xml:id value wrong, maybe the target of the @xml:id is nonexistent, or maybe you temporarily removed the target from your source, or maybe an auxiliary file contains a duplicate.  Your output will contain some placeholder text that you will not want to distribute to your readers.
INFO    : *              located at: pretext/book/chapter/section/subsection/activity/p/ol/li/p/xref
INFO    : *              located within: "act_equiv_fractions" (xml:id), "Equivalent fractions" (title)
ERROR   : * PTX:ERROR:   a cross-reference ("xref") uses references [defn_exp_notation] that do not point to any target, or perhaps point to multiple targets.  Maybe you typed an @xml:id value wrong, maybe the target of the @xml:id is nonexistent, or maybe you temporarily removed the target from your source, or maybe an auxiliary file contains a duplicate.  Your output will contain some placeholder text that you will not want to distribute to your readers.
INFO    : *              located at: pretext/book/chapter/section/subsection/activity/p/ol/li/p/xref
INFO    : *              located within: "act_equiv_fractions" (xml:id), "Equivalent fractions" (title)
ERROR   : * PTX:ERROR:   a cross-reference ("xref") uses references [thm_steps_multiply] that do not point to any target, or perhaps point to multiple targets.  Maybe you typed an @xml:id value wrong, maybe the target of the @xml:id is nonexistent, or maybe you temporarily removed the target from your source, or maybe an auxiliary file contains a duplicate.  Your output will contain some placeholder text that you will not want to distribute to your readers.
INFO    : *              located at: pretext/book/chapter/section/subsection/example/statement/p/ol/li/p/solution/p/xref
INFO    : *              located within: "part_3string_letters" (xml:id)
ERROR   : * PTX:ERROR:   a cross-reference ("xref") uses references [defn_factorial] that do not point to any target, or perhaps point to multiple targets.  Maybe you typed an @xml:id value wrong, maybe the target of the @xml:id is nonexistent, or maybe you temporarily removed the target from your source, or maybe an auxiliary file contains a duplicate.  Your output will contain some placeholder text that you will not want to distribute to your readers.
INFO    : *              located at: pretext/book/chapter/section/subsection/subsubsection/exercise/statement/p/xref
INFO    : *              located within: "exer_divisors_of_factorials" (xml:id), "Understand" (title)
ERROR   : * PTX:ERROR:   a cross-reference ("xref") uses references [defn_factorial] that do not point to any target, or perhaps point to multiple targets.  Maybe you typed an @xml:id value wrong, maybe the target of the @xml:id is nonexistent, or maybe you temporarily removed the target from your source, or maybe an auxiliary file contains a duplicate.  Your output will contain some placeholder text that you will not want to distribute to your readers.
INFO    : *              located at: pretext/book/chapter/section/subsection/subsubsection/exercise/statement/p/ol/li/p/xref
INFO    : *              located within: "exer_reduce_fraction_factorials" (xml:id), "Understand" (title)
ERROR   : * PTX:ERROR:   a cross-reference ("xref") uses references [defn_exp_notation] that do not point to any target, or perhaps point to multiple targets.  Maybe you typed an @xml:id value wrong, maybe the target of the @xml:id is nonexistent, or maybe you temporarily removed the target from your source, or maybe an auxiliary file contains a duplicate.  Your output will contain some placeholder text that you will not want to distribute to your readers.
INFO    : *              located at: pretext/book/chapter/section/subsection/subsubsection/exercise/statement/p/ol/li/p/xref
INFO    : *              located within: "exer_reduce_fractions_powers" (xml:id), "Explore" (title)
ERROR   : * PTX:ERROR:   a cross-reference ("xref") uses references [defn_integer_algebra_order_operations] that do not point to any target, or perhaps point to multiple targets.  Maybe you typed an @xml:id value wrong, maybe the target of the @xml:id is nonexistent, or maybe you temporarily removed the target from your source, or maybe an auxiliary file contains a duplicate.  Your output will contain some placeholder text that you will not want to distribute to your readers.
INFO    : *              located at: pretext/book/chapter/section/subsection/p/xref
INFO    : *              located within: "sub_polys" (xml:id), "Algebra: Polynomials" (title)
ERROR   : * PTX:ERROR:   a cross-reference ("xref") uses references [sec_counting_steps_cases] that do not point to any target, or perhaps point to multiple targets.  Maybe you typed an @xml:id value wrong, maybe the target of the @xml:id is nonexistent, or maybe you temporarily removed the target from your source, or maybe an auxiliary file contains a duplicate.  Your output will contain some placeholder text that you will not want to distribute to your readers.
INFO    : *              located at: pretext/book/chapter/section/subsection/p/xref
INFO    : *              located within: "sub_pff_cases" (xml:id), "Proof Format: Proof by Cases" (title)
ERROR   : * PTX:ERROR:   a cross-reference ("xref") uses references [defn_integer_algebra_order_operations] that do not point to any target, or perhaps point to multiple targets.  Maybe you typed an @xml:id value wrong, maybe the target of the @xml:id is nonexistent, or maybe you temporarily removed the target from your source, or maybe an auxiliary file contains a duplicate.  Your output will contain some placeholder text that you will not want to distribute to your readers.
INFO    : *              located at: pretext/book/chapter/section/subsection/definition/statement/p/ol/li/p/xref
INFO    : *              located within: "defn_integers_modn" (xml:id), "The integers mod n" (title)
ERROR   : * PTX:ERROR:   a cross-reference ("xref") uses references [thm_simplify_exp] that do not point to any target, or perhaps point to multiple targets.  Maybe you typed an @xml:id value wrong, maybe the target of the @xml:id is nonexistent, or maybe you temporarily removed the target from your source, or maybe an auxiliary file contains a duplicate.  Your output will contain some placeholder text that you will not want to distribute to your readers.
INFO    : *              located at: pretext/book/chapter/section/subsection/example/statement/p/ol/li/p/solution/p/xref
INFO    : *              located within: "exam_prime_fact" (xml:id), "Prime factorization" (title)
ERROR   : * PTX:ERROR:   a cross-reference ("xref") uses references [thm_steps_multiply] that do not point to any target, or perhaps point to multiple targets.  Maybe you typed an @xml:id value wrong, maybe the target of the @xml:id is nonexistent, or maybe you temporarily removed the target from your source, or maybe an auxiliary file contains a duplicate.  Your output will contain some placeholder text that you will not want to distribute to your readers.
INFO    : *              located at: pretext/book/chapter/section/subsection/example/statement/p/ol/li/p/solution/p/xref
INFO    : *              located within: "exam_count_div_from_prime_fact" (xml:id), "Counting divisors from the prime factorization" (title)
ERROR   : * PTX:ERROR:   a cross-reference ("xref") uses references [thm_steps_multiply] that do not point to any target, or perhaps point to multiple targets.  Maybe you typed an @xml:id value wrong, maybe the target of the @xml:id is nonexistent, or maybe you temporarily removed the target from your source, or maybe an auxiliary file contains a duplicate.  Your output will contain some placeholder text that you will not want to distribute to your readers.
INFO    : *              located at: pretext/book/chapter/section/subsection/example/statement/p/ol/li/p/solution/p/xref
INFO    : *              located within: "exam_count_div_from_prime_fact" (xml:id), "Counting divisors from the prime factorization" (title)
ERROR   : * PTX:ERROR:   a cross-reference ("xref") uses references [thm_steps_multiply] that do not point to any target, or perhaps point to multiple targets.  Maybe you typed an @xml:id value wrong, maybe the target of the @xml:id is nonexistent, or maybe you temporarily removed the target from your source, or maybe an auxiliary file contains a duplicate.  Your output will contain some placeholder text that you will not want to distribute to your readers.
INFO    : *              located at: pretext/book/chapter/section/subsection/example/statement/p/ol/li/p/solution/p/xref
INFO    : *              located within: "exam_count_div_from_prime_fact" (xml:id), "Counting divisors from the prime factorization" (title)
ERROR   : * PTX:ERROR:   a cross-reference ("xref") uses references [act_squares_dominoes] that do not point to any target, or perhaps point to multiple targets.  Maybe you typed an @xml:id value wrong, maybe the target of the @xml:id is nonexistent, or maybe you temporarily removed the target from your source, or maybe an auxiliary file contains a duplicate.  Your output will contain some placeholder text that you will not want to distribute to your readers.
INFO    : *              located at: pretext/book/chapter/section/subsection/subsubsection/exercise/statement/p/xref
INFO    : *              located within: "exer_ea_fib" (xml:id), "Understand" (title)
WARNING : * PTX:WARNING: Unstructured content within a list item is being ignored ("In this textbook we abbreviate true as")
INFO    : *              located at: pretext/book/chapter/section/subsection/definition/statement/p/ol/li
INFO    : *              located within: "defn_and_or_xor" (xml:id), "And, or, and xor" (title)
WARNING : * PTX:WARNING: Unstructured content within a list item is being ignored ("and false as")
INFO    : *              located at: pretext/book/chapter/section/subsection/definition/statement/p/ol/li
INFO    : *              located within: "defn_and_or_xor" (xml:id), "And, or, and xor" (title)
WARNING : * PTX:WARNING: Unstructured content within a list item is being ignored (". Some computer science textbooks use")
INFO    : *              located at: pretext/book/chapter/section/subsection/definition/statement/p/ol/li
INFO    : *              located within: "defn_and_or_xor" (xml:id), "And, or, and xor" (title)
WARNING : * PTX:WARNING: Unstructured content within a list item is being ignored ("for true and")
INFO    : *              located at: pretext/book/chapter/section/subsection/definition/statement/p/ol/li
INFO    : *              located within: "defn_and_or_xor" (xml:id), "And, or, and xor" (title)
WARNING : * PTX:WARNING: Unstructured content within a list item is being ignored ("for false instead.")
INFO    : *              located at: pretext/book/chapter/section/subsection/definition/statement/p/ol/li
INFO    : *              located within: "defn_and_or_xor" (xml:id), "And, or, and xor" (title)
WARNING : * PTX:WARNING: Unstructured content within a list item is being ignored ("Check that the set of three cards shown in")
INFO    : *              located at: pretext/book/chapter/section/subsection/activity/ol/li
INFO    : *              located within: "act_set_game" (xml:id), "The game SET\texttrademark" (title)
WARNING : * PTX:WARNING: Unstructured content within a list item is being ignored ("is a SET.")
INFO    : *              located at: pretext/book/chapter/section/subsection/activity/ol/li
INFO    : *              located within: "act_set_game" (xml:id), "The game SET\texttrademark" (title)
ERROR   : * PTX:ERROR:   a cross-reference ("xref") uses references [defn_integer_algebra_order_operations] that do not point to any target, or perhaps point to multiple targets.  Maybe you typed an @xml:id value wrong, maybe the target of the @xml:id is nonexistent, or maybe you temporarily removed the target from your source, or maybe an auxiliary file contains a duplicate.  Your output will contain some placeholder text that you will not want to distribute to your readers.
INFO    : *              located at: pretext/book/chapter/section/subsection/p/xref
INFO    : *              located within: "sub_logical_equiv" (xml:id), "Logical Equivalence" (title)
ERROR   : * PTX:ERROR:   a cross-reference ("xref") uses references [defn_integers] that do not point to any target, or perhaps point to multiple targets.  Maybe you typed an @xml:id value wrong, maybe the target of the @xml:id is nonexistent, or maybe you temporarily removed the target from your source, or maybe an auxiliary file contains a duplicate.  Your output will contain some placeholder text that you will not want to distribute to your readers.
INFO    : *              located at: pretext/book/chapter/section/subsection/p/xref
INFO    : *              located within: "sub_infinite_sets_numbers" (xml:id), "Infinite sets of numbers" (title)
ERROR   : * PTX:ERROR:   a cross-reference ("xref") uses references [defn_factorial] that do not point to any target, or perhaps point to multiple targets.  Maybe you typed an @xml:id value wrong, maybe the target of the @xml:id is nonexistent, or maybe you temporarily removed the target from your source, or maybe an auxiliary file contains a duplicate.  Your output will contain some placeholder text that you will not want to distribute to your readers.
INFO    : *              located at: pretext/book/chapter/section/subsection/subsubsection/exercise/statement/p/xref
INFO    : *              located within: "exer_alt_factorial" (xml:id), "Understand" (title)
ERROR   : * PTX:ERROR:   a cross-reference ("xref") uses references [defn_binomial_coeff] that do not point to any target, or perhaps point to multiple targets.  Maybe you typed an @xml:id value wrong, maybe the target of the @xml:id is nonexistent, or maybe you temporarily removed the target from your source, or maybe an auxiliary file contains a duplicate.  Your output will contain some placeholder text that you will not want to distribute to your readers.
INFO    : *              located at: pretext/book/chapter/section/subsection/subsubsection/exercise/statement/p/xref
INFO    : *              located within: "exer_fn_nchoose3" (xml:id), "Understand" (title)
ERROR   : * PTX:ERROR:   a cross-reference ("xref") uses references [defn_integer_algebra_order_operations] that do not point to any target, or perhaps point to multiple targets.  Maybe you typed an @xml:id value wrong, maybe the target of the @xml:id is nonexistent, or maybe you temporarily removed the target from your source, or maybe an auxiliary file contains a duplicate.  Your output will contain some placeholder text that you will not want to distribute to your readers.
INFO    : *              located at: pretext/book/chapter/section/subsection/subsubsection/exercise/statement/p/xref
INFO    : *              located within: "exer_absolute_value" (xml:id), "Practice" (title)
ERROR   : * PTX:ERROR:   a cross-reference ("xref") uses references [thm_steps_multiply] that do not point to any target, or perhaps point to multiple targets.  Maybe you typed an @xml:id value wrong, maybe the target of the @xml:id is nonexistent, or maybe you temporarily removed the target from your source, or maybe an auxiliary file contains a duplicate.  Your output will contain some placeholder text that you will not want to distribute to your readers.
INFO    : *              located at: pretext/book/chapter/section/subsection/subsubsection/exercise/statement/p/xref
INFO    : *              located within: "exer_count_functions_finite" (xml:id), "Explore" (title)
ERROR   : * PTX:ERROR:   a cross-reference ("xref") uses references [defn_integer_algebra_order_operations] that do not point to any target, or perhaps point to multiple targets.  Maybe you typed an @xml:id value wrong, maybe the target of the @xml:id is nonexistent, or maybe you temporarily removed the target from your source, or maybe an auxiliary file contains a duplicate.  Your output will contain some placeholder text that you will not want to distribute to your readers.
INFO    : *              located at: pretext/book/chapter/section/subsection/p/xref
INFO    : *              located within: "sub_floor_ceiling" (xml:id), "Floor and Ceiling" (title)
ERROR   : * PTX:ERROR:   a cross-reference ("xref") uses references [defn_bit_string] that do not point to any target, or perhaps point to multiple targets.  Maybe you typed an @xml:id value wrong, maybe the target of the @xml:id is nonexistent, or maybe you temporarily removed the target from your source, or maybe an auxiliary file contains a duplicate.  Your output will contain some placeholder text that you will not want to distribute to your readers.
INFO    : *              located at: pretext/book/chapter/section/subsection/p/xref
INFO    : *              located within: "sub_bit_string_functions" (xml:id), "Functions Involving Bit Strings" (title)
ERROR   : * PTX:ERROR:   a cross-reference ("xref") uses references [thm_steps_multiply] that do not point to any target, or perhaps point to multiple targets.  Maybe you typed an @xml:id value wrong, maybe the target of the @xml:id is nonexistent, or maybe you temporarily removed the target from your source, or maybe an auxiliary file contains a duplicate.  Your output will contain some placeholder text that you will not want to distribute to your readers.
INFO    : *              located at: pretext/book/chapter/section/subsection/example/solution/p/xref
INFO    : *              located within: "exam_count_pairings_self" (xml:id), "Counting the number of pairings between a set and itself" (title)
ERROR   : * PTX:ERROR:   a cross-reference ("xref") uses references [act_squares_dominoes] that do not point to any target, or perhaps point to multiple targets.  Maybe you typed an @xml:id value wrong, maybe the target of the @xml:id is nonexistent, or maybe you temporarily removed the target from your source, or maybe an auxiliary file contains a duplicate.  Your output will contain some placeholder text that you will not want to distribute to your readers.
INFO    : *              located at: pretext/book/chapter/section/subsection/subsubsection/exercise/statement/p/ol/li/p/xref
INFO    : *              located within: "exer_pairing_discrete_objects" (xml:id), "Understand" (title)
ERROR   : * PTX:ERROR:   a cross-reference ("xref") uses references [sec_listing] that do not point to any target, or perhaps point to multiple targets.  Maybe you typed an @xml:id value wrong, maybe the target of the @xml:id is nonexistent, or maybe you temporarily removed the target from your source, or maybe an auxiliary file contains a duplicate.  Your output will contain some placeholder text that you will not want to distribute to your readers.
INFO    : *              located at: pretext/book/chapter/section/subsection/p/xref
INFO    : *              located within: "sub_elements" (xml:id), "Elements of a Set" (title)
ERROR   : * PTX:ERROR:   a cross-reference ("xref") uses references [thm_number_bit_strings] that do not point to any target, or perhaps point to multiple targets.  Maybe you typed an @xml:id value wrong, maybe the target of the @xml:id is nonexistent, or maybe you temporarily removed the target from your source, or maybe an auxiliary file contains a duplicate.  Your output will contain some placeholder text that you will not want to distribute to your readers.
INFO    : *              located at: pretext/book/chapter/section/subsection/example/statement/p/ol/li/p/solution/p/xref
INFO    : *              located within: "exam_set_bs_length3" (xml:id), "The set of bit strings of length three" (title)
ERROR   : * PTX:ERROR:   a cross-reference ("xref") uses references [defn_bit_string] that do not point to any target, or perhaps point to multiple targets.  Maybe you typed an @xml:id value wrong, maybe the target of the @xml:id is nonexistent, or maybe you temporarily removed the target from your source, or maybe an auxiliary file contains a duplicate.  Your output will contain some placeholder text that you will not want to distribute to your readers.
INFO    : *              located at: pretext/book/chapter/section/subsection/example/statement/p/ol/li/p/xref
INFO    : *              located within: "exam_implicit_explicit_bs" (xml:id), "Listing elements of implicit and explicitly-defined sets of bit strings" (title)
ERROR   : * PTX:ERROR:   a cross-reference ("xref") uses references [defn_binomial_coeff] that do not point to any target, or perhaps point to multiple targets.  Maybe you typed an @xml:id value wrong, maybe the target of the @xml:id is nonexistent, or maybe you temporarily removed the target from your source, or maybe an auxiliary file contains a duplicate.  Your output will contain some placeholder text that you will not want to distribute to your readers.
INFO    : *              located at: pretext/book/chapter/section/subsection/subsubsection/exercise/statement/p/xref
INFO    : *              located within: "exer_list_elements_binom" (xml:id), "Understand" (title)
ERROR   : * PTX:ERROR:   a cross-reference ("xref") uses references [sec_counting_subsets] that do not point to any target, or perhaps point to multiple targets.  Maybe you typed an @xml:id value wrong, maybe the target of the @xml:id is nonexistent, or maybe you temporarily removed the target from your source, or maybe an auxiliary file contains a duplicate.  Your output will contain some placeholder text that you will not want to distribute to your readers.
INFO    : *              located at: pretext/book/chapter/section/subsection/p/xref
INFO    : *              located within: "sub_subsets" (xml:id), "Subsets of a Set" (title)
ERROR   : * PTX:ERROR:   a cross-reference ("xref") uses references [defn_binomial_coeff] that do not point to any target, or perhaps point to multiple targets.  Maybe you typed an @xml:id value wrong, maybe the target of the @xml:id is nonexistent, or maybe you temporarily removed the target from your source, or maybe an auxiliary file contains a duplicate.  Your output will contain some placeholder text that you will not want to distribute to your readers.
INFO    : *              located at: pretext/book/chapter/section/subsection/example/statement/p/ol/li/p/solution/p/xref
INFO    : *              located within: "exam_subsets" (xml:id), "Subsets" (title)
ERROR   : * PTX:ERROR:   a cross-reference ("xref") uses references [thm_steps_multiply] that do not point to any target, or perhaps point to multiple targets.  Maybe you typed an @xml:id value wrong, maybe the target of the @xml:id is nonexistent, or maybe you temporarily removed the target from your source, or maybe an auxiliary file contains a duplicate.  Your output will contain some placeholder text that you will not want to distribute to your readers.
INFO    : *              located at: pretext/book/chapter/section/subsection/example/statement/p/ol/li/p/solution/p/xref
INFO    : *              located within: "part_number_subsets" (xml:id)
WARNING : * PTX:WARNING: Unstructured content within a list item is being ignored ("Calculate")
INFO    : *              located at: pretext/book/chapter/section/subsection/activity/p/ol/li
INFO    : *              located within: "part_OR" (xml:id)
WARNING : * PTX:WARNING: Unstructured content within a list item is being ignored ("if")
INFO    : *              located at: pretext/book/chapter/section/subsection/activity/p/ol/li
INFO    : *              located within: "part_OR" (xml:id)
WARNING : * PTX:WARNING: Unstructured content within a list item is being ignored ("and")
INFO    : *              located at: pretext/book/chapter/section/subsection/activity/p/ol/li
INFO    : *              located within: "part_OR" (xml:id)
WARNING : * PTX:WARNING: Unstructured content within a list item is being ignored (". It might help to line up the bit strings as follows.")
INFO    : *              located at: pretext/book/chapter/section/subsection/activity/p/ol/li
INFO    : *              located within: "part_OR" (xml:id)
ERROR   : * PTX:ERROR:   a cross-reference ("xref") uses references [defn_binomial_coeff] that do not point to any target, or perhaps point to multiple targets.  Maybe you typed an @xml:id value wrong, maybe the target of the @xml:id is nonexistent, or maybe you temporarily removed the target from your source, or maybe an auxiliary file contains a duplicate.  Your output will contain some placeholder text that you will not want to distribute to your readers.
INFO    : *              located at: pretext/book/chapter/section/subsection/example/statement/p/ol/li/p/solution/p/xref
INFO    : *              located within: "exam_cardinality_fn_set" (xml:id), "Cardinality of a set" (title)
ERROR   : * PTX:ERROR:   a cross-reference ("xref") uses references [thm_number_bit_strings] that do not point to any target, or perhaps point to multiple targets.  Maybe you typed an @xml:id value wrong, maybe the target of the @xml:id is nonexistent, or maybe you temporarily removed the target from your source, or maybe an auxiliary file contains a duplicate.  Your output will contain some placeholder text that you will not want to distribute to your readers.
INFO    : *              located at: pretext/book/chapter/section/subsection/subsubsection/exercise/statement/p/ol/li/p/xref
INFO    : *              located within: "exer_count_subsets" (xml:id), "Understand" (title)
ERROR   : * PTX:ERROR:   a cross-reference ("xref") uses references [defn_binomial_coeff] that do not point to any target, or perhaps point to multiple targets.  Maybe you typed an @xml:id value wrong, maybe the target of the @xml:id is nonexistent, or maybe you temporarily removed the target from your source, or maybe an auxiliary file contains a duplicate.  Your output will contain some placeholder text that you will not want to distribute to your readers.
INFO    : *              located at: pretext/book/chapter/section/subsection/subsubsection/exercise/statement/p/ol/li/p/xref
INFO    : *              located within: "exer_count_subsets" (xml:id), "Understand" (title)
ERROR   : * PTX:ERROR:   a cross-reference ("xref") uses references [thm_bit_string_exactly_k] that do not point to any target, or perhaps point to multiple targets.  Maybe you typed an @xml:id value wrong, maybe the target of the @xml:id is nonexistent, or maybe you temporarily removed the target from your source, or maybe an auxiliary file contains a duplicate.  Your output will contain some placeholder text that you will not want to distribute to your readers.
INFO    : *              located at: pretext/book/chapter/section/subsection/subsubsection/exercise/statement/p/ol/li/p/xref
INFO    : *              located within: "exer_count_subsets" (xml:id), "Understand" (title)
ERROR   : * PTX:ERROR:   a cross-reference ("xref") uses references [exer_hamming_distance] that do not point to any target, or perhaps point to multiple targets.  Maybe you typed an @xml:id value wrong, maybe the target of the @xml:id is nonexistent, or maybe you temporarily removed the target from your source, or maybe an auxiliary file contains a duplicate.  Your output will contain some placeholder text that you will not want to distribute to your readers.
INFO    : *              located at: pretext/book/chapter/section/subsection/subsubsection/exercise/statement/p/ol/li/p/xref
INFO    : *              located within: "exer_cart_prod_fn_bs" (xml:id), "Practice" (title)
ERROR   : * PTX:ERROR:   a cross-reference ("xref") uses references [thm_number_bit_strings] that do not point to any target, or perhaps point to multiple targets.  Maybe you typed an @xml:id value wrong, maybe the target of the @xml:id is nonexistent, or maybe you temporarily removed the target from your source, or maybe an auxiliary file contains a duplicate.  Your output will contain some placeholder text that you will not want to distribute to your readers.
INFO    : *              located at: pretext/book/chapter/section/subsection/example/statement/p/ol/li/p/xref
INFO    : *              located within: "exam_math_ind_number_bs" (xml:id), "Number of bit strings" (title)
ERROR   : * PTX:ERROR:   a cross-reference ("xref") uses references [thm_cases_add] that do not point to any target, or perhaps point to multiple targets.  Maybe you typed an @xml:id value wrong, maybe the target of the @xml:id is nonexistent, or maybe you temporarily removed the target from your source, or maybe an auxiliary file contains a duplicate.  Your output will contain some placeholder text that you will not want to distribute to your readers.
INFO    : *              located at: pretext/book/chapter/section/subsection/example/statement/p/ol/li/p/solution/p/xref
INFO    : *              located within: "exam_math_ind_number_bs" (xml:id), "Number of bit strings" (title)
ERROR   : * PTX:ERROR:   a cross-reference ("xref") uses references [sub_integer_algebra] that do not point to any target, or perhaps point to multiple targets.  Maybe you typed an @xml:id value wrong, maybe the target of the @xml:id is nonexistent, or maybe you temporarily removed the target from your source, or maybe an auxiliary file contains a duplicate.  Your output will contain some placeholder text that you will not want to distribute to your readers.
INFO    : *              located at: pretext/book/chapter/section/subsection/p/ul/li/p/xref
INFO    : *              located within: "sub_alg_ind" (xml:id), "Algebra: Evaluating f(n-1)" (title)
ERROR   : * PTX:ERROR:   a cross-reference ("xref") uses references [sub_factorials] that do not point to any target, or perhaps point to multiple targets.  Maybe you typed an @xml:id value wrong, maybe the target of the @xml:id is nonexistent, or maybe you temporarily removed the target from your source, or maybe an auxiliary file contains a duplicate.  Your output will contain some placeholder text that you will not want to distribute to your readers.
INFO    : *              located at: pretext/book/chapter/section/subsection/p/ul/li/p/xref
INFO    : *              located within: "sub_alg_ind" (xml:id), "Algebra: Evaluating f(n-1)" (title)
ERROR   : * PTX:ERROR:   a cross-reference ("xref") uses references [sub_exp_log] that do not point to any target, or perhaps point to multiple targets.  Maybe you typed an @xml:id value wrong, maybe the target of the @xml:id is nonexistent, or maybe you temporarily removed the target from your source, or maybe an auxiliary file contains a duplicate.  Your output will contain some placeholder text that you will not want to distribute to your readers.
INFO    : *              located at: pretext/book/chapter/section/subsection/p/ul/li/p/xref
INFO    : *              located within: "sub_alg_ind" (xml:id), "Algebra: Evaluating f(n-1)" (title)
ERROR   : * PTX:ERROR:   a cross-reference ("xref") uses references [thm_steps_multiply] that do not point to any target, or perhaps point to multiple targets.  Maybe you typed an @xml:id value wrong, maybe the target of the @xml:id is nonexistent, or maybe you temporarily removed the target from your source, or maybe an auxiliary file contains a duplicate.  Your output will contain some placeholder text that you will not want to distribute to your readers.
INFO    : *              located at: pretext/book/chapter/section/subsection/subsubsection/exercise/statement/p/xref
INFO    : *              located within: "exer_math_ind_number_perms" (xml:id), "Explore" (title)
WARNING : * PTX:WARNING: Unstructured content within a list item is being ignored ("For example,")
INFO    : *              located at: pretext/book/chapter/section/subsection/definition/statement/p/ol/li
INFO    : *              located within: "defn_proper_bs" (xml:id), "Proper bit strings" (title)
WARNING : * PTX:WARNING: Unstructured content within a list item is being ignored ("is proper, as we show in")
INFO    : *              located at: pretext/book/chapter/section/subsection/definition/statement/p/ol/li
INFO    : *              located within: "defn_proper_bs" (xml:id), "Proper bit strings" (title)
WARNING : * PTX:WARNING: Unstructured content within a list item is being ignored (".")
INFO    : *              located at: pretext/book/chapter/section/subsection/definition/statement/p/ol/li
INFO    : *              located within: "defn_proper_bs" (xml:id), "Proper bit strings" (title)
ERROR   : * PTX:ERROR:   a cross-reference ("xref") uses references [thm_number_bit_strings] that do not point to any target, or perhaps point to multiple targets.  Maybe you typed an @xml:id value wrong, maybe the target of the @xml:id is nonexistent, or maybe you temporarily removed the target from your source, or maybe an auxiliary file contains a duplicate.  Your output will contain some placeholder text that you will not want to distribute to your readers.
INFO    : *              located at: pretext/book/chapter/section/subsection/example/statement/p/ol/li/p/solution/p/xref
INFO    : *              located within: "exam_proper_bs5" (xml:id), "Proper bit strings of length up to five" (title)
ERROR   : * PTX:ERROR:   a cross-reference ("xref") uses references [act_squares_dominoes] that do not point to any target, or perhaps point to multiple targets.  Maybe you typed an @xml:id value wrong, maybe the target of the @xml:id is nonexistent, or maybe you temporarily removed the target from your source, or maybe an auxiliary file contains a duplicate.  Your output will contain some placeholder text that you will not want to distribute to your readers.
INFO    : *              located at: pretext/book/chapter/section/subsection/p/xref
INFO    : *              located within: "sub_fibonacci" (xml:id), "The Fibonacci Sequence and Higher Order Recursions" (title)
ERROR   : * PTX:ERROR:   a cross-reference ("xref") uses references [sec_listing] that do not point to any target, or perhaps point to multiple targets.  Maybe you typed an @xml:id value wrong, maybe the target of the @xml:id is nonexistent, or maybe you temporarily removed the target from your source, or maybe an auxiliary file contains a duplicate.  Your output will contain some placeholder text that you will not want to distribute to your readers.
INFO    : *              located at: pretext/book/chapter/section/subsection/example/statement/p/ol/li/p/solution/p/xref
INFO    : *              located within: "exam_rec_seq_higher_order" (xml:id), "Evaluating higher order recursively-defined sequences" (title)
ERROR   : * PTX:ERROR:   a cross-reference ("xref") uses references [exer_trominoes_examples] that do not point to any target, or perhaps point to multiple targets.  Maybe you typed an @xml:id value wrong, maybe the target of the @xml:id is nonexistent, or maybe you temporarily removed the target from your source, or maybe an auxiliary file contains a duplicate.  Your output will contain some placeholder text that you will not want to distribute to your readers.
INFO    : *              located at: pretext/book/chapter/section/subsection/example/statement/p/ol/li/p/solution/p/xref
INFO    : *              located within: "exam_rec_seq_higher_order" (xml:id), "Evaluating higher order recursively-defined sequences" (title)
ERROR   : * PTX:ERROR:   a cross-reference ("xref") uses references [thm_number_bit_strings] that do not point to any target, or perhaps point to multiple targets.  Maybe you typed an @xml:id value wrong, maybe the target of the @xml:id is nonexistent, or maybe you temporarily removed the target from your source, or maybe an auxiliary file contains a duplicate.  Your output will contain some placeholder text that you will not want to distribute to your readers.
INFO    : *              located at: pretext/book/chapter/section/subsection/example/solution/p/xref
INFO    : *              located within: "exam_count_bit_strings_using_recursion_first" (xml:id), "Using a recursion to count bit strings containing at least one \bs{0}" (title)
ERROR   : * PTX:ERROR:   a cross-reference ("xref") uses references [thm_count_complement] that do not point to any target, or perhaps point to multiple targets.  Maybe you typed an @xml:id value wrong, maybe the target of the @xml:id is nonexistent, or maybe you temporarily removed the target from your source, or maybe an auxiliary file contains a duplicate.  Your output will contain some placeholder text that you will not want to distribute to your readers.
INFO    : *              located at: pretext/book/chapter/section/subsection/example/solution/p/xref
INFO    : *              located within: "exam_count_bit_strings_using_recursion_first" (xml:id), "Using a recursion to count bit strings containing at least one \bs{0}" (title)
ERROR   : * PTX:ERROR:   a cross-reference ("xref") uses references [thm_number_bit_strings] that do not point to any target, or perhaps point to multiple targets.  Maybe you typed an @xml:id value wrong, maybe the target of the @xml:id is nonexistent, or maybe you temporarily removed the target from your source, or maybe an auxiliary file contains a duplicate.  Your output will contain some placeholder text that you will not want to distribute to your readers.
INFO    : *              located at: pretext/book/chapter/section/subsection/example/solution/p/xref
INFO    : *              located within: "exam_count_bit_strings_using_recursion_first" (xml:id), "Using a recursion to count bit strings containing at least one \bs{0}" (title)
ERROR   : * PTX:ERROR:   a cross-reference ("xref") uses references [thm_cases_add] that do not point to any target, or perhaps point to multiple targets.  Maybe you typed an @xml:id value wrong, maybe the target of the @xml:id is nonexistent, or maybe you temporarily removed the target from your source, or maybe an auxiliary file contains a duplicate.  Your output will contain some placeholder text that you will not want to distribute to your readers.
INFO    : *              located at: pretext/book/chapter/section/subsection/example/solution/p/xref
INFO    : *              located within: "exam_count_bit_strings_using_recursion_first" (xml:id), "Using a recursion to count bit strings containing at least one \bs{0}" (title)
ERROR   : * PTX:ERROR:   a cross-reference ("xref") uses references [thm_cases_add] that do not point to any target, or perhaps point to multiple targets.  Maybe you typed an @xml:id value wrong, maybe the target of the @xml:id is nonexistent, or maybe you temporarily removed the target from your source, or maybe an auxiliary file contains a duplicate.  Your output will contain some placeholder text that you will not want to distribute to your readers.
INFO    : *              located at: pretext/book/chapter/section/subsection/example/solution/p/xref
INFO    : *              located within: "exam_count_bit_strings_using_recursion_second" (xml:id), "Using a recursion to count bit strings that do not contain \bs{00}" (title)
ERROR   : * PTX:ERROR:   a cross-reference ("xref") uses references [thm_cases_add] that do not point to any target, or perhaps point to multiple targets.  Maybe you typed an @xml:id value wrong, maybe the target of the @xml:id is nonexistent, or maybe you temporarily removed the target from your source, or maybe an auxiliary file contains a duplicate.  Your output will contain some placeholder text that you will not want to distribute to your readers.
INFO    : *              located at: pretext/book/chapter/introduction/p/xref
INFO    : *              located within: "ch_sum_prod" (xml:id), "Sums and Products" (title)
ERROR   : * PTX:ERROR:   a cross-reference ("xref") uses references [sec_counting_steps_cases] that do not point to any target, or perhaps point to multiple targets.  Maybe you typed an @xml:id value wrong, maybe the target of the @xml:id is nonexistent, or maybe you temporarily removed the target from your source, or maybe an auxiliary file contains a duplicate.  Your output will contain some placeholder text that you will not want to distribute to your readers.
INFO    : *              located at: pretext/book/chapter/introduction/p/xref
INFO    : *              located within: "ch_sum_prod" (xml:id), "Sums and Products" (title)
ERROR   : * PTX:ERROR:   a cross-reference ("xref") uses references [thm_steps_multiply] that do not point to any target, or perhaps point to multiple targets.  Maybe you typed an @xml:id value wrong, maybe the target of the @xml:id is nonexistent, or maybe you temporarily removed the target from your source, or maybe an auxiliary file contains a duplicate.  Your output will contain some placeholder text that you will not want to distribute to your readers.
INFO    : *              located at: pretext/book/chapter/introduction/p/xref
INFO    : *              located within: "ch_sum_prod" (xml:id), "Sums and Products" (title)
ERROR   : * PTX:ERROR:   a cross-reference ("xref") uses references [ch_counting] that do not point to any target, or perhaps point to multiple targets.  Maybe you typed an @xml:id value wrong, maybe the target of the @xml:id is nonexistent, or maybe you temporarily removed the target from your source, or maybe an auxiliary file contains a duplicate.  Your output will contain some placeholder text that you will not want to distribute to your readers.
INFO    : *              located at: pretext/book/chapter/section/introduction/p/xref
INFO    : *              located within: "sec_arith_triangle" (xml:id), "The Arithmetic Triangle" (title)
ERROR   : * PTX:ERROR:   a cross-reference ("xref") uses references [defn_binomial_coeff] that do not point to any target, or perhaps point to multiple targets.  Maybe you typed an @xml:id value wrong, maybe the target of the @xml:id is nonexistent, or maybe you temporarily removed the target from your source, or maybe an auxiliary file contains a duplicate.  Your output will contain some placeholder text that you will not want to distribute to your readers.
INFO    : *              located at: pretext/book/chapter/section/introduction/p/xref
INFO    : *              located within: "sec_arith_triangle" (xml:id), "The Arithmetic Triangle" (title)
ERROR   : * PTX:ERROR:   a cross-reference ("xref") uses references [defn_binomial_coeff] that do not point to any target, or perhaps point to multiple targets.  Maybe you typed an @xml:id value wrong, maybe the target of the @xml:id is nonexistent, or maybe you temporarily removed the target from your source, or maybe an auxiliary file contains a duplicate.  Your output will contain some placeholder text that you will not want to distribute to your readers.
INFO    : *              located at: pretext/book/chapter/section/subsection/example/solution/p/xref
INFO    : *              located within: "exam_eval_7choose4" (xml:id), "Evaluating a binomial coefficient by listing subsets" (title)
ERROR   : * PTX:ERROR:   a cross-reference ("xref") uses references [exam_four_choose_k] that do not point to any target, or perhaps point to multiple targets.  Maybe you typed an @xml:id value wrong, maybe the target of the @xml:id is nonexistent, or maybe you temporarily removed the target from your source, or maybe an auxiliary file contains a duplicate.  Your output will contain some placeholder text that you will not want to distribute to your readers.
INFO    : *              located at: pretext/book/chapter/section/subsection/example/statement/p/ol/li/p/solution/p/xref
INFO    : *              located within: "exam_using_arith_tri_eval" (xml:id), "Using the arithmetic triangle to evaluate binomial coefficients" (title)
ERROR   : * PTX:ERROR:   a cross-reference ("xref") uses references [pff_comb_proof] that do not point to any target, or perhaps point to multiple targets.  Maybe you typed an @xml:id value wrong, maybe the target of the @xml:id is nonexistent, or maybe you temporarily removed the target from your source, or maybe an auxiliary file contains a duplicate.  Your output will contain some placeholder text that you will not want to distribute to your readers.
INFO    : *              located at: pretext/book/chapter/section/subsection/example/statement/p/xref
INFO    : *              located within: "exam_proof_explicit_binom" (xml:id), "Combinatorial proof of the explicit formula for the binomial coefficients" (title)
ERROR   : * PTX:ERROR:   a cross-reference ("xref") uses references [thm_steps_multiply] that do not point to any target, or perhaps point to multiple targets.  Maybe you typed an @xml:id value wrong, maybe the target of the @xml:id is nonexistent, or maybe you temporarily removed the target from your source, or maybe an auxiliary file contains a duplicate.  Your output will contain some placeholder text that you will not want to distribute to your readers.
INFO    : *              located at: pretext/book/chapter/section/subsection/example/solution/p/xref
INFO    : *              located within: "exam_proof_explicit_binom" (xml:id), "Combinatorial proof of the explicit formula for the binomial coefficients" (title)
ERROR   : * PTX:ERROR:   a cross-reference ("xref") uses references [thm_steps_multiply] that do not point to any target, or perhaps point to multiple targets.  Maybe you typed an @xml:id value wrong, maybe the target of the @xml:id is nonexistent, or maybe you temporarily removed the target from your source, or maybe an auxiliary file contains a duplicate.  Your output will contain some placeholder text that you will not want to distribute to your readers.
INFO    : *              located at: pretext/book/chapter/section/subsection/example/solution/p/xref
INFO    : *              located within: "exam_proof_explicit_binom" (xml:id), "Combinatorial proof of the explicit formula for the binomial coefficients" (title)
ERROR   : * PTX:ERROR:   a cross-reference ("xref") uses references [pff_comb_proof] that do not point to any target, or perhaps point to multiple targets.  Maybe you typed an @xml:id value wrong, maybe the target of the @xml:id is nonexistent, or maybe you temporarily removed the target from your source, or maybe an auxiliary file contains a duplicate.  Your output will contain some placeholder text that you will not want to distribute to your readers.
INFO    : *              located at: pretext/book/chapter/section/subsection/subsubsection/exercise/statement/p/xref
INFO    : *              located within: "exer_arith_tri_prove_sym" (xml:id), "Understand" (title)
ERROR   : * PTX:ERROR:   a cross-reference ("xref") uses references [pff_comb_proof] that do not point to any target, or perhaps point to multiple targets.  Maybe you typed an @xml:id value wrong, maybe the target of the @xml:id is nonexistent, or maybe you temporarily removed the target from your source, or maybe an auxiliary file contains a duplicate.  Your output will contain some placeholder text that you will not want to distribute to your readers.
INFO    : *              located at: pretext/book/chapter/section/subsection/subsubsection/exercise/statement/p/ol/li/p/xref
INFO    : *              located within: "exer_dyk_binom_formula" (xml:id), "Recap" (title)
ERROR   : * PTX:ERROR:   a cross-reference ("xref") uses references [pff_comb_proof] that do not point to any target, or perhaps point to multiple targets.  Maybe you typed an @xml:id value wrong, maybe the target of the @xml:id is nonexistent, or maybe you temporarily removed the target from your source, or maybe an auxiliary file contains a duplicate.  Your output will contain some placeholder text that you will not want to distribute to your readers.
INFO    : *              located at: pretext/book/chapter/section/subsection/subsubsection/exercise/statement/p/xref
INFO    : *              located within: "exer_comb_pf_recursion_arith_tri" (xml:id), "Explore" (title)
ERROR   : * PTX:ERROR:   a cross-reference ("xref") uses references [pff_comb_proof] that do not point to any target, or perhaps point to multiple targets.  Maybe you typed an @xml:id value wrong, maybe the target of the @xml:id is nonexistent, or maybe you temporarily removed the target from your source, or maybe an auxiliary file contains a duplicate.  Your output will contain some placeholder text that you will not want to distribute to your readers.
INFO    : *              located at: pretext/book/chapter/section/subsection/p/xref
INFO    : *              located within: "sub_pff_comb_sums" (xml:id), "Proof Format: Combinatorial Proof of Sums" (title)
ERROR   : * PTX:ERROR:   a cross-reference ("xref") uses references [thm_cases_add] that do not point to any target, or perhaps point to multiple targets.  Maybe you typed an @xml:id value wrong, maybe the target of the @xml:id is nonexistent, or maybe you temporarily removed the target from your source, or maybe an auxiliary file contains a duplicate.  Your output will contain some placeholder text that you will not want to distribute to your readers.
INFO    : *              located at: pretext/book/chapter/section/subsection/proof/proof/p/xref
INFO    : *              located within: "pff_comb_proof_sum" (xml:id)
ERROR   : * PTX:ERROR:   a cross-reference ("xref") uses references [thm_cases_add] that do not point to any target, or perhaps point to multiple targets.  Maybe you typed an @xml:id value wrong, maybe the target of the @xml:id is nonexistent, or maybe you temporarily removed the target from your source, or maybe an auxiliary file contains a duplicate.  Your output will contain some placeholder text that you will not want to distribute to your readers.
INFO    : *              located at: pretext/book/chapter/section/subsection/activity/p/ol/li/p/blockquote/xref
INFO    : *              located within: "part_comb_pf_sum_row_sum_arith_tri" (xml:id)
ERROR   : * PTX:ERROR:   a cross-reference ("xref") uses references [thm_steps_multiply] that do not point to any target, or perhaps point to multiple targets.  Maybe you typed an @xml:id value wrong, maybe the target of the @xml:id is nonexistent, or maybe you temporarily removed the target from your source, or maybe an auxiliary file contains a duplicate.  Your output will contain some placeholder text that you will not want to distribute to your readers.
INFO    : *              located at: pretext/book/chapter/section/subsection/activity/p/ol/li/p/blockquote/xref
INFO    : *              located within: "part_comb_pf_sum_row_sum_arith_tri" (xml:id)
ERROR   : * PTX:ERROR:   a cross-reference ("xref") uses references [defn_integer_algebra_order_operations] that do not point to any target, or perhaps point to multiple targets.  Maybe you typed an @xml:id value wrong, maybe the target of the @xml:id is nonexistent, or maybe you temporarily removed the target from your source, or maybe an auxiliary file contains a duplicate.  Your output will contain some placeholder text that you will not want to distribute to your readers.
INFO    : *              located at: pretext/book/chapter/section/subsection/p/xref
INFO    : *              located within: "sub_special_sums" (xml:id), "Detour: Special Sums" (title)
ERROR   : * PTX:ERROR:   a cross-reference ("xref") uses references [act_squares_dominoes] that do not point to any target, or perhaps point to multiple targets.  Maybe you typed an @xml:id value wrong, maybe the target of the @xml:id is nonexistent, or maybe you temporarily removed the target from your source, or maybe an auxiliary file contains a duplicate.  Your output will contain some placeholder text that you will not want to distribute to your readers.
INFO    : *              located at: pretext/book/chapter/section/subsection/subsubsection/exercise/statement/p/xref
INFO    : *              located within: "exer_fib_in_pascal" (xml:id), "Explore" (title)
ERROR   : * PTX:ERROR:   a cross-reference ("xref") uses references [thm_cases_add] that do not point to any target, or perhaps point to multiple targets.  Maybe you typed an @xml:id value wrong, maybe the target of the @xml:id is nonexistent, or maybe you temporarily removed the target from your source, or maybe an auxiliary file contains a duplicate.  Your output will contain some placeholder text that you will not want to distribute to your readers.
INFO    : *              located at: pretext/book/chapter/section/subsection/subsubsection/exercise/statement/p/ol/li/p/xref
INFO    : *              located within: "exer_fib_in_pascal" (xml:id), "Explore" (title)
ERROR   : * PTX:ERROR:   a cross-reference ("xref") uses references [thm_steps_multiply] that do not point to any target, or perhaps point to multiple targets.  Maybe you typed an @xml:id value wrong, maybe the target of the @xml:id is nonexistent, or maybe you temporarily removed the target from your source, or maybe an auxiliary file contains a duplicate.  Your output will contain some placeholder text that you will not want to distribute to your readers.
INFO    : *              located at: pretext/book/chapter/section/subsection/example/statement/p/ol/li/p/solution/p/xref
INFO    : *              located within: "part_3string_letters" (xml:id)
WARNING : * PTX:WARNING: Unstructured content within a list item is being ignored ("In this textbook we abbreviate true as")
INFO    : *              located at: pretext/book/chapter/section/subsection/definition/statement/p/ol/li
INFO    : *              located within: "defn_and_or_xor" (xml:id), "And, or, and xor" (title)
WARNING : * PTX:WARNING: Unstructured content within a list item is being ignored ("and false as")
INFO    : *              located at: pretext/book/chapter/section/subsection/definition/statement/p/ol/li
INFO    : *              located within: "defn_and_or_xor" (xml:id), "And, or, and xor" (title)
WARNING : * PTX:WARNING: Unstructured content within a list item is being ignored (". Some computer science textbooks use")
INFO    : *              located at: pretext/book/chapter/section/subsection/definition/statement/p/ol/li
INFO    : *              located within: "defn_and_or_xor" (xml:id), "And, or, and xor" (title)
WARNING : * PTX:WARNING: Unstructured content within a list item is being ignored ("for true and")
INFO    : *              located at: pretext/book/chapter/section/subsection/definition/statement/p/ol/li
INFO    : *              located within: "defn_and_or_xor" (xml:id), "And, or, and xor" (title)
WARNING : * PTX:WARNING: Unstructured content within a list item is being ignored ("for false instead.")
INFO    : *              located at: pretext/book/chapter/section/subsection/definition/statement/p/ol/li
INFO    : *              located within: "defn_and_or_xor" (xml:id), "And, or, and xor" (title)
ERROR   : * PTX:ERROR:   a cross-reference ("xref") uses references [defn_binomial_coeff] that do not point to any target, or perhaps point to multiple targets.  Maybe you typed an @xml:id value wrong, maybe the target of the @xml:id is nonexistent, or maybe you temporarily removed the target from your source, or maybe an auxiliary file contains a duplicate.  Your output will contain some placeholder text that you will not want to distribute to your readers.
INFO    : *              located at: pretext/book/chapter/section/subsection/subsubsection/exercise/statement/p/xref
INFO    : *              located within: "exer_fn_nchoose3" (xml:id), "Understand" (title)
ERROR   : * PTX:ERROR:   a cross-reference ("xref") uses references [defn_integer_algebra_order_operations] that do not point to any target, or perhaps point to multiple targets.  Maybe you typed an @xml:id value wrong, maybe the target of the @xml:id is nonexistent, or maybe you temporarily removed the target from your source, or maybe an auxiliary file contains a duplicate.  Your output will contain some placeholder text that you will not want to distribute to your readers.
INFO    : *              located at: pretext/book/chapter/section/subsection/definition/statement/p/ol/li/p/xref
INFO    : *              located within: "defn_integers_modn" (xml:id), "The integers mod n" (title)
ERROR   : * PTX:ERROR:   a cross-reference ("xref") uses references [defn_binomial_coeff] that do not point to any target, or perhaps point to multiple targets.  Maybe you typed an @xml:id value wrong, maybe the target of the @xml:id is nonexistent, or maybe you temporarily removed the target from your source, or maybe an auxiliary file contains a duplicate.  Your output will contain some placeholder text that you will not want to distribute to your readers.
INFO    : *              located at: pretext/book/chapter/section/subsection/example/statement/p/ol/li/p/solution/p/xref
INFO    : *              located within: "exam_subsets" (xml:id), "Subsets" (title)
ERROR   : * PTX:ERROR:   a cross-reference ("xref") uses references [thm_steps_multiply] that do not point to any target, or perhaps point to multiple targets.  Maybe you typed an @xml:id value wrong, maybe the target of the @xml:id is nonexistent, or maybe you temporarily removed the target from your source, or maybe an auxiliary file contains a duplicate.  Your output will contain some placeholder text that you will not want to distribute to your readers.
INFO    : *              located at: pretext/book/chapter/section/subsection/example/statement/p/ol/li/p/solution/p/xref
INFO    : *              located within: "part_number_subsets" (xml:id)
ERROR   : * PTX:ERROR:   a cross-reference ("xref") uses references [thm_steps_multiply] that do not point to any target, or perhaps point to multiple targets.  Maybe you typed an @xml:id value wrong, maybe the target of the @xml:id is nonexistent, or maybe you temporarily removed the target from your source, or maybe an auxiliary file contains a duplicate.  Your output will contain some placeholder text that you will not want to distribute to your readers.
INFO    : *              located at: pretext/book/chapter/section/subsection/example/statement/p/ol/li/p/solution/p/xref
INFO    : *              located within: "part_number_subsets" (xml:id)
ERROR   : * PTX:ERROR:   a cross-reference ("xref") uses references [thm_number_bit_strings] that do not point to any target, or perhaps point to multiple targets.  Maybe you typed an @xml:id value wrong, maybe the target of the @xml:id is nonexistent, or maybe you temporarily removed the target from your source, or maybe an auxiliary file contains a duplicate.  Your output will contain some placeholder text that you will not want to distribute to your readers.
INFO    : *              located at: pretext/book/chapter/section/subsection/example/statement/p/ol/li/p/xref
INFO    : *              located within: "exam_math_ind_number_bs" (xml:id), "Number of bit strings" (title)
ERROR   : * PTX:ERROR:   a cross-reference ("xref") uses references [thm_cases_add] that do not point to any target, or perhaps point to multiple targets.  Maybe you typed an @xml:id value wrong, maybe the target of the @xml:id is nonexistent, or maybe you temporarily removed the target from your source, or maybe an auxiliary file contains a duplicate.  Your output will contain some placeholder text that you will not want to distribute to your readers.
INFO    : *              located at: pretext/book/chapter/section/subsection/example/statement/p/ol/li/p/solution/p/xref
INFO    : *              located within: "exam_math_ind_number_bs" (xml:id), "Number of bit strings" (title)
WARNING : * PTX:WARNING: Unstructured content within a list item is being ignored ("For example,")
INFO    : *              located at: pretext/book/chapter/section/subsection/definition/statement/p/ol/li
INFO    : *              located within: "defn_proper_bs" (xml:id), "Proper bit strings" (title)
WARNING : * PTX:WARNING: Unstructured content within a list item is being ignored ("is proper, as we show in")
INFO    : *              located at: pretext/book/chapter/section/subsection/definition/statement/p/ol/li
INFO    : *              located within: "defn_proper_bs" (xml:id), "Proper bit strings" (title)
WARNING : * PTX:WARNING: Unstructured content within a list item is being ignored (".")
INFO    : *              located at: pretext/book/chapter/section/subsection/definition/statement/p/ol/li
INFO    : *              located within: "defn_proper_bs" (xml:id), "Proper bit strings" (title)
ERROR   : * PTX:ERROR:   a cross-reference ("xref") uses references [thm_number_bit_strings] that do not point to any target, or perhaps point to multiple targets.  Maybe you typed an @xml:id value wrong, maybe the target of the @xml:id is nonexistent, or maybe you temporarily removed the target from your source, or maybe an auxiliary file contains a duplicate.  Your output will contain some placeholder text that you will not want to distribute to your readers.
INFO    : *              located at: pretext/book/chapter/section/subsection/example/statement/p/ol/li/p/solution/p/xref
INFO    : *              located within: "exam_proper_bs5" (xml:id), "Proper bit strings of length up to five" (title)
ERROR   : * PTX:ERROR:   a cross-reference ("xref") uses references [sec_listing] that do not point to any target, or perhaps point to multiple targets.  Maybe you typed an @xml:id value wrong, maybe the target of the @xml:id is nonexistent, or maybe you temporarily removed the target from your source, or maybe an auxiliary file contains a duplicate.  Your output will contain some placeholder text that you will not want to distribute to your readers.
INFO    : *              located at: pretext/book/chapter/section/subsection/example/statement/p/ol/li/p/solution/p/xref
INFO    : *              located within: "exam_rec_seq_higher_order" (xml:id), "Evaluating higher order recursively-defined sequences" (title)
ERROR   : * PTX:ERROR:   a cross-reference ("xref") uses references [exer_trominoes_examples] that do not point to any target, or perhaps point to multiple targets.  Maybe you typed an @xml:id value wrong, maybe the target of the @xml:id is nonexistent, or maybe you temporarily removed the target from your source, or maybe an auxiliary file contains a duplicate.  Your output will contain some placeholder text that you will not want to distribute to your readers.
INFO    : *              located at: pretext/book/chapter/section/subsection/example/statement/p/ol/li/p/solution/p/xref
INFO    : *              located within: "exam_rec_seq_higher_order" (xml:id), "Evaluating higher order recursively-defined sequences" (title)
ERROR   : * PTX:ERROR:   a cross-reference ("xref") uses references [thm_cases_add] that do not point to any target, or perhaps point to multiple targets.  Maybe you typed an @xml:id value wrong, maybe the target of the @xml:id is nonexistent, or maybe you temporarily removed the target from your source, or maybe an auxiliary file contains a duplicate.  Your output will contain some placeholder text that you will not want to distribute to your readers.
INFO    : *              located at: pretext/book/chapter/section/subsection/example/solution/p/xref
INFO    : *              located within: "exam_count_bit_strings_using_recursion_second" (xml:id), "Using a recursion to count bit strings that do not contain \bs{00}" (title)
ERROR   : * PTX:ERROR:   a cross-reference ("xref") uses references [thm_cases_add] that do not point to any target, or perhaps point to multiple targets.  Maybe you typed an @xml:id value wrong, maybe the target of the @xml:id is nonexistent, or maybe you temporarily removed the target from your source, or maybe an auxiliary file contains a duplicate.  Your output will contain some placeholder text that you will not want to distribute to your readers.
INFO    : *              located at: pretext/book/chapter/section/subsection/activity/p/ol/li/p/blockquote/xref
INFO    : *              located within: "part_comb_pf_sum_row_sum_arith_tri" (xml:id)
ERROR   : * PTX:ERROR:   a cross-reference ("xref") uses references [thm_steps_multiply] that do not point to any target, or perhaps point to multiple targets.  Maybe you typed an @xml:id value wrong, maybe the target of the @xml:id is nonexistent, or maybe you temporarily removed the target from your source, or maybe an auxiliary file contains a duplicate.  Your output will contain some placeholder text that you will not want to distribute to your readers.
INFO    : *              located at: pretext/book/chapter/section/subsection/activity/p/ol/li/p/blockquote/xref
INFO    : *              located within: "part_comb_pf_sum_row_sum_arith_tri" (xml:id)
ERROR   : * PTX:ERROR:   a cross-reference ("xref") uses references [thm_cases_add] that do not point to any target, or perhaps point to multiple targets.  Maybe you typed an @xml:id value wrong, maybe the target of the @xml:id is nonexistent, or maybe you temporarily removed the target from your source, or maybe an auxiliary file contains a duplicate.  Your output will contain some placeholder text that you will not want to distribute to your readers.
INFO    : *              located at: pretext/book/chapter/section/subsection/proof/proof/p/xref
INFO    : *              located within: "pff_comb_proof_sum" (xml:id)
INFO    : successful application of /tmp/ptxcli_5m674ypr/cli_xsl/custom-html.xsl
INFO    : Removing temporary directory /tmp/ptx-vizl8ryp
INFO    : Removing temporary directory /tmp/ptx-voeandrk
INFO    : 
Finished build for target web. Run `pretext view web` to see the results.

CRITICAL: There were errors during the build.  See above.
INFO    : ------------------------
CRITICAL: Failed to build without errors.  Exiting...
INFO    : 
----------------------------------------------------
INFO    : While running pretext, the following errors occurred:

INFO    : (see log messages above or in the 'logs' folder for more information)
INFO    : ----------------------------------------------------
