Version 2.44.0 of pretext is available.  You are currently using version 2.43.2.
To upgrade, run `pretext upgrade`.
PreTeXt project found in `/workspaces/activediscreteTEST0312826/Doree-main/source`.
[33mwarning: [0mUsing CLI version 2.43.2 but project's `requirements.txt`
[33mwarning: [0mis configured to use 2.43.1. Consider either installing
[33mwarning: [0mCLI version 2.43.1 or running `pretext update-project`
[33mwarning: [0mto update `requirements.txt` and other managed files to match 2.43.2.
Building target web
XSL conversion of /workspaces/activediscreteTEST0312826/Doree-main/source/main.ptx by /home/codespace/.ptx/2.43.2/core/xsl/utilities/pretext-enhanced-source.xsl
successful application of /home/codespace/.ptx/2.43.2/core/xsl/utilities/pretext-enhanced-source.xsl
[33mwarning: [0mSchema validation could not be completed: no validator was available (jing is not installed and lxml could not compile the schema). Continuing with build.
Generating any needed assets.
Finished generating assets.

Building with custom xsl /workspaces/activediscreteTEST0312826/Doree-main/source/xsl/custom-html.xsl
Preparing to build into /workspaces/activediscreteTEST0312826/Doree-main/source/build/web.
discovering source file's directory name: /workspaces/activediscreteTEST0312826/Doree-main/source
verifying and expanding input directory: /workspaces/activediscreteTEST0312826/Doree-main/source/../generated-assets
input directory expanded to absolute path: /workspaces/activediscreteTEST0312826/Doree-main/generated-assets
verifying and expanding input directory: /workspaces/activediscreteTEST0312826/Doree-main/source/../assets
input directory expanded to absolute path: /workspaces/activediscreteTEST0312826/Doree-main/assets
discovering source file's directory name: /workspaces/activediscreteTEST0312826/Doree-main/source
XSL conversion of /workspaces/activediscreteTEST0312826/Doree-main/source/main.ptx by /home/codespace/.ptx/2.43.2/core/xsl/utilities/report-publisher-variables.xsl
successful application of /home/codespace/.ptx/2.43.2/core/xsl/utilities/report-publisher-variables.xsl
Downloading rs services file from https://runestone.academy/cdn/runestone/latest/webpack_static_imports.xml.
Runestone Services via online CDN query: version 8.1.14
Downloading Runestone Services, version 8.1.14
Extracting Runestone Services from archive file
Building custom css theme: theme-default-modern
converting /workspaces/activediscreteTEST0312826/Doree-main/source/main.ptx to HTML in /tmp/ptx-l9q2mzgx
XSL conversion of /workspaces/activediscreteTEST0312826/Doree-main/source/main.ptx by /tmp/ptxcli_xqfbogue/cli_xsl/custom-html.xsl
messages from the log for XSL processing:
[33mwarning: [0m* PTX:WARNING: There are apparent XML elements in locations that should be text only (1 times).
[33mwarning: [0m* PTX:WARNING: There is an apparent XML element (<ndash>) inside an <c> element, which should only contain text.  Using an escaped "less than" ('&lt;') might be the solution, or using a CDATA section.
*              located at: pretext/book/chapter/section/subsection/subsubsection/exercise/statement/p/c/ndash
*              located within: "exer_bal_ternary_strings" (xml:id), "Explore" (title)
* PTX:INFO:   checking all deprecated elements.
[33mwarning: [0m* PTX:DEPRECATE: (2024-10-08) elements previously included in a "titlepage" element inside the "frontmatter" (author, editor, credit, date, and event) should now be placed in "frontmatter/bibinfo".  To ensure a title page is created, put only the empty element "titlepage-items" inside "titlepage".  Until you move these elements, we will try to honor your intent. (1 time)
*              located at: pretext/book/frontmatter/titlepage
*              located within: "Active Discrete Mathematics: Patterns, Structures, and Proof" (title)
* --------------
[33mwarning: [0m* PTX:DEPRECATE: (2026-05-11) the "me" and "men" elements have been deprecated.  The replacement is an "md" with no "mrow" children, and numbering is controlled by the "@number" attribute, or a global setting in "docinfo". (840 times)
*              located at: pretext/book/chapter/activity/p/ol/li/p/me
*              located within: "act_handshakes" (xml:id), "Handshakes puzzle" (title)
*              located at: pretext/book/chapter/example/solution/p/me
*              located within: "exam_hs6" (xml:id), "Six students shake hands" (title)
*              located at: pretext/book/chapter/example/solution/p/me
*              located within: "exam_hs6" (xml:id), "Six students shake hands" (title)
*              located at: pretext/book/chapter/example/solution/p/me
*              located within: "exam_hs6" (xml:id), "Six students shake hands" (title)
*              located at: pretext/book/chapter/p/me
*              located within: "ch_prologue" (xml:id), "Prologue: Handshakes" (title)
*              located at: pretext/book/chapter/section/subsection/example/statement/p/ol/li/p/solution/figure/me
*              located within: "fig_sq_dom6_start1" (xml:id)
*              located at: pretext/book/chapter/section/subsection/example/statement/p/ol/li/p/solution/figure/me
*              located within: "fig_sq_dom6_start2" (xml:id)
*              located at: pretext/book/chapter/section/subsection/example/statement/p/ol/li/p/solution/p/me
*              located within: "exam_sq_dom8" (xml:id), "Counting squares and dominoes tilings of a 1 \times 8 board" (title)
* --------------
[33mwarning: [0m* PTX:WARNING: Unstructured content within a list item is being ignored ("In this textbook we abbreviate true as")
*              located at: pretext/book/chapter/section/subsection/definition/statement/p/ol/li
*              located within: "defn_and_or_xor" (xml:id), "And, or, and xor" (title)
[33mwarning: [0m* PTX:WARNING: Unstructured content within a list item is being ignored ("and false as")
*              located at: pretext/book/chapter/section/subsection/definition/statement/p/ol/li
*              located within: "defn_and_or_xor" (xml:id), "And, or, and xor" (title)
[33mwarning: [0m* PTX:WARNING: Unstructured content within a list item is being ignored (". Some computer science textbooks use")
*              located at: pretext/book/chapter/section/subsection/definition/statement/p/ol/li
*              located within: "defn_and_or_xor" (xml:id), "And, or, and xor" (title)
[33mwarning: [0m* PTX:WARNING: Unstructured content within a list item is being ignored ("for true and")
*              located at: pretext/book/chapter/section/subsection/definition/statement/p/ol/li
*              located within: "defn_and_or_xor" (xml:id), "And, or, and xor" (title)
[33mwarning: [0m* PTX:WARNING: Unstructured content within a list item is being ignored ("for false instead.")
*              located at: pretext/book/chapter/section/subsection/definition/statement/p/ol/li
*              located within: "defn_and_or_xor" (xml:id), "And, or, and xor" (title)
[33mwarning: [0m* PTX:WARNING: Unstructured content within a list item is being ignored ("Check that the set of three cards shown in")
*              located at: pretext/book/chapter/section/subsection/activity/ol/li
*              located within: "act_set_game" (xml:id), "The game SET\texttrademark" (title)
[33mwarning: [0m* PTX:WARNING: Unstructured content within a list item is being ignored ("is a SET.")
*              located at: pretext/book/chapter/section/subsection/activity/ol/li
*              located within: "act_set_game" (xml:id), "The game SET\texttrademark" (title)
[33mwarning: [0m* PTX:WARNING: Unstructured content within a list item is being ignored ("Calculate")
*              located at: pretext/book/chapter/section/subsection/activity/p/ol/li
*              located within: "part_OR" (xml:id)
[33mwarning: [0m* PTX:WARNING: Unstructured content within a list item is being ignored ("if")
*              located at: pretext/book/chapter/section/subsection/activity/p/ol/li
*              located within: "part_OR" (xml:id)
[33mwarning: [0m* PTX:WARNING: Unstructured content within a list item is being ignored ("and")
*              located at: pretext/book/chapter/section/subsection/activity/p/ol/li
*              located within: "part_OR" (xml:id)
[33mwarning: [0m* PTX:WARNING: Unstructured content within a list item is being ignored (". It might help to line up the bit strings as follows.")
*              located at: pretext/book/chapter/section/subsection/activity/p/ol/li
*              located within: "part_OR" (xml:id)
[33mwarning: [0m* PTX:WARNING: Unstructured content within a list item is being ignored ("For example,")
*              located at: pretext/book/chapter/section/subsection/definition/statement/p/ol/li
*              located within: "defn_proper_bs" (xml:id), "Proper bit strings" (title)
[33mwarning: [0m* PTX:WARNING: Unstructured content within a list item is being ignored ("is proper, as we show in")
*              located at: pretext/book/chapter/section/subsection/definition/statement/p/ol/li
*              located within: "defn_proper_bs" (xml:id), "Proper bit strings" (title)
[33mwarning: [0m* PTX:WARNING: Unstructured content within a list item is being ignored (".")
*              located at: pretext/book/chapter/section/subsection/definition/statement/p/ol/li
*              located within: "defn_proper_bs" (xml:id), "Proper bit strings" (title)
[33mwarning: [0m* PTX:WARNING: Unstructured content within a list item is being ignored ("In this textbook we abbreviate true as")
*              located at: pretext/book/chapter/section/subsection/definition/statement/p/ol/li
*              located within: "defn_and_or_xor" (xml:id), "And, or, and xor" (title)
[33mwarning: [0m* PTX:WARNING: Unstructured content within a list item is being ignored ("and false as")
*              located at: pretext/book/chapter/section/subsection/definition/statement/p/ol/li
*              located within: "defn_and_or_xor" (xml:id), "And, or, and xor" (title)
[33mwarning: [0m* PTX:WARNING: Unstructured content within a list item is being ignored (". Some computer science textbooks use")
*              located at: pretext/book/chapter/section/subsection/definition/statement/p/ol/li
*              located within: "defn_and_or_xor" (xml:id), "And, or, and xor" (title)
[33mwarning: [0m* PTX:WARNING: Unstructured content within a list item is being ignored ("for true and")
*              located at: pretext/book/chapter/section/subsection/definition/statement/p/ol/li
*              located within: "defn_and_or_xor" (xml:id), "And, or, and xor" (title)
[33mwarning: [0m* PTX:WARNING: Unstructured content within a list item is being ignored ("for false instead.")
*              located at: pretext/book/chapter/section/subsection/definition/statement/p/ol/li
*              located within: "defn_and_or_xor" (xml:id), "And, or, and xor" (title)
[33mwarning: [0m* PTX:WARNING: Unstructured content within a list item is being ignored ("For example,")
*              located at: pretext/book/chapter/section/subsection/definition/statement/p/ol/li
*              located within: "defn_proper_bs" (xml:id), "Proper bit strings" (title)
[33mwarning: [0m* PTX:WARNING: Unstructured content within a list item is being ignored ("is proper, as we show in")
*              located at: pretext/book/chapter/section/subsection/definition/statement/p/ol/li
*              located within: "defn_proper_bs" (xml:id), "Proper bit strings" (title)
[33mwarning: [0m* PTX:WARNING: Unstructured content within a list item is being ignored (".")
*              located at: pretext/book/chapter/section/subsection/definition/statement/p/ol/li
*              located within: "defn_proper_bs" (xml:id), "Proper bit strings" (title)
successful application of /tmp/ptxcli_xqfbogue/cli_xsl/custom-html.xsl
Removing temporary directory /tmp/ptx-l9q2mzgx
Removing temporary directory /tmp/ptx-f8jkfbqr

Finished build for target web. Run `pretext view web` to see the results.


Success!  Built requested target(s) without errors.


