Version 2.45.0 of pretext is available.  You are currently using version 2.43.1.
To upgrade, run `pretext upgrade`.
PreTeXt-CLI version: 2.43.1

[33mwarning: [0mNo project.ptx manifest found in current workspace.  Using global configuration specified in '~/.ptx/2.43.1/project.ptx'.
Building target html
XSL conversion of /workspaces/activediscreteTEST0312826/Doree-main/source/source/main.ptx by /home/codespace/.ptx/2.43.1/core/xsl/utilities/pretext-enhanced-source.xsl
[31merror: [0mError assembling source file: Error reading file '/workspaces/activediscreteTEST0312826/Doree-main/source/source/main.ptx': failed to load "/workspaces/activediscreteTEST0312826/Doree-main/source/source/main.ptx": No such file or directory
[31mcritical: [0mXML syntax for source file is invalid
------------------------
[31mcritical: [0mFailed to build without errors.  Exiting...

----------------------------------------------------
While running pretext, the following errors occurred:

(see log messages above or in the 'logs' folder for more information)
[31merror: [0mError assembling source file: Error reading file '/workspaces/activediscreteTEST0312826/Doree-main/source/source/main.ptx': failed to load "/workspaces/activediscreteTEST0312826/Doree-main/source/source/main.ptx": No such file or directory
[31mcritical: [0mXML syntax for source file is invalid
[31mcritical: [0mFailed to build without errors.  Exiting...
----------------------------------------------------
