WARNING : Using CLI version 2.43.2 but project's `requirements.txt`
WARNING : is configured to use 2.43.1. Consider either installing
WARNING : CLI version 2.43.1 or running `pretext update-project`
WARNING : to update `requirements.txt` and other managed files to match 2.43.2.
INFO    : Since no target was supplied, we will use "web".

DEBUG   : Generating assets in for the target "web".
INFO    : Generating any needed assets.
DEBUG   : Using cached assets in /workspaces/activediscreteTEST0312826/Doree-main/source/.cache where possible.
DEBUG   : Ensuring webwork representations file is present.
DEBUG   : Parsing source element for target web
DEBUG   : converting /workspaces/activediscreteTEST0312826/Doree-main/source/main.ptx to enhanced (pre-processed) PreTeXt source for internal use
INFO    : XSL conversion of /workspaces/activediscreteTEST0312826/Doree-main/source/main.ptx by /home/codespace/.ptx/2.43.2/core/xsl/utilities/pretext-enhanced-source.xsl
DEBUG   : XSL conversion via /home/codespace/.ptx/2.43.2/core/xsl/utilities/pretext-enhanced-source.xsl of /workspaces/activediscreteTEST0312826/Doree-main/source/main.ptx to None and/or into directory None with parameters {'publisher': '/workspaces/activediscreteTEST0312826/Doree-main/source/publication.xml', 'assembly.version-only': 'yes'}
INFO    : successful application of /home/codespace/.ptx/2.43.2/core/xsl/utilities/pretext-enhanced-source.xsl
DEBUG   : Source does not contain webwork problems
DEBUG   : Ensuring MyOpenMath XML files are present.
DEBUG   : Using cached source_element for target web
DEBUG   : Source does not contain myopenmath problems
DEBUG   : Assets generation requested for: ('latex-image',).
DEBUG   : Based on format Format.HTML, assets to be generated are: ['latex-image'].
DEBUG   : Using cached source_element for target web
DEBUG   : Using cached source_element for target web
DEBUG   : Using cached source_element for target web
DEBUG   : Using cached source_element for target web
DEBUG   : Using cached source_element for target web
DEBUG   : Using cached source_element for target web
DEBUG   : Using cached source_element for target web
DEBUG   : Using cached source_element for target web
DEBUG   : Using cached source_element for target web
DEBUG   : Using cached source_element for target web
DEBUG   : Using cached source_element for target web
DEBUG   : Using cached source_element for target web
DEBUG   : Using cached source_element for target web
DEBUG   : Using cached source_element for target web
DEBUG   : Using cached source_element for target web
DEBUG   : Based on what is in your source, the assets that will be considered are ['latex-image'].
DEBUG   : Assets to be generated: ['latex-image']
WARNING : Now generating latex images
INFO    : converting latex-image pictures from /workspaces/activediscreteTEST0312826/Doree-main/source/main.ptx to svg graphics for placement in /workspaces/activediscreteTEST0312826/Doree-main/generated-assets/latex-image
DEBUG   : temporary directory for latex-image conversion: /tmp/ptx-j4xj1emb
INFO    : extracting latex-image pictures from /workspaces/activediscreteTEST0312826/Doree-main/source/main.ptx
INFO    : string parameters passed to extraction stylesheet: {'publisher': '/workspaces/activediscreteTEST0312826/Doree-main/source/publication.xml'}
INFO    : discovering source file's directory name: /workspaces/activediscreteTEST0312826/Doree-main/source
INFO    : verifying and expanding input directory: /workspaces/activediscreteTEST0312826/Doree-main/source/../generated-assets
INFO    : input directory expanded to absolute path: /workspaces/activediscreteTEST0312826/Doree-main/generated-assets
INFO    : verifying and expanding input directory: /workspaces/activediscreteTEST0312826/Doree-main/source/../assets
INFO    : input directory expanded to absolute path: /workspaces/activediscreteTEST0312826/Doree-main/assets
INFO    : discovering source file's directory name: /workspaces/activediscreteTEST0312826/Doree-main/source
INFO    : XSL conversion of /workspaces/activediscreteTEST0312826/Doree-main/source/main.ptx by /home/codespace/.ptx/2.43.2/core/xsl/extract-latex-image.xsl
DEBUG   : XSL conversion via /home/codespace/.ptx/2.43.2/core/xsl/extract-latex-image.xsl of /workspaces/activediscreteTEST0312826/Doree-main/source/main.ptx to None and/or into directory /tmp/ptx-j4xj1emb with parameters {'publisher': '/workspaces/activediscreteTEST0312826/Doree-main/source/publication.xml'}
INFO    : successful application of /home/codespace/.ptx/2.43.2/core/xsl/extract-latex-image.xsl
DEBUG   : Now working in directory /tmp/ptx-j4xj1emb
DEBUG   : Using the CLI's individual_latex function
DEBUG   : locating "LatexEngine.XELATEX" in [executables] section of configuration file
DEBUG   : LatexEngine.XELATEX executable: xelatex, options: 
DEBUG   : tex executable: xelatex
INFO    : converting figure_all_diff_set-2.tex to figure_all_diff_set-2.pdf
ERROR   : LaTeX compilation of figure_all_diff_set-2.tex failed.
Re-run, requesting "source" as the format, to analyze the image.
Likely creating the entire document as PDF will fail similarly.
The transcript of the LaTeX run follows.
WARNING : LaTeX compilation of figure_all_diff_set-2.tex failed
DEBUG   : Using the CLI's individual_latex function
DEBUG   : locating "LatexEngine.XELATEX" in [executables] section of configuration file
DEBUG   : LatexEngine.XELATEX executable: xelatex, options: 
DEBUG   : tex executable: xelatex
INFO    : converting figure_show_set-2.tex to figure_show_set-2.pdf
ERROR   : LaTeX compilation of figure_show_set-2.tex failed.
Re-run, requesting "source" as the format, to analyze the image.
Likely creating the entire document as PDF will fail similarly.
The transcript of the LaTeX run follows.
WARNING : LaTeX compilation of figure_show_set-2.tex failed
DEBUG   : Using the CLI's individual_latex function
DEBUG   : locating "LatexEngine.XELATEX" in [executables] section of configuration file
DEBUG   : LatexEngine.XELATEX executable: xelatex, options: 
DEBUG   : tex executable: xelatex
INFO    : converting figure_show_not_set-2.tex to figure_show_not_set-2.pdf
ERROR   : LaTeX compilation of figure_show_not_set-2.tex failed.
Re-run, requesting "source" as the format, to analyze the image.
Likely creating the entire document as PDF will fail similarly.
The transcript of the LaTeX run follows.
WARNING : LaTeX compilation of figure_show_not_set-2.tex failed
DEBUG   : Using the CLI's individual_latex function
DEBUG   : Copying cached latex-image /workspaces/activediscreteTEST0312826/Doree-main/source/.cache/latex-image/4443b12ca87e3b43aabc262a3aab8b5c.svg to /workspaces/activediscreteTEST0312826/Doree-main/generated-assets/latex-image/fig_all_odd_degree-2.svg
DEBUG   : Finished individual_latex function
DEBUG   : Using the CLI's individual_latex function
DEBUG   : locating "LatexEngine.XELATEX" in [executables] section of configuration file
DEBUG   : LatexEngine.XELATEX executable: xelatex, options: 
DEBUG   : tex executable: xelatex
INFO    : converting figure_decide_if_set-2.tex to figure_decide_if_set-2.pdf
ERROR   : LaTeX compilation of figure_decide_if_set-2.tex failed.
Re-run, requesting "source" as the format, to analyze the image.
Likely creating the entire document as PDF will fail similarly.
The transcript of the LaTeX run follows.
WARNING : LaTeX compilation of figure_decide_if_set-2.tex failed
DEBUG   : Using the CLI's individual_latex function
DEBUG   : locating "LatexEngine.XELATEX" in [executables] section of configuration file
DEBUG   : LatexEngine.XELATEX executable: xelatex, options: 
DEBUG   : tex executable: xelatex
INFO    : converting figure_set_game_2cards-2.tex to figure_set_game_2cards-2.pdf
ERROR   : LaTeX compilation of figure_set_game_2cards-2.tex failed.
Re-run, requesting "source" as the format, to analyze the image.
Likely creating the entire document as PDF will fail similarly.
The transcript of the LaTeX run follows.
WARNING : LaTeX compilation of figure_set_game_2cards-2.tex failed
DEBUG   : Using the CLI's individual_latex function
DEBUG   : Copying cached latex-image /workspaces/activediscreteTEST0312826/Doree-main/source/.cache/latex-image/a55641e4c84d273ccfa00b61eef70c6b.svg to /workspaces/activediscreteTEST0312826/Doree-main/generated-assets/latex-image/fig_elephant_quants-2.svg
DEBUG   : Finished individual_latex function
DEBUG   : Using the CLI's individual_latex function
DEBUG   : Copying cached latex-image /workspaces/activediscreteTEST0312826/Doree-main/source/.cache/latex-image/9a2aa9553aefc5246cdf69959babb63b.svg to /workspaces/activediscreteTEST0312826/Doree-main/generated-assets/latex-image/fig_SET_2SPO-2.svg
DEBUG   : Finished individual_latex function
DEBUG   : Using the CLI's individual_latex function
DEBUG   : locating "LatexEngine.XELATEX" in [executables] section of configuration file
DEBUG   : LatexEngine.XELATEX executable: xelatex, options: 
DEBUG   : tex executable: xelatex
INFO    : converting figure_set_game_2cards-5.tex to figure_set_game_2cards-5.pdf
ERROR   : LaTeX compilation of figure_set_game_2cards-5.tex failed.
Re-run, requesting "source" as the format, to analyze the image.
Likely creating the entire document as PDF will fail similarly.
The transcript of the LaTeX run follows.
WARNING : LaTeX compilation of figure_set_game_2cards-5.tex failed
DEBUG   : Successfully changed directory back to /workspaces/activediscreteTEST0312826/Doree-main/source
ERROR   : Unable to generate some latex-image assets:
 LaTeX compilation failed for 6 "latex-image"(s).
Review the log for error messages, and LaTeX transcripts.
Images are:
  figure_all_diff_set-2.tex
  figure_show_set-2.tex
  figure_show_not_set-2.tex
  figure_decide_if_set-2.tex
  figure_set_game_2cards-2.tex
  figure_set_game_2cards-5.tex
DEBUG   : LaTeX compilation failed for 6 "latex-image"(s).
Review the log for error messages, and LaTeX transcripts.
Images are:
  figure_all_diff_set-2.tex
  figure_show_set-2.tex
  figure_show_not_set-2.tex
  figure_decide_if_set-2.tex
  figure_set_game_2cards-2.tex
  figure_set_game_2cards-5.tex
Traceback (most recent call last):
  File "/home/codespace/.python/current/lib/python3.12/site-packages/pretext/project/__init__.py", line 1191, in generate_assets
    core.latex_image_conversion(
  File "/home/codespace/.python/current/lib/python3.12/site-packages/pretext/core/pretext.py", line 686, in latex_image_conversion
    raise ValueError(msg + image_list)
ValueError: LaTeX compilation failed for 6 "latex-image"(s).
Review the log for error messages, and LaTeX transcripts.
Images are:
  figure_all_diff_set-2.tex
  figure_show_set-2.tex
  figure_show_not_set-2.tex
  figure_decide_if_set-2.tex
  figure_set_game_2cards-2.tex
  figure_set_game_2cards-5.tex
INFO    : Removing temporary directory /tmp/ptx-j4xj1emb
DEBUG   : Removed temporary directory /tmp/ptx-j4xj1emb
DEBUG   : Updated these assets successfully: []
DEBUG   : These assets were unsuccessful: ['latex-image']
DEBUG   : Asset type latex-image was requested to be generated, but was not generated successfully.  This asset type will be regenerated on the next build, even if the source files have not changed, since we can't be sure that the existing generated assets are up to date.
INFO    : Finished generating assets.

CRITICAL: There were errors during the generate process.  See above.
DEBUG   : Exception info:
------------------------
Traceback (most recent call last):
  File "/home/codespace/.python/current/lib/python3.12/site-packages/pretext/cli.py", line 896, in generate
    raise Exception(
Exception: There were errors during the generate process.  See above.
INFO    : ------------------------
CRITICAL: Generating assets as failed.  Exiting...
INFO    : 
----------------------------------------------------
INFO    : While running pretext, the following errors occurred:

INFO    : (see log messages above or in the 'logs' folder for more information)
INFO    : ----------------------------------------------------
