WARNING : Using CLI version 2.43.2 but project's `requirements.txt`
WARNING : is configured to use 2.43.1. Consider either installing
WARNING : CLI version 2.43.1 or running `pretext update-project`
WARNING : to update `requirements.txt` and other managed files to match 2.43.2.
INFO    : Staging deployment according to strategy default_target
INFO    : Since no target was supplied, we will use "web".

INFO    : Staging latest build located in `/workspaces/activediscreteTEST0312826/Doree-main/source/build/web` at `/workspaces/activediscreteTEST0312826/Doree-main/source/output/stage`.
INFO    : 
INFO    : Initializing project with Git.
INFO    : Successfully initialized new Git repository!
INFO    : 
INFO    : Preparing to deploy from active `main` git branch.

INFO    : Changes to project source since last commit detected.
WARNING : Don't forget to either add and commit the changes to your source with git, or run `pretext deploy -u` to have these changes updated automatically.
WARNING : Just deploying your built project will not save changes to your source on GitHub.`
WARNING : Remote GitHub repository is not yet configured.

INFO    : And if you haven't already, create a remote GitHub repository for this project at:
INFO    :     https://github.com/new
INFO    : (Do NOT check any "initialize" options.)
INFO    : On the next page, copy the "HTTPS" version of the URL in the "Quick Setup" section.
INFO    : 
