WARNING : Using CLI version 2.43.2 but project's `requirements.txt`
WARNING : is configured to use 2.43.1. Consider either installing
WARNING : CLI version 2.43.1 or running `pretext update-project`
WARNING : to update `requirements.txt` and other managed files to match 2.43.2.
INFO    : Building target web
INFO    : XSL conversion of /workspaces/activediscreteTEST0312826/Doree-main/source/main.ptx by /home/codespace/.ptx/2.43.2/core/xsl/utilities/pretext-enhanced-source.xsl
INFO    : successful application of /home/codespace/.ptx/2.43.2/core/xsl/utilities/pretext-enhanced-source.xsl
WARNING : Schema validation could not be completed: no validator was available (jing is not installed and lxml could not compile the schema). Continuing with build.
INFO    : Generating any needed assets.
WARNING : Now generating latex images
INFO    : converting latex-image pictures from /workspaces/activediscreteTEST0312826/Doree-main/source/main.ptx to svg graphics for placement in /workspaces/activediscreteTEST0312826/Doree-main/generated-assets/latex-image
INFO    : extracting latex-image pictures from /workspaces/activediscreteTEST0312826/Doree-main/source/main.ptx
INFO    : string parameters passed to extraction stylesheet: {'cli.version': '2.43', 'publisher': '/workspaces/activediscreteTEST0312826/Doree-main/source/publication.xml'}
INFO    : discovering source file's directory name: /workspaces/activediscreteTEST0312826/Doree-main/source
INFO    : verifying and expanding input directory: /workspaces/activediscreteTEST0312826/Doree-main/source/../generated-assets
INFO    : input directory expanded to absolute path: /workspaces/activediscreteTEST0312826/Doree-main/generated-assets
INFO    : verifying and expanding input directory: /workspaces/activediscreteTEST0312826/Doree-main/source/../assets
INFO    : input directory expanded to absolute path: /workspaces/activediscreteTEST0312826/Doree-main/assets
INFO    : discovering source file's directory name: /workspaces/activediscreteTEST0312826/Doree-main/source
INFO    : XSL conversion of /workspaces/activediscreteTEST0312826/Doree-main/source/main.ptx by /home/codespace/.ptx/2.43.2/core/xsl/extract-latex-image.xsl
INFO    : messages from the log for XSL processing:
ERROR   : * PTX:ERROR: the @xml:id value "act_good_at" should be unique, but is authored multiple times.
INFO    : *            Results will be unpredictable, and likely incorrect.  Information on the locations follows:
INFO    : *              located at: pretext/book/chapter/section/subsection/activity
INFO    : *              located within: "act_good_at" (xml:id), "
    Getting good at somethingThanks to Robert Talbert
    A growth-focused icebreaker
    Grading for Growth blogpost
    " (title)
INFO    : *              located at: pretext/book/chapter/section/subsection/activity
INFO    : *              located within: "act_good_at" (xml:id), "
    Getting good at somethingThanks to Robert Talbert
    A growth-focused icebreaker
    Grading for Growth blogpost
    " (title)
ERROR   : * PTX:ERROR: the @xml:id value "act_handshakes" should be unique, but is authored multiple times.
INFO    : *            Results will be unpredictable, and likely incorrect.  Information on the locations follows:
INFO    : *              located at: pretext/book/chapter/section/subsection/activity
INFO    : *              located within: "act_handshakes" (xml:id), "Handshakes puzzle" (title)
INFO    : *              located at: pretext/book/chapter/section/subsection/activity
INFO    : *              located within: "act_handshakes" (xml:id), "Handshakes puzzle" (title)
ERROR   : * PTX:ERROR: the @xml:id value "ch_prologue" should be unique, but is authored multiple times.
INFO    : *            Results will be unpredictable, and likely incorrect.  Information on the locations follows:
INFO    : *              located at: pretext/book/chapter
INFO    : *              located within: "ch_prologue" (xml:id), "Prologue: Handshakes" (title)
INFO    : *              located at: pretext/book/chapter
INFO    : *              located within: "ch_prologue" (xml:id), "Prologue: Handshakes" (title)
ERROR   : * PTX:ERROR: the @xml:id value "exam_hs6" should be unique, but is authored multiple times.
INFO    : *            Results will be unpredictable, and likely incorrect.  Information on the locations follows:
INFO    : *              located at: pretext/book/chapter/section/subsection/example
INFO    : *              located within: "exam_hs6" (xml:id), "Six students shake hands" (title)
INFO    : *              located at: pretext/book/chapter/section/subsection/example
INFO    : *              located within: "exam_hs6" (xml:id), "Six students shake hands" (title)
ERROR   : * PTX:ERROR: the @xml:id value "exer_assessment" should be unique, but is authored multiple times.
INFO    : *            Results will be unpredictable, and likely incorrect.  Information on the locations follows:
INFO    : *              located at: pretext/book/chapter/section/subsection/subsubsection/exercise
INFO    : *              located within: "exer_assessment" (xml:id), "Practice" (title)
INFO    : *              located at: pretext/book/chapter/section/subsection/subsubsection/exercise
INFO    : *              located within: "exer_assessment" (xml:id), "Practice" (title)
ERROR   : * PTX:ERROR: the @xml:id value "exer_att" should be unique, but is authored multiple times.
INFO    : *            Results will be unpredictable, and likely incorrect.  Information on the locations follows:
INFO    : *              located at: pretext/book/chapter/section/subsection/subsubsection/exercise
INFO    : *              located within: "exer_att" (xml:id), "Practice" (title)
INFO    : *              located at: pretext/book/chapter/section/subsection/subsubsection/exercise
INFO    : *              located within: "exer_att" (xml:id), "Practice" (title)
ERROR   : * PTX:ERROR: the @xml:id value "exer_discrete_history_handshakes" should be unique, but is authored multiple times.
INFO    : *            Results will be unpredictable, and likely incorrect.  Information on the locations follows:
INFO    : *              located at: pretext/book/chapter/section/subsection/subsubsection/exercise
INFO    : *              located within: "exer_discrete_history_handshakes" (xml:id), "Understand" (title)
INFO    : *              located at: pretext/book/chapter/section/subsection/subsubsection/exercise
INFO    : *              located within: "exer_discrete_history_handshakes" (xml:id), "Understand" (title)
ERROR   : * PTX:ERROR: the @xml:id value "exer_dyk_count_hs" should be unique, but is authored multiple times.
INFO    : *            Results will be unpredictable, and likely incorrect.  Information on the locations follows:
INFO    : *              located at: pretext/book/chapter/section/subsection/subsubsection/exercise
INFO    : *              located within: "exer_dyk_count_hs" (xml:id), "Recap" (title)
INFO    : *              located at: pretext/book/chapter/section/subsection/subsubsection/exercise
INFO    : *              located within: "exer_dyk_count_hs" (xml:id), "Recap" (title)
ERROR   : * PTX:ERROR: the @xml:id value "exer_growth" should be unique, but is authored multiple times.
INFO    : *            Results will be unpredictable, and likely incorrect.  Information on the locations follows:
INFO    : *              located at: pretext/book/chapter/section/subsection/subsubsection/exercise
INFO    : *              located within: "exer_growth" (xml:id), "Understand" (title)
INFO    : *              located at: pretext/book/chapter/section/subsection/subsubsection/exercise
INFO    : *              located within: "exer_growth" (xml:id), "Understand" (title)
ERROR   : * PTX:ERROR: the @xml:id value "exer_handshakes_eight" should be unique, but is authored multiple times.
INFO    : *            Results will be unpredictable, and likely incorrect.  Information on the locations follows:
INFO    : *              located at: pretext/book/chapter/section/subsection/subsubsection/exercise
INFO    : *              located within: "exer_handshakes_eight" (xml:id), "Practice" (title)
INFO    : *              located at: pretext/book/chapter/section/subsection/subsubsection/exercise
INFO    : *              located within: "exer_handshakes_eight" (xml:id), "Practice" (title)
ERROR   : * PTX:ERROR: the @xml:id value "exer_help" should be unique, but is authored multiple times.
INFO    : *            Results will be unpredictable, and likely incorrect.  Information on the locations follows:
INFO    : *              located at: pretext/book/chapter/section/subsection/subsubsection/exercise
INFO    : *              located within: "exer_help" (xml:id), "Practice" (title)
INFO    : *              located at: pretext/book/chapter/section/subsection/subsubsection/exercise
INFO    : *              located within: "exer_help" (xml:id), "Practice" (title)
ERROR   : * PTX:ERROR: the @xml:id value "exer_honesty" should be unique, but is authored multiple times.
INFO    : *            Results will be unpredictable, and likely incorrect.  Information on the locations follows:
INFO    : *              located at: pretext/book/chapter/section/subsection/subsubsection/exercise
INFO    : *              located within: "exer_honesty" (xml:id), "Practice" (title)
INFO    : *              located at: pretext/book/chapter/section/subsection/subsubsection/exercise
INFO    : *              located within: "exer_honesty" (xml:id), "Practice" (title)
ERROR   : * PTX:ERROR: the @xml:id value "exer_limited_handshakes" should be unique, but is authored multiple times.
INFO    : *            Results will be unpredictable, and likely incorrect.  Information on the locations follows:
INFO    : *              located at: pretext/book/chapter/section/subsection/subsubsection/exercise
INFO    : *              located within: "exer_limited_handshakes" (xml:id), "Explore" (title)
INFO    : *              located at: pretext/book/chapter/section/subsection/subsubsection/exercise
INFO    : *              located within: "exer_limited_handshakes" (xml:id), "Explore" (title)
ERROR   : * PTX:ERROR: the @xml:id value "exer_motivation" should be unique, but is authored multiple times.
INFO    : *            Results will be unpredictable, and likely incorrect.  Information on the locations follows:
INFO    : *              located at: pretext/book/chapter/section/subsection/subsubsection/exercise
INFO    : *              located within: "exer_motivation" (xml:id), "Understand" (title)
INFO    : *              located at: pretext/book/chapter/section/subsection/subsubsection/exercise
INFO    : *              located within: "exer_motivation" (xml:id), "Understand" (title)
ERROR   : * PTX:ERROR: the @xml:id value "exer_time" should be unique, but is authored multiple times.
INFO    : *            Results will be unpredictable, and likely incorrect.  Information on the locations follows:
INFO    : *              located at: pretext/book/chapter/section/subsection/subsubsection/exercise
INFO    : *              located within: "exer_time" (xml:id), "Understand" (title)
INFO    : *              located at: pretext/book/chapter/section/subsection/subsubsection/exercise
INFO    : *              located within: "exer_time" (xml:id), "Understand" (title)
ERROR   : * PTX:ERROR: the @xml:id value "exer_topics" should be unique, but is authored multiple times.
INFO    : *            Results will be unpredictable, and likely incorrect.  Information on the locations follows:
INFO    : *              located at: pretext/book/chapter/section/subsection/subsubsection/exercise
INFO    : *              located within: "exer_topics" (xml:id), "Practice" (title)
INFO    : *              located at: pretext/book/chapter/section/subsection/subsubsection/exercise
INFO    : *              located within: "exer_topics" (xml:id), "Practice" (title)
ERROR   : * PTX:ERROR: the @xml:id value "exer_university_handshakes" should be unique, but is authored multiple times.
INFO    : *            Results will be unpredictable, and likely incorrect.  Information on the locations follows:
INFO    : *              located at: pretext/book/chapter/section/subsection/subsubsection/exercise
INFO    : *              located within: "exer_university_handshakes" (xml:id), "Explore" (title)
INFO    : *              located at: pretext/book/chapter/section/subsection/subsubsection/exercise
INFO    : *              located within: "exer_university_handshakes" (xml:id), "Explore" (title)
ERROR   : * PTX:ERROR: the @xml:id value "fig_K6" should be unique, but is authored multiple times.
INFO    : *            Results will be unpredictable, and likely incorrect.  Information on the locations follows:
INFO    : *              located at: pretext/book/chapter/section/subsection/example/solution/figure
INFO    : *              located within: "fig_K6" (xml:id)
INFO    : *              located at: pretext/book/chapter/section/subsection/example/solution/figure
INFO    : *              located within: "fig_K6" (xml:id)
ERROR   : * PTX:ERROR: the @xml:id value "part_class_hs" should be unique, but is authored multiple times.
INFO    : *            Results will be unpredictable, and likely incorrect.  Information on the locations follows:
INFO    : *              located at: pretext/book/chapter/section/subsection/activity/p/ol/li
INFO    : *              located within: "part_class_hs" (xml:id)
INFO    : *              located at: pretext/book/chapter/section/subsection/activity/p/ol/li
INFO    : *              located within: "part_class_hs" (xml:id)
ERROR   : * PTX:ERROR: the @xml:id value "part_gpsize_hs" should be unique, but is authored multiple times.
INFO    : *            Results will be unpredictable, and likely incorrect.  Information on the locations follows:
INFO    : *              located at: pretext/book/chapter/section/subsection/activity/p/ol/li
INFO    : *              located within: "part_gpsize_hs" (xml:id)
INFO    : *              located at: pretext/book/chapter/section/subsection/activity/p/ol/li
INFO    : *              located within: "part_gpsize_hs" (xml:id)
ERROR   : * PTX:ERROR: the @xml:id value "part_group_hs" should be unique, but is authored multiple times.
INFO    : *            Results will be unpredictable, and likely incorrect.  Information on the locations follows:
INFO    : *              located at: pretext/book/chapter/section/subsection/activity/p/ol/li
INFO    : *              located within: "part_group_hs" (xml:id)
INFO    : *              located at: pretext/book/chapter/section/subsection/activity/p/ol/li
INFO    : *              located within: "part_group_hs" (xml:id)
ERROR   : * PTX:ERROR: the @xml:id value "part_hs8" should be unique, but is authored multiple times.
INFO    : *            Results will be unpredictable, and likely incorrect.  Information on the locations follows:
INFO    : *              located at: pretext/book/chapter/section/subsection/subsubsection/exercise/statement/p/ol/li
INFO    : *              located within: "part_hs8" (xml:id)
INFO    : *              located at: pretext/book/chapter/section/subsection/subsubsection/exercise/statement/p/ol/li
INFO    : *              located within: "part_hs8" (xml:id)
ERROR   : * PTX:ERROR: the @xml:id value "part_my_hs" should be unique, but is authored multiple times.
INFO    : *            Results will be unpredictable, and likely incorrect.  Information on the locations follows:
INFO    : *              located at: pretext/book/chapter/section/subsection/activity/p/ol/li
INFO    : *              located within: "part_my_hs" (xml:id)
INFO    : *              located at: pretext/book/chapter/section/subsection/activity/p/ol/li
INFO    : *              located within: "part_my_hs" (xml:id)
ERROR   : * PTX:ERROR: the @xml:id value "part_sum1to7" should be unique, but is authored multiple times.
INFO    : *            Results will be unpredictable, and likely incorrect.  Information on the locations follows:
INFO    : *              located at: pretext/book/chapter/section/subsection/subsubsection/exercise/statement/p/ol/li
INFO    : *              located within: "part_sum1to7" (xml:id)
INFO    : *              located at: pretext/book/chapter/section/subsection/subsubsection/exercise/statement/p/ol/li
INFO    : *              located within: "part_sum1to7" (xml:id)
ERROR   : * PTX:ERROR: the @xml:id value "part_thm_hsn" should be unique, but is authored multiple times.
INFO    : *            Results will be unpredictable, and likely incorrect.  Information on the locations follows:
INFO    : *              located at: pretext/book/chapter/section/subsection/theorem/statement/p/ol/li
INFO    : *              located within: "part_thm_hsn" (xml:id)
INFO    : *              located at: pretext/book/chapter/section/subsection/theorem/statement/p/ol/li
INFO    : *              located within: "part_thm_hsn" (xml:id)
ERROR   : * PTX:ERROR: the @xml:id value "part_thm_hsnplus1" should be unique, but is authored multiple times.
INFO    : *            Results will be unpredictable, and likely incorrect.  Information on the locations follows:
INFO    : *              located at: pretext/book/chapter/section/subsection/theorem/statement/p/ol/li
INFO    : *              located within: "part_thm_hsnplus1" (xml:id)
INFO    : *              located at: pretext/book/chapter/section/subsection/theorem/statement/p/ol/li
INFO    : *              located within: "part_thm_hsnplus1" (xml:id)
ERROR   : * PTX:ERROR: the @xml:id value "sec_handshakes" should be unique, but is authored multiple times.
INFO    : *            Results will be unpredictable, and likely incorrect.  Information on the locations follows:
INFO    : *              located at: pretext/book/chapter/section
INFO    : *              located within: "sec_handshakes" (xml:id), "Handshakes" (title)
INFO    : *              located at: pretext/book/chapter/section
INFO    : *              located within: "sec_handshakes" (xml:id), "Handshakes" (title)
ERROR   : * PTX:ERROR: the @xml:id value "thm_hs" should be unique, but is authored multiple times.
INFO    : *            Results will be unpredictable, and likely incorrect.  Information on the locations follows:
INFO    : *              located at: pretext/book/chapter/section/subsection/theorem
INFO    : *              located within: "thm_hs" (xml:id)
INFO    : *              located at: pretext/book/chapter/section/subsection/theorem
INFO    : *              located within: "thm_hs" (xml:id)
INFO    : successful application of /home/codespace/.ptx/2.43.2/core/xsl/extract-latex-image.xsl
INFO    : Removing temporary directory /tmp/ptx-hx4rq8it
INFO    : Finished generating assets.

INFO    : Building with custom xsl /workspaces/activediscreteTEST0312826/Doree-main/source/xsl/custom-html.xsl
INFO    : Preparing to build into /workspaces/activediscreteTEST0312826/Doree-main/source/build/web.
INFO    : discovering source file's directory name: /workspaces/activediscreteTEST0312826/Doree-main/source
INFO    : verifying and expanding input directory: /workspaces/activediscreteTEST0312826/Doree-main/source/../generated-assets
INFO    : input directory expanded to absolute path: /workspaces/activediscreteTEST0312826/Doree-main/generated-assets
INFO    : verifying and expanding input directory: /workspaces/activediscreteTEST0312826/Doree-main/source/../assets
INFO    : input directory expanded to absolute path: /workspaces/activediscreteTEST0312826/Doree-main/assets
INFO    : discovering source file's directory name: /workspaces/activediscreteTEST0312826/Doree-main/source
INFO    : XSL conversion of /workspaces/activediscreteTEST0312826/Doree-main/source/main.ptx by /home/codespace/.ptx/2.43.2/core/xsl/utilities/report-publisher-variables.xsl
INFO    : successful application of /home/codespace/.ptx/2.43.2/core/xsl/utilities/report-publisher-variables.xsl
INFO    : Downloading rs services file from https://runestone.academy/cdn/runestone/latest/webpack_static_imports.xml.
INFO    : Runestone Services via online CDN query: version 8.1.16
INFO    : Downloading Runestone Services, version 8.1.16
INFO    : Extracting Runestone Services from archive file
INFO    : Building custom css theme: theme-default-modern
INFO    : converting /workspaces/activediscreteTEST0312826/Doree-main/source/main.ptx to HTML in /tmp/ptx-9nxhw7xr
INFO    : XSL conversion of /workspaces/activediscreteTEST0312826/Doree-main/source/main.ptx by /tmp/ptxcli_6o5xev8h/cli_xsl/custom-html.xsl
INFO    : messages from the log for XSL processing:
ERROR   : * PTX:ERROR: the @xml:id value "act_good_at" should be unique, but is authored multiple times.
INFO    : *            Results will be unpredictable, and likely incorrect.  Information on the locations follows:
INFO    : *              located at: pretext/book/chapter/section/subsection/activity
INFO    : *              located within: "act_good_at" (xml:id), "
    Getting good at somethingThanks to Robert Talbert
    A growth-focused icebreaker
    Grading for Growth blogpost
    " (title)
INFO    : *              located at: pretext/book/chapter/section/subsection/activity
INFO    : *              located within: "act_good_at" (xml:id), "
    Getting good at somethingThanks to Robert Talbert
    A growth-focused icebreaker
    Grading for Growth blogpost
    " (title)
ERROR   : * PTX:ERROR: the @xml:id value "act_handshakes" should be unique, but is authored multiple times.
INFO    : *            Results will be unpredictable, and likely incorrect.  Information on the locations follows:
INFO    : *              located at: pretext/book/chapter/section/subsection/activity
INFO    : *              located within: "act_handshakes" (xml:id), "Handshakes puzzle" (title)
INFO    : *              located at: pretext/book/chapter/section/subsection/activity
INFO    : *              located within: "act_handshakes" (xml:id), "Handshakes puzzle" (title)
ERROR   : * PTX:ERROR: the @xml:id value "ch_prologue" should be unique, but is authored multiple times.
INFO    : *            Results will be unpredictable, and likely incorrect.  Information on the locations follows:
INFO    : *              located at: pretext/book/chapter
INFO    : *              located within: "ch_prologue" (xml:id), "Prologue: Handshakes" (title)
INFO    : *              located at: pretext/book/chapter
INFO    : *              located within: "ch_prologue" (xml:id), "Prologue: Handshakes" (title)
ERROR   : * PTX:ERROR: the @xml:id value "exam_hs6" should be unique, but is authored multiple times.
INFO    : *            Results will be unpredictable, and likely incorrect.  Information on the locations follows:
INFO    : *              located at: pretext/book/chapter/section/subsection/example
INFO    : *              located within: "exam_hs6" (xml:id), "Six students shake hands" (title)
INFO    : *              located at: pretext/book/chapter/section/subsection/example
INFO    : *              located within: "exam_hs6" (xml:id), "Six students shake hands" (title)
ERROR   : * PTX:ERROR: the @xml:id value "exer_assessment" should be unique, but is authored multiple times.
INFO    : *            Results will be unpredictable, and likely incorrect.  Information on the locations follows:
INFO    : *              located at: pretext/book/chapter/section/subsection/subsubsection/exercise
INFO    : *              located within: "exer_assessment" (xml:id), "Practice" (title)
INFO    : *              located at: pretext/book/chapter/section/subsection/subsubsection/exercise
INFO    : *              located within: "exer_assessment" (xml:id), "Practice" (title)
ERROR   : * PTX:ERROR: the @xml:id value "exer_att" should be unique, but is authored multiple times.
INFO    : *            Results will be unpredictable, and likely incorrect.  Information on the locations follows:
INFO    : *              located at: pretext/book/chapter/section/subsection/subsubsection/exercise
INFO    : *              located within: "exer_att" (xml:id), "Practice" (title)
INFO    : *              located at: pretext/book/chapter/section/subsection/subsubsection/exercise
INFO    : *              located within: "exer_att" (xml:id), "Practice" (title)
ERROR   : * PTX:ERROR: the @xml:id value "exer_discrete_history_handshakes" should be unique, but is authored multiple times.
INFO    : *            Results will be unpredictable, and likely incorrect.  Information on the locations follows:
INFO    : *              located at: pretext/book/chapter/section/subsection/subsubsection/exercise
INFO    : *              located within: "exer_discrete_history_handshakes" (xml:id), "Understand" (title)
INFO    : *              located at: pretext/book/chapter/section/subsection/subsubsection/exercise
INFO    : *              located within: "exer_discrete_history_handshakes" (xml:id), "Understand" (title)
ERROR   : * PTX:ERROR: the @xml:id value "exer_dyk_count_hs" should be unique, but is authored multiple times.
INFO    : *            Results will be unpredictable, and likely incorrect.  Information on the locations follows:
INFO    : *              located at: pretext/book/chapter/section/subsection/subsubsection/exercise
INFO    : *              located within: "exer_dyk_count_hs" (xml:id), "Recap" (title)
INFO    : *              located at: pretext/book/chapter/section/subsection/subsubsection/exercise
INFO    : *              located within: "exer_dyk_count_hs" (xml:id), "Recap" (title)
ERROR   : * PTX:ERROR: the @xml:id value "exer_growth" should be unique, but is authored multiple times.
INFO    : *            Results will be unpredictable, and likely incorrect.  Information on the locations follows:
INFO    : *              located at: pretext/book/chapter/section/subsection/subsubsection/exercise
INFO    : *              located within: "exer_growth" (xml:id), "Understand" (title)
INFO    : *              located at: pretext/book/chapter/section/subsection/subsubsection/exercise
INFO    : *              located within: "exer_growth" (xml:id), "Understand" (title)
ERROR   : * PTX:ERROR: the @xml:id value "exer_handshakes_eight" should be unique, but is authored multiple times.
INFO    : *            Results will be unpredictable, and likely incorrect.  Information on the locations follows:
INFO    : *              located at: pretext/book/chapter/section/subsection/subsubsection/exercise
INFO    : *              located within: "exer_handshakes_eight" (xml:id), "Practice" (title)
INFO    : *              located at: pretext/book/chapter/section/subsection/subsubsection/exercise
INFO    : *              located within: "exer_handshakes_eight" (xml:id), "Practice" (title)
ERROR   : * PTX:ERROR: the @xml:id value "exer_help" should be unique, but is authored multiple times.
INFO    : *            Results will be unpredictable, and likely incorrect.  Information on the locations follows:
INFO    : *              located at: pretext/book/chapter/section/subsection/subsubsection/exercise
INFO    : *              located within: "exer_help" (xml:id), "Practice" (title)
INFO    : *              located at: pretext/book/chapter/section/subsection/subsubsection/exercise
INFO    : *              located within: "exer_help" (xml:id), "Practice" (title)
ERROR   : * PTX:ERROR: the @xml:id value "exer_honesty" should be unique, but is authored multiple times.
INFO    : *            Results will be unpredictable, and likely incorrect.  Information on the locations follows:
INFO    : *              located at: pretext/book/chapter/section/subsection/subsubsection/exercise
INFO    : *              located within: "exer_honesty" (xml:id), "Practice" (title)
INFO    : *              located at: pretext/book/chapter/section/subsection/subsubsection/exercise
INFO    : *              located within: "exer_honesty" (xml:id), "Practice" (title)
ERROR   : * PTX:ERROR: the @xml:id value "exer_limited_handshakes" should be unique, but is authored multiple times.
INFO    : *            Results will be unpredictable, and likely incorrect.  Information on the locations follows:
INFO    : *              located at: pretext/book/chapter/section/subsection/subsubsection/exercise
INFO    : *              located within: "exer_limited_handshakes" (xml:id), "Explore" (title)
INFO    : *              located at: pretext/book/chapter/section/subsection/subsubsection/exercise
INFO    : *              located within: "exer_limited_handshakes" (xml:id), "Explore" (title)
ERROR   : * PTX:ERROR: the @xml:id value "exer_motivation" should be unique, but is authored multiple times.
INFO    : *            Results will be unpredictable, and likely incorrect.  Information on the locations follows:
INFO    : *              located at: pretext/book/chapter/section/subsection/subsubsection/exercise
INFO    : *              located within: "exer_motivation" (xml:id), "Understand" (title)
INFO    : *              located at: pretext/book/chapter/section/subsection/subsubsection/exercise
INFO    : *              located within: "exer_motivation" (xml:id), "Understand" (title)
ERROR   : * PTX:ERROR: the @xml:id value "exer_time" should be unique, but is authored multiple times.
INFO    : *            Results will be unpredictable, and likely incorrect.  Information on the locations follows:
INFO    : *              located at: pretext/book/chapter/section/subsection/subsubsection/exercise
INFO    : *              located within: "exer_time" (xml:id), "Understand" (title)
INFO    : *              located at: pretext/book/chapter/section/subsection/subsubsection/exercise
INFO    : *              located within: "exer_time" (xml:id), "Understand" (title)
ERROR   : * PTX:ERROR: the @xml:id value "exer_topics" should be unique, but is authored multiple times.
INFO    : *            Results will be unpredictable, and likely incorrect.  Information on the locations follows:
INFO    : *              located at: pretext/book/chapter/section/subsection/subsubsection/exercise
INFO    : *              located within: "exer_topics" (xml:id), "Practice" (title)
INFO    : *              located at: pretext/book/chapter/section/subsection/subsubsection/exercise
INFO    : *              located within: "exer_topics" (xml:id), "Practice" (title)
ERROR   : * PTX:ERROR: the @xml:id value "exer_university_handshakes" should be unique, but is authored multiple times.
INFO    : *            Results will be unpredictable, and likely incorrect.  Information on the locations follows:
INFO    : *              located at: pretext/book/chapter/section/subsection/subsubsection/exercise
INFO    : *              located within: "exer_university_handshakes" (xml:id), "Explore" (title)
INFO    : *              located at: pretext/book/chapter/section/subsection/subsubsection/exercise
INFO    : *              located within: "exer_university_handshakes" (xml:id), "Explore" (title)
ERROR   : * PTX:ERROR: the @xml:id value "fig_K6" should be unique, but is authored multiple times.
INFO    : *            Results will be unpredictable, and likely incorrect.  Information on the locations follows:
INFO    : *              located at: pretext/book/chapter/section/subsection/example/solution/figure
INFO    : *              located within: "fig_K6" (xml:id)
INFO    : *              located at: pretext/book/chapter/section/subsection/example/solution/figure
INFO    : *              located within: "fig_K6" (xml:id)
ERROR   : * PTX:ERROR: the @xml:id value "part_class_hs" should be unique, but is authored multiple times.
INFO    : *            Results will be unpredictable, and likely incorrect.  Information on the locations follows:
INFO    : *              located at: pretext/book/chapter/section/subsection/activity/p/ol/li
INFO    : *              located within: "part_class_hs" (xml:id)
INFO    : *              located at: pretext/book/chapter/section/subsection/activity/p/ol/li
INFO    : *              located within: "part_class_hs" (xml:id)
ERROR   : * PTX:ERROR: the @xml:id value "part_gpsize_hs" should be unique, but is authored multiple times.
INFO    : *            Results will be unpredictable, and likely incorrect.  Information on the locations follows:
INFO    : *              located at: pretext/book/chapter/section/subsection/activity/p/ol/li
INFO    : *              located within: "part_gpsize_hs" (xml:id)
INFO    : *              located at: pretext/book/chapter/section/subsection/activity/p/ol/li
INFO    : *              located within: "part_gpsize_hs" (xml:id)
ERROR   : * PTX:ERROR: the @xml:id value "part_group_hs" should be unique, but is authored multiple times.
INFO    : *            Results will be unpredictable, and likely incorrect.  Information on the locations follows:
INFO    : *              located at: pretext/book/chapter/section/subsection/activity/p/ol/li
INFO    : *              located within: "part_group_hs" (xml:id)
INFO    : *              located at: pretext/book/chapter/section/subsection/activity/p/ol/li
INFO    : *              located within: "part_group_hs" (xml:id)
ERROR   : * PTX:ERROR: the @xml:id value "part_hs8" should be unique, but is authored multiple times.
INFO    : *            Results will be unpredictable, and likely incorrect.  Information on the locations follows:
INFO    : *              located at: pretext/book/chapter/section/subsection/subsubsection/exercise/statement/p/ol/li
INFO    : *              located within: "part_hs8" (xml:id)
INFO    : *              located at: pretext/book/chapter/section/subsection/subsubsection/exercise/statement/p/ol/li
INFO    : *              located within: "part_hs8" (xml:id)
ERROR   : * PTX:ERROR: the @xml:id value "part_my_hs" should be unique, but is authored multiple times.
INFO    : *            Results will be unpredictable, and likely incorrect.  Information on the locations follows:
INFO    : *              located at: pretext/book/chapter/section/subsection/activity/p/ol/li
INFO    : *              located within: "part_my_hs" (xml:id)
INFO    : *              located at: pretext/book/chapter/section/subsection/activity/p/ol/li
INFO    : *              located within: "part_my_hs" (xml:id)
ERROR   : * PTX:ERROR: the @xml:id value "part_sum1to7" should be unique, but is authored multiple times.
INFO    : *            Results will be unpredictable, and likely incorrect.  Information on the locations follows:
INFO    : *              located at: pretext/book/chapter/section/subsection/subsubsection/exercise/statement/p/ol/li
INFO    : *              located within: "part_sum1to7" (xml:id)
INFO    : *              located at: pretext/book/chapter/section/subsection/subsubsection/exercise/statement/p/ol/li
INFO    : *              located within: "part_sum1to7" (xml:id)
ERROR   : * PTX:ERROR: the @xml:id value "part_thm_hsn" should be unique, but is authored multiple times.
INFO    : *            Results will be unpredictable, and likely incorrect.  Information on the locations follows:
INFO    : *              located at: pretext/book/chapter/section/subsection/theorem/statement/p/ol/li
INFO    : *              located within: "part_thm_hsn" (xml:id)
INFO    : *              located at: pretext/book/chapter/section/subsection/theorem/statement/p/ol/li
INFO    : *              located within: "part_thm_hsn" (xml:id)
ERROR   : * PTX:ERROR: the @xml:id value "part_thm_hsnplus1" should be unique, but is authored multiple times.
INFO    : *            Results will be unpredictable, and likely incorrect.  Information on the locations follows:
INFO    : *              located at: pretext/book/chapter/section/subsection/theorem/statement/p/ol/li
INFO    : *              located within: "part_thm_hsnplus1" (xml:id)
INFO    : *              located at: pretext/book/chapter/section/subsection/theorem/statement/p/ol/li
INFO    : *              located within: "part_thm_hsnplus1" (xml:id)
ERROR   : * PTX:ERROR: the @xml:id value "sec_handshakes" should be unique, but is authored multiple times.
INFO    : *            Results will be unpredictable, and likely incorrect.  Information on the locations follows:
INFO    : *              located at: pretext/book/chapter/section
INFO    : *              located within: "sec_handshakes" (xml:id), "Handshakes" (title)
INFO    : *              located at: pretext/book/chapter/section
INFO    : *              located within: "sec_handshakes" (xml:id), "Handshakes" (title)
ERROR   : * PTX:ERROR: the @xml:id value "thm_hs" should be unique, but is authored multiple times.
INFO    : *            Results will be unpredictable, and likely incorrect.  Information on the locations follows:
INFO    : *              located at: pretext/book/chapter/section/subsection/theorem
INFO    : *              located within: "thm_hs" (xml:id)
INFO    : *              located at: pretext/book/chapter/section/subsection/theorem
INFO    : *              located within: "thm_hs" (xml:id)
WARNING : * PTX:WARNING: In a section containing subsections, any content that is not inside a subsection needs to be inside an <introduction> and/or  <conclusion>.
INFO    : *              located at: pretext/book/chapter/section
INFO    : *              located within: "sec_handshakes" (xml:id), "Handshakes" (title)
WARNING : * PTX:WARNING: In a section containing subsections, any content that is not inside a subsection needs to be inside an <introduction> and/or  <conclusion>.
INFO    : *              located at: pretext/book/chapter/section
INFO    : *              located within: "sec_handshakes" (xml:id), "Handshakes" (title)
INFO    : * PTX:INFO:   checking all deprecated elements.
WARNING : * PTX:DEPRECATE: (2024-10-08) elements previously included in a "titlepage" element inside the "frontmatter" (author, editor, credit, date, and event) should now be placed in "frontmatter/bibinfo".  To ensure a title page is created, put only the empty element "titlepage-items" inside "titlepage".  Until you move these elements, we will try to honor your intent. (1 time)
INFO    : *              located at: pretext/book/frontmatter/titlepage
INFO    : *              located within: "Active Discrete Mathematics: Patterns, Structures, and Proof" (title)
INFO    : * --------------
WARNING : * PTX:DEPRECATE: (2026-05-11) the "me" and "men" elements have been deprecated.  The replacement is an "md" with no "mrow" children, and numbering is controlled by the "@number" attribute, or a global setting in "docinfo". (10 times)
INFO    : *              located at: pretext/book/chapter/section/subsection/activity/p/ol/li/p/me
INFO    : *              located within: "act_handshakes" (xml:id), "Handshakes puzzle" (title)
INFO    : *              located at: pretext/book/chapter/section/subsection/example/solution/p/me
INFO    : *              located within: "exam_hs6" (xml:id), "Six students shake hands" (title)
INFO    : *              located at: pretext/book/chapter/section/subsection/example/solution/p/me
INFO    : *              located within: "exam_hs6" (xml:id), "Six students shake hands" (title)
INFO    : *              located at: pretext/book/chapter/section/subsection/example/solution/p/me
INFO    : *              located within: "exam_hs6" (xml:id), "Six students shake hands" (title)
INFO    : *              located at: pretext/book/chapter/section/subsection/p/me
INFO    : *              located within: "Counting Handshakes" (title)
INFO    : *              located at: pretext/book/chapter/section/subsection/activity/p/ol/li/p/me
INFO    : *              located within: "act_handshakes" (xml:id), "Handshakes puzzle" (title)
INFO    : *              located at: pretext/book/chapter/section/subsection/example/solution/p/me
INFO    : *              located within: "exam_hs6" (xml:id), "Six students shake hands" (title)
INFO    : *              located at: pretext/book/chapter/section/subsection/example/solution/p/me
INFO    : *              located within: "exam_hs6" (xml:id), "Six students shake hands" (title)
INFO    : * --------------
ERROR   : * PTX:ERROR:   a cross-reference ("xref") uses references [ch_graph_theory] that do not point to any target, or perhaps point to multiple targets.  Maybe you typed an @xml:id value wrong, maybe the target of the @xml:id is nonexistent, or maybe you temporarily removed the target from your source, or maybe an auxiliary file contains a duplicate.  Your output will contain some placeholder text that you will not want to distribute to your readers.
INFO    : *              located at: pretext/book/chapter/section/subsection/example/solution/p/xref
INFO    : *              located within: "exam_hs6" (xml:id), "Six students shake hands" (title)
ERROR   : * PTX:ERROR:   a cross-reference ("xref") uses references [exer_math_ind_sum_evens] that do not point to any target, or perhaps point to multiple targets.  Maybe you typed an @xml:id value wrong, maybe the target of the @xml:id is nonexistent, or maybe you temporarily removed the target from your source, or maybe an auxiliary file contains a duplicate.  Your output will contain some placeholder text that you will not want to distribute to your readers.
INFO    : *              located at: pretext/book/chapter/section/subsection/p/xref
INFO    : *              located within: "Counting Handshakes" (title)
ERROR   : * PTX:ERROR:   a cross-reference ("xref") uses references [exer_comb_pf_sum_hs] that do not point to any target, or perhaps point to multiple targets.  Maybe you typed an @xml:id value wrong, maybe the target of the @xml:id is nonexistent, or maybe you temporarily removed the target from your source, or maybe an auxiliary file contains a duplicate.  Your output will contain some placeholder text that you will not want to distribute to your readers.
INFO    : *              located at: pretext/book/chapter/section/subsection/p/xref
INFO    : *              located within: "Counting Handshakes" (title)
ERROR   : * PTX:ERROR:   a cross-reference ("xref") uses references [sec_sum_proofs] that do not point to any target, or perhaps point to multiple targets.  Maybe you typed an @xml:id value wrong, maybe the target of the @xml:id is nonexistent, or maybe you temporarily removed the target from your source, or maybe an auxiliary file contains a duplicate.  Your output will contain some placeholder text that you will not want to distribute to your readers.
INFO    : *              located at: pretext/book/chapter/section/subsection/p/xref
INFO    : *              located within: "Counting Handshakes" (title)
ERROR   : * PTX:ERROR:   a cross-reference ("xref") uses references [ch_counting] that do not point to any target, or perhaps point to multiple targets.  Maybe you typed an @xml:id value wrong, maybe the target of the @xml:id is nonexistent, or maybe you temporarily removed the target from your source, or maybe an auxiliary file contains a duplicate.  Your output will contain some placeholder text that you will not want to distribute to your readers.
INFO    : *              located at: pretext/book/chapter/section/subsection/p/xref
INFO    : *              located within: "What is Discrete Mathematics?" (title)
ERROR   : * PTX:ERROR:   a cross-reference ("xref") uses references [ch_graph_theory] that do not point to any target, or perhaps point to multiple targets.  Maybe you typed an @xml:id value wrong, maybe the target of the @xml:id is nonexistent, or maybe you temporarily removed the target from your source, or maybe an auxiliary file contains a duplicate.  Your output will contain some placeholder text that you will not want to distribute to your readers.
INFO    : *              located at: pretext/book/chapter/section/subsection/p/xref
INFO    : *              located within: "What is Discrete Mathematics?" (title)
ERROR   : * PTX:ERROR:   a cross-reference ("xref") uses references [ch_number_theory] that do not point to any target, or perhaps point to multiple targets.  Maybe you typed an @xml:id value wrong, maybe the target of the @xml:id is nonexistent, or maybe you temporarily removed the target from your source, or maybe an auxiliary file contains a duplicate.  Your output will contain some placeholder text that you will not want to distribute to your readers.
INFO    : *              located at: pretext/book/chapter/section/subsection/p/xref
INFO    : *              located within: "What is Discrete Mathematics?" (title)
ERROR   : * PTX:ERROR:   a cross-reference ("xref") uses references [ch_logic_proof] that do not point to any target, or perhaps point to multiple targets.  Maybe you typed an @xml:id value wrong, maybe the target of the @xml:id is nonexistent, or maybe you temporarily removed the target from your source, or maybe an auxiliary file contains a duplicate.  Your output will contain some placeholder text that you will not want to distribute to your readers.
INFO    : *              located at: pretext/book/chapter/section/subsection/p/xref
INFO    : *              located within: "What is Discrete Mathematics?" (title)
ERROR   : * PTX:ERROR:   a cross-reference ("xref") uses references [ch_functions] that do not point to any target, or perhaps point to multiple targets.  Maybe you typed an @xml:id value wrong, maybe the target of the @xml:id is nonexistent, or maybe you temporarily removed the target from your source, or maybe an auxiliary file contains a duplicate.  Your output will contain some placeholder text that you will not want to distribute to your readers.
INFO    : *              located at: pretext/book/chapter/section/subsection/p/xref
INFO    : *              located within: "What is Discrete Mathematics?" (title)
ERROR   : * PTX:ERROR:   a cross-reference ("xref") uses references [ch_sets_rel] that do not point to any target, or perhaps point to multiple targets.  Maybe you typed an @xml:id value wrong, maybe the target of the @xml:id is nonexistent, or maybe you temporarily removed the target from your source, or maybe an auxiliary file contains a duplicate.  Your output will contain some placeholder text that you will not want to distribute to your readers.
INFO    : *              located at: pretext/book/chapter/section/subsection/p/xref
INFO    : *              located within: "What is Discrete Mathematics?" (title)
ERROR   : * PTX:ERROR:   a cross-reference ("xref") uses references [ch_recursion_induction] that do not point to any target, or perhaps point to multiple targets.  Maybe you typed an @xml:id value wrong, maybe the target of the @xml:id is nonexistent, or maybe you temporarily removed the target from your source, or maybe an auxiliary file contains a duplicate.  Your output will contain some placeholder text that you will not want to distribute to your readers.
INFO    : *              located at: pretext/book/chapter/section/subsection/p/xref
INFO    : *              located within: "What is Discrete Mathematics?" (title)
ERROR   : * PTX:ERROR:   a cross-reference ("xref") uses references [ch_sum_prod] that do not point to any target, or perhaps point to multiple targets.  Maybe you typed an @xml:id value wrong, maybe the target of the @xml:id is nonexistent, or maybe you temporarily removed the target from your source, or maybe an auxiliary file contains a duplicate.  Your output will contain some placeholder text that you will not want to distribute to your readers.
INFO    : *              located at: pretext/book/chapter/section/subsection/p/xref
INFO    : *              located within: "What is Discrete Mathematics?" (title)
ERROR   : * PTX:ERROR:   a cross-reference ("xref") uses references [act_squares_dominoes] that do not point to any target, or perhaps point to multiple targets.  Maybe you typed an @xml:id value wrong, maybe the target of the @xml:id is nonexistent, or maybe you temporarily removed the target from your source, or maybe an auxiliary file contains a duplicate.  Your output will contain some placeholder text that you will not want to distribute to your readers.
INFO    : *              located at: pretext/book/chapter/section/subsection/p/xref
INFO    : *              located within: "What is Discrete Mathematics?" (title)
ERROR   : * PTX:ERROR:   a cross-reference ("xref") uses references [sec_listing] that do not point to any target, or perhaps point to multiple targets.  Maybe you typed an @xml:id value wrong, maybe the target of the @xml:id is nonexistent, or maybe you temporarily removed the target from your source, or maybe an auxiliary file contains a duplicate.  Your output will contain some placeholder text that you will not want to distribute to your readers.
INFO    : *              located at: pretext/book/chapter/section/subsection/p/xref
INFO    : *              located within: "What is Discrete Mathematics?" (title)
ERROR   : * PTX:ERROR:   a cross-reference ("xref") uses references [ch_graph_theory] that do not point to any target, or perhaps point to multiple targets.  Maybe you typed an @xml:id value wrong, maybe the target of the @xml:id is nonexistent, or maybe you temporarily removed the target from your source, or maybe an auxiliary file contains a duplicate.  Your output will contain some placeholder text that you will not want to distribute to your readers.
INFO    : *              located at: pretext/book/chapter/section/subsection/example/solution/p/xref
INFO    : *              located within: "exam_hs6" (xml:id), "Six students shake hands" (title)
ERROR   : * PTX:ERROR:   a cross-reference ("xref") uses references [exer_math_ind_sum_evens] that do not point to any target, or perhaps point to multiple targets.  Maybe you typed an @xml:id value wrong, maybe the target of the @xml:id is nonexistent, or maybe you temporarily removed the target from your source, or maybe an auxiliary file contains a duplicate.  Your output will contain some placeholder text that you will not want to distribute to your readers.
INFO    : *              located at: pretext/book/chapter/section/subsection/p/xref
INFO    : *              located within: "Counting Handshakes" (title)
ERROR   : * PTX:ERROR:   a cross-reference ("xref") uses references [exer_comb_pf_sum_hs] that do not point to any target, or perhaps point to multiple targets.  Maybe you typed an @xml:id value wrong, maybe the target of the @xml:id is nonexistent, or maybe you temporarily removed the target from your source, or maybe an auxiliary file contains a duplicate.  Your output will contain some placeholder text that you will not want to distribute to your readers.
INFO    : *              located at: pretext/book/chapter/section/subsection/p/xref
INFO    : *              located within: "Counting Handshakes" (title)
ERROR   : * PTX:ERROR:   a cross-reference ("xref") uses references [sec_sum_proofs] that do not point to any target, or perhaps point to multiple targets.  Maybe you typed an @xml:id value wrong, maybe the target of the @xml:id is nonexistent, or maybe you temporarily removed the target from your source, or maybe an auxiliary file contains a duplicate.  Your output will contain some placeholder text that you will not want to distribute to your readers.
INFO    : *              located at: pretext/book/chapter/section/subsection/p/xref
INFO    : *              located within: "Counting Handshakes" (title)
ERROR   : * PTX:ERROR:   a cross-reference ("xref") uses references [ch_counting] that do not point to any target, or perhaps point to multiple targets.  Maybe you typed an @xml:id value wrong, maybe the target of the @xml:id is nonexistent, or maybe you temporarily removed the target from your source, or maybe an auxiliary file contains a duplicate.  Your output will contain some placeholder text that you will not want to distribute to your readers.
INFO    : *              located at: pretext/book/chapter/section/subsection/p/xref
INFO    : *              located within: "What is Discrete Mathematics?" (title)
ERROR   : * PTX:ERROR:   a cross-reference ("xref") uses references [ch_graph_theory] that do not point to any target, or perhaps point to multiple targets.  Maybe you typed an @xml:id value wrong, maybe the target of the @xml:id is nonexistent, or maybe you temporarily removed the target from your source, or maybe an auxiliary file contains a duplicate.  Your output will contain some placeholder text that you will not want to distribute to your readers.
INFO    : *              located at: pretext/book/chapter/section/subsection/p/xref
INFO    : *              located within: "What is Discrete Mathematics?" (title)
ERROR   : * PTX:ERROR:   a cross-reference ("xref") uses references [ch_number_theory] that do not point to any target, or perhaps point to multiple targets.  Maybe you typed an @xml:id value wrong, maybe the target of the @xml:id is nonexistent, or maybe you temporarily removed the target from your source, or maybe an auxiliary file contains a duplicate.  Your output will contain some placeholder text that you will not want to distribute to your readers.
INFO    : *              located at: pretext/book/chapter/section/subsection/p/xref
INFO    : *              located within: "What is Discrete Mathematics?" (title)
ERROR   : * PTX:ERROR:   a cross-reference ("xref") uses references [ch_logic_proof] that do not point to any target, or perhaps point to multiple targets.  Maybe you typed an @xml:id value wrong, maybe the target of the @xml:id is nonexistent, or maybe you temporarily removed the target from your source, or maybe an auxiliary file contains a duplicate.  Your output will contain some placeholder text that you will not want to distribute to your readers.
INFO    : *              located at: pretext/book/chapter/section/subsection/p/xref
INFO    : *              located within: "What is Discrete Mathematics?" (title)
ERROR   : * PTX:ERROR:   a cross-reference ("xref") uses references [ch_functions] that do not point to any target, or perhaps point to multiple targets.  Maybe you typed an @xml:id value wrong, maybe the target of the @xml:id is nonexistent, or maybe you temporarily removed the target from your source, or maybe an auxiliary file contains a duplicate.  Your output will contain some placeholder text that you will not want to distribute to your readers.
INFO    : *              located at: pretext/book/chapter/section/subsection/p/xref
INFO    : *              located within: "What is Discrete Mathematics?" (title)
ERROR   : * PTX:ERROR:   a cross-reference ("xref") uses references [ch_sets_rel] that do not point to any target, or perhaps point to multiple targets.  Maybe you typed an @xml:id value wrong, maybe the target of the @xml:id is nonexistent, or maybe you temporarily removed the target from your source, or maybe an auxiliary file contains a duplicate.  Your output will contain some placeholder text that you will not want to distribute to your readers.
INFO    : *              located at: pretext/book/chapter/section/subsection/p/xref
INFO    : *              located within: "What is Discrete Mathematics?" (title)
ERROR   : * PTX:ERROR:   a cross-reference ("xref") uses references [ch_recursion_induction] that do not point to any target, or perhaps point to multiple targets.  Maybe you typed an @xml:id value wrong, maybe the target of the @xml:id is nonexistent, or maybe you temporarily removed the target from your source, or maybe an auxiliary file contains a duplicate.  Your output will contain some placeholder text that you will not want to distribute to your readers.
INFO    : *              located at: pretext/book/chapter/section/subsection/p/xref
INFO    : *              located within: "What is Discrete Mathematics?" (title)
ERROR   : * PTX:ERROR:   a cross-reference ("xref") uses references [ch_sum_prod] that do not point to any target, or perhaps point to multiple targets.  Maybe you typed an @xml:id value wrong, maybe the target of the @xml:id is nonexistent, or maybe you temporarily removed the target from your source, or maybe an auxiliary file contains a duplicate.  Your output will contain some placeholder text that you will not want to distribute to your readers.
INFO    : *              located at: pretext/book/chapter/section/subsection/p/xref
INFO    : *              located within: "What is Discrete Mathematics?" (title)
ERROR   : * PTX:ERROR:   a cross-reference ("xref") uses references [act_squares_dominoes] that do not point to any target, or perhaps point to multiple targets.  Maybe you typed an @xml:id value wrong, maybe the target of the @xml:id is nonexistent, or maybe you temporarily removed the target from your source, or maybe an auxiliary file contains a duplicate.  Your output will contain some placeholder text that you will not want to distribute to your readers.
INFO    : *              located at: pretext/book/chapter/section/subsection/p/xref
INFO    : *              located within: "What is Discrete Mathematics?" (title)
ERROR   : * PTX:ERROR:   a cross-reference ("xref") uses references [sec_listing] that do not point to any target, or perhaps point to multiple targets.  Maybe you typed an @xml:id value wrong, maybe the target of the @xml:id is nonexistent, or maybe you temporarily removed the target from your source, or maybe an auxiliary file contains a duplicate.  Your output will contain some placeholder text that you will not want to distribute to your readers.
INFO    : *              located at: pretext/book/chapter/section/subsection/p/xref
INFO    : *              located within: "What is Discrete Mathematics?" (title)
ERROR   : * PTX:ERROR:   a cross-reference ("xref") uses references [ch_graph_theory] that do not point to any target, or perhaps point to multiple targets.  Maybe you typed an @xml:id value wrong, maybe the target of the @xml:id is nonexistent, or maybe you temporarily removed the target from your source, or maybe an auxiliary file contains a duplicate.  Your output will contain some placeholder text that you will not want to distribute to your readers.
INFO    : *              located at: pretext/book/chapter/section/subsection/example/solution/p/xref
INFO    : *              located within: "exam_hs6" (xml:id), "Six students shake hands" (title)
INFO    : successful application of /tmp/ptxcli_6o5xev8h/cli_xsl/custom-html.xsl
INFO    : Removing temporary directory /tmp/ptx-9nxhw7xr
INFO    : Removing temporary directory /tmp/ptx-fvvgdaxy
INFO    : 
Finished build for target web. Run `pretext view web` to see the results.

CRITICAL: There were errors during the build.  See above.
INFO    : ------------------------
CRITICAL: Failed to build without errors.  Exiting...
INFO    : 
----------------------------------------------------
INFO    : While running pretext, the following errors occurred:

INFO    : (see log messages above or in the 'logs' folder for more information)
INFO    : ----------------------------------------------------
