WARNING : Using CLI version 2.46.0 but project's `requirements.txt`
WARNING : is configured to use 2.43.1. Consider either installing
WARNING : CLI version 2.43.1 or running `pretext update-project`
WARNING : to update `requirements.txt` and other managed files to match 2.46.0.
INFO    : Generating assets for web
INFO    : Generating any needed assets.
INFO    : XSL conversion of /workspaces/activediscreteTEST0312826/Doree-main/source/main.ptx by /home/codespace/.ptx/2.46.0/core/xsl/utilities/pretext-enhanced-source.xsl
INFO    : messages from the log for XSL processing (prefaced with a *):
WARNING : * PTX:DEPRECATE: (2026-07-30) the external directory is a property of your source, and is now declared with a "directories/@external" attribute within "docinfo".  The publication file entry "source/directories/@external" is honored meanwhile, but please relocate it.
INFO    : successful application of /home/codespace/.ptx/2.46.0/core/xsl/utilities/pretext-enhanced-source.xsl
INFO    : discovering source file's directory name: /workspaces/activediscreteTEST0312826/Doree-main/source
WARNING : (2026-07-30) the external directory is a property of your source, and is now declared with a "directories/@external" attribute within "docinfo". The publisher file entry "source/directories/@external" is honored meanwhile, but please relocate it.
INFO    : verifying and expanding input directory: /workspaces/activediscreteTEST0312826/Doree-main/source/../assets
INFO    : input directory expanded to absolute path: /workspaces/activediscreteTEST0312826/Doree-main/assets
WARNING : Now generating latex images
INFO    : converting latex-image pictures from /workspaces/activediscreteTEST0312826/Doree-main/source/main.ptx to svg graphics for placement in /workspaces/activediscreteTEST0312826/Doree-main/generated-assets/latex-image
INFO    : extracting latex-image pictures from /workspaces/activediscreteTEST0312826/Doree-main/source/main.ptx
INFO    : string parameters passed to extraction stylesheet: {'publisher': '/workspaces/activediscreteTEST0312826/Doree-main/source/publication.xml', 'subtree': 'sec_onetoone_onto_fns'}
INFO    : discovering source file's directory name: /workspaces/activediscreteTEST0312826/Doree-main/source
WARNING : (2026-07-30) the external directory is a property of your source, and is now declared with a "directories/@external" attribute within "docinfo". The publisher file entry "source/directories/@external" is honored meanwhile, but please relocate it.
INFO    : verifying and expanding input directory: /workspaces/activediscreteTEST0312826/Doree-main/source/../assets
INFO    : input directory expanded to absolute path: /workspaces/activediscreteTEST0312826/Doree-main/assets
INFO    : discovering source file's directory name: /workspaces/activediscreteTEST0312826/Doree-main/source
INFO    : XSL conversion of /workspaces/activediscreteTEST0312826/Doree-main/source/main.ptx by /home/codespace/.ptx/2.46.0/core/xsl/extract-latex-image.xsl
INFO    : messages from the log for XSL processing (prefaced with a *):
WARNING : * PTX:DEPRECATE: (2026-07-30) the external directory is a property of your source, and is now declared with a "directories/@external" attribute within "docinfo".  The publication file entry "source/directories/@external" is honored meanwhile, but please relocate it.
INFO    : successful application of /home/codespace/.ptx/2.46.0/core/xsl/extract-latex-image.xsl
INFO    : converting fig_parabola_graph-2.tex to fig_parabola_graph-2.pdf
INFO    : cropping fig_parabola_graph-2.pdf to cropped-fig_parabola_graph-2.pdf
INFO    : renaming cropped-fig_parabola_graph-2.pdf to fig_parabola_graph-2.pdf
INFO    : converting fig_parabola_graph-2.pdf to fig_parabola_graph-2.svg
INFO    : converting fig_parabola_verticallinetest_graph-2.tex to fig_parabola_verticallinetest_graph-2.pdf
INFO    : cropping fig_parabola_verticallinetest_graph-2.pdf to cropped-fig_parabola_verticallinetest_graph-2.pdf
INFO    : renaming cropped-fig_parabola_verticallinetest_graph-2.pdf to fig_parabola_verticallinetest_graph-2.pdf
INFO    : converting fig_parabola_verticallinetest_graph-2.pdf to fig_parabola_verticallinetest_graph-2.svg
INFO    : converting fig_pairing_int_evens-2.tex to fig_pairing_int_evens-2.pdf
INFO    : cropping fig_pairing_int_evens-2.pdf to cropped-fig_pairing_int_evens-2.pdf
INFO    : renaming cropped-fig_pairing_int_evens-2.pdf to fig_pairing_int_evens-2.pdf
INFO    : converting fig_pairing_int_evens-2.pdf to fig_pairing_int_evens-2.svg
INFO    : converting fig_finite_is_function-2.tex to fig_finite_is_function-2.pdf
INFO    : cropping fig_finite_is_function-2.pdf to cropped-fig_finite_is_function-2.pdf
INFO    : renaming cropped-fig_finite_is_function-2.pdf to fig_finite_is_function-2.pdf
INFO    : converting fig_finite_is_function-2.pdf to fig_finite_is_function-2.svg
INFO    : converting fig_parabola_not_function-2.tex to fig_parabola_not_function-2.pdf
INFO    : cropping fig_parabola_not_function-2.pdf to cropped-fig_parabola_not_function-2.pdf
INFO    : renaming cropped-fig_parabola_not_function-2.pdf to fig_parabola_not_function-2.pdf
INFO    : converting fig_parabola_not_function-2.pdf to fig_parabola_not_function-2.svg
INFO    : converting fig_not_pairing_floorofhalf-2.tex to fig_not_pairing_floorofhalf-2.pdf
INFO    : cropping fig_not_pairing_floorofhalf-2.pdf to cropped-fig_not_pairing_floorofhalf-2.pdf
INFO    : renaming cropped-fig_not_pairing_floorofhalf-2.pdf to fig_not_pairing_floorofhalf-2.pdf
INFO    : converting fig_not_pairing_floorofhalf-2.pdf to fig_not_pairing_floorofhalf-2.svg
INFO    : converting fig_shift_1right_not_pair_naturals-2.tex to fig_shift_1right_not_pair_naturals-2.pdf
INFO    : cropping fig_shift_1right_not_pair_naturals-2.pdf to cropped-fig_shift_1right_not_pair_naturals-2.pdf
INFO    : renaming cropped-fig_shift_1right_not_pair_naturals-2.pdf to fig_shift_1right_not_pair_naturals-2.pdf
INFO    : converting fig_shift_1right_not_pair_naturals-2.pdf to fig_shift_1right_not_pair_naturals-2.svg
INFO    : converting fig_finite_functions-2.tex to fig_finite_functions-2.pdf
INFO    : cropping fig_finite_functions-2.pdf to cropped-fig_finite_functions-2.pdf
INFO    : renaming cropped-fig_finite_functions-2.pdf to fig_finite_functions-2.pdf
INFO    : converting fig_finite_functions-2.pdf to fig_finite_functions-2.svg
INFO    : converting fig_unit_circle_verticallinetest-2.tex to fig_unit_circle_verticallinetest-2.pdf
INFO    : cropping fig_unit_circle_verticallinetest-2.pdf to cropped-fig_unit_circle_verticallinetest-2.pdf
INFO    : renaming cropped-fig_unit_circle_verticallinetest-2.pdf to fig_unit_circle_verticallinetest-2.pdf
INFO    : converting fig_unit_circle_verticallinetest-2.pdf to fig_unit_circle_verticallinetest-2.svg
INFO    : converting fig_hyperbola_notfn_DESMOS-2.tex to fig_hyperbola_notfn_DESMOS-2.pdf
INFO    : cropping fig_hyperbola_notfn_DESMOS-2.pdf to cropped-fig_hyperbola_notfn_DESMOS-2.pdf
INFO    : renaming cropped-fig_hyperbola_notfn_DESMOS-2.pdf to fig_hyperbola_notfn_DESMOS-2.pdf
INFO    : converting fig_hyperbola_notfn_DESMOS-2.pdf to fig_hyperbola_notfn_DESMOS-2.svg
INFO    : converting fig_finite_not_function-2.tex to fig_finite_not_function-2.pdf
INFO    : cropping fig_finite_not_function-2.pdf to cropped-fig_finite_not_function-2.pdf
INFO    : renaming cropped-fig_finite_not_function-2.pdf to fig_finite_not_function-2.pdf
INFO    : converting fig_finite_not_function-2.pdf to fig_finite_not_function-2.svg
INFO    : converting fig_finite_fn_act-2.tex to fig_finite_fn_act-2.pdf
INFO    : cropping fig_finite_fn_act-2.pdf to cropped-fig_finite_fn_act-2.pdf
INFO    : renaming cropped-fig_finite_fn_act-2.pdf to fig_finite_fn_act-2.pdf
INFO    : converting fig_finite_fn_act-2.pdf to fig_finite_fn_act-2.svg
INFO    : converting fig_nonid_pair_naturals-2.tex to fig_nonid_pair_naturals-2.pdf
INFO    : cropping fig_nonid_pair_naturals-2.pdf to cropped-fig_nonid_pair_naturals-2.pdf
INFO    : renaming cropped-fig_nonid_pair_naturals-2.pdf to fig_nonid_pair_naturals-2.pdf
INFO    : converting fig_nonid_pair_naturals-2.pdf to fig_nonid_pair_naturals-2.svg
INFO    : Removing temporary directory /tmp/ptx-2e90krrt
INFO    : Finished generating assets.

INFO    : Building target web
INFO    : with root of tree below sec_onetoone_onto_fns
INFO    : Building with custom xsl /workspaces/activediscreteTEST0312826/Doree-main/source/xsl/custom-html.xsl
INFO    : Preparing to build into /workspaces/activediscreteTEST0312826/Doree-main/build/web.
INFO    : discovering source file's directory name: /workspaces/activediscreteTEST0312826/Doree-main/source
WARNING : (2026-07-30) the external directory is a property of your source, and is now declared with a "directories/@external" attribute within "docinfo". The publisher file entry "source/directories/@external" is honored meanwhile, but please relocate it.
INFO    : verifying and expanding input directory: /workspaces/activediscreteTEST0312826/Doree-main/source/../assets
INFO    : input directory expanded to absolute path: /workspaces/activediscreteTEST0312826/Doree-main/assets
INFO    : discovering source file's directory name: /workspaces/activediscreteTEST0312826/Doree-main/source
INFO    : XSL conversion of /workspaces/activediscreteTEST0312826/Doree-main/source/main.ptx by /home/codespace/.ptx/2.46.0/core/xsl/utilities/report-publisher-variables.xsl
INFO    : messages from the log for XSL processing (prefaced with a *):
WARNING : * PTX:DEPRECATE: (2026-07-30) the external directory is a property of your source, and is now declared with a "directories/@external" attribute within "docinfo".  The publication file entry "source/directories/@external" is honored meanwhile, but please relocate it.
INFO    : successful application of /home/codespace/.ptx/2.46.0/core/xsl/utilities/report-publisher-variables.xsl
INFO    : Downloading rs services file from https://runestone.academy/cdn/runestone/latest/webpack_static_imports.xml.
INFO    : Runestone Services via online CDN query: version 8.2.5
INFO    : Downloading Runestone Services, version 8.2.5
INFO    : Extracting Runestone Services from archive file
INFO    : Building custom css theme: theme-default-modern
INFO    : converting /workspaces/activediscreteTEST0312826/Doree-main/source/main.ptx to HTML in /tmp/ptx-l7lkj9a3
INFO    : XSL conversion of /workspaces/activediscreteTEST0312826/Doree-main/source/main.ptx by /tmp/ptxcli_jadastho/cli_xsl/custom-html.xsl
INFO    : messages from the log for XSL processing (prefaced with a *):
INFO    : * PTX:INFO:   checking all deprecated elements.
WARNING : * PTX:DEPRECATE: (2024-10-08) elements previously included in a "titlepage" element inside the "frontmatter" (author, editor, credit, date, and event) should now be placed in "frontmatter/bibinfo".  To ensure a title page is created, put only the empty element "titlepage-items" inside "titlepage".  Until you move these elements, we will try to honor your intent. (1 time)
INFO    : *              located at: pretext/book/frontmatter/titlepage
INFO    : *              located within: "Active Discrete Mathematics: Patterns, Structures, and Proof" (title)
INFO    : * --------------
WARNING : * PTX:DEPRECATE: (2026-05-11) the "me" and "men" elements have been deprecated.  The replacement is an "md" with no "mrow" children, and numbering is controlled by the "@number" attribute, or a global setting in "docinfo". (884 times)
INFO    : *              located at: pretext/book/chapter/section/subsection/activity/p/ol/li/p/me
INFO    : *              located within: "act_handshakes" (xml:id), "Handshakes puzzle" (title)
INFO    : *              located at: pretext/book/chapter/section/subsection/example/solution/p/me
INFO    : *              located within: "exam_hs6" (xml:id), "Six students shake hands" (title)
INFO    : *              located at: pretext/book/chapter/section/subsection/example/solution/p/me
INFO    : *              located within: "exam_hs6" (xml:id), "Six students shake hands" (title)
INFO    : *              located at: pretext/book/chapter/section/subsection/example/solution/p/me
INFO    : *              located within: "exam_hs6" (xml:id), "Six students shake hands" (title)
INFO    : *              located at: pretext/book/chapter/section/subsection/p/me
INFO    : *              located within: "Counting Handshakes" (title)
INFO    : *              located at: pretext/book/chapter/section/subsection/example/statement/p/ol/li/p/solution/figure/me
INFO    : *              located within: "fig_sq_dom6_start1" (xml:id)
INFO    : *              located at: pretext/book/chapter/section/subsection/example/statement/p/ol/li/p/solution/figure/me
INFO    : *              located within: "fig_sq_dom6_start1" (xml:id)
INFO    : *              located at: pretext/book/chapter/section/subsection/example/statement/p/ol/li/p/solution/figure/me
INFO    : *              located within: "fig_sq_dom6_start2" (xml:id)
INFO    : * --------------
INFO    : successful application of /tmp/ptxcli_jadastho/cli_xsl/custom-html.xsl
INFO    : Removing temporary directory /tmp/ptx-l7lkj9a3
INFO    : Removing temporary directory /tmp/ptx-xyttohd0
INFO    : 
Finished build for target web. Run `pretext view web` to see the results.

INFO    : 
Success!  Built requested target(s) without errors.

INFO    : 
