WARNING : Using CLI version 2.46.0 but project's `requirements.txt`
WARNING : is configured to use 2.43.1. Consider either installing
WARNING : CLI version 2.43.1 or running `pretext update-project`
WARNING : to update `requirements.txt` and other managed files to match 2.46.0.
INFO    : Generating any needed assets.
INFO    : XSL conversion of /workspaces/activediscreteTEST0312826/Doree-main/source/main.ptx by /home/codespace/.ptx/2.46.0/core/xsl/utilities/pretext-enhanced-source.xsl
INFO    : messages from the log for XSL processing (prefaced with a *):
WARNING : * PTX:DEPRECATE: (2026-07-30) the external directory is a property of your source, and is now declared with a "directories/@external" attribute within "docinfo".  The publication file entry "source/directories/@external" is honored meanwhile, but please relocate it.
INFO    : successful application of /home/codespace/.ptx/2.46.0/core/xsl/utilities/pretext-enhanced-source.xsl
INFO    : discovering source file's directory name: /workspaces/activediscreteTEST0312826/Doree-main/source
WARNING : (2026-07-30) the external directory is a property of your source, and is now declared with a "directories/@external" attribute within "docinfo". The publisher file entry "source/directories/@external" is honored meanwhile, but please relocate it.
INFO    : verifying and expanding input directory: /workspaces/activediscreteTEST0312826/Doree-main/source/../assets
INFO    : input directory expanded to absolute path: /workspaces/activediscreteTEST0312826/Doree-main/assets
WARNING : Destroying directory /workspaces/activediscreteTEST0312826/Doree-main/generated-assets to clean previously built assets.
WARNING : Destroying directory /workspaces/activediscreteTEST0312826/.cache to clean previously built assets.
WARNING : Now generating latex images
INFO    : converting latex-image pictures from /workspaces/activediscreteTEST0312826/Doree-main/source/main.ptx to svg graphics for placement in /workspaces/activediscreteTEST0312826/Doree-main/generated-assets/latex-image
INFO    : extracting latex-image pictures from /workspaces/activediscreteTEST0312826/Doree-main/source/main.ptx
INFO    : string parameters passed to extraction stylesheet: {'publisher': '/workspaces/activediscreteTEST0312826/Doree-main/source/publication.xml', 'subtree': 'sec_onetoone_onto_fns'}
INFO    : discovering source file's directory name: /workspaces/activediscreteTEST0312826/Doree-main/source
WARNING : (2026-07-30) the external directory is a property of your source, and is now declared with a "directories/@external" attribute within "docinfo". The publisher file entry "source/directories/@external" is honored meanwhile, but please relocate it.
INFO    : verifying and expanding input directory: /workspaces/activediscreteTEST0312826/Doree-main/source/../assets
INFO    : input directory expanded to absolute path: /workspaces/activediscreteTEST0312826/Doree-main/assets
INFO    : discovering source file's directory name: /workspaces/activediscreteTEST0312826/Doree-main/source
INFO    : XSL conversion of /workspaces/activediscreteTEST0312826/Doree-main/source/main.ptx by /home/codespace/.ptx/2.46.0/core/xsl/extract-latex-image.xsl
INFO    : messages from the log for XSL processing (prefaced with a *):
WARNING : * PTX:DEPRECATE: (2026-07-30) the external directory is a property of your source, and is now declared with a "directories/@external" attribute within "docinfo".  The publication file entry "source/directories/@external" is honored meanwhile, but please relocate it.
INFO    : successful application of /home/codespace/.ptx/2.46.0/core/xsl/extract-latex-image.xsl
INFO    : converting fig_finite_functions-2.tex to fig_finite_functions-2.pdf
INFO    : cropping fig_finite_functions-2.pdf to cropped-fig_finite_functions-2.pdf
INFO    : renaming cropped-fig_finite_functions-2.pdf to fig_finite_functions-2.pdf
INFO    : converting fig_finite_functions-2.pdf to fig_finite_functions-2.svg
INFO    : converting fig_parabola_verticallinetest_graph-2.tex to fig_parabola_verticallinetest_graph-2.pdf
INFO    : cropping fig_parabola_verticallinetest_graph-2.pdf to cropped-fig_parabola_verticallinetest_graph-2.pdf
INFO    : renaming cropped-fig_parabola_verticallinetest_graph-2.pdf to fig_parabola_verticallinetest_graph-2.pdf
INFO    : converting fig_parabola_verticallinetest_graph-2.pdf to fig_parabola_verticallinetest_graph-2.svg
INFO    : converting fig_finite_not_function-2.tex to fig_finite_not_function-2.pdf
INFO    : cropping fig_finite_not_function-2.pdf to cropped-fig_finite_not_function-2.pdf
INFO    : renaming cropped-fig_finite_not_function-2.pdf to fig_finite_not_function-2.pdf
INFO    : converting fig_finite_not_function-2.pdf to fig_finite_not_function-2.svg
INFO    : converting fig_nonid_pair_naturals-2.tex to fig_nonid_pair_naturals-2.pdf
INFO    : cropping fig_nonid_pair_naturals-2.pdf to cropped-fig_nonid_pair_naturals-2.pdf
INFO    : renaming cropped-fig_nonid_pair_naturals-2.pdf to fig_nonid_pair_naturals-2.pdf
INFO    : converting fig_nonid_pair_naturals-2.pdf to fig_nonid_pair_naturals-2.svg
INFO    : converting fig_shift_1right_not_pair_naturals-2.tex to fig_shift_1right_not_pair_naturals-2.pdf
INFO    : cropping fig_shift_1right_not_pair_naturals-2.pdf to cropped-fig_shift_1right_not_pair_naturals-2.pdf
INFO    : renaming cropped-fig_shift_1right_not_pair_naturals-2.pdf to fig_shift_1right_not_pair_naturals-2.pdf
INFO    : converting fig_shift_1right_not_pair_naturals-2.pdf to fig_shift_1right_not_pair_naturals-2.svg
INFO    : converting fig_finite_fn_act-2.tex to fig_finite_fn_act-2.pdf
INFO    : cropping fig_finite_fn_act-2.pdf to cropped-fig_finite_fn_act-2.pdf
INFO    : renaming cropped-fig_finite_fn_act-2.pdf to fig_finite_fn_act-2.pdf
INFO    : converting fig_finite_fn_act-2.pdf to fig_finite_fn_act-2.svg
INFO    : converting fig_hyperbola_notfn_DESMOS-2.tex to fig_hyperbola_notfn_DESMOS-2.pdf
INFO    : cropping fig_hyperbola_notfn_DESMOS-2.pdf to cropped-fig_hyperbola_notfn_DESMOS-2.pdf
INFO    : renaming cropped-fig_hyperbola_notfn_DESMOS-2.pdf to fig_hyperbola_notfn_DESMOS-2.pdf
INFO    : converting fig_hyperbola_notfn_DESMOS-2.pdf to fig_hyperbola_notfn_DESMOS-2.svg
INFO    : converting fig_four_real_fns-2.tex to fig_four_real_fns-2.pdf
INFO    : cropping fig_four_real_fns-2.pdf to cropped-fig_four_real_fns-2.pdf
INFO    : renaming cropped-fig_four_real_fns-2.pdf to fig_four_real_fns-2.pdf
INFO    : converting fig_four_real_fns-2.pdf to fig_four_real_fns-2.svg
INFO    : converting fig_parabola_graph-2.tex to fig_parabola_graph-2.pdf
INFO    : cropping fig_parabola_graph-2.pdf to cropped-fig_parabola_graph-2.pdf
INFO    : renaming cropped-fig_parabola_graph-2.pdf to fig_parabola_graph-2.pdf
INFO    : converting fig_parabola_graph-2.pdf to fig_parabola_graph-2.svg
INFO    : converting fig_not_pairing_floorofhalf-2.tex to fig_not_pairing_floorofhalf-2.pdf
INFO    : cropping fig_not_pairing_floorofhalf-2.pdf to cropped-fig_not_pairing_floorofhalf-2.pdf
INFO    : renaming cropped-fig_not_pairing_floorofhalf-2.pdf to fig_not_pairing_floorofhalf-2.pdf
INFO    : converting fig_not_pairing_floorofhalf-2.pdf to fig_not_pairing_floorofhalf-2.svg
INFO    : converting fig_pairing_int_evens-2.tex to fig_pairing_int_evens-2.pdf
INFO    : cropping fig_pairing_int_evens-2.pdf to cropped-fig_pairing_int_evens-2.pdf
INFO    : renaming cropped-fig_pairing_int_evens-2.pdf to fig_pairing_int_evens-2.pdf
INFO    : converting fig_pairing_int_evens-2.pdf to fig_pairing_int_evens-2.svg
INFO    : converting fig_unit_circle_verticallinetest-2.tex to fig_unit_circle_verticallinetest-2.pdf
INFO    : cropping fig_unit_circle_verticallinetest-2.pdf to cropped-fig_unit_circle_verticallinetest-2.pdf
INFO    : renaming cropped-fig_unit_circle_verticallinetest-2.pdf to fig_unit_circle_verticallinetest-2.pdf
INFO    : converting fig_unit_circle_verticallinetest-2.pdf to fig_unit_circle_verticallinetest-2.svg
INFO    : converting fig_parabola_not_function-2.tex to fig_parabola_not_function-2.pdf
INFO    : cropping fig_parabola_not_function-2.pdf to cropped-fig_parabola_not_function-2.pdf
INFO    : renaming cropped-fig_parabola_not_function-2.pdf to fig_parabola_not_function-2.pdf
INFO    : converting fig_parabola_not_function-2.pdf to fig_parabola_not_function-2.svg
INFO    : converting fig_finite_is_function-2.tex to fig_finite_is_function-2.pdf
INFO    : cropping fig_finite_is_function-2.pdf to cropped-fig_finite_is_function-2.pdf
INFO    : renaming cropped-fig_finite_is_function-2.pdf to fig_finite_is_function-2.pdf
INFO    : converting fig_finite_is_function-2.pdf to fig_finite_is_function-2.svg
INFO    : Removing temporary directory /tmp/ptx-24kmyv7b
INFO    : Finished generating assets.

INFO    : Finished generating assets successfully.

INFO    : 
