INFO    : Building target web
INFO    : with root of tree below sec_recursively_defined_sequences
INFO    : XSL conversion of /workspaces/activediscreteTEST0312826/Doree-main/source/main.ptx by /home/codespace/.ptx/2.43.1/core/xsl/utilities/pretext-enhanced-source.xsl
INFO    : successful application of /home/codespace/.ptx/2.43.1/core/xsl/utilities/pretext-enhanced-source.xsl
WARNING : Schema validation could not be completed: no validator was available (jing is not installed and lxml could not compile the schema). Continuing with build.
INFO    : Building with custom xsl /workspaces/activediscreteTEST0312826/Doree-main/source/xsl/custom-html.xsl
INFO    : Preparing to build into /workspaces/activediscreteTEST0312826/Doree-main/build/web.
INFO    : discovering source file's directory name: /workspaces/activediscreteTEST0312826/Doree-main/source
INFO    : verifying and expanding input directory: /workspaces/activediscreteTEST0312826/Doree-main/source/../generated-assets
INFO    : input directory expanded to absolute path: /workspaces/activediscreteTEST0312826/Doree-main/generated-assets
INFO    : verifying and expanding input directory: /workspaces/activediscreteTEST0312826/Doree-main/source/../assets
INFO    : input directory expanded to absolute path: /workspaces/activediscreteTEST0312826/Doree-main/assets
INFO    : discovering source file's directory name: /workspaces/activediscreteTEST0312826/Doree-main/source
INFO    : XSL conversion of /workspaces/activediscreteTEST0312826/Doree-main/source/main.ptx by /home/codespace/.ptx/2.43.1/core/xsl/utilities/report-publisher-variables.xsl
INFO    : successful application of /home/codespace/.ptx/2.43.1/core/xsl/utilities/report-publisher-variables.xsl
INFO    : Downloading rs services file from https://runestone.academy/cdn/runestone/latest/webpack_static_imports.xml.
INFO    : Runestone Services via online CDN query: version 8.2.6
INFO    : Downloading Runestone Services, version 8.2.6
INFO    : Extracting Runestone Services from archive file
INFO    : Building custom css theme: theme-default-modern
INFO    : converting /workspaces/activediscreteTEST0312826/Doree-main/source/main.ptx to HTML in /tmp/ptx-6gpyjlsk
INFO    : XSL conversion of /workspaces/activediscreteTEST0312826/Doree-main/source/main.ptx by /tmp/ptxcli_r60baun8/cli_xsl/custom-html.xsl
INFO    : messages from the log for XSL processing:
INFO    : * PTX:INFO:   checking all deprecated elements.
WARNING : * PTX:DEPRECATE: (2024-10-08) elements previously included in a "titlepage" element inside the "frontmatter" (author, editor, credit, date, and event) should now be placed in "frontmatter/bibinfo".  To ensure a title page is created, put only the empty element "titlepage-items" inside "titlepage".  Until you move these elements, we will try to honor your intent. (1 time)
INFO    : *              located at: pretext/book/frontmatter/titlepage
INFO    : *              located within: "Active Discrete Mathematics: Patterns, Structures, and Proof" (title)
INFO    : * --------------
WARNING : * PTX:DEPRECATE: (2026-05-11) the "me" and "men" elements have been deprecated.  The replacement is an "md" with no "mrow" children, and numbering is controlled by the "@number" attribute, or a global setting in "docinfo". (903 times)
INFO    : *              located at: pretext/book/chapter/section/subsection/activity/p/ol/li/p/me
INFO    : *              located within: "act_handshakes" (xml:id), "Handshakes puzzle" (title)
INFO    : *              located at: pretext/book/chapter/section/subsection/example/solution/p/me
INFO    : *              located within: "exam_hs6" (xml:id), "Six students shake hands" (title)
INFO    : *              located at: pretext/book/chapter/section/subsection/example/solution/p/me
INFO    : *              located within: "exam_hs6" (xml:id), "Six students shake hands" (title)
INFO    : *              located at: pretext/book/chapter/section/subsection/example/solution/p/me
INFO    : *              located within: "exam_hs6" (xml:id), "Six students shake hands" (title)
INFO    : *              located at: pretext/book/chapter/section/subsection/p/me
INFO    : *              located within: "Counting Handshakes" (title)
INFO    : *              located at: pretext/book/chapter/section/subsection/example/statement/p/ol/li/p/solution/figure/me
INFO    : *              located within: "fig_sq_dom6_start1" (xml:id)
INFO    : *              located at: pretext/book/chapter/section/subsection/example/statement/p/ol/li/p/solution/figure/me
INFO    : *              located within: "fig_sq_dom6_start1" (xml:id)
INFO    : *              located at: pretext/book/chapter/section/subsection/example/statement/p/ol/li/p/solution/figure/me
INFO    : *              located within: "fig_sq_dom6_start2" (xml:id)
INFO    : * --------------
INFO    : successful application of /tmp/ptxcli_r60baun8/cli_xsl/custom-html.xsl
INFO    : Removing temporary directory /tmp/ptx-6gpyjlsk
INFO    : Removing temporary directory /tmp/ptx-ct2q49yf
INFO    : 
Finished build for target web. Run `pretext view web` to see the results.

INFO    : 
Success!  Built requested target(s) without errors.

INFO    : 
