WARNING : Project's CLI version could not be detected from `requirements.txt`.
WARNING : Try `pretext update-project` to produce a compatible file.
INFO    : Generating assets for web
INFO    : Generating any needed assets.
DEBUG   : Using cached assets in /workspaces/activediscreteTEST0312826/.cache where possible.
DEBUG   : Ensuring webwork representations file is present.
DEBUG   : Parsing source element for target web
DEBUG   : converting /workspaces/activediscreteTEST0312826/Doree-main/source/main.ptx to enhanced (pre-processed) PreTeXt source for internal use
INFO    : XSL conversion of /workspaces/activediscreteTEST0312826/Doree-main/source/main.ptx by /home/codespace/.ptx/2.43.1/core/xsl/utilities/pretext-enhanced-source.xsl
DEBUG   : XSL conversion via /home/codespace/.ptx/2.43.1/core/xsl/utilities/pretext-enhanced-source.xsl of /workspaces/activediscreteTEST0312826/Doree-main/source/main.ptx to None and/or into directory None with parameters {'publisher': '/workspaces/activediscreteTEST0312826/Doree-main/source/publication.xml', 'assembly.version-only': 'yes'}
INFO    : successful application of /home/codespace/.ptx/2.43.1/core/xsl/utilities/pretext-enhanced-source.xsl
DEBUG   : Source does not contain webwork problems
DEBUG   : Ensuring MyOpenMath XML files are present.
DEBUG   : Using cached source_element for target web
DEBUG   : Source does not contain myopenmath problems
DEBUG   : Assets generation requested for: ['webwork', 'latex-image', 'sageplot', 'asymptote', 'prefigure', 'youtube', 'codelens', 'datafile', 'interactive', 'qrcode', 'mermaid', 'myopenmath', 'dynamic-subs', 'references', 'stack'].
DEBUG   : Based on format Format.HTML, assets to be generated are: ['webwork', 'latex-image', 'sageplot', 'asymptote', 'prefigure', 'codelens', 'datafile', 'qrcode', 'myopenmath', 'dynamic-subs'].
DEBUG   : Using cached source_element for target web
DEBUG   : Using cached source_element for target web
DEBUG   : Using cached source_element for target web
DEBUG   : Using cached source_element for target web
DEBUG   : Using cached source_element for target web
DEBUG   : Using cached source_element for target web
DEBUG   : Using cached source_element for target web
DEBUG   : Using cached source_element for target web
DEBUG   : Using cached source_element for target web
DEBUG   : Using cached source_element for target web
DEBUG   : Using cached source_element for target web
DEBUG   : Using cached source_element for target web
DEBUG   : Using cached source_element for target web
DEBUG   : Using cached source_element for target web
DEBUG   : Using cached source_element for target web
DEBUG   : Based on what is in your source, the assets that will be considered are ['latex-image'].
DEBUG   : Assets to be generated: ['latex-image']
WARNING : Now generating latex images
INFO    : converting latex-image pictures from /workspaces/activediscreteTEST0312826/Doree-main/source/main.ptx to svg graphics for placement in /workspaces/activediscreteTEST0312826/Doree-main/generated-assets/latex-image
DEBUG   : temporary directory for latex-image conversion: /tmp/ptx-eb7mg8ep
INFO    : extracting latex-image pictures from /workspaces/activediscreteTEST0312826/Doree-main/source/main.ptx
INFO    : string parameters passed to extraction stylesheet: {'publisher': '/workspaces/activediscreteTEST0312826/Doree-main/source/publication.xml', 'subtree': 'sec_primes'}
INFO    : discovering source file's directory name: /workspaces/activediscreteTEST0312826/Doree-main/source
INFO    : verifying and expanding input directory: /workspaces/activediscreteTEST0312826/Doree-main/source/../generated-assets
INFO    : input directory expanded to absolute path: /workspaces/activediscreteTEST0312826/Doree-main/generated-assets
INFO    : verifying and expanding input directory: /workspaces/activediscreteTEST0312826/Doree-main/source/../assets
INFO    : input directory expanded to absolute path: /workspaces/activediscreteTEST0312826/Doree-main/assets
INFO    : discovering source file's directory name: /workspaces/activediscreteTEST0312826/Doree-main/source
INFO    : XSL conversion of /workspaces/activediscreteTEST0312826/Doree-main/source/main.ptx by /home/codespace/.ptx/2.43.1/core/xsl/extract-latex-image.xsl
DEBUG   : XSL conversion via /home/codespace/.ptx/2.43.1/core/xsl/extract-latex-image.xsl of /workspaces/activediscreteTEST0312826/Doree-main/source/main.ptx to None and/or into directory /tmp/ptx-eb7mg8ep with parameters {'publisher': '/workspaces/activediscreteTEST0312826/Doree-main/source/publication.xml', 'subtree': 'sec_primes'}
INFO    : successful application of /home/codespace/.ptx/2.43.1/core/xsl/extract-latex-image.xsl
DEBUG   : Now working in directory /tmp/ptx-eb7mg8ep
DEBUG   : Using the CLI's individual_latex function
DEBUG   : locating "LatexEngine.XELATEX" in [executables] section of configuration file
DEBUG   : LatexEngine.XELATEX executable: xelatex, options: 
DEBUG   : tex executable: xelatex
INFO    : converting figure_factoring120-2.tex to figure_factoring120-2.pdf
INFO    : cropping figure_factoring120-2.pdf to cropped-figure_factoring120-2.pdf
INFO    : renaming cropped-figure_factoring120-2.pdf to figure_factoring120-2.pdf
INFO    : converting figure_factoring120-2.pdf to figure_factoring120-2.svg
DEBUG   : Created latex-image /workspaces/activediscreteTEST0312826/Doree-main/generated-assets/latex-image/figure_factoring120-2.svg; saving a copy to cache as /workspaces/activediscreteTEST0312826/.cache/latex-image/a4c1877ced0b454d4c1d29ba0bb44f4d.svg
DEBUG   : Finished individual_latex function
DEBUG   : Using the CLI's individual_latex function
DEBUG   : locating "LatexEngine.XELATEX" in [executables] section of configuration file
DEBUG   : LatexEngine.XELATEX executable: xelatex, options: 
DEBUG   : tex executable: xelatex
INFO    : converting fig_mod12_clock_test-2.tex to fig_mod12_clock_test-2.pdf
INFO    : cropping fig_mod12_clock_test-2.pdf to cropped-fig_mod12_clock_test-2.pdf
INFO    : renaming cropped-fig_mod12_clock_test-2.pdf to fig_mod12_clock_test-2.pdf
INFO    : converting fig_mod12_clock_test-2.pdf to fig_mod12_clock_test-2.svg
DEBUG   : Created latex-image /workspaces/activediscreteTEST0312826/Doree-main/generated-assets/latex-image/fig_mod12_clock_test-2.svg; saving a copy to cache as /workspaces/activediscreteTEST0312826/.cache/latex-image/c4340db361d3037b4fe25e8325ee8380.svg
DEBUG   : Finished individual_latex function
DEBUG   : Successfully changed directory back to /workspaces/activediscreteTEST0312826
INFO    : Removing temporary directory /tmp/ptx-eb7mg8ep
DEBUG   : Removed temporary directory /tmp/ptx-eb7mg8ep
DEBUG   : Updated these assets successfully: ['latex-image']
DEBUG   : These assets were unsuccessful: []
INFO    : Finished generating assets.

INFO    : Building target web
INFO    : with root of tree below sec_primes
DEBUG   : Using cached source_element for target web
DEBUG   : XML syntax appears well formed.
DEBUG   : Using cached source_element for target web
DEBUG   : Validating PreTeXt source against schema /home/codespace/.ptx/2.43.1/core/schema/pretext.rng
DEBUG   : lxml could not compile the RelaxNG schema; trying the next validator.
WARNING : Schema validation could not be completed: no validator was available (jing is not installed and lxml could not compile the schema). Continuing with build.
DEBUG   : ---- Schema validation error details: ----
Schema validation could not be completed: no validator was available (jing is not installed and lxml could not compile the schema).
---- End schema validation error details. ----
DEBUG   : Using cached source_element for target web
DEBUG   : Source does not contain webwork problems
DEBUG   : Ensuring output directory for web: /workspaces/activediscreteTEST0312826/Doree-main/build/web
INFO    : Building with custom xsl /workspaces/activediscreteTEST0312826/Doree-main/source/xsl/custom-html.xsl
DEBUG   : Copying all files in /workspaces/activediscreteTEST0312826/Doree-main/source/xsl to /tmp/ptxcli_xsyj1su2/cli_xsl
DEBUG   : Copying core XSL to /tmp/ptxcli_xsyj1su2/cli_xsl/core
INFO    : Preparing to build into /workspaces/activediscreteTEST0312826/Doree-main/build/web.
DEBUG   : Now working in directory /home/codespace/.ptx/2.43.1/core/script/cssbuilder
DEBUG   : Node version: v24.14.0

DEBUG   : Node modules already installed.
DEBUG   : Successfully changed directory back to /workspaces/activediscreteTEST0312826
INFO    : discovering source file's directory name: /workspaces/activediscreteTEST0312826/Doree-main/source
INFO    : verifying and expanding input directory: /workspaces/activediscreteTEST0312826/Doree-main/source/../generated-assets
INFO    : input directory expanded to absolute path: /workspaces/activediscreteTEST0312826/Doree-main/generated-assets
INFO    : verifying and expanding input directory: /workspaces/activediscreteTEST0312826/Doree-main/source/../assets
INFO    : input directory expanded to absolute path: /workspaces/activediscreteTEST0312826/Doree-main/assets
INFO    : discovering source file's directory name: /workspaces/activediscreteTEST0312826/Doree-main/source
DEBUG   : parsing the publisher file variables
DEBUG   : temporary directory for publisher variables: /tmp/ptx-iw8hk1ad
DEBUG   : file of publisher variables: /tmp/ptx-iw8hk1ad/pub_var.txt
INFO    : XSL conversion of /workspaces/activediscreteTEST0312826/Doree-main/source/main.ptx by /home/codespace/.ptx/2.43.1/core/xsl/utilities/report-publisher-variables.xsl
DEBUG   : XSL conversion via /home/codespace/.ptx/2.43.1/core/xsl/utilities/report-publisher-variables.xsl of /workspaces/activediscreteTEST0312826/Doree-main/source/main.ptx to /tmp/ptx-iw8hk1ad/pub_var.txt and/or into directory None with parameters {'cli.version': '2.43', 'publisher': '/workspaces/activediscreteTEST0312826/Doree-main/source/publication.xml', 'assembly.version-only': 'yes'}
INFO    : successful application of /home/codespace/.ptx/2.43.1/core/xsl/utilities/report-publisher-variables.xsl
DEBUG   : determining value of publisher variable 'portable-html'
INFO    : Downloading rs services file from https://runestone.academy/cdn/runestone/latest/webpack_static_imports.xml.
INFO    : Runestone Services via online CDN query: version 8.2.0
INFO    : Downloading Runestone Services, version 8.2.0
DEBUG   : Extracting rs services file to /tmp/ptx-73sr8k3v/_static.
INFO    : Extracting Runestone Services from archive file
DEBUG   : determining value of publisher variable 'html-theme-name'
DEBUG   : determining value of publisher variable 'html-theme-options'
DEBUG   : locating "node" in [executables] section of configuration file
DEBUG   : node executable: node, options: 
DEBUG   : locating "node" in [executables] section of configuration file
DEBUG   : node executable: node, options: 
INFO    : Building custom css theme: theme-default-modern
DEBUG   : Theme options:{"options": {}, "contrast-checks": {"primary-color": "#fff", "secondary-color": "#fff", "primary-color-dark": "#23241f"}}
DEBUG   : CSS build complete!

INFO    : converting /workspaces/activediscreteTEST0312826/Doree-main/source/main.ptx to HTML in /tmp/ptx-73sr8k3v
INFO    : XSL conversion of /workspaces/activediscreteTEST0312826/Doree-main/source/main.ptx by /tmp/ptxcli_xsyj1su2/cli_xsl/custom-html.xsl
DEBUG   : XSL conversion via /tmp/ptxcli_xsyj1su2/cli_xsl/custom-html.xsl of /workspaces/activediscreteTEST0312826/Doree-main/source/main.ptx to None and/or into directory /tmp/ptx-73sr8k3v with parameters {'cli.version': '2.43', 'rs-js': 'prefix-runtime.82b0f3334d1d4a05.bundle.js:prefix-926.5c7038c8ef173faf.bundle.js:prefix-runestone.5555907f139e2014.bundle.js', 'rs-css': 'prefix-926.229729d09512acc9.css:prefix-runestone.8086b62682b271d1.css', 'rs-version': '8.2.0', 'publisher': '/workspaces/activediscreteTEST0312826/Doree-main/source/publication.xml', 'subtree': 'sec_primes'}
INFO    : messages from the log for XSL processing:
WARNING : * PTX:WARNING: There are apparent XML elements in locations that should be text only (1 times).
WARNING : * PTX:WARNING: There is an apparent XML element (<ndash>) inside an <c> element, which should only contain text.  Using an escaped "less than" ('&lt;') might be the solution, or using a CDATA section.
INFO    : *              located at: pretext/book/chapter/section/subsection/subsubsection/exercise/statement/p/c/ndash
INFO    : *              located within: "exer_bal_ternary_strings" (xml:id), "Explore" (title)
WARNING : * PTX:WARNING: In a section containing subsections, any content that is not inside a subsection needs to be inside an <introduction> and/or  <conclusion>.
INFO    : *              located at: pretext/book/chapter/section
INFO    : *              located within: "sec_handshakes" (xml:id), "Handshakes" (title)
INFO    : * PTX:INFO:   checking all deprecated elements.
WARNING : * PTX:DEPRECATE: (2024-10-08) elements previously included in a "titlepage" element inside the "frontmatter" (author, editor, credit, date, and event) should now be placed in "frontmatter/bibinfo".  To ensure a title page is created, put only the empty element "titlepage-items" inside "titlepage".  Until you move these elements, we will try to honor your intent. (1 time)
INFO    : *              located at: pretext/book/frontmatter/titlepage
INFO    : *              located within: "Active Discrete Mathematics: Patterns, Structures, and Proof" (title)
INFO    : * --------------
WARNING : * PTX:DEPRECATE: (2026-05-11) the "me" and "men" elements have been deprecated.  The replacement is an "md" with no "mrow" children, and numbering is controlled by the "@number" attribute, or a global setting in "docinfo". (842 times)
INFO    : *              located at: pretext/book/chapter/section/subsection/activity/p/ol/li/p/me
INFO    : *              located within: "act_handshakes" (xml:id), "Handshakes puzzle" (title)
INFO    : *              located at: pretext/book/chapter/section/subsection/example/solution/p/me
INFO    : *              located within: "exam_hs6" (xml:id), "Six students shake hands" (title)
INFO    : *              located at: pretext/book/chapter/section/subsection/example/solution/p/me
INFO    : *              located within: "exam_hs6" (xml:id), "Six students shake hands" (title)
INFO    : *              located at: pretext/book/chapter/section/subsection/example/solution/p/me
INFO    : *              located within: "exam_hs6" (xml:id), "Six students shake hands" (title)
INFO    : *              located at: pretext/book/chapter/section/subsection/p/me
INFO    : *              located within: "Counting Handshakes" (title)
INFO    : *              located at: pretext/book/chapter/section/subsection/example/statement/p/ol/li/p/solution/figure/me
INFO    : *              located within: "fig_sq_dom6_start1" (xml:id)
INFO    : *              located at: pretext/book/chapter/section/subsection/example/statement/p/ol/li/p/solution/figure/me
INFO    : *              located within: "fig_sq_dom6_start1" (xml:id)
INFO    : *              located at: pretext/book/chapter/section/subsection/example/statement/p/ol/li/p/solution/figure/me
INFO    : *              located within: "fig_sq_dom6_start2" (xml:id)
INFO    : * --------------
INFO    : successful application of /tmp/ptxcli_xsyj1su2/cli_xsl/custom-html.xsl
INFO    : Removing temporary directory /tmp/ptx-73sr8k3v
DEBUG   : Removed temporary directory /tmp/ptx-73sr8k3v
INFO    : Removing temporary directory /tmp/ptx-iw8hk1ad
DEBUG   : Removed temporary directory /tmp/ptx-iw8hk1ad
INFO    : 
Finished build for target web. Run `pretext view web` to see the results.

INFO    : 
Success!  Built requested target(s) without errors.

DEBUG   : Completed without errors.
INFO    : 
