WARNING : Using CLI version 2.43.2 but project's `requirements.txt`
WARNING : is configured to use 2.43.1. Consider either installing
WARNING : CLI version 2.43.1 or running `pretext update-project`
WARNING : to update `requirements.txt` and other managed files to match 2.43.2.
INFO    : Building target web
INFO    : XSL conversion of /workspaces/activediscreteTEST0312826/Doree-main/source/main.ptx by /home/codespace/.ptx/2.43.2/core/xsl/utilities/pretext-enhanced-source.xsl
INFO    : successful application of /home/codespace/.ptx/2.43.2/core/xsl/utilities/pretext-enhanced-source.xsl
WARNING : Schema validation could not be completed: no validator was available (jing is not installed and lxml could not compile the schema). Continuing with build.
INFO    : Generating any needed assets.
WARNING : Now generating latex images
INFO    : converting latex-image pictures from /workspaces/activediscreteTEST0312826/Doree-main/source/main.ptx to svg graphics for placement in /workspaces/activediscreteTEST0312826/Doree-main/generated-assets/latex-image
INFO    : extracting latex-image pictures from /workspaces/activediscreteTEST0312826/Doree-main/source/main.ptx
INFO    : string parameters passed to extraction stylesheet: {'cli.version': '2.43', 'publisher': '/workspaces/activediscreteTEST0312826/Doree-main/source/publication.xml'}
INFO    : discovering source file's directory name: /workspaces/activediscreteTEST0312826/Doree-main/source
INFO    : verifying and expanding input directory: /workspaces/activediscreteTEST0312826/Doree-main/source/../generated-assets
INFO    : input directory expanded to absolute path: /workspaces/activediscreteTEST0312826/Doree-main/generated-assets
INFO    : verifying and expanding input directory: /workspaces/activediscreteTEST0312826/Doree-main/source/../assets
INFO    : input directory expanded to absolute path: /workspaces/activediscreteTEST0312826/Doree-main/assets
INFO    : discovering source file's directory name: /workspaces/activediscreteTEST0312826/Doree-main/source
INFO    : XSL conversion of /workspaces/activediscreteTEST0312826/Doree-main/source/main.ptx by /home/codespace/.ptx/2.43.2/core/xsl/extract-latex-image.xsl
INFO    : successful application of /home/codespace/.ptx/2.43.2/core/xsl/extract-latex-image.xsl
INFO    : converting fig_arith_triangle_recursion-2.tex to fig_arith_triangle_recursion-2.pdf
ERROR   : LaTeX compilation of fig_arith_triangle_recursion-2.tex failed.
Re-run, requesting "source" as the format, to analyze the image.
Likely creating the entire document as PDF will fail similarly.
The transcript of the LaTeX run follows.
WARNING : LaTeX compilation of fig_arith_triangle_recursion-2.tex failed
INFO    : converting fig_subgraphs_trees-2.tex to fig_subgraphs_trees-2.pdf
ERROR   : LaTeX compilation of fig_subgraphs_trees-2.tex failed.
Re-run, requesting "source" as the format, to analyze the image.
Likely creating the entire document as PDF will fail similarly.
The transcript of the LaTeX run follows.
WARNING : LaTeX compilation of fig_subgraphs_trees-2.tex failed
INFO    : converting fig_graphical-2.tex to fig_graphical-2.pdf
ERROR   : LaTeX compilation of fig_graphical-2.tex failed.
Re-run, requesting "source" as the format, to analyze the image.
Likely creating the entire document as PDF will fail similarly.
The transcript of the LaTeX run follows.
WARNING : LaTeX compilation of fig_graphical-2.tex failed
INFO    : converting fig_venn_3sets-2.tex to fig_venn_3sets-2.pdf
ERROR   : LaTeX compilation of fig_venn_3sets-2.tex failed.
Re-run, requesting "source" as the format, to analyze the image.
Likely creating the entire document as PDF will fail similarly.
The transcript of the LaTeX run follows.
WARNING : LaTeX compilation of fig_venn_3sets-2.tex failed
INFO    : converting fig_nonism_order7-2.tex to fig_nonism_order7-2.pdf
ERROR   : LaTeX compilation of fig_nonism_order7-2.tex failed.
Re-run, requesting "source" as the format, to analyze the image.
Likely creating the entire document as PDF will fail similarly.
The transcript of the LaTeX run follows.
WARNING : LaTeX compilation of fig_nonism_order7-2.tex failed
INFO    : converting fig_finite_fn_act-2.tex to fig_finite_fn_act-2.pdf
ERROR   : LaTeX compilation of fig_finite_fn_act-2.tex failed.
Re-run, requesting "source" as the format, to analyze the image.
Likely creating the entire document as PDF will fail similarly.
The transcript of the LaTeX run follows.
WARNING : LaTeX compilation of fig_finite_fn_act-2.tex failed
INFO    : converting fig_perfect_binary_trees-2.tex to fig_perfect_binary_trees-2.pdf
ERROR   : LaTeX compilation of fig_perfect_binary_trees-2.tex failed.
Re-run, requesting "source" as the format, to analyze the image.
Likely creating the entire document as PDF will fail similarly.
The transcript of the LaTeX run follows.
WARNING : LaTeX compilation of fig_perfect_binary_trees-2.tex failed
INFO    : converting figure_rec_trees_defn-2.tex to figure_rec_trees_defn-2.pdf
ERROR   : LaTeX compilation of figure_rec_trees_defn-2.tex failed.
Re-run, requesting "source" as the format, to analyze the image.
Likely creating the entire document as PDF will fail similarly.
The transcript of the LaTeX run follows.
WARNING : LaTeX compilation of figure_rec_trees_defn-2.tex failed
INFO    : converting fig_complete_graphs_12345-2.tex to fig_complete_graphs_12345-2.pdf
ERROR   : LaTeX compilation of fig_complete_graphs_12345-2.tex failed.
Re-run, requesting "source" as the format, to analyze the image.
Likely creating the entire document as PDF will fail similarly.
The transcript of the LaTeX run follows.
WARNING : LaTeX compilation of fig_complete_graphs_12345-2.tex failed
INFO    : converting fig_less_obv_clique-2.tex to fig_less_obv_clique-2.pdf
ERROR   : LaTeX compilation of fig_less_obv_clique-2.tex failed.
Re-run, requesting "source" as the format, to analyze the image.
Likely creating the entire document as PDF will fail similarly.
The transcript of the LaTeX run follows.
WARNING : LaTeX compilation of fig_less_obv_clique-2.tex failed
INFO    : converting fig_rec_trees_labeled-2.tex to fig_rec_trees_labeled-2.pdf
ERROR   : LaTeX compilation of fig_rec_trees_labeled-2.tex failed.
Re-run, requesting "source" as the format, to analyze the image.
Likely creating the entire document as PDF will fail similarly.
The transcript of the LaTeX run follows.
WARNING : LaTeX compilation of fig_rec_trees_labeled-2.tex failed
INFO    : converting fig_graphical_answer-2.tex to fig_graphical_answer-2.pdf
ERROR   : LaTeX compilation of fig_graphical_answer-2.tex failed.
Re-run, requesting "source" as the format, to analyze the image.
Likely creating the entire document as PDF will fail similarly.
The transcript of the LaTeX run follows.
WARNING : LaTeX compilation of fig_graphical_answer-2.tex failed
INFO    : converting fig_four_drawings_K4_minus_edge-2.tex to fig_four_drawings_K4_minus_edge-2.pdf
ERROR   : LaTeX compilation of fig_four_drawings_K4_minus_edge-2.tex failed.
Re-run, requesting "source" as the format, to analyze the image.
Likely creating the entire document as PDF will fail similarly.
The transcript of the LaTeX run follows.
WARNING : LaTeX compilation of fig_four_drawings_K4_minus_edge-2.tex failed
INFO    : converting figure_factoring120-2.tex to figure_factoring120-2.pdf
ERROR   : LaTeX compilation of figure_factoring120-2.tex failed.
Re-run, requesting "source" as the format, to analyze the image.
Likely creating the entire document as PDF will fail similarly.
The transcript of the LaTeX run follows.
WARNING : LaTeX compilation of figure_factoring120-2.tex failed
INFO    : converting fig_hockey_stick-2.tex to fig_hockey_stick-2.pdf
ERROR   : LaTeX compilation of fig_hockey_stick-2.tex failed.
Re-run, requesting "source" as the format, to analyze the image.
Likely creating the entire document as PDF will fail similarly.
The transcript of the LaTeX run follows.
WARNING : LaTeX compilation of fig_hockey_stick-2.tex failed
INFO    : converting figure_rec_trees_first_four-2.tex to figure_rec_trees_first_four-2.pdf
ERROR   : LaTeX compilation of figure_rec_trees_first_four-2.tex failed.
Re-run, requesting "source" as the format, to analyze the image.
Likely creating the entire document as PDF will fail similarly.
The transcript of the LaTeX run follows.
WARNING : LaTeX compilation of figure_rec_trees_first_four-2.tex failed
INFO    : converting fig_venn_int_union-2.tex to fig_venn_int_union-2.pdf
ERROR   : LaTeX compilation of fig_venn_int_union-2.tex failed.
Re-run, requesting "source" as the format, to analyze the image.
Likely creating the entire document as PDF will fail similarly.
The transcript of the LaTeX run follows.
WARNING : LaTeX compilation of fig_venn_int_union-2.tex failed
INFO    : converting fig_W3-2.tex to fig_W3-2.pdf
ERROR   : LaTeX compilation of fig_W3-2.tex failed.
Re-run, requesting "source" as the format, to analyze the image.
Likely creating the entire document as PDF will fail similarly.
The transcript of the LaTeX run follows.
WARNING : LaTeX compilation of fig_W3-2.tex failed
INFO    : converting fig_graph_midwest-2.tex to fig_graph_midwest-2.pdf
ERROR   : LaTeX compilation of fig_graph_midwest-2.tex failed.
Re-run, requesting "source" as the format, to analyze the image.
Likely creating the entire document as PDF will fail similarly.
The transcript of the LaTeX run follows.
WARNING : LaTeX compilation of fig_graph_midwest-2.tex failed
INFO    : converting fig_less_obv_path-2.tex to fig_less_obv_path-2.pdf
ERROR   : LaTeX compilation of fig_less_obv_path-2.tex failed.
Re-run, requesting "source" as the format, to analyze the image.
Likely creating the entire document as PDF will fail similarly.
The transcript of the LaTeX run follows.
WARNING : LaTeX compilation of fig_less_obv_path-2.tex failed
INFO    : converting fig_complicated_graph-2.tex to fig_complicated_graph-2.pdf
ERROR   : LaTeX compilation of fig_complicated_graph-2.tex failed.
Re-run, requesting "source" as the format, to analyze the image.
Likely creating the entire document as PDF will fail similarly.
The transcript of the LaTeX run follows.
WARNING : LaTeX compilation of fig_complicated_graph-2.tex failed
INFO    : converting fig_digraph_rel_infinite-2.tex to fig_digraph_rel_infinite-2.pdf
ERROR   : LaTeX compilation of fig_digraph_rel_infinite-2.tex failed.
Re-run, requesting "source" as the format, to analyze the image.
Likely creating the entire document as PDF will fail similarly.
The transcript of the LaTeX run follows.
WARNING : LaTeX compilation of fig_digraph_rel_infinite-2.tex failed
INFO    : converting fig_H4b6_standard-2.tex to fig_H4b6_standard-2.pdf
ERROR   : LaTeX compilation of fig_H4b6_standard-2.tex failed.
Re-run, requesting "source" as the format, to analyze the image.
Likely creating the entire document as PDF will fail similarly.
The transcript of the LaTeX run follows.
WARNING : LaTeX compilation of fig_H4b6_standard-2.tex failed
INFO    : converting fig_number_line_floor-2.tex to fig_number_line_floor-2.pdf
ERROR   : LaTeX compilation of fig_number_line_floor-2.tex failed.
Re-run, requesting "source" as the format, to analyze the image.
Likely creating the entire document as PDF will fail similarly.
The transcript of the LaTeX run follows.
WARNING : LaTeX compilation of fig_number_line_floor-2.tex failed
INFO    : converting fig_relation_finite_dot_diagram-2.tex to fig_relation_finite_dot_diagram-2.pdf
ERROR   : LaTeX compilation of fig_relation_finite_dot_diagram-2.tex failed.
Re-run, requesting "source" as the format, to analyze the image.
Likely creating the entire document as PDF will fail similarly.
The transcript of the LaTeX run follows.
WARNING : LaTeX compilation of fig_relation_finite_dot_diagram-2.tex failed
INFO    : converting fig_K5-2.tex to fig_K5-2.pdf
ERROR   : LaTeX compilation of fig_K5-2.tex failed.
Re-run, requesting "source" as the format, to analyze the image.
Likely creating the entire document as PDF will fail similarly.
The transcript of the LaTeX run follows.
WARNING : LaTeX compilation of fig_K5-2.tex failed
INFO    : converting fig_K6b3-2.tex to fig_K6b3-2.pdf
ERROR   : LaTeX compilation of fig_K6b3-2.tex failed.
Re-run, requesting "source" as the format, to analyze the image.
Likely creating the entire document as PDF will fail similarly.
The transcript of the LaTeX run follows.
WARNING : LaTeX compilation of fig_K6b3-2.tex failed
INFO    : converting fig_ism_trees_easy-2.tex to fig_ism_trees_easy-2.pdf
ERROR   : LaTeX compilation of fig_ism_trees_easy-2.tex failed.
Re-run, requesting "source" as the format, to analyze the image.
Likely creating the entire document as PDF will fail similarly.
The transcript of the LaTeX run follows.
WARNING : LaTeX compilation of fig_ism_trees_easy-2.tex failed
INFO    : converting fig_G1G2_labeled-2.tex to fig_G1G2_labeled-2.pdf
ERROR   : LaTeX compilation of fig_G1G2_labeled-2.tex failed.
Re-run, requesting "source" as the format, to analyze the image.
Likely creating the entire document as PDF will fail similarly.
The transcript of the LaTeX run follows.
WARNING : LaTeX compilation of fig_G1G2_labeled-2.tex failed
INFO    : converting fig_classmates_graph-2.tex to fig_classmates_graph-2.pdf
ERROR   : LaTeX compilation of fig_classmates_graph-2.tex failed.
Re-run, requesting "source" as the format, to analyze the image.
Likely creating the entire document as PDF will fail similarly.
The transcript of the LaTeX run follows.
WARNING : LaTeX compilation of fig_classmates_graph-2.tex failed
INFO    : converting fig_W4W5-2.tex to fig_W4W5-2.pdf
ERROR   : LaTeX compilation of fig_W4W5-2.tex failed.
Re-run, requesting "source" as the format, to analyze the image.
Likely creating the entire document as PDF will fail similarly.
The transcript of the LaTeX run follows.
WARNING : LaTeX compilation of fig_W4W5-2.tex failed
INFO    : converting fig_L2x5-2.tex to fig_L2x5-2.pdf
ERROR   : LaTeX compilation of fig_L2x5-2.tex failed.
Re-run, requesting "source" as the format, to analyze the image.
Likely creating the entire document as PDF will fail similarly.
The transcript of the LaTeX run follows.
WARNING : LaTeX compilation of fig_L2x5-2.tex failed
INFO    : converting fig_less_obv_subgraph-2.tex to fig_less_obv_subgraph-2.pdf
ERROR   : LaTeX compilation of fig_less_obv_subgraph-2.tex failed.
Re-run, requesting "source" as the format, to analyze the image.
Likely creating the entire document as PDF will fail similarly.
The transcript of the LaTeX run follows.
WARNING : LaTeX compilation of fig_less_obv_subgraph-2.tex failed
INFO    : converting fig_paths12345_labeled-2.tex to fig_paths12345_labeled-2.pdf
ERROR   : LaTeX compilation of fig_paths12345_labeled-2.tex failed.
Re-run, requesting "source" as the format, to analyze the image.
Likely creating the entire document as PDF will fail similarly.
The transcript of the LaTeX run follows.
WARNING : LaTeX compilation of fig_paths12345_labeled-2.tex failed
INFO    : converting fig_graph_act_deg_comp-2.tex to fig_graph_act_deg_comp-2.pdf
ERROR   : LaTeX compilation of fig_graph_act_deg_comp-2.tex failed.
Re-run, requesting "source" as the format, to analyze the image.
Likely creating the entire document as PDF will fail similarly.
The transcript of the LaTeX run follows.
WARNING : LaTeX compilation of fig_graph_act_deg_comp-2.tex failed
INFO    : converting fig_house_with_tails-2.tex to fig_house_with_tails-2.pdf
ERROR   : LaTeX compilation of fig_house_with_tails-2.tex failed.
Re-run, requesting "source" as the format, to analyze the image.
Likely creating the entire document as PDF will fail similarly.
The transcript of the LaTeX run follows.
WARNING : LaTeX compilation of fig_house_with_tails-2.tex failed
INFO    : converting fig_mod5_clock-2.tex to fig_mod5_clock-2.pdf
ERROR   : LaTeX compilation of fig_mod5_clock-2.tex failed.
Re-run, requesting "source" as the format, to analyze the image.
Likely creating the entire document as PDF will fail similarly.
The transcript of the LaTeX run follows.
WARNING : LaTeX compilation of fig_mod5_clock-2.tex failed
INFO    : converting fig_part_product_linear-2.tex to fig_part_product_linear-2.pdf
ERROR   : LaTeX compilation of fig_part_product_linear-2.tex failed.
Re-run, requesting "source" as the format, to analyze the image.
Likely creating the entire document as PDF will fail similarly.
The transcript of the LaTeX run follows.
WARNING : LaTeX compilation of fig_part_product_linear-2.tex failed
INFO    : converting fig_K33_comp-2.tex to fig_K33_comp-2.pdf
ERROR   : LaTeX compilation of fig_K33_comp-2.tex failed.
Re-run, requesting "source" as the format, to analyze the image.
Likely creating the entire document as PDF will fail similarly.
The transcript of the LaTeX run follows.
WARNING : LaTeX compilation of fig_K33_comp-2.tex failed
INFO    : converting fig_finite_is_function-2.tex to fig_finite_is_function-2.pdf
ERROR   : LaTeX compilation of fig_finite_is_function-2.tex failed.
Re-run, requesting "source" as the format, to analyze the image.
Likely creating the entire document as PDF will fail similarly.
The transcript of the LaTeX run follows.
WARNING : LaTeX compilation of fig_finite_is_function-2.tex failed
INFO    : converting fig_part_sums_linear-2.tex to fig_part_sums_linear-2.pdf
ERROR   : LaTeX compilation of fig_part_sums_linear-2.tex failed.
Re-run, requesting "source" as the format, to analyze the image.
Likely creating the entire document as PDF will fail similarly.
The transcript of the LaTeX run follows.
WARNING : LaTeX compilation of fig_part_sums_linear-2.tex failed
INFO    : converting fig_venn_complement-2.tex to fig_venn_complement-2.pdf
ERROR   : LaTeX compilation of fig_venn_complement-2.tex failed.
Re-run, requesting "source" as the format, to analyze the image.
Likely creating the entire document as PDF will fail similarly.
The transcript of the LaTeX run follows.
WARNING : LaTeX compilation of fig_venn_complement-2.tex failed
INFO    : converting fig_P4_P5-2.tex to fig_P4_P5-2.pdf
ERROR   : LaTeX compilation of fig_P4_P5-2.tex failed.
Re-run, requesting "source" as the format, to analyze the image.
Likely creating the entire document as PDF will fail similarly.
The transcript of the LaTeX run follows.
WARNING : LaTeX compilation of fig_P4_P5-2.tex failed
INFO    : converting fig_notism_Ham8-2.tex to fig_notism_Ham8-2.pdf
ERROR   : LaTeX compilation of fig_notism_Ham8-2.tex failed.
Re-run, requesting "source" as the format, to analyze the image.
Likely creating the entire document as PDF will fail similarly.
The transcript of the LaTeX run follows.
WARNING : LaTeX compilation of fig_notism_Ham8-2.tex failed
INFO    : converting fig_notism_C4-2.tex to fig_notism_C4-2.pdf
ERROR   : LaTeX compilation of fig_notism_C4-2.tex failed.
Re-run, requesting "source" as the format, to analyze the image.
Likely creating the entire document as PDF will fail similarly.
The transcript of the LaTeX run follows.
WARNING : LaTeX compilation of fig_notism_C4-2.tex failed
INFO    : converting fig_cart_prod_as_points-2.tex to fig_cart_prod_as_points-2.pdf
ERROR   : LaTeX compilation of fig_cart_prod_as_points-2.tex failed.
Re-run, requesting "source" as the format, to analyze the image.
Likely creating the entire document as PDF will fail similarly.
The transcript of the LaTeX run follows.
WARNING : LaTeX compilation of fig_cart_prod_as_points-2.tex failed
INFO    : converting fig_wheel6_3colored-2.tex to fig_wheel6_3colored-2.pdf
ERROR   : LaTeX compilation of fig_wheel6_3colored-2.tex failed.
Re-run, requesting "source" as the format, to analyze the image.
Likely creating the entire document as PDF will fail similarly.
The transcript of the LaTeX run follows.
WARNING : LaTeX compilation of fig_wheel6_3colored-2.tex failed
INFO    : converting fig_K4b4-2.tex to fig_K4b4-2.pdf
ERROR   : LaTeX compilation of fig_K4b4-2.tex failed.
Re-run, requesting "source" as the format, to analyze the image.
Likely creating the entire document as PDF will fail similarly.
The transcript of the LaTeX run follows.
WARNING : LaTeX compilation of fig_K4b4-2.tex failed
INFO    : converting fig_dot_diagram_shift_left1-2.tex to fig_dot_diagram_shift_left1-2.pdf
ERROR   : LaTeX compilation of fig_dot_diagram_shift_left1-2.tex failed.
Re-run, requesting "source" as the format, to analyze the image.
Likely creating the entire document as PDF will fail similarly.
The transcript of the LaTeX run follows.
WARNING : LaTeX compilation of fig_dot_diagram_shift_left1-2.tex failed
INFO    : converting fig_digraph_relon123456-2.tex to fig_digraph_relon123456-2.pdf
ERROR   : LaTeX compilation of fig_digraph_relon123456-2.tex failed.
Re-run, requesting "source" as the format, to analyze the image.
Likely creating the entire document as PDF will fail similarly.
The transcript of the LaTeX run follows.
WARNING : LaTeX compilation of fig_digraph_relon123456-2.tex failed
INFO    : converting fig_bridges-2.tex to fig_bridges-2.pdf
ERROR   : LaTeX compilation of fig_bridges-2.tex failed.
Re-run, requesting "source" as the format, to analyze the image.
Likely creating the entire document as PDF will fail similarly.
The transcript of the LaTeX run follows.
WARNING : LaTeX compilation of fig_bridges-2.tex failed
INFO    : converting fig_number_line_ceiling-2.tex to fig_number_line_ceiling-2.pdf
ERROR   : LaTeX compilation of fig_number_line_ceiling-2.tex failed.
Re-run, requesting "source" as the format, to analyze the image.
Likely creating the entire document as PDF will fail similarly.
The transcript of the LaTeX run follows.
WARNING : LaTeX compilation of fig_number_line_ceiling-2.tex failed
INFO    : converting fig_nonism_Ham5-2.tex to fig_nonism_Ham5-2.pdf
ERROR   : LaTeX compilation of fig_nonism_Ham5-2.tex failed.
Re-run, requesting "source" as the format, to analyze the image.
Likely creating the entire document as PDF will fail similarly.
The transcript of the LaTeX run follows.
WARNING : LaTeX compilation of fig_nonism_Ham5-2.tex failed
INFO    : converting fig_tree_bit_strings_length3-2.tex to fig_tree_bit_strings_length3-2.pdf
ERROR   : LaTeX compilation of fig_tree_bit_strings_length3-2.tex failed.
Re-run, requesting "source" as the format, to analyze the image.
Likely creating the entire document as PDF will fail similarly.
The transcript of the LaTeX run follows.
WARNING : LaTeX compilation of fig_tree_bit_strings_length3-2.tex failed
INFO    : converting fig_ladder_cross_color-2.tex to fig_ladder_cross_color-2.pdf
ERROR   : LaTeX compilation of fig_ladder_cross_color-2.tex failed.
Re-run, requesting "source" as the format, to analyze the image.
Likely creating the entire document as PDF will fail similarly.
The transcript of the LaTeX run follows.
WARNING : LaTeX compilation of fig_ladder_cross_color-2.tex failed
INFO    : converting fig_K4_standard-2.tex to fig_K4_standard-2.pdf
ERROR   : LaTeX compilation of fig_K4_standard-2.tex failed.
Re-run, requesting "source" as the format, to analyze the image.
Likely creating the entire document as PDF will fail similarly.
The transcript of the LaTeX run follows.
WARNING : LaTeX compilation of fig_K4_standard-2.tex failed
INFO    : converting fig_tree_proper_bs5-2.tex to fig_tree_proper_bs5-2.pdf
ERROR   : LaTeX compilation of fig_tree_proper_bs5-2.tex failed.
Re-run, requesting "source" as the format, to analyze the image.
Likely creating the entire document as PDF will fail similarly.
The transcript of the LaTeX run follows.
WARNING : LaTeX compilation of fig_tree_proper_bs5-2.tex failed
INFO    : converting fig_four_real_fns-2.tex to fig_four_real_fns-2.pdf
ERROR   : LaTeX compilation of fig_four_real_fns-2.tex failed.
Re-run, requesting "source" as the format, to analyze the image.
Likely creating the entire document as PDF will fail similarly.
The transcript of the LaTeX run follows.
WARNING : LaTeX compilation of fig_four_real_fns-2.tex failed
INFO    : converting fig_ism_Ham6-2.tex to fig_ism_Ham6-2.pdf
ERROR   : LaTeX compilation of fig_ism_Ham6-2.tex failed.
Re-run, requesting "source" as the format, to analyze the image.
Likely creating the entire document as PDF will fail similarly.
The transcript of the LaTeX run follows.
WARNING : LaTeX compilation of fig_ism_Ham6-2.tex failed
INFO    : converting fig_twisted_disconnected-2.tex to fig_twisted_disconnected-2.pdf
ERROR   : LaTeX compilation of fig_twisted_disconnected-2.tex failed.
Re-run, requesting "source" as the format, to analyze the image.
Likely creating the entire document as PDF will fail similarly.
The transcript of the LaTeX run follows.
WARNING : LaTeX compilation of fig_twisted_disconnected-2.tex failed
INFO    : converting fig_three_comp_answer-2.tex to fig_three_comp_answer-2.pdf
ERROR   : LaTeX compilation of fig_three_comp_answer-2.tex failed.
Re-run, requesting "source" as the format, to analyze the image.
Likely creating the entire document as PDF will fail similarly.
The transcript of the LaTeX run follows.
WARNING : LaTeX compilation of fig_three_comp_answer-2.tex failed
INFO    : converting fig_classify_order3-2.tex to fig_classify_order3-2.pdf
ERROR   : LaTeX compilation of fig_classify_order3-2.tex failed.
Re-run, requesting "source" as the format, to analyze the image.
Likely creating the entire document as PDF will fail similarly.
The transcript of the LaTeX run follows.
WARNING : LaTeX compilation of fig_classify_order3-2.tex failed
INFO    : converting fig_ism_K4_minus_edge-2.tex to fig_ism_K4_minus_edge-2.pdf
ERROR   : LaTeX compilation of fig_ism_K4_minus_edge-2.tex failed.
Re-run, requesting "source" as the format, to analyze the image.
Likely creating the entire document as PDF will fail similarly.
The transcript of the LaTeX run follows.
WARNING : LaTeX compilation of fig_ism_K4_minus_edge-2.tex failed
INFO    : converting fig_graph_from_adjmat-2.tex to fig_graph_from_adjmat-2.pdf
ERROR   : LaTeX compilation of fig_graph_from_adjmat-2.tex failed.
Re-run, requesting "source" as the format, to analyze the image.
Likely creating the entire document as PDF will fail similarly.
The transcript of the LaTeX run follows.
WARNING : LaTeX compilation of fig_graph_from_adjmat-2.tex failed
INFO    : converting fig_stars_K1b4_K1b5-2.tex to fig_stars_K1b4_K1b5-2.pdf
ERROR   : LaTeX compilation of fig_stars_K1b4_K1b5-2.tex failed.
Re-run, requesting "source" as the format, to analyze the image.
Likely creating the entire document as PDF will fail similarly.
The transcript of the LaTeX run follows.
WARNING : LaTeX compilation of fig_stars_K1b4_K1b5-2.tex failed
INFO    : converting fig_froma1_toc4-2.tex to fig_froma1_toc4-2.pdf
ERROR   : LaTeX compilation of fig_froma1_toc4-2.tex failed.
Re-run, requesting "source" as the format, to analyze the image.
Likely creating the entire document as PDF will fail similarly.
The transcript of the LaTeX run follows.
WARNING : LaTeX compilation of fig_froma1_toc4-2.tex failed
INFO    : converting fig_classmates_comp-2.tex to fig_classmates_comp-2.pdf
ERROR   : LaTeX compilation of fig_classmates_comp-2.tex failed.
Re-run, requesting "source" as the format, to analyze the image.
Likely creating the entire document as PDF will fail similarly.
The transcript of the LaTeX run follows.
WARNING : LaTeX compilation of fig_classmates_comp-2.tex failed
INFO    : converting fig_perm_sigma-2.tex to fig_perm_sigma-2.pdf
ERROR   : LaTeX compilation of fig_perm_sigma-2.tex failed.
Re-run, requesting "source" as the format, to analyze the image.
Likely creating the entire document as PDF will fail similarly.
The transcript of the LaTeX run follows.
WARNING : LaTeX compilation of fig_perm_sigma-2.tex failed
INFO    : converting fig_C4_C5-2.tex to fig_C4_C5-2.pdf
ERROR   : LaTeX compilation of fig_C4_C5-2.tex failed.
Re-run, requesting "source" as the format, to analyze the image.
Likely creating the entire document as PDF will fail similarly.
The transcript of the LaTeX run follows.
WARNING : LaTeX compilation of fig_C4_C5-2.tex failed
INFO    : converting fig_perm_id-2.tex to fig_perm_id-2.pdf
ERROR   : LaTeX compilation of fig_perm_id-2.tex failed.
Re-run, requesting "source" as the format, to analyze the image.
Likely creating the entire document as PDF will fail similarly.
The transcript of the LaTeX run follows.
WARNING : LaTeX compilation of fig_perm_id-2.tex failed
INFO    : converting fig_ism_H3b6_K3b3-2.tex to fig_ism_H3b6_K3b3-2.pdf
ERROR   : LaTeX compilation of fig_ism_H3b6_K3b3-2.tex failed.
Re-run, requesting "source" as the format, to analyze the image.
Likely creating the entire document as PDF will fail similarly.
The transcript of the LaTeX run follows.
WARNING : LaTeX compilation of fig_ism_H3b6_K3b3-2.tex failed
INFO    : converting fig_G1G2G3-2.tex to fig_G1G2G3-2.pdf
ERROR   : LaTeX compilation of fig_G1G2G3-2.tex failed.
Re-run, requesting "source" as the format, to analyze the image.
Likely creating the entire document as PDF will fail similarly.
The transcript of the LaTeX run follows.
WARNING : LaTeX compilation of fig_G1G2G3-2.tex failed
INFO    : converting fig_robots-2.tex to fig_robots-2.pdf
ERROR   : LaTeX compilation of fig_robots-2.tex failed.
Re-run, requesting "source" as the format, to analyze the image.
Likely creating the entire document as PDF will fail similarly.
The transcript of the LaTeX run follows.
WARNING : LaTeX compilation of fig_robots-2.tex failed
INFO    : converting fig_directed_graph_three_relations-2.tex to fig_directed_graph_three_relations-2.pdf
ERROR   : LaTeX compilation of fig_directed_graph_three_relations-2.tex failed.
Re-run, requesting "source" as the format, to analyze the image.
Likely creating the entire document as PDF will fail similarly.
The transcript of the LaTeX run follows.
WARNING : LaTeX compilation of fig_directed_graph_three_relations-2.tex failed
INFO    : converting fig_subset_corral-2.tex to fig_subset_corral-2.pdf
ERROR   : LaTeX compilation of fig_subset_corral-2.tex failed.
Re-run, requesting "source" as the format, to analyze the image.
Likely creating the entire document as PDF will fail similarly.
The transcript of the LaTeX run follows.
WARNING : LaTeX compilation of fig_subset_corral-2.tex failed
INFO    : converting fig_classify_order4_size2_or_size4-2.tex to fig_classify_order4_size2_or_size4-2.pdf
ERROR   : LaTeX compilation of fig_classify_order4_size2_or_size4-2.tex failed.
Re-run, requesting "source" as the format, to analyze the image.
Likely creating the entire document as PDF will fail similarly.
The transcript of the LaTeX run follows.
WARNING : LaTeX compilation of fig_classify_order4_size2_or_size4-2.tex failed
INFO    : converting fig_rel_finite_ppty-2.tex to fig_rel_finite_ppty-2.pdf
ERROR   : LaTeX compilation of fig_rel_finite_ppty-2.tex failed.
Re-run, requesting "source" as the format, to analyze the image.
Likely creating the entire document as PDF will fail similarly.
The transcript of the LaTeX run follows.
WARNING : LaTeX compilation of fig_rel_finite_ppty-2.tex failed
INFO    : converting fig_nonism_complicated_Ham8-2.tex to fig_nonism_complicated_Ham8-2.pdf
ERROR   : LaTeX compilation of fig_nonism_complicated_Ham8-2.tex failed.
Re-run, requesting "source" as the format, to analyze the image.
Likely creating the entire document as PDF will fail similarly.
The transcript of the LaTeX run follows.
WARNING : LaTeX compilation of fig_nonism_complicated_Ham8-2.tex failed
INFO    : converting fig_K2b5_standard-2.tex to fig_K2b5_standard-2.pdf
ERROR   : LaTeX compilation of fig_K2b5_standard-2.tex failed.
Re-run, requesting "source" as the format, to analyze the image.
Likely creating the entire document as PDF will fail similarly.
The transcript of the LaTeX run follows.
WARNING : LaTeX compilation of fig_K2b5_standard-2.tex failed
INFO    : converting fig_ism_notK33-2.tex to fig_ism_notK33-2.pdf
ERROR   : LaTeX compilation of fig_ism_notK33-2.tex failed.
Re-run, requesting "source" as the format, to analyze the image.
Likely creating the entire document as PDF will fail similarly.
The transcript of the LaTeX run follows.
WARNING : LaTeX compilation of fig_ism_notK33-2.tex failed
INFO    : converting fig_3comp-2.tex to fig_3comp-2.pdf
ERROR   : LaTeX compilation of fig_3comp-2.tex failed.
Re-run, requesting "source" as the format, to analyze the image.
Likely creating the entire document as PDF will fail similarly.
The transcript of the LaTeX run follows.
WARNING : LaTeX compilation of fig_3comp-2.tex failed
INFO    : converting fig_elephant_nolabel-2.tex to fig_elephant_nolabel-2.pdf
ERROR   : LaTeX compilation of fig_elephant_nolabel-2.tex failed.
Re-run, requesting "source" as the format, to analyze the image.
Likely creating the entire document as PDF will fail similarly.
The transcript of the LaTeX run follows.
WARNING : LaTeX compilation of fig_elephant_nolabel-2.tex failed
INFO    : converting fig_elephant_4colored-2.tex to fig_elephant_4colored-2.pdf
ERROR   : LaTeX compilation of fig_elephant_4colored-2.tex failed.
Re-run, requesting "source" as the format, to analyze the image.
Likely creating the entire document as PDF will fail similarly.
The transcript of the LaTeX run follows.
WARNING : LaTeX compilation of fig_elephant_4colored-2.tex failed
INFO    : converting fig_ism_Ham5-2.tex to fig_ism_Ham5-2.pdf
ERROR   : LaTeX compilation of fig_ism_Ham5-2.tex failed.
Re-run, requesting "source" as the format, to analyze the image.
Likely creating the entire document as PDF will fail similarly.
The transcript of the LaTeX run follows.
WARNING : LaTeX compilation of fig_ism_Ham5-2.tex failed
INFO    : converting fig_K6_again-2.tex to fig_K6_again-2.pdf
ERROR   : LaTeX compilation of fig_K6_again-2.tex failed.
Re-run, requesting "source" as the format, to analyze the image.
Likely creating the entire document as PDF will fail similarly.
The transcript of the LaTeX run follows.
WARNING : LaTeX compilation of fig_K6_again-2.tex failed
INFO    : converting fig_tau_of_sigma-2.tex to fig_tau_of_sigma-2.pdf
ERROR   : LaTeX compilation of fig_tau_of_sigma-2.tex failed.
Re-run, requesting "source" as the format, to analyze the image.
Likely creating the entire document as PDF will fail similarly.
The transcript of the LaTeX run follows.
WARNING : LaTeX compilation of fig_tau_of_sigma-2.tex failed
INFO    : converting fig_8cycles-2.tex to fig_8cycles-2.pdf
ERROR   : LaTeX compilation of fig_8cycles-2.tex failed.
Re-run, requesting "source" as the format, to analyze the image.
Likely creating the entire document as PDF will fail similarly.
The transcript of the LaTeX run follows.
WARNING : LaTeX compilation of fig_8cycles-2.tex failed
INFO    : converting fig_sigma_of_tau-2.tex to fig_sigma_of_tau-2.pdf
ERROR   : LaTeX compilation of fig_sigma_of_tau-2.tex failed.
Re-run, requesting "source" as the format, to analyze the image.
Likely creating the entire document as PDF will fail similarly.
The transcript of the LaTeX run follows.
WARNING : LaTeX compilation of fig_sigma_of_tau-2.tex failed
INFO    : converting fig_ism_Ham6_comp-2.tex to fig_ism_Ham6_comp-2.pdf
ERROR   : LaTeX compilation of fig_ism_Ham6_comp-2.tex failed.
Re-run, requesting "source" as the format, to analyze the image.
Likely creating the entire document as PDF will fail similarly.
The transcript of the LaTeX run follows.
WARNING : LaTeX compilation of fig_ism_Ham6_comp-2.tex failed
INFO    : converting fig_K6-2.tex to fig_K6-2.pdf
ERROR   : LaTeX compilation of fig_K6-2.tex failed.
Re-run, requesting "source" as the format, to analyze the image.
Likely creating the entire document as PDF will fail similarly.
The transcript of the LaTeX run follows.
WARNING : LaTeX compilation of fig_K6-2.tex failed
INFO    : converting fig_ism_H4b7_comp-2.tex to fig_ism_H4b7_comp-2.pdf
ERROR   : LaTeX compilation of fig_ism_H4b7_comp-2.tex failed.
Re-run, requesting "source" as the format, to analyze the image.
Likely creating the entire document as PDF will fail similarly.
The transcript of the LaTeX run follows.
WARNING : LaTeX compilation of fig_ism_H4b7_comp-2.tex failed
INFO    : converting fig_pairing_int_evens-2.tex to fig_pairing_int_evens-2.pdf
ERROR   : LaTeX compilation of fig_pairing_int_evens-2.tex failed.
Re-run, requesting "source" as the format, to analyze the image.
Likely creating the entire document as PDF will fail similarly.
The transcript of the LaTeX run follows.
WARNING : LaTeX compilation of fig_pairing_int_evens-2.tex failed
INFO    : converting fig_function_finite-2.tex to fig_function_finite-2.pdf
ERROR   : LaTeX compilation of fig_function_finite-2.tex failed.
Re-run, requesting "source" as the format, to analyze the image.
Likely creating the entire document as PDF will fail similarly.
The transcript of the LaTeX run follows.
WARNING : LaTeX compilation of fig_function_finite-2.tex failed
INFO    : converting fig_ism_trees-2.tex to fig_ism_trees-2.pdf
ERROR   : LaTeX compilation of fig_ism_trees-2.tex failed.
Re-run, requesting "source" as the format, to analyze the image.
Likely creating the entire document as PDF will fail similarly.
The transcript of the LaTeX run follows.
WARNING : LaTeX compilation of fig_ism_trees-2.tex failed
INFO    : converting fig_nonism_graphs_act-2.tex to fig_nonism_graphs_act-2.pdf
ERROR   : LaTeX compilation of fig_nonism_graphs_act-2.tex failed.
Re-run, requesting "source" as the format, to analyze the image.
Likely creating the entire document as PDF will fail similarly.
The transcript of the LaTeX run follows.
WARNING : LaTeX compilation of fig_nonism_graphs_act-2.tex failed
INFO    : converting fig_notism_Ham8_bipartite-2.tex to fig_notism_Ham8_bipartite-2.pdf
ERROR   : LaTeX compilation of fig_notism_Ham8_bipartite-2.tex failed.
Re-run, requesting "source" as the format, to analyze the image.
Likely creating the entire document as PDF will fail similarly.
The transcript of the LaTeX run follows.
WARNING : LaTeX compilation of fig_notism_Ham8_bipartite-2.tex failed
INFO    : converting fig_subgraph_order6-2.tex to fig_subgraph_order6-2.pdf
ERROR   : LaTeX compilation of fig_subgraph_order6-2.tex failed.
Re-run, requesting "source" as the format, to analyze the image.
Likely creating the entire document as PDF will fail similarly.
The transcript of the LaTeX run follows.
WARNING : LaTeX compilation of fig_subgraph_order6-2.tex failed
INFO    : converting fig_C5_3colored-2.tex to fig_C5_3colored-2.pdf
ERROR   : LaTeX compilation of fig_C5_3colored-2.tex failed.
Re-run, requesting "source" as the format, to analyze the image.
Likely creating the entire document as PDF will fail similarly.
The transcript of the LaTeX run follows.
WARNING : LaTeX compilation of fig_C5_3colored-2.tex failed
INFO    : converting fig_answer_exer_domain_codomain_finite-2.tex to fig_answer_exer_domain_codomain_finite-2.pdf
ERROR   : LaTeX compilation of fig_answer_exer_domain_codomain_finite-2.tex failed.
Re-run, requesting "source" as the format, to analyze the image.
Likely creating the entire document as PDF will fail similarly.
The transcript of the LaTeX run follows.
WARNING : LaTeX compilation of fig_answer_exer_domain_codomain_finite-2.tex failed
INFO    : converting fig_tree_defn-2.tex to fig_tree_defn-2.pdf
ERROR   : LaTeX compilation of fig_tree_defn-2.tex failed.
Re-run, requesting "source" as the format, to analyze the image.
Likely creating the entire document as PDF will fail similarly.
The transcript of the LaTeX run follows.
WARNING : LaTeX compilation of fig_tree_defn-2.tex failed
INFO    : converting fig_regular8_answer-2.tex to fig_regular8_answer-2.pdf
ERROR   : LaTeX compilation of fig_regular8_answer-2.tex failed.
Re-run, requesting "source" as the format, to analyze the image.
Likely creating the entire document as PDF will fail similarly.
The transcript of the LaTeX run follows.
WARNING : LaTeX compilation of fig_regular8_answer-2.tex failed
INFO    : converting fig_answer_exer_domain_codomain_finite2-2.tex to fig_answer_exer_domain_codomain_finite2-2.pdf
ERROR   : LaTeX compilation of fig_answer_exer_domain_codomain_finite2-2.tex failed.
Re-run, requesting "source" as the format, to analyze the image.
Likely creating the entire document as PDF will fail similarly.
The transcript of the LaTeX run follows.
WARNING : LaTeX compilation of fig_answer_exer_domain_codomain_finite2-2.tex failed
INFO    : converting fig_bridges_graph-2.tex to fig_bridges_graph-2.pdf
ERROR   : LaTeX compilation of fig_bridges_graph-2.tex failed.
Re-run, requesting "source" as the format, to analyze the image.
Likely creating the entire document as PDF will fail similarly.
The transcript of the LaTeX run follows.
WARNING : LaTeX compilation of fig_bridges_graph-2.tex failed
INFO    : converting fig_act_deg_seq-2.tex to fig_act_deg_seq-2.pdf
ERROR   : LaTeX compilation of fig_act_deg_seq-2.tex failed.
Re-run, requesting "source" as the format, to analyze the image.
Likely creating the entire document as PDF will fail similarly.
The transcript of the LaTeX run follows.
WARNING : LaTeX compilation of fig_act_deg_seq-2.tex failed
INFO    : converting fig_nonism_H3b6-2.tex to fig_nonism_H3b6-2.pdf
ERROR   : LaTeX compilation of fig_nonism_H3b6-2.tex failed.
Re-run, requesting "source" as the format, to analyze the image.
Likely creating the entire document as PDF will fail similarly.
The transcript of the LaTeX run follows.
WARNING : LaTeX compilation of fig_nonism_H3b6-2.tex failed
INFO    : converting fig_shift_1right_not_pair_naturals-2.tex to fig_shift_1right_not_pair_naturals-2.pdf
ERROR   : LaTeX compilation of fig_shift_1right_not_pair_naturals-2.tex failed.
Re-run, requesting "source" as the format, to analyze the image.
Likely creating the entire document as PDF will fail similarly.
The transcript of the LaTeX run follows.
WARNING : LaTeX compilation of fig_shift_1right_not_pair_naturals-2.tex failed
INFO    : converting fig_perms_sigma_inv-2.tex to fig_perms_sigma_inv-2.pdf
ERROR   : LaTeX compilation of fig_perms_sigma_inv-2.tex failed.
Re-run, requesting "source" as the format, to analyze the image.
Likely creating the entire document as PDF will fail similarly.
The transcript of the LaTeX run follows.
WARNING : LaTeX compilation of fig_perms_sigma_inv-2.tex failed
INFO    : converting fig_ism_trees_easy_answer-2.tex to fig_ism_trees_easy_answer-2.pdf
ERROR   : LaTeX compilation of fig_ism_trees_easy_answer-2.tex failed.
Re-run, requesting "source" as the format, to analyze the image.
Likely creating the entire document as PDF will fail similarly.
The transcript of the LaTeX run follows.
WARNING : LaTeX compilation of fig_ism_trees_easy_answer-2.tex failed
INFO    : converting fig_graph_and_comp-2.tex to fig_graph_and_comp-2.pdf
ERROR   : LaTeX compilation of fig_graph_and_comp-2.tex failed.
Re-run, requesting "source" as the format, to analyze the image.
Likely creating the entire document as PDF will fail similarly.
The transcript of the LaTeX run follows.
WARNING : LaTeX compilation of fig_graph_and_comp-2.tex failed
INFO    : converting fig_sigma_sq-2.tex to fig_sigma_sq-2.pdf
ERROR   : LaTeX compilation of fig_sigma_sq-2.tex failed.
Re-run, requesting "source" as the format, to analyze the image.
Likely creating the entire document as PDF will fail similarly.
The transcript of the LaTeX run follows.
WARNING : LaTeX compilation of fig_sigma_sq-2.tex failed
INFO    : converting fig_schedule_alumni-2.tex to fig_schedule_alumni-2.pdf
ERROR   : LaTeX compilation of fig_schedule_alumni-2.tex failed.
Re-run, requesting "source" as the format, to analyze the image.
Likely creating the entire document as PDF will fail similarly.
The transcript of the LaTeX run follows.
WARNING : LaTeX compilation of fig_schedule_alumni-2.tex failed
INFO    : converting fig_schedule_alumni_colors-2.tex to fig_schedule_alumni_colors-2.pdf
ERROR   : LaTeX compilation of fig_schedule_alumni_colors-2.tex failed.
Re-run, requesting "source" as the format, to analyze the image.
Likely creating the entire document as PDF will fail similarly.
The transcript of the LaTeX run follows.
WARNING : LaTeX compilation of fig_schedule_alumni_colors-2.tex failed
INFO    : converting fig_TandV-2.tex to fig_TandV-2.pdf
ERROR   : LaTeX compilation of fig_TandV-2.tex failed.
Re-run, requesting "source" as the format, to analyze the image.
Likely creating the entire document as PDF will fail similarly.
The transcript of the LaTeX run follows.
WARNING : LaTeX compilation of fig_TandV-2.tex failed
INFO    : converting fig_ism_H4b7-2.tex to fig_ism_H4b7-2.pdf
ERROR   : LaTeX compilation of fig_ism_H4b7-2.tex failed.
Re-run, requesting "source" as the format, to analyze the image.
Likely creating the entire document as PDF will fail similarly.
The transcript of the LaTeX run follows.
WARNING : LaTeX compilation of fig_ism_H4b7-2.tex failed
INFO    : converting fig_state_graph_5coins-2.tex to fig_state_graph_5coins-2.pdf
ERROR   : LaTeX compilation of fig_state_graph_5coins-2.tex failed.
Re-run, requesting "source" as the format, to analyze the image.
Likely creating the entire document as PDF will fail similarly.
The transcript of the LaTeX run follows.
WARNING : LaTeX compilation of fig_state_graph_5coins-2.tex failed
INFO    : converting fig_C8_plus_edges-2.tex to fig_C8_plus_edges-2.pdf
ERROR   : LaTeX compilation of fig_C8_plus_edges-2.tex failed.
Re-run, requesting "source" as the format, to analyze the image.
Likely creating the entire document as PDF will fail similarly.
The transcript of the LaTeX run follows.
WARNING : LaTeX compilation of fig_C8_plus_edges-2.tex failed
INFO    : converting fig_reln_01_quick-2.tex to fig_reln_01_quick-2.pdf
ERROR   : LaTeX compilation of fig_reln_01_quick-2.tex failed.
Re-run, requesting "source" as the format, to analyze the image.
Likely creating the entire document as PDF will fail similarly.
The transcript of the LaTeX run follows.
WARNING : LaTeX compilation of fig_reln_01_quick-2.tex failed
INFO    : converting fig_part_products_constant-2.tex to fig_part_products_constant-2.pdf
ERROR   : LaTeX compilation of fig_part_products_constant-2.tex failed.
Re-run, requesting "source" as the format, to analyze the image.
Likely creating the entire document as PDF will fail similarly.
The transcript of the LaTeX run follows.
WARNING : LaTeX compilation of fig_part_products_constant-2.tex failed
INFO    : converting fig_part_sums_fib-2.tex to fig_part_sums_fib-2.pdf
ERROR   : LaTeX compilation of fig_part_sums_fib-2.tex failed.
Re-run, requesting "source" as the format, to analyze the image.
Likely creating the entire document as PDF will fail similarly.
The transcript of the LaTeX run follows.
WARNING : LaTeX compilation of fig_part_sums_fib-2.tex failed
INFO    : converting fig_two_deg3-2.tex to fig_two_deg3-2.pdf
ERROR   : LaTeX compilation of fig_two_deg3-2.tex failed.
Re-run, requesting "source" as the format, to analyze the image.
Likely creating the entire document as PDF will fail similarly.
The transcript of the LaTeX run follows.
WARNING : LaTeX compilation of fig_two_deg3-2.tex failed
INFO    : converting fig_tree_2strings-2.tex to fig_tree_2strings-2.pdf
ERROR   : LaTeX compilation of fig_tree_2strings-2.tex failed.
Re-run, requesting "source" as the format, to analyze the image.
Likely creating the entire document as PDF will fail similarly.
The transcript of the LaTeX run follows.
WARNING : LaTeX compilation of fig_tree_2strings-2.tex failed
INFO    : converting fig_subset_corral_again-2.tex to fig_subset_corral_again-2.pdf
ERROR   : LaTeX compilation of fig_subset_corral_again-2.tex failed.
Re-run, requesting "source" as the format, to analyze the image.
Likely creating the entire document as PDF will fail similarly.
The transcript of the LaTeX run follows.
WARNING : LaTeX compilation of fig_subset_corral_again-2.tex failed
INFO    : converting fig_tree_for_fn_exer-2.tex to fig_tree_for_fn_exer-2.pdf
ERROR   : LaTeX compilation of fig_tree_for_fn_exer-2.tex failed.
Re-run, requesting "source" as the format, to analyze the image.
Likely creating the entire document as PDF will fail similarly.
The transcript of the LaTeX run follows.
WARNING : LaTeX compilation of fig_tree_for_fn_exer-2.tex failed
INFO    : converting fig_classify_order4_size3-2.tex to fig_classify_order4_size3-2.pdf
ERROR   : LaTeX compilation of fig_classify_order4_size3-2.tex failed.
Re-run, requesting "source" as the format, to analyze the image.
Likely creating the entire document as PDF will fail similarly.
The transcript of the LaTeX run follows.
WARNING : LaTeX compilation of fig_classify_order4_size3-2.tex failed
INFO    : converting fig_nonism_trees_act-2.tex to fig_nonism_trees_act-2.pdf
ERROR   : LaTeX compilation of fig_nonism_trees_act-2.tex failed.
Re-run, requesting "source" as the format, to analyze the image.
Likely creating the entire document as PDF will fail similarly.
The transcript of the LaTeX run follows.
WARNING : LaTeX compilation of fig_nonism_trees_act-2.tex failed
INFO    : converting fig_all_odd_degree-2.tex to fig_all_odd_degree-2.pdf
ERROR   : LaTeX compilation of fig_all_odd_degree-2.tex failed.
Re-run, requesting "source" as the format, to analyze the image.
Likely creating the entire document as PDF will fail similarly.
The transcript of the LaTeX run follows.
WARNING : LaTeX compilation of fig_all_odd_degree-2.tex failed
INFO    : converting fig_equiv_rel_12345-2.tex to fig_equiv_rel_12345-2.pdf
ERROR   : LaTeX compilation of fig_equiv_rel_12345-2.tex failed.
Re-run, requesting "source" as the format, to analyze the image.
Likely creating the entire document as PDF will fail similarly.
The transcript of the LaTeX run follows.
WARNING : LaTeX compilation of fig_equiv_rel_12345-2.tex failed
INFO    : converting figure_path_graphs_recursive-2.tex to figure_path_graphs_recursive-2.pdf
ERROR   : LaTeX compilation of figure_path_graphs_recursive-2.tex failed.
Re-run, requesting "source" as the format, to analyze the image.
Likely creating the entire document as PDF will fail similarly.
The transcript of the LaTeX run follows.
WARNING : LaTeX compilation of figure_path_graphs_recursive-2.tex failed
INFO    : converting fig_elephant-2.tex to fig_elephant-2.pdf
ERROR   : LaTeX compilation of fig_elephant-2.tex failed.
Re-run, requesting "source" as the format, to analyze the image.
Likely creating the entire document as PDF will fail similarly.
The transcript of the LaTeX run follows.
WARNING : LaTeX compilation of fig_elephant-2.tex failed
INFO    : converting fig_not_pairing_floorofhalf-2.tex to fig_not_pairing_floorofhalf-2.pdf
ERROR   : LaTeX compilation of fig_not_pairing_floorofhalf-2.tex failed.
Re-run, requesting "source" as the format, to analyze the image.
Likely creating the entire document as PDF will fail similarly.
The transcript of the LaTeX run follows.
WARNING : LaTeX compilation of fig_not_pairing_floorofhalf-2.tex failed
INFO    : converting fig_ism_Ham6_comp_labeled-2.tex to fig_ism_Ham6_comp_labeled-2.pdf
ERROR   : LaTeX compilation of fig_ism_Ham6_comp_labeled-2.tex failed.
Re-run, requesting "source" as the format, to analyze the image.
Likely creating the entire document as PDF will fail similarly.
The transcript of the LaTeX run follows.
WARNING : LaTeX compilation of fig_ism_Ham6_comp_labeled-2.tex failed
INFO    : converting fig_venn_specific-2.tex to fig_venn_specific-2.pdf
ERROR   : LaTeX compilation of fig_venn_specific-2.tex failed.
Re-run, requesting "source" as the format, to analyze the image.
Likely creating the entire document as PDF will fail similarly.
The transcript of the LaTeX run follows.
WARNING : LaTeX compilation of fig_venn_specific-2.tex failed
INFO    : converting fig_act_ism_comp-2.tex to fig_act_ism_comp-2.pdf
ERROR   : LaTeX compilation of fig_act_ism_comp-2.tex failed.
Re-run, requesting "source" as the format, to analyze the image.
Likely creating the entire document as PDF will fail similarly.
The transcript of the LaTeX run follows.
WARNING : LaTeX compilation of fig_act_ism_comp-2.tex failed
INFO    : converting fig_wheel5_4colored-2.tex to fig_wheel5_4colored-2.pdf
ERROR   : LaTeX compilation of fig_wheel5_4colored-2.tex failed.
Re-run, requesting "source" as the format, to analyze the image.
Likely creating the entire document as PDF will fail similarly.
The transcript of the LaTeX run follows.
WARNING : LaTeX compilation of fig_wheel5_4colored-2.tex failed
INFO    : converting fig_nonism_order6-2.tex to fig_nonism_order6-2.pdf
ERROR   : LaTeX compilation of fig_nonism_order6-2.tex failed.
Re-run, requesting "source" as the format, to analyze the image.
Likely creating the entire document as PDF will fail similarly.
The transcript of the LaTeX run follows.
WARNING : LaTeX compilation of fig_nonism_order6-2.tex failed
INFO    : converting fig_tree_2strings_shorthand-2.tex to fig_tree_2strings_shorthand-2.pdf
ERROR   : LaTeX compilation of fig_tree_2strings_shorthand-2.tex failed.
Re-run, requesting "source" as the format, to analyze the image.
Likely creating the entire document as PDF will fail similarly.
The transcript of the LaTeX run follows.
WARNING : LaTeX compilation of fig_tree_2strings_shorthand-2.tex failed
INFO    : converting fig_graph_setbuilder-2.tex to fig_graph_setbuilder-2.pdf
ERROR   : LaTeX compilation of fig_graph_setbuilder-2.tex failed.
Re-run, requesting "source" as the format, to analyze the image.
Likely creating the entire document as PDF will fail similarly.
The transcript of the LaTeX run follows.
WARNING : LaTeX compilation of fig_graph_setbuilder-2.tex failed
INFO    : converting fig_tree_proper_bs3-2.tex to fig_tree_proper_bs3-2.pdf
ERROR   : LaTeX compilation of fig_tree_proper_bs3-2.tex failed.
Re-run, requesting "source" as the format, to analyze the image.
Likely creating the entire document as PDF will fail similarly.
The transcript of the LaTeX run follows.
WARNING : LaTeX compilation of fig_tree_proper_bs3-2.tex failed
INFO    : converting fig_twisted_cycle-2.tex to fig_twisted_cycle-2.pdf
ERROR   : LaTeX compilation of fig_twisted_cycle-2.tex failed.
Re-run, requesting "source" as the format, to analyze the image.
Likely creating the entire document as PDF will fail similarly.
The transcript of the LaTeX run follows.
WARNING : LaTeX compilation of fig_twisted_cycle-2.tex failed
INFO    : converting fig_nonid_pair_naturals-2.tex to fig_nonid_pair_naturals-2.pdf
ERROR   : LaTeX compilation of fig_nonid_pair_naturals-2.tex failed.
Re-run, requesting "source" as the format, to analyze the image.
Likely creating the entire document as PDF will fail similarly.
The transcript of the LaTeX run follows.
WARNING : LaTeX compilation of fig_nonid_pair_naturals-2.tex failed
INFO    : converting fig_part_sums_constant-2.tex to fig_part_sums_constant-2.pdf
ERROR   : LaTeX compilation of fig_part_sums_constant-2.tex failed.
Re-run, requesting "source" as the format, to analyze the image.
Likely creating the entire document as PDF will fail similarly.
The transcript of the LaTeX run follows.
WARNING : LaTeX compilation of fig_part_sums_constant-2.tex failed
INFO    : converting fig_tree_bit_strings_length4_weight2-2.tex to fig_tree_bit_strings_length4_weight2-2.pdf
ERROR   : LaTeX compilation of fig_tree_bit_strings_length4_weight2-2.tex failed.
Re-run, requesting "source" as the format, to analyze the image.
Likely creating the entire document as PDF will fail similarly.
The transcript of the LaTeX run follows.
WARNING : LaTeX compilation of fig_tree_bit_strings_length4_weight2-2.tex failed
INFO    : converting fig_ism_petersen-2.tex to fig_ism_petersen-2.pdf
ERROR   : LaTeX compilation of fig_ism_petersen-2.tex failed.
Re-run, requesting "source" as the format, to analyze the image.
Likely creating the entire document as PDF will fail similarly.
The transcript of the LaTeX run follows.
WARNING : LaTeX compilation of fig_ism_petersen-2.tex failed
INFO    : converting fig_venn_diff-2.tex to fig_venn_diff-2.pdf
ERROR   : LaTeX compilation of fig_venn_diff-2.tex failed.
Re-run, requesting "source" as the format, to analyze the image.
Likely creating the entire document as PDF will fail similarly.
The transcript of the LaTeX run follows.
WARNING : LaTeX compilation of fig_venn_diff-2.tex failed
INFO    : converting fig_word_graph_first-2.tex to fig_word_graph_first-2.pdf
ERROR   : LaTeX compilation of fig_word_graph_first-2.tex failed.
Re-run, requesting "source" as the format, to analyze the image.
Likely creating the entire document as PDF will fail similarly.
The transcript of the LaTeX run follows.
WARNING : LaTeX compilation of fig_word_graph_first-2.tex failed
INFO    : converting fig_sq_dom5-2.tex to fig_sq_dom5-2.pdf
ERROR   : LaTeX compilation of fig_sq_dom5-2.tex failed.
Re-run, requesting "source" as the format, to analyze the image.
Likely creating the entire document as PDF will fail similarly.
The transcript of the LaTeX run follows.
WARNING : LaTeX compilation of fig_sq_dom5-2.tex failed
INFO    : converting fig_4reg-2.tex to fig_4reg-2.pdf
ERROR   : LaTeX compilation of fig_4reg-2.tex failed.
Re-run, requesting "source" as the format, to analyze the image.
Likely creating the entire document as PDF will fail similarly.
The transcript of the LaTeX run follows.
WARNING : LaTeX compilation of fig_4reg-2.tex failed
INFO    : converting fig_graph_busy-2.tex to fig_graph_busy-2.pdf
ERROR   : LaTeX compilation of fig_graph_busy-2.tex failed.
Re-run, requesting "source" as the format, to analyze the image.
Likely creating the entire document as PDF will fail similarly.
The transcript of the LaTeX run follows.
WARNING : LaTeX compilation of fig_graph_busy-2.tex failed
INFO    : converting fig_suspended_cycles-2.tex to fig_suspended_cycles-2.pdf
ERROR   : LaTeX compilation of fig_suspended_cycles-2.tex failed.
Re-run, requesting "source" as the format, to analyze the image.
Likely creating the entire document as PDF will fail similarly.
The transcript of the LaTeX run follows.
WARNING : LaTeX compilation of fig_suspended_cycles-2.tex failed
INFO    : converting fig_venn_3sets_specific-2.tex to fig_venn_3sets_specific-2.pdf
ERROR   : LaTeX compilation of fig_venn_3sets_specific-2.tex failed.
Re-run, requesting "source" as the format, to analyze the image.
Likely creating the entire document as PDF will fail similarly.
The transcript of the LaTeX run follows.
WARNING : LaTeX compilation of fig_venn_3sets_specific-2.tex failed
INFO    : converting fig_part_sums_geometric-2.tex to fig_part_sums_geometric-2.pdf
ERROR   : LaTeX compilation of fig_part_sums_geometric-2.tex failed.
Re-run, requesting "source" as the format, to analyze the image.
Likely creating the entire document as PDF will fail similarly.
The transcript of the LaTeX run follows.
WARNING : LaTeX compilation of fig_part_sums_geometric-2.tex failed
INFO    : converting fig_tau_sq-2.tex to fig_tau_sq-2.pdf
ERROR   : LaTeX compilation of fig_tau_sq-2.tex failed.
Re-run, requesting "source" as the format, to analyze the image.
Likely creating the entire document as PDF will fail similarly.
The transcript of the LaTeX run follows.
WARNING : LaTeX compilation of fig_tau_sq-2.tex failed
INFO    : converting fig_failed_labeling-2.tex to fig_failed_labeling-2.pdf
ERROR   : LaTeX compilation of fig_failed_labeling-2.tex failed.
Re-run, requesting "source" as the format, to analyze the image.
Likely creating the entire document as PDF will fail similarly.
The transcript of the LaTeX run follows.
WARNING : LaTeX compilation of fig_failed_labeling-2.tex failed
INFO    : converting fig_L2x4-2.tex to fig_L2x4-2.pdf
ERROR   : LaTeX compilation of fig_L2x4-2.tex failed.
Re-run, requesting "source" as the format, to analyze the image.
Likely creating the entire document as PDF will fail similarly.
The transcript of the LaTeX run follows.
WARNING : LaTeX compilation of fig_L2x4-2.tex failed
INFO    : converting fig_password8_spaces-2.tex to fig_password8_spaces-2.pdf
ERROR   : LaTeX compilation of fig_password8_spaces-2.tex failed.
Re-run, requesting "source" as the format, to analyze the image.
Likely creating the entire document as PDF will fail similarly.
The transcript of the LaTeX run follows.
WARNING : LaTeX compilation of fig_password8_spaces-2.tex failed
INFO    : converting fig_Harary4b8-2.tex to fig_Harary4b8-2.pdf
ERROR   : LaTeX compilation of fig_Harary4b8-2.tex failed.
Re-run, requesting "source" as the format, to analyze the image.
Likely creating the entire document as PDF will fail similarly.
The transcript of the LaTeX run follows.
WARNING : LaTeX compilation of fig_Harary4b8-2.tex failed
INFO    : converting fig_tau1_sigma1_perms-2.tex to fig_tau1_sigma1_perms-2.pdf
ERROR   : LaTeX compilation of fig_tau1_sigma1_perms-2.tex failed.
Re-run, requesting "source" as the format, to analyze the image.
Likely creating the entire document as PDF will fail similarly.
The transcript of the LaTeX run follows.
WARNING : LaTeX compilation of fig_tau1_sigma1_perms-2.tex failed
INFO    : converting fig_mod12_clock-2.tex to fig_mod12_clock-2.pdf
ERROR   : LaTeX compilation of fig_mod12_clock-2.tex failed.
Re-run, requesting "source" as the format, to analyze the image.
Likely creating the entire document as PDF will fail similarly.
The transcript of the LaTeX run follows.
WARNING : LaTeX compilation of fig_mod12_clock-2.tex failed
INFO    : converting fig_less_obv_cycle-2.tex to fig_less_obv_cycle-2.pdf
ERROR   : LaTeX compilation of fig_less_obv_cycle-2.tex failed.
Re-run, requesting "source" as the format, to analyze the image.
Likely creating the entire document as PDF will fail similarly.
The transcript of the LaTeX run follows.
WARNING : LaTeX compilation of fig_less_obv_cycle-2.tex failed
INFO    : converting fig_my_first_adj_matrix-2.tex to fig_my_first_adj_matrix-2.pdf
ERROR   : LaTeX compilation of fig_my_first_adj_matrix-2.tex failed.
Re-run, requesting "source" as the format, to analyze the image.
Likely creating the entire document as PDF will fail similarly.
The transcript of the LaTeX run follows.
WARNING : LaTeX compilation of fig_my_first_adj_matrix-2.tex failed
INFO    : converting fig_finite_not_function-2.tex to fig_finite_not_function-2.pdf
ERROR   : LaTeX compilation of fig_finite_not_function-2.tex failed.
Re-run, requesting "source" as the format, to analyze the image.
Likely creating the entire document as PDF will fail similarly.
The transcript of the LaTeX run follows.
WARNING : LaTeX compilation of fig_finite_not_function-2.tex failed
INFO    : converting fig_finite_functions-2.tex to fig_finite_functions-2.pdf
ERROR   : LaTeX compilation of fig_finite_functions-2.tex failed.
Re-run, requesting "source" as the format, to analyze the image.
Likely creating the entire document as PDF will fail similarly.
The transcript of the LaTeX run follows.
WARNING : LaTeX compilation of fig_finite_functions-2.tex failed
INFO    : converting fig_shortcuts_barbells-2.tex to fig_shortcuts_barbells-2.pdf
ERROR   : LaTeX compilation of fig_shortcuts_barbells-2.tex failed.
Re-run, requesting "source" as the format, to analyze the image.
Likely creating the entire document as PDF will fail similarly.
The transcript of the LaTeX run follows.
WARNING : LaTeX compilation of fig_shortcuts_barbells-2.tex failed
INFO    : converting fig_grid_3x4-2.tex to fig_grid_3x4-2.pdf
ERROR   : LaTeX compilation of fig_grid_3x4-2.tex failed.
Re-run, requesting "source" as the format, to analyze the image.
Likely creating the entire document as PDF will fail similarly.
The transcript of the LaTeX run follows.
WARNING : LaTeX compilation of fig_grid_3x4-2.tex failed
INFO    : converting fig_elephant_quants-2.tex to fig_elephant_quants-2.pdf
ERROR   : LaTeX compilation of fig_elephant_quants-2.tex failed.
Re-run, requesting "source" as the format, to analyze the image.
Likely creating the entire document as PDF will fail similarly.
The transcript of the LaTeX run follows.
WARNING : LaTeX compilation of fig_elephant_quants-2.tex failed
INFO    : converting fig_chessboard_hms-2.tex to fig_chessboard_hms-2.pdf
ERROR   : LaTeX compilation of fig_chessboard_hms-2.tex failed.
Re-run, requesting "source" as the format, to analyze the image.
Likely creating the entire document as PDF will fail similarly.
The transcript of the LaTeX run follows.
WARNING : LaTeX compilation of fig_chessboard_hms-2.tex failed
INFO    : converting fig_nonism_order5-2.tex to fig_nonism_order5-2.pdf
ERROR   : LaTeX compilation of fig_nonism_order5-2.tex failed.
Re-run, requesting "source" as the format, to analyze the image.
Likely creating the entire document as PDF will fail similarly.
The transcript of the LaTeX run follows.
WARNING : LaTeX compilation of fig_nonism_order5-2.tex failed
ERROR   : Unable to generate some latex-image assets:
 LaTeX compilation failed for 167 "latex-image"(s).
Review the log for error messages, and LaTeX transcripts.
Images are:
  fig_arith_triangle_recursion-2.tex
  fig_subgraphs_trees-2.tex
  fig_graphical-2.tex
  fig_venn_3sets-2.tex
  fig_nonism_order7-2.tex
  fig_finite_fn_act-2.tex
  fig_perfect_binary_trees-2.tex
  figure_rec_trees_defn-2.tex
  fig_complete_graphs_12345-2.tex
  fig_less_obv_clique-2.tex
  fig_rec_trees_labeled-2.tex
  fig_graphical_answer-2.tex
  fig_four_drawings_K4_minus_edge-2.tex
  figure_factoring120-2.tex
  fig_hockey_stick-2.tex
  figure_rec_trees_first_four-2.tex
  fig_venn_int_union-2.tex
  fig_W3-2.tex
  fig_graph_midwest-2.tex
  fig_less_obv_path-2.tex
  fig_complicated_graph-2.tex
  fig_digraph_rel_infinite-2.tex
  fig_H4b6_standard-2.tex
  fig_number_line_floor-2.tex
  fig_relation_finite_dot_diagram-2.tex
  fig_K5-2.tex
  fig_K6b3-2.tex
  fig_ism_trees_easy-2.tex
  fig_G1G2_labeled-2.tex
  fig_classmates_graph-2.tex
  fig_W4W5-2.tex
  fig_L2x5-2.tex
  fig_less_obv_subgraph-2.tex
  fig_paths12345_labeled-2.tex
  fig_graph_act_deg_comp-2.tex
  fig_house_with_tails-2.tex
  fig_mod5_clock-2.tex
  fig_part_product_linear-2.tex
  fig_K33_comp-2.tex
  fig_finite_is_function-2.tex
  fig_part_sums_linear-2.tex
  fig_venn_complement-2.tex
  fig_P4_P5-2.tex
  fig_notism_Ham8-2.tex
  fig_notism_C4-2.tex
  fig_cart_prod_as_points-2.tex
  fig_wheel6_3colored-2.tex
  fig_K4b4-2.tex
  fig_dot_diagram_shift_left1-2.tex
  fig_digraph_relon123456-2.tex
  fig_bridges-2.tex
  fig_number_line_ceiling-2.tex
  fig_nonism_Ham5-2.tex
  fig_tree_bit_strings_length3-2.tex
  fig_ladder_cross_color-2.tex
  fig_K4_standard-2.tex
  fig_tree_proper_bs5-2.tex
  fig_four_real_fns-2.tex
  fig_ism_Ham6-2.tex
  fig_twisted_disconnected-2.tex
  fig_three_comp_answer-2.tex
  fig_classify_order3-2.tex
  fig_ism_K4_minus_edge-2.tex
  fig_graph_from_adjmat-2.tex
  fig_stars_K1b4_K1b5-2.tex
  fig_froma1_toc4-2.tex
  fig_classmates_comp-2.tex
  fig_perm_sigma-2.tex
  fig_C4_C5-2.tex
  fig_perm_id-2.tex
  fig_ism_H3b6_K3b3-2.tex
  fig_G1G2G3-2.tex
  fig_robots-2.tex
  fig_directed_graph_three_relations-2.tex
  fig_subset_corral-2.tex
  fig_classify_order4_size2_or_size4-2.tex
  fig_rel_finite_ppty-2.tex
  fig_nonism_complicated_Ham8-2.tex
  fig_K2b5_standard-2.tex
  fig_ism_notK33-2.tex
  fig_3comp-2.tex
  fig_elephant_nolabel-2.tex
  fig_elephant_4colored-2.tex
  fig_ism_Ham5-2.tex
  fig_K6_again-2.tex
  fig_tau_of_sigma-2.tex
  fig_8cycles-2.tex
  fig_sigma_of_tau-2.tex
  fig_ism_Ham6_comp-2.tex
  fig_K6-2.tex
  fig_ism_H4b7_comp-2.tex
  fig_pairing_int_evens-2.tex
  fig_function_finite-2.tex
  fig_ism_trees-2.tex
  fig_nonism_graphs_act-2.tex
  fig_notism_Ham8_bipartite-2.tex
  fig_subgraph_order6-2.tex
  fig_C5_3colored-2.tex
  fig_answer_exer_domain_codomain_finite-2.tex
  fig_tree_defn-2.tex
  fig_regular8_answer-2.tex
  fig_answer_exer_domain_codomain_finite2-2.tex
  fig_bridges_graph-2.tex
  fig_act_deg_seq-2.tex
  fig_nonism_H3b6-2.tex
  fig_shift_1right_not_pair_naturals-2.tex
  fig_perms_sigma_inv-2.tex
  fig_ism_trees_easy_answer-2.tex
  fig_graph_and_comp-2.tex
  fig_sigma_sq-2.tex
  fig_schedule_alumni-2.tex
  fig_schedule_alumni_colors-2.tex
  fig_TandV-2.tex
  fig_ism_H4b7-2.tex
  fig_state_graph_5coins-2.tex
  fig_C8_plus_edges-2.tex
  fig_reln_01_quick-2.tex
  fig_part_products_constant-2.tex
  fig_part_sums_fib-2.tex
  fig_two_deg3-2.tex
  fig_tree_2strings-2.tex
  fig_subset_corral_again-2.tex
  fig_tree_for_fn_exer-2.tex
  fig_classify_order4_size3-2.tex
  fig_nonism_trees_act-2.tex
  fig_all_odd_degree-2.tex
  fig_equiv_rel_12345-2.tex
  figure_path_graphs_recursive-2.tex
  fig_elephant-2.tex
  fig_not_pairing_floorofhalf-2.tex
  fig_ism_Ham6_comp_labeled-2.tex
  fig_venn_specific-2.tex
  fig_act_ism_comp-2.tex
  fig_wheel5_4colored-2.tex
  fig_nonism_order6-2.tex
  fig_tree_2strings_shorthand-2.tex
  fig_graph_setbuilder-2.tex
  fig_tree_proper_bs3-2.tex
  fig_twisted_cycle-2.tex
  fig_nonid_pair_naturals-2.tex
  fig_part_sums_constant-2.tex
  fig_tree_bit_strings_length4_weight2-2.tex
  fig_ism_petersen-2.tex
  fig_venn_diff-2.tex
  fig_word_graph_first-2.tex
  fig_sq_dom5-2.tex
  fig_4reg-2.tex
  fig_graph_busy-2.tex
  fig_suspended_cycles-2.tex
  fig_venn_3sets_specific-2.tex
  fig_part_sums_geometric-2.tex
  fig_tau_sq-2.tex
  fig_failed_labeling-2.tex
  fig_L2x4-2.tex
  fig_password8_spaces-2.tex
  fig_Harary4b8-2.tex
  fig_tau1_sigma1_perms-2.tex
  fig_mod12_clock-2.tex
  fig_less_obv_cycle-2.tex
  fig_my_first_adj_matrix-2.tex
  fig_finite_not_function-2.tex
  fig_finite_functions-2.tex
  fig_shortcuts_barbells-2.tex
  fig_grid_3x4-2.tex
  fig_elephant_quants-2.tex
  fig_chessboard_hms-2.tex
  fig_nonism_order5-2.tex
INFO    : Removing temporary directory /tmp/ptx-gk8k1c87
INFO    : Finished generating assets.

INFO    : Building with custom xsl /workspaces/activediscreteTEST0312826/Doree-main/source/xsl/custom-html.xsl
CRITICAL: [Errno 2] No such file or directory: '/workspaces/activediscreteTEST0312826/Doree-main/source/xsl'
INFO    : ------------------------
CRITICAL: Failed to build without errors.  Exiting...
INFO    : 
----------------------------------------------------
INFO    : While running pretext, the following errors occurred:

INFO    : (see log messages above or in the 'logs' folder for more information)
INFO    : ----------------------------------------------------
