WARNING : Using CLI version 2.46.0 but project's `requirements.txt`
WARNING : is configured to use 2.43.1. Consider either installing
WARNING : CLI version 2.43.1 or running `pretext update-project`
WARNING : to update `requirements.txt` and other managed files to match 2.46.0.
INFO    : Terminating existing server 5461 on port 8128
DEBUG   : Terminating 5461
INFO    : Now preparing local server to preview your project directory `/workspaces/activediscreteTEST0312826`.
INFO    :   (Reminder: use `pretext deploy` to deploy your built project to a public
INFO    :   GitHub Pages site that can be shared with readers who cannot access your
INFO    :   personal computer.)
INFO    : 
INFO    : starting server ...
INFO    : Running in a codespace, so using a subprocess server.
DEBUG   : Port 8128 is in use.
DEBUG   : Trying port 8129 instead.
DEBUG   : values set: 09d45a1adc, localhost, 8129
INFO    : Starting PreTeXt web server
DEBUG   : Server process pid: 24131
DEBUG   : adding server entry
INFO    : Added pretext web server entry 09d45a1adc 24131 8129 localhost

INFO    : Server will soon be available at https://humble-lamp-4jq9j5x7rv64fq79g-8129.app.github.dev
INFO    : The target `web` will be available at https://humble-lamp-4jq9j5x7rv64fq79g-8129.app.github.dev/Doree-main/build/web
DEBUG   : Completed without errors.
INFO    : 
