WARNING : Using CLI version 2.43.2 but project's `requirements.txt`
WARNING : is configured to use 2.43.1. Consider either installing
WARNING : CLI version 2.43.1 or running `pretext update-project`
WARNING : to update `requirements.txt` and other managed files to match 2.43.2.
INFO    : Building target web
INFO    : XSL conversion of /workspaces/activediscreteTEST0312826/Doree-main/source/main.ptx by /home/codespace/.ptx/2.43.2/core/xsl/utilities/pretext-enhanced-source.xsl
INFO    : successful application of /home/codespace/.ptx/2.43.2/core/xsl/utilities/pretext-enhanced-source.xsl
WARNING : Schema validation could not be completed: no validator was available (jing is not installed and lxml could not compile the schema). Continuing with build.
INFO    : Generating any needed assets.
WARNING : Now generating latex images
INFO    : converting latex-image pictures from /workspaces/activediscreteTEST0312826/Doree-main/source/main.ptx to svg graphics for placement in /workspaces/activediscreteTEST0312826/Doree-main/generated-assets/latex-image
INFO    : extracting latex-image pictures from /workspaces/activediscreteTEST0312826/Doree-main/source/main.ptx
INFO    : string parameters passed to extraction stylesheet: {'cli.version': '2.43', 'publisher': '/workspaces/activediscreteTEST0312826/Doree-main/source/publication.xml'}
INFO    : discovering source file's directory name: /workspaces/activediscreteTEST0312826/Doree-main/source
INFO    : verifying and expanding input directory: /workspaces/activediscreteTEST0312826/Doree-main/source/../generated-assets
INFO    : input directory expanded to absolute path: /workspaces/activediscreteTEST0312826/Doree-main/generated-assets
INFO    : verifying and expanding input directory: /workspaces/activediscreteTEST0312826/Doree-main/source/../assets
INFO    : input directory expanded to absolute path: /workspaces/activediscreteTEST0312826/Doree-main/assets
INFO    : discovering source file's directory name: /workspaces/activediscreteTEST0312826/Doree-main/source
INFO    : XSL conversion of /workspaces/activediscreteTEST0312826/Doree-main/source/main.ptx by /home/codespace/.ptx/2.43.2/core/xsl/extract-latex-image.xsl
INFO    : successful application of /home/codespace/.ptx/2.43.2/core/xsl/extract-latex-image.xsl
INFO    : converting fig_ism_notK33-2.tex to fig_ism_notK33-2.pdf
ERROR   : LaTeX compilation of fig_ism_notK33-2.tex failed.
Re-run, requesting "source" as the format, to analyze the image.
Likely creating the entire document as PDF will fail similarly.
The transcript of the LaTeX run follows.
WARNING : LaTeX compilation of fig_ism_notK33-2.tex failed
INFO    : converting fig_elephant_4colored-2.tex to fig_elephant_4colored-2.pdf
ERROR   : LaTeX compilation of fig_elephant_4colored-2.tex failed.
Re-run, requesting "source" as the format, to analyze the image.
Likely creating the entire document as PDF will fail similarly.
The transcript of the LaTeX run follows.
WARNING : LaTeX compilation of fig_elephant_4colored-2.tex failed
INFO    : converting fig_schedule_alumni_colors-2.tex to fig_schedule_alumni_colors-2.pdf
ERROR   : LaTeX compilation of fig_schedule_alumni_colors-2.tex failed.
Re-run, requesting "source" as the format, to analyze the image.
Likely creating the entire document as PDF will fail similarly.
The transcript of the LaTeX run follows.
WARNING : LaTeX compilation of fig_schedule_alumni_colors-2.tex failed
INFO    : converting fig_robots-2.tex to fig_robots-2.pdf
ERROR   : LaTeX compilation of fig_robots-2.tex failed.
Re-run, requesting "source" as the format, to analyze the image.
Likely creating the entire document as PDF will fail similarly.
The transcript of the LaTeX run follows.
WARNING : LaTeX compilation of fig_robots-2.tex failed
INFO    : converting fig_nonism_order5-2.tex to fig_nonism_order5-2.pdf
ERROR   : LaTeX compilation of fig_nonism_order5-2.tex failed.
Re-run, requesting "source" as the format, to analyze the image.
Likely creating the entire document as PDF will fail similarly.
The transcript of the LaTeX run follows.
WARNING : LaTeX compilation of fig_nonism_order5-2.tex failed
INFO    : converting fig_ism_trees_easy-2.tex to fig_ism_trees_easy-2.pdf
ERROR   : LaTeX compilation of fig_ism_trees_easy-2.tex failed.
Re-run, requesting "source" as the format, to analyze the image.
Likely creating the entire document as PDF will fail similarly.
The transcript of the LaTeX run follows.
WARNING : LaTeX compilation of fig_ism_trees_easy-2.tex failed
INFO    : converting fig_less_obv_subgraph-2.tex to fig_less_obv_subgraph-2.pdf
ERROR   : LaTeX compilation of fig_less_obv_subgraph-2.tex failed.
Re-run, requesting "source" as the format, to analyze the image.
Likely creating the entire document as PDF will fail similarly.
The transcript of the LaTeX run follows.
WARNING : LaTeX compilation of fig_less_obv_subgraph-2.tex failed
INFO    : converting fig_nonism_trees_act-2.tex to fig_nonism_trees_act-2.pdf
ERROR   : LaTeX compilation of fig_nonism_trees_act-2.tex failed.
Re-run, requesting "source" as the format, to analyze the image.
Likely creating the entire document as PDF will fail similarly.
The transcript of the LaTeX run follows.
WARNING : LaTeX compilation of fig_nonism_trees_act-2.tex failed
INFO    : converting fig_L2x4-2.tex to fig_L2x4-2.pdf
ERROR   : LaTeX compilation of fig_L2x4-2.tex failed.
Re-run, requesting "source" as the format, to analyze the image.
Likely creating the entire document as PDF will fail similarly.
The transcript of the LaTeX run follows.
WARNING : LaTeX compilation of fig_L2x4-2.tex failed
INFO    : converting fig_3comp-2.tex to fig_3comp-2.pdf
ERROR   : LaTeX compilation of fig_3comp-2.tex failed.
Re-run, requesting "source" as the format, to analyze the image.
Likely creating the entire document as PDF will fail similarly.
The transcript of the LaTeX run follows.
WARNING : LaTeX compilation of fig_3comp-2.tex failed
INFO    : converting fig_ism_Ham6-2.tex to fig_ism_Ham6-2.pdf
ERROR   : LaTeX compilation of fig_ism_Ham6-2.tex failed.
Re-run, requesting "source" as the format, to analyze the image.
Likely creating the entire document as PDF will fail similarly.
The transcript of the LaTeX run follows.
WARNING : LaTeX compilation of fig_ism_Ham6-2.tex failed
INFO    : converting fig_K5-2.tex to fig_K5-2.pdf
ERROR   : LaTeX compilation of fig_K5-2.tex failed.
Re-run, requesting "source" as the format, to analyze the image.
Likely creating the entire document as PDF will fail similarly.
The transcript of the LaTeX run follows.
WARNING : LaTeX compilation of fig_K5-2.tex failed
INFO    : converting fig_schedule_alumni-2.tex to fig_schedule_alumni-2.pdf
ERROR   : LaTeX compilation of fig_schedule_alumni-2.tex failed.
Re-run, requesting "source" as the format, to analyze the image.
Likely creating the entire document as PDF will fail similarly.
The transcript of the LaTeX run follows.
WARNING : LaTeX compilation of fig_schedule_alumni-2.tex failed
INFO    : converting fig_notism_Ham8-2.tex to fig_notism_Ham8-2.pdf
ERROR   : LaTeX compilation of fig_notism_Ham8-2.tex failed.
Re-run, requesting "source" as the format, to analyze the image.
Likely creating the entire document as PDF will fail similarly.
The transcript of the LaTeX run follows.
WARNING : LaTeX compilation of fig_notism_Ham8-2.tex failed
INFO    : converting fig_perfect_binary_trees-2.tex to fig_perfect_binary_trees-2.pdf
ERROR   : LaTeX compilation of fig_perfect_binary_trees-2.tex failed.
Re-run, requesting "source" as the format, to analyze the image.
Likely creating the entire document as PDF will fail similarly.
The transcript of the LaTeX run follows.
WARNING : LaTeX compilation of fig_perfect_binary_trees-2.tex failed
INFO    : converting fig_classify_order4_size3-2.tex to fig_classify_order4_size3-2.pdf
ERROR   : LaTeX compilation of fig_classify_order4_size3-2.tex failed.
Re-run, requesting "source" as the format, to analyze the image.
Likely creating the entire document as PDF will fail similarly.
The transcript of the LaTeX run follows.
WARNING : LaTeX compilation of fig_classify_order4_size3-2.tex failed
INFO    : converting fig_wheel5_4colored-2.tex to fig_wheel5_4colored-2.pdf
ERROR   : LaTeX compilation of fig_wheel5_4colored-2.tex failed.
Re-run, requesting "source" as the format, to analyze the image.
Likely creating the entire document as PDF will fail similarly.
The transcript of the LaTeX run follows.
WARNING : LaTeX compilation of fig_wheel5_4colored-2.tex failed
INFO    : converting fig_less_obv_cycle-2.tex to fig_less_obv_cycle-2.pdf
ERROR   : LaTeX compilation of fig_less_obv_cycle-2.tex failed.
Re-run, requesting "source" as the format, to analyze the image.
Likely creating the entire document as PDF will fail similarly.
The transcript of the LaTeX run follows.
WARNING : LaTeX compilation of fig_less_obv_cycle-2.tex failed
INFO    : converting fig_wheel6_3colored-2.tex to fig_wheel6_3colored-2.pdf
ERROR   : LaTeX compilation of fig_wheel6_3colored-2.tex failed.
Re-run, requesting "source" as the format, to analyze the image.
Likely creating the entire document as PDF will fail similarly.
The transcript of the LaTeX run follows.
WARNING : LaTeX compilation of fig_wheel6_3colored-2.tex failed
INFO    : converting fig_ism_K4_minus_edge-2.tex to fig_ism_K4_minus_edge-2.pdf
ERROR   : LaTeX compilation of fig_ism_K4_minus_edge-2.tex failed.
Re-run, requesting "source" as the format, to analyze the image.
Likely creating the entire document as PDF will fail similarly.
The transcript of the LaTeX run follows.
WARNING : LaTeX compilation of fig_ism_K4_minus_edge-2.tex failed
INFO    : converting fig_G1G2G3-2.tex to fig_G1G2G3-2.pdf
ERROR   : LaTeX compilation of fig_G1G2G3-2.tex failed.
Re-run, requesting "source" as the format, to analyze the image.
Likely creating the entire document as PDF will fail similarly.
The transcript of the LaTeX run follows.
WARNING : LaTeX compilation of fig_G1G2G3-2.tex failed
INFO    : converting fig_C4_C5-2.tex to fig_C4_C5-2.pdf
ERROR   : LaTeX compilation of fig_C4_C5-2.tex failed.
Re-run, requesting "source" as the format, to analyze the image.
Likely creating the entire document as PDF will fail similarly.
The transcript of the LaTeX run follows.
WARNING : LaTeX compilation of fig_C4_C5-2.tex failed
INFO    : converting fig_ism_Ham5-2.tex to fig_ism_Ham5-2.pdf
ERROR   : LaTeX compilation of fig_ism_Ham5-2.tex failed.
Re-run, requesting "source" as the format, to analyze the image.
Likely creating the entire document as PDF will fail similarly.
The transcript of the LaTeX run follows.
WARNING : LaTeX compilation of fig_ism_Ham5-2.tex failed
INFO    : converting fig_graphical_answer-2.tex to fig_graphical_answer-2.pdf
ERROR   : LaTeX compilation of fig_graphical_answer-2.tex failed.
Re-run, requesting "source" as the format, to analyze the image.
Likely creating the entire document as PDF will fail similarly.
The transcript of the LaTeX run follows.
WARNING : LaTeX compilation of fig_graphical_answer-2.tex failed
INFO    : converting fig_L2x5-2.tex to fig_L2x5-2.pdf
ERROR   : LaTeX compilation of fig_L2x5-2.tex failed.
Re-run, requesting "source" as the format, to analyze the image.
Likely creating the entire document as PDF will fail similarly.
The transcript of the LaTeX run follows.
WARNING : LaTeX compilation of fig_L2x5-2.tex failed
INFO    : converting fig_classmates_comp-2.tex to fig_classmates_comp-2.pdf
ERROR   : LaTeX compilation of fig_classmates_comp-2.tex failed.
Re-run, requesting "source" as the format, to analyze the image.
Likely creating the entire document as PDF will fail similarly.
The transcript of the LaTeX run follows.
WARNING : LaTeX compilation of fig_classmates_comp-2.tex failed
INFO    : converting fig_nonism_H3b6-2.tex to fig_nonism_H3b6-2.pdf
ERROR   : LaTeX compilation of fig_nonism_H3b6-2.tex failed.
Re-run, requesting "source" as the format, to analyze the image.
Likely creating the entire document as PDF will fail similarly.
The transcript of the LaTeX run follows.
WARNING : LaTeX compilation of fig_nonism_H3b6-2.tex failed
INFO    : converting fig_notism_C4-2.tex to fig_notism_C4-2.pdf
ERROR   : LaTeX compilation of fig_notism_C4-2.tex failed.
Re-run, requesting "source" as the format, to analyze the image.
Likely creating the entire document as PDF will fail similarly.
The transcript of the LaTeX run follows.
WARNING : LaTeX compilation of fig_notism_C4-2.tex failed
INFO    : converting fig_subgraphs_trees-2.tex to fig_subgraphs_trees-2.pdf
ERROR   : LaTeX compilation of fig_subgraphs_trees-2.tex failed.
Re-run, requesting "source" as the format, to analyze the image.
Likely creating the entire document as PDF will fail similarly.
The transcript of the LaTeX run follows.
WARNING : LaTeX compilation of fig_subgraphs_trees-2.tex failed
INFO    : converting fig_C8_plus_edges-2.tex to fig_C8_plus_edges-2.pdf
ERROR   : LaTeX compilation of fig_C8_plus_edges-2.tex failed.
Re-run, requesting "source" as the format, to analyze the image.
Likely creating the entire document as PDF will fail similarly.
The transcript of the LaTeX run follows.
WARNING : LaTeX compilation of fig_C8_plus_edges-2.tex failed
INFO    : converting fig_less_obv_clique-2.tex to fig_less_obv_clique-2.pdf
ERROR   : LaTeX compilation of fig_less_obv_clique-2.tex failed.
Re-run, requesting "source" as the format, to analyze the image.
Likely creating the entire document as PDF will fail similarly.
The transcript of the LaTeX run follows.
WARNING : LaTeX compilation of fig_less_obv_clique-2.tex failed
INFO    : converting fig_bridges-2.tex to fig_bridges-2.pdf
ERROR   : LaTeX compilation of fig_bridges-2.tex failed.
Re-run, requesting "source" as the format, to analyze the image.
Likely creating the entire document as PDF will fail similarly.
The transcript of the LaTeX run follows.
WARNING : LaTeX compilation of fig_bridges-2.tex failed
INFO    : converting fig_bridges_graph-2.tex to fig_bridges_graph-2.pdf
ERROR   : LaTeX compilation of fig_bridges_graph-2.tex failed.
Re-run, requesting "source" as the format, to analyze the image.
Likely creating the entire document as PDF will fail similarly.
The transcript of the LaTeX run follows.
WARNING : LaTeX compilation of fig_bridges_graph-2.tex failed
INFO    : converting fig_my_first_adj_matrix-2.tex to fig_my_first_adj_matrix-2.pdf
ERROR   : LaTeX compilation of fig_my_first_adj_matrix-2.tex failed.
Re-run, requesting "source" as the format, to analyze the image.
Likely creating the entire document as PDF will fail similarly.
The transcript of the LaTeX run follows.
WARNING : LaTeX compilation of fig_my_first_adj_matrix-2.tex failed
INFO    : converting fig_C5_3colored-2.tex to fig_C5_3colored-2.pdf
ERROR   : LaTeX compilation of fig_C5_3colored-2.tex failed.
Re-run, requesting "source" as the format, to analyze the image.
Likely creating the entire document as PDF will fail similarly.
The transcript of the LaTeX run follows.
WARNING : LaTeX compilation of fig_C5_3colored-2.tex failed
INFO    : converting fig_act_deg_seq-2.tex to fig_act_deg_seq-2.pdf
ERROR   : LaTeX compilation of fig_act_deg_seq-2.tex failed.
Re-run, requesting "source" as the format, to analyze the image.
Likely creating the entire document as PDF will fail similarly.
The transcript of the LaTeX run follows.
WARNING : LaTeX compilation of fig_act_deg_seq-2.tex failed
INFO    : converting fig_graph_act_deg_comp-2.tex to fig_graph_act_deg_comp-2.pdf
ERROR   : LaTeX compilation of fig_graph_act_deg_comp-2.tex failed.
Re-run, requesting "source" as the format, to analyze the image.
Likely creating the entire document as PDF will fail similarly.
The transcript of the LaTeX run follows.
WARNING : LaTeX compilation of fig_graph_act_deg_comp-2.tex failed
INFO    : converting fig_less_obv_path-2.tex to fig_less_obv_path-2.pdf
ERROR   : LaTeX compilation of fig_less_obv_path-2.tex failed.
Re-run, requesting "source" as the format, to analyze the image.
Likely creating the entire document as PDF will fail similarly.
The transcript of the LaTeX run follows.
WARNING : LaTeX compilation of fig_less_obv_path-2.tex failed
INFO    : converting fig_notism_Ham8_bipartite-2.tex to fig_notism_Ham8_bipartite-2.pdf
ERROR   : LaTeX compilation of fig_notism_Ham8_bipartite-2.tex failed.
Re-run, requesting "source" as the format, to analyze the image.
Likely creating the entire document as PDF will fail similarly.
The transcript of the LaTeX run follows.
WARNING : LaTeX compilation of fig_notism_Ham8_bipartite-2.tex failed
INFO    : converting fig_G1G2_labeled-2.tex to fig_G1G2_labeled-2.pdf
ERROR   : LaTeX compilation of fig_G1G2_labeled-2.tex failed.
Re-run, requesting "source" as the format, to analyze the image.
Likely creating the entire document as PDF will fail similarly.
The transcript of the LaTeX run follows.
WARNING : LaTeX compilation of fig_G1G2_labeled-2.tex failed
INFO    : converting fig_elephant_nolabel-2.tex to fig_elephant_nolabel-2.pdf
ERROR   : LaTeX compilation of fig_elephant_nolabel-2.tex failed.
Re-run, requesting "source" as the format, to analyze the image.
Likely creating the entire document as PDF will fail similarly.
The transcript of the LaTeX run follows.
WARNING : LaTeX compilation of fig_elephant_nolabel-2.tex failed
INFO    : converting fig_K6-2.tex to fig_K6-2.pdf
ERROR   : LaTeX compilation of fig_K6-2.tex failed.
Re-run, requesting "source" as the format, to analyze the image.
Likely creating the entire document as PDF will fail similarly.
The transcript of the LaTeX run follows.
WARNING : LaTeX compilation of fig_K6-2.tex failed
INFO    : converting fig_three_comp_answer-2.tex to fig_three_comp_answer-2.pdf
ERROR   : LaTeX compilation of fig_three_comp_answer-2.tex failed.
Re-run, requesting "source" as the format, to analyze the image.
Likely creating the entire document as PDF will fail similarly.
The transcript of the LaTeX run follows.
WARNING : LaTeX compilation of fig_three_comp_answer-2.tex failed
INFO    : converting fig_ism_H4b7-2.tex to fig_ism_H4b7-2.pdf
ERROR   : LaTeX compilation of fig_ism_H4b7-2.tex failed.
Re-run, requesting "source" as the format, to analyze the image.
Likely creating the entire document as PDF will fail similarly.
The transcript of the LaTeX run follows.
WARNING : LaTeX compilation of fig_ism_H4b7-2.tex failed
INFO    : converting fig_graph_and_comp-2.tex to fig_graph_and_comp-2.pdf
ERROR   : LaTeX compilation of fig_graph_and_comp-2.tex failed.
Re-run, requesting "source" as the format, to analyze the image.
Likely creating the entire document as PDF will fail similarly.
The transcript of the LaTeX run follows.
WARNING : LaTeX compilation of fig_graph_and_comp-2.tex failed
INFO    : converting fig_K33_comp-2.tex to fig_K33_comp-2.pdf
ERROR   : LaTeX compilation of fig_K33_comp-2.tex failed.
Re-run, requesting "source" as the format, to analyze the image.
Likely creating the entire document as PDF will fail similarly.
The transcript of the LaTeX run follows.
WARNING : LaTeX compilation of fig_K33_comp-2.tex failed
INFO    : converting fig_K6_again-2.tex to fig_K6_again-2.pdf
ERROR   : LaTeX compilation of fig_K6_again-2.tex failed.
Re-run, requesting "source" as the format, to analyze the image.
Likely creating the entire document as PDF will fail similarly.
The transcript of the LaTeX run follows.
WARNING : LaTeX compilation of fig_K6_again-2.tex failed
INFO    : converting fig_ism_Ham6_comp_labeled-2.tex to fig_ism_Ham6_comp_labeled-2.pdf
ERROR   : LaTeX compilation of fig_ism_Ham6_comp_labeled-2.tex failed.
Re-run, requesting "source" as the format, to analyze the image.
Likely creating the entire document as PDF will fail similarly.
The transcript of the LaTeX run follows.
WARNING : LaTeX compilation of fig_ism_Ham6_comp_labeled-2.tex failed
INFO    : converting fig_elephant-2.tex to fig_elephant-2.pdf
ERROR   : LaTeX compilation of fig_elephant-2.tex failed.
Re-run, requesting "source" as the format, to analyze the image.
Likely creating the entire document as PDF will fail similarly.
The transcript of the LaTeX run follows.
WARNING : LaTeX compilation of fig_elephant-2.tex failed
INFO    : converting fig_4reg-2.tex to fig_4reg-2.pdf
ERROR   : LaTeX compilation of fig_4reg-2.tex failed.
Re-run, requesting "source" as the format, to analyze the image.
Likely creating the entire document as PDF will fail similarly.
The transcript of the LaTeX run follows.
WARNING : LaTeX compilation of fig_4reg-2.tex failed
INFO    : converting fig_nonism_complicated_Ham8-2.tex to fig_nonism_complicated_Ham8-2.pdf
ERROR   : LaTeX compilation of fig_nonism_complicated_Ham8-2.tex failed.
Re-run, requesting "source" as the format, to analyze the image.
Likely creating the entire document as PDF will fail similarly.
The transcript of the LaTeX run follows.
WARNING : LaTeX compilation of fig_nonism_complicated_Ham8-2.tex failed
INFO    : converting fig_ism_H3b6_K3b3-2.tex to fig_ism_H3b6_K3b3-2.pdf
ERROR   : LaTeX compilation of fig_ism_H3b6_K3b3-2.tex failed.
Re-run, requesting "source" as the format, to analyze the image.
Likely creating the entire document as PDF will fail similarly.
The transcript of the LaTeX run follows.
WARNING : LaTeX compilation of fig_ism_H3b6_K3b3-2.tex failed
INFO    : converting fig_H4b6_standard-2.tex to fig_H4b6_standard-2.pdf
ERROR   : LaTeX compilation of fig_H4b6_standard-2.tex failed.
Re-run, requesting "source" as the format, to analyze the image.
Likely creating the entire document as PDF will fail similarly.
The transcript of the LaTeX run follows.
WARNING : LaTeX compilation of fig_H4b6_standard-2.tex failed
INFO    : converting fig_nonism_Ham5-2.tex to fig_nonism_Ham5-2.pdf
ERROR   : LaTeX compilation of fig_nonism_Ham5-2.tex failed.
Re-run, requesting "source" as the format, to analyze the image.
Likely creating the entire document as PDF will fail similarly.
The transcript of the LaTeX run follows.
WARNING : LaTeX compilation of fig_nonism_Ham5-2.tex failed
INFO    : converting fig_nonism_order6-2.tex to fig_nonism_order6-2.pdf
ERROR   : LaTeX compilation of fig_nonism_order6-2.tex failed.
Re-run, requesting "source" as the format, to analyze the image.
Likely creating the entire document as PDF will fail similarly.
The transcript of the LaTeX run follows.
WARNING : LaTeX compilation of fig_nonism_order6-2.tex failed
INFO    : converting fig_complete_graphs_12345-2.tex to fig_complete_graphs_12345-2.pdf
ERROR   : LaTeX compilation of fig_complete_graphs_12345-2.tex failed.
Re-run, requesting "source" as the format, to analyze the image.
Likely creating the entire document as PDF will fail similarly.
The transcript of the LaTeX run follows.
WARNING : LaTeX compilation of fig_complete_graphs_12345-2.tex failed
INFO    : converting fig_act_ism_comp-2.tex to fig_act_ism_comp-2.pdf
ERROR   : LaTeX compilation of fig_act_ism_comp-2.tex failed.
Re-run, requesting "source" as the format, to analyze the image.
Likely creating the entire document as PDF will fail similarly.
The transcript of the LaTeX run follows.
WARNING : LaTeX compilation of fig_act_ism_comp-2.tex failed
INFO    : converting fig_graph_midwest-2.tex to fig_graph_midwest-2.pdf
ERROR   : LaTeX compilation of fig_graph_midwest-2.tex failed.
Re-run, requesting "source" as the format, to analyze the image.
Likely creating the entire document as PDF will fail similarly.
The transcript of the LaTeX run follows.
WARNING : LaTeX compilation of fig_graph_midwest-2.tex failed
INFO    : converting fig_nonism_graphs_act-2.tex to fig_nonism_graphs_act-2.pdf
ERROR   : LaTeX compilation of fig_nonism_graphs_act-2.tex failed.
Re-run, requesting "source" as the format, to analyze the image.
Likely creating the entire document as PDF will fail similarly.
The transcript of the LaTeX run follows.
WARNING : LaTeX compilation of fig_nonism_graphs_act-2.tex failed
INFO    : converting fig_P4_P5-2.tex to fig_P4_P5-2.pdf
ERROR   : LaTeX compilation of fig_P4_P5-2.tex failed.
Re-run, requesting "source" as the format, to analyze the image.
Likely creating the entire document as PDF will fail similarly.
The transcript of the LaTeX run follows.
WARNING : LaTeX compilation of fig_P4_P5-2.tex failed
INFO    : converting fig_word_graph_first-2.tex to fig_word_graph_first-2.pdf
ERROR   : LaTeX compilation of fig_word_graph_first-2.tex failed.
Re-run, requesting "source" as the format, to analyze the image.
Likely creating the entire document as PDF will fail similarly.
The transcript of the LaTeX run follows.
WARNING : LaTeX compilation of fig_word_graph_first-2.tex failed
INFO    : converting fig_ism_H4b7_comp-2.tex to fig_ism_H4b7_comp-2.pdf
ERROR   : LaTeX compilation of fig_ism_H4b7_comp-2.tex failed.
Re-run, requesting "source" as the format, to analyze the image.
Likely creating the entire document as PDF will fail similarly.
The transcript of the LaTeX run follows.
WARNING : LaTeX compilation of fig_ism_H4b7_comp-2.tex failed
INFO    : converting fig_nonism_order7-2.tex to fig_nonism_order7-2.pdf
ERROR   : LaTeX compilation of fig_nonism_order7-2.tex failed.
Re-run, requesting "source" as the format, to analyze the image.
Likely creating the entire document as PDF will fail similarly.
The transcript of the LaTeX run follows.
WARNING : LaTeX compilation of fig_nonism_order7-2.tex failed
INFO    : converting fig_four_drawings_K4_minus_edge-2.tex to fig_four_drawings_K4_minus_edge-2.pdf
ERROR   : LaTeX compilation of fig_four_drawings_K4_minus_edge-2.tex failed.
Re-run, requesting "source" as the format, to analyze the image.
Likely creating the entire document as PDF will fail similarly.
The transcript of the LaTeX run follows.
WARNING : LaTeX compilation of fig_four_drawings_K4_minus_edge-2.tex failed
INFO    : converting fig_ism_trees-2.tex to fig_ism_trees-2.pdf
ERROR   : LaTeX compilation of fig_ism_trees-2.tex failed.
Re-run, requesting "source" as the format, to analyze the image.
Likely creating the entire document as PDF will fail similarly.
The transcript of the LaTeX run follows.
WARNING : LaTeX compilation of fig_ism_trees-2.tex failed
INFO    : converting fig_classify_order3-2.tex to fig_classify_order3-2.pdf
ERROR   : LaTeX compilation of fig_classify_order3-2.tex failed.
Re-run, requesting "source" as the format, to analyze the image.
Likely creating the entire document as PDF will fail similarly.
The transcript of the LaTeX run follows.
WARNING : LaTeX compilation of fig_classify_order3-2.tex failed
INFO    : converting fig_ism_trees_easy_answer-2.tex to fig_ism_trees_easy_answer-2.pdf
ERROR   : LaTeX compilation of fig_ism_trees_easy_answer-2.tex failed.
Re-run, requesting "source" as the format, to analyze the image.
Likely creating the entire document as PDF will fail similarly.
The transcript of the LaTeX run follows.
WARNING : LaTeX compilation of fig_ism_trees_easy_answer-2.tex failed
INFO    : converting fig_graphical-2.tex to fig_graphical-2.pdf
ERROR   : LaTeX compilation of fig_graphical-2.tex failed.
Re-run, requesting "source" as the format, to analyze the image.
Likely creating the entire document as PDF will fail similarly.
The transcript of the LaTeX run follows.
WARNING : LaTeX compilation of fig_graphical-2.tex failed
INFO    : converting fig_classmates_graph-2.tex to fig_classmates_graph-2.pdf
ERROR   : LaTeX compilation of fig_classmates_graph-2.tex failed.
Re-run, requesting "source" as the format, to analyze the image.
Likely creating the entire document as PDF will fail similarly.
The transcript of the LaTeX run follows.
WARNING : LaTeX compilation of fig_classmates_graph-2.tex failed
INFO    : converting fig_grid_3x4-2.tex to fig_grid_3x4-2.pdf
ERROR   : LaTeX compilation of fig_grid_3x4-2.tex failed.
Re-run, requesting "source" as the format, to analyze the image.
Likely creating the entire document as PDF will fail similarly.
The transcript of the LaTeX run follows.
WARNING : LaTeX compilation of fig_grid_3x4-2.tex failed
INFO    : converting fig_failed_labeling-2.tex to fig_failed_labeling-2.pdf
ERROR   : LaTeX compilation of fig_failed_labeling-2.tex failed.
Re-run, requesting "source" as the format, to analyze the image.
Likely creating the entire document as PDF will fail similarly.
The transcript of the LaTeX run follows.
WARNING : LaTeX compilation of fig_failed_labeling-2.tex failed
INFO    : converting fig_regular8_answer-2.tex to fig_regular8_answer-2.pdf
ERROR   : LaTeX compilation of fig_regular8_answer-2.tex failed.
Re-run, requesting "source" as the format, to analyze the image.
Likely creating the entire document as PDF will fail similarly.
The transcript of the LaTeX run follows.
WARNING : LaTeX compilation of fig_regular8_answer-2.tex failed
INFO    : converting fig_8cycles-2.tex to fig_8cycles-2.pdf
ERROR   : LaTeX compilation of fig_8cycles-2.tex failed.
Re-run, requesting "source" as the format, to analyze the image.
Likely creating the entire document as PDF will fail similarly.
The transcript of the LaTeX run follows.
WARNING : LaTeX compilation of fig_8cycles-2.tex failed
INFO    : converting fig_K4b4-2.tex to fig_K4b4-2.pdf
ERROR   : LaTeX compilation of fig_K4b4-2.tex failed.
Re-run, requesting "source" as the format, to analyze the image.
Likely creating the entire document as PDF will fail similarly.
The transcript of the LaTeX run follows.
WARNING : LaTeX compilation of fig_K4b4-2.tex failed
INFO    : converting fig_twisted_cycle-2.tex to fig_twisted_cycle-2.pdf
ERROR   : LaTeX compilation of fig_twisted_cycle-2.tex failed.
Re-run, requesting "source" as the format, to analyze the image.
Likely creating the entire document as PDF will fail similarly.
The transcript of the LaTeX run follows.
WARNING : LaTeX compilation of fig_twisted_cycle-2.tex failed
INFO    : converting fig_W3-2.tex to fig_W3-2.pdf
ERROR   : LaTeX compilation of fig_W3-2.tex failed.
Re-run, requesting "source" as the format, to analyze the image.
Likely creating the entire document as PDF will fail similarly.
The transcript of the LaTeX run follows.
WARNING : LaTeX compilation of fig_W3-2.tex failed
INFO    : converting fig_K4_standard-2.tex to fig_K4_standard-2.pdf
ERROR   : LaTeX compilation of fig_K4_standard-2.tex failed.
Re-run, requesting "source" as the format, to analyze the image.
Likely creating the entire document as PDF will fail similarly.
The transcript of the LaTeX run follows.
WARNING : LaTeX compilation of fig_K4_standard-2.tex failed
INFO    : converting fig_K2b5_standard-2.tex to fig_K2b5_standard-2.pdf
ERROR   : LaTeX compilation of fig_K2b5_standard-2.tex failed.
Re-run, requesting "source" as the format, to analyze the image.
Likely creating the entire document as PDF will fail similarly.
The transcript of the LaTeX run follows.
WARNING : LaTeX compilation of fig_K2b5_standard-2.tex failed
INFO    : converting fig_ladder_cross_color-2.tex to fig_ladder_cross_color-2.pdf
ERROR   : LaTeX compilation of fig_ladder_cross_color-2.tex failed.
Re-run, requesting "source" as the format, to analyze the image.
Likely creating the entire document as PDF will fail similarly.
The transcript of the LaTeX run follows.
WARNING : LaTeX compilation of fig_ladder_cross_color-2.tex failed
INFO    : converting fig_stars_K1b4_K1b5-2.tex to fig_stars_K1b4_K1b5-2.pdf
ERROR   : LaTeX compilation of fig_stars_K1b4_K1b5-2.tex failed.
Re-run, requesting "source" as the format, to analyze the image.
Likely creating the entire document as PDF will fail similarly.
The transcript of the LaTeX run follows.
WARNING : LaTeX compilation of fig_stars_K1b4_K1b5-2.tex failed
INFO    : converting fig_tree_defn-2.tex to fig_tree_defn-2.pdf
ERROR   : LaTeX compilation of fig_tree_defn-2.tex failed.
Re-run, requesting "source" as the format, to analyze the image.
Likely creating the entire document as PDF will fail similarly.
The transcript of the LaTeX run follows.
WARNING : LaTeX compilation of fig_tree_defn-2.tex failed
INFO    : converting fig_twisted_disconnected-2.tex to fig_twisted_disconnected-2.pdf
ERROR   : LaTeX compilation of fig_twisted_disconnected-2.tex failed.
Re-run, requesting "source" as the format, to analyze the image.
Likely creating the entire document as PDF will fail similarly.
The transcript of the LaTeX run follows.
WARNING : LaTeX compilation of fig_twisted_disconnected-2.tex failed
INFO    : converting fig_ism_Ham6_comp-2.tex to fig_ism_Ham6_comp-2.pdf
ERROR   : LaTeX compilation of fig_ism_Ham6_comp-2.tex failed.
Re-run, requesting "source" as the format, to analyze the image.
Likely creating the entire document as PDF will fail similarly.
The transcript of the LaTeX run follows.
WARNING : LaTeX compilation of fig_ism_Ham6_comp-2.tex failed
INFO    : converting fig_graph_busy-2.tex to fig_graph_busy-2.pdf
ERROR   : LaTeX compilation of fig_graph_busy-2.tex failed.
Re-run, requesting "source" as the format, to analyze the image.
Likely creating the entire document as PDF will fail similarly.
The transcript of the LaTeX run follows.
WARNING : LaTeX compilation of fig_graph_busy-2.tex failed
INFO    : converting fig_K6b3-2.tex to fig_K6b3-2.pdf
ERROR   : LaTeX compilation of fig_K6b3-2.tex failed.
Re-run, requesting "source" as the format, to analyze the image.
Likely creating the entire document as PDF will fail similarly.
The transcript of the LaTeX run follows.
WARNING : LaTeX compilation of fig_K6b3-2.tex failed
INFO    : converting fig_classify_order4_size2_or_size4-2.tex to fig_classify_order4_size2_or_size4-2.pdf
ERROR   : LaTeX compilation of fig_classify_order4_size2_or_size4-2.tex failed.
Re-run, requesting "source" as the format, to analyze the image.
Likely creating the entire document as PDF will fail similarly.
The transcript of the LaTeX run follows.
WARNING : LaTeX compilation of fig_classify_order4_size2_or_size4-2.tex failed
INFO    : converting fig_suspended_cycles-2.tex to fig_suspended_cycles-2.pdf
ERROR   : LaTeX compilation of fig_suspended_cycles-2.tex failed.
Re-run, requesting "source" as the format, to analyze the image.
Likely creating the entire document as PDF will fail similarly.
The transcript of the LaTeX run follows.
WARNING : LaTeX compilation of fig_suspended_cycles-2.tex failed
INFO    : converting fig_graph_from_adjmat-2.tex to fig_graph_from_adjmat-2.pdf
ERROR   : LaTeX compilation of fig_graph_from_adjmat-2.tex failed.
Re-run, requesting "source" as the format, to analyze the image.
Likely creating the entire document as PDF will fail similarly.
The transcript of the LaTeX run follows.
WARNING : LaTeX compilation of fig_graph_from_adjmat-2.tex failed
INFO    : converting fig_house_with_tails-2.tex to fig_house_with_tails-2.pdf
ERROR   : LaTeX compilation of fig_house_with_tails-2.tex failed.
Re-run, requesting "source" as the format, to analyze the image.
Likely creating the entire document as PDF will fail similarly.
The transcript of the LaTeX run follows.
WARNING : LaTeX compilation of fig_house_with_tails-2.tex failed
INFO    : converting fig_Harary4b8-2.tex to fig_Harary4b8-2.pdf
ERROR   : LaTeX compilation of fig_Harary4b8-2.tex failed.
Re-run, requesting "source" as the format, to analyze the image.
Likely creating the entire document as PDF will fail similarly.
The transcript of the LaTeX run follows.
WARNING : LaTeX compilation of fig_Harary4b8-2.tex failed
INFO    : converting fig_subgraph_order6-2.tex to fig_subgraph_order6-2.pdf
ERROR   : LaTeX compilation of fig_subgraph_order6-2.tex failed.
Re-run, requesting "source" as the format, to analyze the image.
Likely creating the entire document as PDF will fail similarly.
The transcript of the LaTeX run follows.
WARNING : LaTeX compilation of fig_subgraph_order6-2.tex failed
INFO    : converting fig_W4W5-2.tex to fig_W4W5-2.pdf
ERROR   : LaTeX compilation of fig_W4W5-2.tex failed.
Re-run, requesting "source" as the format, to analyze the image.
Likely creating the entire document as PDF will fail similarly.
The transcript of the LaTeX run follows.
WARNING : LaTeX compilation of fig_W4W5-2.tex failed
INFO    : converting fig_ism_petersen-2.tex to fig_ism_petersen-2.pdf
ERROR   : LaTeX compilation of fig_ism_petersen-2.tex failed.
Re-run, requesting "source" as the format, to analyze the image.
Likely creating the entire document as PDF will fail similarly.
The transcript of the LaTeX run follows.
WARNING : LaTeX compilation of fig_ism_petersen-2.tex failed
INFO    : converting fig_complicated_graph-2.tex to fig_complicated_graph-2.pdf
ERROR   : LaTeX compilation of fig_complicated_graph-2.tex failed.
Re-run, requesting "source" as the format, to analyze the image.
Likely creating the entire document as PDF will fail similarly.
The transcript of the LaTeX run follows.
WARNING : LaTeX compilation of fig_complicated_graph-2.tex failed
ERROR   : Unable to generate some latex-image assets:
 LaTeX compilation failed for 94 "latex-image"(s).
Review the log for error messages, and LaTeX transcripts.
Images are:
  fig_ism_notK33-2.tex
  fig_elephant_4colored-2.tex
  fig_schedule_alumni_colors-2.tex
  fig_robots-2.tex
  fig_nonism_order5-2.tex
  fig_ism_trees_easy-2.tex
  fig_less_obv_subgraph-2.tex
  fig_nonism_trees_act-2.tex
  fig_L2x4-2.tex
  fig_3comp-2.tex
  fig_ism_Ham6-2.tex
  fig_K5-2.tex
  fig_schedule_alumni-2.tex
  fig_notism_Ham8-2.tex
  fig_perfect_binary_trees-2.tex
  fig_classify_order4_size3-2.tex
  fig_wheel5_4colored-2.tex
  fig_less_obv_cycle-2.tex
  fig_wheel6_3colored-2.tex
  fig_ism_K4_minus_edge-2.tex
  fig_G1G2G3-2.tex
  fig_C4_C5-2.tex
  fig_ism_Ham5-2.tex
  fig_graphical_answer-2.tex
  fig_L2x5-2.tex
  fig_classmates_comp-2.tex
  fig_nonism_H3b6-2.tex
  fig_notism_C4-2.tex
  fig_subgraphs_trees-2.tex
  fig_C8_plus_edges-2.tex
  fig_less_obv_clique-2.tex
  fig_bridges-2.tex
  fig_bridges_graph-2.tex
  fig_my_first_adj_matrix-2.tex
  fig_C5_3colored-2.tex
  fig_act_deg_seq-2.tex
  fig_graph_act_deg_comp-2.tex
  fig_less_obv_path-2.tex
  fig_notism_Ham8_bipartite-2.tex
  fig_G1G2_labeled-2.tex
  fig_elephant_nolabel-2.tex
  fig_K6-2.tex
  fig_three_comp_answer-2.tex
  fig_ism_H4b7-2.tex
  fig_graph_and_comp-2.tex
  fig_K33_comp-2.tex
  fig_K6_again-2.tex
  fig_ism_Ham6_comp_labeled-2.tex
  fig_elephant-2.tex
  fig_4reg-2.tex
  fig_nonism_complicated_Ham8-2.tex
  fig_ism_H3b6_K3b3-2.tex
  fig_H4b6_standard-2.tex
  fig_nonism_Ham5-2.tex
  fig_nonism_order6-2.tex
  fig_complete_graphs_12345-2.tex
  fig_act_ism_comp-2.tex
  fig_graph_midwest-2.tex
  fig_nonism_graphs_act-2.tex
  fig_P4_P5-2.tex
  fig_word_graph_first-2.tex
  fig_ism_H4b7_comp-2.tex
  fig_nonism_order7-2.tex
  fig_four_drawings_K4_minus_edge-2.tex
  fig_ism_trees-2.tex
  fig_classify_order3-2.tex
  fig_ism_trees_easy_answer-2.tex
  fig_graphical-2.tex
  fig_classmates_graph-2.tex
  fig_grid_3x4-2.tex
  fig_failed_labeling-2.tex
  fig_regular8_answer-2.tex
  fig_8cycles-2.tex
  fig_K4b4-2.tex
  fig_twisted_cycle-2.tex
  fig_W3-2.tex
  fig_K4_standard-2.tex
  fig_K2b5_standard-2.tex
  fig_ladder_cross_color-2.tex
  fig_stars_K1b4_K1b5-2.tex
  fig_tree_defn-2.tex
  fig_twisted_disconnected-2.tex
  fig_ism_Ham6_comp-2.tex
  fig_graph_busy-2.tex
  fig_K6b3-2.tex
  fig_classify_order4_size2_or_size4-2.tex
  fig_suspended_cycles-2.tex
  fig_graph_from_adjmat-2.tex
  fig_house_with_tails-2.tex
  fig_Harary4b8-2.tex
  fig_subgraph_order6-2.tex
  fig_W4W5-2.tex
  fig_ism_petersen-2.tex
  fig_complicated_graph-2.tex
INFO    : Removing temporary directory /tmp/ptx-o0oen7h0
INFO    : Finished generating assets.

INFO    : Preparing to build into /workspaces/activediscreteTEST0312826/Doree-main/source/build/web.
INFO    : discovering source file's directory name: /workspaces/activediscreteTEST0312826/Doree-main/source
INFO    : verifying and expanding input directory: /workspaces/activediscreteTEST0312826/Doree-main/source/../generated-assets
INFO    : input directory expanded to absolute path: /workspaces/activediscreteTEST0312826/Doree-main/generated-assets
INFO    : verifying and expanding input directory: /workspaces/activediscreteTEST0312826/Doree-main/source/../assets
INFO    : input directory expanded to absolute path: /workspaces/activediscreteTEST0312826/Doree-main/assets
INFO    : discovering source file's directory name: /workspaces/activediscreteTEST0312826/Doree-main/source
INFO    : XSL conversion of /workspaces/activediscreteTEST0312826/Doree-main/source/main.ptx by /home/codespace/.ptx/2.43.2/core/xsl/utilities/report-publisher-variables.xsl
INFO    : successful application of /home/codespace/.ptx/2.43.2/core/xsl/utilities/report-publisher-variables.xsl
INFO    : Downloading rs services file from https://runestone.academy/cdn/runestone/latest/webpack_static_imports.xml.
INFO    : Runestone Services via online CDN query: version 8.1.14
INFO    : Downloading Runestone Services, version 8.1.14
INFO    : Extracting Runestone Services from archive file
INFO    : Building custom css theme: theme-default-modern
INFO    : converting /workspaces/activediscreteTEST0312826/Doree-main/source/main.ptx to HTML in /tmp/ptx-4cp4rxyl
INFO    : XSL conversion of /workspaces/activediscreteTEST0312826/Doree-main/source/main.ptx by /home/codespace/.ptx/2.43.2/core/xsl/pretext-html.xsl
INFO    : messages from the log for XSL processing:
INFO    : * PTX:INFO:   checking all deprecated elements.
WARNING : * PTX:DEPRECATE: (2024-10-08) elements previously included in a "titlepage" element inside the "frontmatter" (author, editor, credit, date, and event) should now be placed in "frontmatter/bibinfo".  To ensure a title page is created, put only the empty element "titlepage-items" inside "titlepage".  Until you move these elements, we will try to honor your intent. (1 time)
INFO    : *              located at: pretext/book/frontmatter/titlepage
INFO    : *              located within: "Active Discrete Mathematics: Patterns, Structures, and Proof" (title)
INFO    : * --------------
WARNING : * PTX:DEPRECATE: (2026-05-11) the "me" and "men" elements have been deprecated.  The replacement is an "md" with no "mrow" children, and numbering is controlled by the "@number" attribute, or a global setting in "docinfo". (26 times)
INFO    : *              located at: pretext/book/chapter/activity/p/ol/li/p/me
INFO    : *              located within: "act_handshakes" (xml:id), "Handshakes puzzle" (title)
INFO    : *              located at: pretext/book/chapter/example/solution/p/me
INFO    : *              located within: "exam_hs6" (xml:id), "Six students shake hands" (title)
INFO    : *              located at: pretext/book/chapter/example/solution/p/me
INFO    : *              located within: "exam_hs6" (xml:id), "Six students shake hands" (title)
INFO    : *              located at: pretext/book/chapter/example/solution/p/me
INFO    : *              located within: "exam_hs6" (xml:id), "Six students shake hands" (title)
INFO    : *              located at: pretext/book/chapter/p/me
INFO    : *              located within: "ch_prologue" (xml:id), "Prologue: Handshakes" (title)
INFO    : *              located at: pretext/book/chapter/section/subsection/definition/statement/p/ol/li/p/me
INFO    : *              located within: "part_defn_graph" (xml:id)
INFO    : *              located at: pretext/book/chapter/section/subsection/definition/statement/p/ol/li/p/me
INFO    : *              located within: "defn_degree" (xml:id), "Degree of vertex" (title)
INFO    : *              located at: pretext/book/chapter/section/subsection/example/solution/p/me
INFO    : *              located within: "exam_deg_comp" (xml:id), "Degree of a vertex in the complement" (title)
INFO    : * --------------
ERROR   : * PTX:ERROR:   a cross-reference ("xref") uses references [exer_math_ind_sum_evens] that do not point to any target, or perhaps point to multiple targets.  Maybe you typed an @xml:id value wrong, maybe the target of the @xml:id is nonexistent, or maybe you temporarily removed the target from your source, or maybe an auxiliary file contains a duplicate.  Your output will contain some placeholder text that you will not want to distribute to your readers.
INFO    : *              located at: pretext/book/chapter/p/xref
INFO    : *              located within: "ch_prologue" (xml:id), "Prologue: Handshakes" (title)
ERROR   : * PTX:ERROR:   a cross-reference ("xref") uses references [exer_comb_pf_sum_hs] that do not point to any target, or perhaps point to multiple targets.  Maybe you typed an @xml:id value wrong, maybe the target of the @xml:id is nonexistent, or maybe you temporarily removed the target from your source, or maybe an auxiliary file contains a duplicate.  Your output will contain some placeholder text that you will not want to distribute to your readers.
INFO    : *              located at: pretext/book/chapter/p/xref
INFO    : *              located within: "ch_prologue" (xml:id), "Prologue: Handshakes" (title)
ERROR   : * PTX:ERROR:   a cross-reference ("xref") uses references [sec_sum_proofs] that do not point to any target, or perhaps point to multiple targets.  Maybe you typed an @xml:id value wrong, maybe the target of the @xml:id is nonexistent, or maybe you temporarily removed the target from your source, or maybe an auxiliary file contains a duplicate.  Your output will contain some placeholder text that you will not want to distribute to your readers.
INFO    : *              located at: pretext/book/chapter/p/xref
INFO    : *              located within: "ch_prologue" (xml:id), "Prologue: Handshakes" (title)
ERROR   : * PTX:ERROR:   a cross-reference ("xref") uses references [ch_counting] that do not point to any target, or perhaps point to multiple targets.  Maybe you typed an @xml:id value wrong, maybe the target of the @xml:id is nonexistent, or maybe you temporarily removed the target from your source, or maybe an auxiliary file contains a duplicate.  Your output will contain some placeholder text that you will not want to distribute to your readers.
INFO    : *              located at: pretext/book/chapter/p/xref
INFO    : *              located within: "ch_prologue" (xml:id), "Prologue: Handshakes" (title)
ERROR   : * PTX:ERROR:   a cross-reference ("xref") uses references [ch_number_theory] that do not point to any target, or perhaps point to multiple targets.  Maybe you typed an @xml:id value wrong, maybe the target of the @xml:id is nonexistent, or maybe you temporarily removed the target from your source, or maybe an auxiliary file contains a duplicate.  Your output will contain some placeholder text that you will not want to distribute to your readers.
INFO    : *              located at: pretext/book/chapter/p/xref
INFO    : *              located within: "ch_prologue" (xml:id), "Prologue: Handshakes" (title)
ERROR   : * PTX:ERROR:   a cross-reference ("xref") uses references [ch_logic_proof] that do not point to any target, or perhaps point to multiple targets.  Maybe you typed an @xml:id value wrong, maybe the target of the @xml:id is nonexistent, or maybe you temporarily removed the target from your source, or maybe an auxiliary file contains a duplicate.  Your output will contain some placeholder text that you will not want to distribute to your readers.
INFO    : *              located at: pretext/book/chapter/p/xref
INFO    : *              located within: "ch_prologue" (xml:id), "Prologue: Handshakes" (title)
ERROR   : * PTX:ERROR:   a cross-reference ("xref") uses references [ch_functions] that do not point to any target, or perhaps point to multiple targets.  Maybe you typed an @xml:id value wrong, maybe the target of the @xml:id is nonexistent, or maybe you temporarily removed the target from your source, or maybe an auxiliary file contains a duplicate.  Your output will contain some placeholder text that you will not want to distribute to your readers.
INFO    : *              located at: pretext/book/chapter/p/xref
INFO    : *              located within: "ch_prologue" (xml:id), "Prologue: Handshakes" (title)
ERROR   : * PTX:ERROR:   a cross-reference ("xref") uses references [ch_sets_rel] that do not point to any target, or perhaps point to multiple targets.  Maybe you typed an @xml:id value wrong, maybe the target of the @xml:id is nonexistent, or maybe you temporarily removed the target from your source, or maybe an auxiliary file contains a duplicate.  Your output will contain some placeholder text that you will not want to distribute to your readers.
INFO    : *              located at: pretext/book/chapter/p/xref
INFO    : *              located within: "ch_prologue" (xml:id), "Prologue: Handshakes" (title)
ERROR   : * PTX:ERROR:   a cross-reference ("xref") uses references [ch_recursion_induction] that do not point to any target, or perhaps point to multiple targets.  Maybe you typed an @xml:id value wrong, maybe the target of the @xml:id is nonexistent, or maybe you temporarily removed the target from your source, or maybe an auxiliary file contains a duplicate.  Your output will contain some placeholder text that you will not want to distribute to your readers.
INFO    : *              located at: pretext/book/chapter/p/xref
INFO    : *              located within: "ch_prologue" (xml:id), "Prologue: Handshakes" (title)
ERROR   : * PTX:ERROR:   a cross-reference ("xref") uses references [ch_sum_prod] that do not point to any target, or perhaps point to multiple targets.  Maybe you typed an @xml:id value wrong, maybe the target of the @xml:id is nonexistent, or maybe you temporarily removed the target from your source, or maybe an auxiliary file contains a duplicate.  Your output will contain some placeholder text that you will not want to distribute to your readers.
INFO    : *              located at: pretext/book/chapter/p/xref
INFO    : *              located within: "ch_prologue" (xml:id), "Prologue: Handshakes" (title)
ERROR   : * PTX:ERROR:   a cross-reference ("xref") uses references [act_squares_dominoes] that do not point to any target, or perhaps point to multiple targets.  Maybe you typed an @xml:id value wrong, maybe the target of the @xml:id is nonexistent, or maybe you temporarily removed the target from your source, or maybe an auxiliary file contains a duplicate.  Your output will contain some placeholder text that you will not want to distribute to your readers.
INFO    : *              located at: pretext/book/chapter/p/xref
INFO    : *              located within: "ch_prologue" (xml:id), "Prologue: Handshakes" (title)
ERROR   : * PTX:ERROR:   a cross-reference ("xref") uses references [sec_listing] that do not point to any target, or perhaps point to multiple targets.  Maybe you typed an @xml:id value wrong, maybe the target of the @xml:id is nonexistent, or maybe you temporarily removed the target from your source, or maybe an auxiliary file contains a duplicate.  Your output will contain some placeholder text that you will not want to distribute to your readers.
INFO    : *              located at: pretext/book/chapter/p/xref
INFO    : *              located within: "ch_prologue" (xml:id), "Prologue: Handshakes" (title)
ERROR   : * PTX:ERROR:   a cross-reference ("xref") uses references [sec_bit_strings] that do not point to any target, or perhaps point to multiple targets.  Maybe you typed an @xml:id value wrong, maybe the target of the @xml:id is nonexistent, or maybe you temporarily removed the target from your source, or maybe an auxiliary file contains a duplicate.  Your output will contain some placeholder text that you will not want to distribute to your readers.
INFO    : *              located at: pretext/book/chapter/section/subsection/activity/p/fn/xref
INFO    : *              located within: "act_cube_graph" (xml:id), "Cube graph" (title)
ERROR   : * PTX:ERROR:   a cross-reference ("xref") uses references [exer_hamming_distance] that do not point to any target, or perhaps point to multiple targets.  Maybe you typed an @xml:id value wrong, maybe the target of the @xml:id is nonexistent, or maybe you temporarily removed the target from your source, or maybe an auxiliary file contains a duplicate.  Your output will contain some placeholder text that you will not want to distribute to your readers.
INFO    : *              located at: pretext/book/chapter/section/subsection/activity/p/fn/xref
INFO    : *              located within: "act_cube_graph" (xml:id), "Cube graph" (title)
ERROR   : * PTX:ERROR:   a cross-reference ("xref") uses references [sec_logic_connectives] that do not point to any target, or perhaps point to multiple targets.  Maybe you typed an @xml:id value wrong, maybe the target of the @xml:id is nonexistent, or maybe you temporarily removed the target from your source, or maybe an auxiliary file contains a duplicate.  Your output will contain some placeholder text that you will not want to distribute to your readers.
INFO    : *              located at: pretext/book/chapter/section/subsection/subsubsection/exercise/statement/p/fn/xref
INFO    : *              located within: "exer_big_island" (xml:id), "\exerU" (title)
ERROR   : * PTX:ERROR:   a cross-reference ("xref") uses references [defn_subsets] that do not point to any target, or perhaps point to multiple targets.  Maybe you typed an @xml:id value wrong, maybe the target of the @xml:id is nonexistent, or maybe you temporarily removed the target from your source, or maybe an auxiliary file contains a duplicate.  Your output will contain some placeholder text that you will not want to distribute to your readers.
INFO    : *              located at: pretext/book/chapter/section/subsection/subsubsection/exercise/statement/p/xref
INFO    : *              located within: "exer_intersection_graphs" (xml:id), "\exerE" (title)
ERROR   : * PTX:ERROR:   a cross-reference ("xref") uses references [thm_div_alg] that do not point to any target, or perhaps point to multiple targets.  Maybe you typed an @xml:id value wrong, maybe the target of the @xml:id is nonexistent, or maybe you temporarily removed the target from your source, or maybe an auxiliary file contains a duplicate.  Your output will contain some placeholder text that you will not want to distribute to your readers.
INFO    : *              located at: pretext/book/chapter/section/subsection/example/statement/p/ol/li/p/solution/p/xref
INFO    : *              located within: "exam_check_first_thm_graph_thy" (xml:id), "Checking first theorem of graph theory" (title)
ERROR   : * PTX:ERROR:   a cross-reference ("xref") uses references [sec_listing] that do not point to any target, or perhaps point to multiple targets.  Maybe you typed an @xml:id value wrong, maybe the target of the @xml:id is nonexistent, or maybe you temporarily removed the target from your source, or maybe an auxiliary file contains a duplicate.  Your output will contain some placeholder text that you will not want to distribute to your readers.
INFO    : *              located at: pretext/book/chapter/section/subsection/p/xref
INFO    : *              located within: "sub_subgraph_tree" (xml:id), "\subgraphtrees" (title)
ERROR   : * PTX:ERROR:   a cross-reference ("xref") uses references [sec_converse_cp] that do not point to any target, or perhaps point to multiple targets.  Maybe you typed an @xml:id value wrong, maybe the target of the @xml:id is nonexistent, or maybe you temporarily removed the target from your source, or maybe an auxiliary file contains a duplicate.  Your output will contain some placeholder text that you will not want to distribute to your readers.
INFO    : *              located at: pretext/book/chapter/section/subsection/remark/p/fn/xref
INFO    : *              located within: "rem_show_not_ism" (xml:id), "Using graph invariants to prove that two graphs are not isomorphic" (title)
ERROR   : * PTX:ERROR:   a cross-reference ("xref") uses references [thm_div_alg] that do not point to any target, or perhaps point to multiple targets.  Maybe you typed an @xml:id value wrong, maybe the target of the @xml:id is nonexistent, or maybe you temporarily removed the target from your source, or maybe an auxiliary file contains a duplicate.  Your output will contain some placeholder text that you will not want to distribute to your readers.
INFO    : *              located at: pretext/book/chapter/section/subsection/example/statement/p/ol/li/p/solution/p/xref
INFO    : *              located within: "exam_check_first_thm_graph_thy" (xml:id), "Checking first theorem of graph theory" (title)
INFO    : successful application of /home/codespace/.ptx/2.43.2/core/xsl/pretext-html.xsl
INFO    : Removing temporary directory /tmp/ptx-4cp4rxyl
INFO    : Removing temporary directory /tmp/ptx-spay2oug
INFO    : 
Finished build for target web. Run `pretext view web` to see the results.

CRITICAL: There were errors during the build.  See above.
INFO    : ------------------------
CRITICAL: Failed to build without errors.  Exiting...
INFO    : 
----------------------------------------------------
INFO    : While running pretext, the following errors occurred:

INFO    : (see log messages above or in the 'logs' folder for more information)
INFO    : ----------------------------------------------------
