WARNING : Using CLI version 2.43.2 but project's `requirements.txt`
WARNING : is configured to use 2.43.1. Consider either installing
WARNING : CLI version 2.43.1 or running `pretext update-project`
WARNING : to update `requirements.txt` and other managed files to match 2.43.2.
INFO    : 
INFO    : Please share the following information when posting to the
INFO    : pretext-support Google Group.
INFO    : 
INFO    : PreTeXt-CLI version: 2.43.2
INFO    :     PyPI link: https://pypi.org/project/pretextbook/2.43.2/
INFO    : PreTeXt core resources commit: ad605bb27faf9f12c2bcb3b98ea953533f1aacb4
INFO    : OS: Linux-6.8.0-1052-azure-x86_64-with-glibc2.39
INFO    : Python version: 3.12.1, running from /home/codespace/.python/current/bin/python3
INFO    : Current working directory: /workspaces/activediscreteTEST0312826/Doree-main/source
INFO    : PreTeXt project path: /workspaces/activediscreteTEST0312826/Doree-main/source
INFO    : 
INFO    : Contents of project.ptx:
INFO    : ------------------------
INFO    : <!-- This file was automatically generated by PreTeXt 2.43.1. --><!-- If you modify this file, PreTeXt will no longer automatically update it.--><!-- This file, the project manifest, provides the overall configuration for your PreTeXt project. To edit the content of your document, open `source/main.ptx`. See https://pretextbook.org/doc/guide/html/processing-CLI.html#cli-project-manifest. --><project xmlns:xi="http://www.w3.org/2001/XInclude" ptx-version="2" source="." publication="." output-dir="build">
  <targets>
    <target name="web" format="html" source="main.ptx" publication="publication.xml" xsl="custom-html.xsl"/>
    <target name="print" format="pdf" source="main.ptx" publication="publication.xml"/>
  </targets>
</project><!-- SAMPLE MANIFEST illustrating all options. Defaults are given (mostly).              --><!-- <project
        ptx-version="2"
        source="source"
        publication="publication"
        output-dir="output"
        site="site"
        stage="output/stage"
        xsl="xsl"
        asy-method="local"
        generated-cache=".cache"
     >
       <targets>
          <target
            name="web"
            format="html"
            source="main.ptx"
            publication="publication.ptx"
            output-dir="web"
            deploy-dir="interactive"
            xsl="custom-html.xsl"
            asy-method="local"
          />
          <target
            name="web-zipped"
            format="html"
            source="main.ptx"
            publication="publication.ptx"
            output-dir="web"
            compression="zip"
            asy-method="local"
          />
          <target
            name="runestone"
            format="html"
            platform="runestone"
          />
          <target
            name="print"
            format="pdf"
            source="main.ptx"
            publication="publication.ptx"
            output-dir="print"
            output-filename="mybook.pdf"
            latex-engine="pdflatex"
            deploy-dir="pdf"
          />
          <target
            name="latex"
            format="latex"
          />
          <target
            name="braille"
            format="braille"
            braille-mode="emboss"
          />
        </targets>
</project>
-->
INFO    : ------------------------
WARNING : Unable to locate the command for `pdfsvg` on your system.
WARNING : Unable to locate the command for `asy` on your system.
WARNING : Unable to locate the command for `sage` on your system.
WARNING : Unable to locate the command for `mermaid` on your system.
WARNING : Unable to locate the command for `pdfpng` on your system.
WARNING : Unable to locate the command for `liblouis` on your system.
WARNING : Unable to locate the command for `fop` on your system.
INFO    : 
