WARNING : Project's CLI version could not be detected from `requirements.txt`.
WARNING : Try `pretext update-project` to produce a compatible file.
INFO    : Generating assets for web
INFO    : Generating any needed assets.
WARNING : Destroying directory /workspaces/activediscreteTEST0312826/Doree-main/generated-assets to clean previously built assets.
WARNING : Destroying directory /workspaces/activediscreteTEST0312826/.cache to clean previously built assets.
INFO    : XSL conversion of /workspaces/activediscreteTEST0312826/Doree-main/source/main.ptx by /home/codespace/.ptx/2.43.1/core/xsl/utilities/pretext-enhanced-source.xsl
INFO    : successful application of /home/codespace/.ptx/2.43.1/core/xsl/utilities/pretext-enhanced-source.xsl
WARNING : Now generating latex images
INFO    : converting latex-image pictures from /workspaces/activediscreteTEST0312826/Doree-main/source/main.ptx to svg graphics for placement in /workspaces/activediscreteTEST0312826/Doree-main/generated-assets/latex-image
INFO    : extracting latex-image pictures from /workspaces/activediscreteTEST0312826/Doree-main/source/main.ptx
INFO    : string parameters passed to extraction stylesheet: {'publisher': '/workspaces/activediscreteTEST0312826/Doree-main/source/publication.xml', 'subtree': 'sec_graph_models'}
INFO    : discovering source file's directory name: /workspaces/activediscreteTEST0312826/Doree-main/source
INFO    : verifying and expanding input directory: /workspaces/activediscreteTEST0312826/Doree-main/source/../generated-assets
INFO    : input directory expanded to absolute path: /workspaces/activediscreteTEST0312826/Doree-main/generated-assets
INFO    : verifying and expanding input directory: /workspaces/activediscreteTEST0312826/Doree-main/source/../assets
INFO    : input directory expanded to absolute path: /workspaces/activediscreteTEST0312826/Doree-main/assets
INFO    : discovering source file's directory name: /workspaces/activediscreteTEST0312826/Doree-main/source
INFO    : XSL conversion of /workspaces/activediscreteTEST0312826/Doree-main/source/main.ptx by /home/codespace/.ptx/2.43.1/core/xsl/extract-latex-image.xsl
INFO    : successful application of /home/codespace/.ptx/2.43.1/core/xsl/extract-latex-image.xsl
INFO    : converting fig_3comp-2.tex to fig_3comp-2.pdf
INFO    : cropping fig_3comp-2.pdf to cropped-fig_3comp-2.pdf
INFO    : renaming cropped-fig_3comp-2.pdf to fig_3comp-2.pdf
INFO    : converting fig_3comp-2.pdf to fig_3comp-2.svg
INFO    : converting fig_bridges-2.tex to fig_bridges-2.pdf
INFO    : cropping fig_bridges-2.pdf to cropped-fig_bridges-2.pdf
INFO    : renaming cropped-fig_bridges-2.pdf to fig_bridges-2.pdf
INFO    : converting fig_bridges-2.pdf to fig_bridges-2.svg
INFO    : converting fig_four_drawings_K4_minus_edge-2.tex to fig_four_drawings_K4_minus_edge-2.pdf
INFO    : cropping fig_four_drawings_K4_minus_edge-2.pdf to cropped-fig_four_drawings_K4_minus_edge-2.pdf
INFO    : renaming cropped-fig_four_drawings_K4_minus_edge-2.pdf to fig_four_drawings_K4_minus_edge-2.pdf
INFO    : converting fig_four_drawings_K4_minus_edge-2.pdf to fig_four_drawings_K4_minus_edge-2.svg
INFO    : converting fig_bridges_graph-2.tex to fig_bridges_graph-2.pdf
INFO    : cropping fig_bridges_graph-2.pdf to cropped-fig_bridges_graph-2.pdf
INFO    : renaming cropped-fig_bridges_graph-2.pdf to fig_bridges_graph-2.pdf
INFO    : converting fig_bridges_graph-2.pdf to fig_bridges_graph-2.svg
INFO    : converting fig_elephant-2.tex to fig_elephant-2.pdf
INFO    : cropping fig_elephant-2.pdf to cropped-fig_elephant-2.pdf
INFO    : renaming cropped-fig_elephant-2.pdf to fig_elephant-2.pdf
INFO    : converting fig_elephant-2.pdf to fig_elephant-2.svg
INFO    : converting fig_graph_act_deg_comp-2.tex to fig_graph_act_deg_comp-2.pdf
INFO    : cropping fig_graph_act_deg_comp-2.pdf to cropped-fig_graph_act_deg_comp-2.pdf
INFO    : renaming cropped-fig_graph_act_deg_comp-2.pdf to fig_graph_act_deg_comp-2.pdf
INFO    : converting fig_graph_act_deg_comp-2.pdf to fig_graph_act_deg_comp-2.svg
INFO    : converting fig_three_comp_answer-2.tex to fig_three_comp_answer-2.pdf
INFO    : cropping fig_three_comp_answer-2.pdf to cropped-fig_three_comp_answer-2.pdf
INFO    : renaming cropped-fig_three_comp_answer-2.pdf to fig_three_comp_answer-2.pdf
INFO    : converting fig_three_comp_answer-2.pdf to fig_three_comp_answer-2.svg
INFO    : converting fig_classmates_graph-2.tex to fig_classmates_graph-2.pdf
INFO    : cropping fig_classmates_graph-2.pdf to cropped-fig_classmates_graph-2.pdf
INFO    : renaming cropped-fig_classmates_graph-2.pdf to fig_classmates_graph-2.pdf
INFO    : converting fig_classmates_graph-2.pdf to fig_classmates_graph-2.svg
INFO    : converting fig_word_graph_first-2.tex to fig_word_graph_first-2.pdf
INFO    : cropping fig_word_graph_first-2.pdf to cropped-fig_word_graph_first-2.pdf
INFO    : renaming cropped-fig_word_graph_first-2.pdf to fig_word_graph_first-2.pdf
INFO    : converting fig_word_graph_first-2.pdf to fig_word_graph_first-2.svg
INFO    : converting fig_midwest_map-2.tex to fig_midwest_map-2.pdf
INFO    : cropping fig_midwest_map-2.pdf to cropped-fig_midwest_map-2.pdf
INFO    : renaming cropped-fig_midwest_map-2.pdf to fig_midwest_map-2.pdf
INFO    : converting fig_midwest_map-2.pdf to fig_midwest_map-2.svg
INFO    : converting fig_classmates_comp-2.tex to fig_classmates_comp-2.pdf
INFO    : cropping fig_classmates_comp-2.pdf to cropped-fig_classmates_comp-2.pdf
INFO    : renaming cropped-fig_classmates_comp-2.pdf to fig_classmates_comp-2.pdf
INFO    : converting fig_classmates_comp-2.pdf to fig_classmates_comp-2.svg
INFO    : Removing temporary directory /tmp/ptx-6jr65m9p
INFO    : Finished generating assets.

INFO    : Building target web
INFO    : with root of tree below sec_graph_models
WARNING : Schema validation could not be completed: no validator was available (jing is not installed and lxml could not compile the schema). Continuing with build.
WARNING : Destroying directory /workspaces/activediscreteTEST0312826/Doree-main/build/web to clean previously built files.
INFO    : Building with custom xsl /workspaces/activediscreteTEST0312826/Doree-main/source/xsl/custom-html.xsl
INFO    : Preparing to build into /workspaces/activediscreteTEST0312826/Doree-main/build/web.
INFO    : discovering source file's directory name: /workspaces/activediscreteTEST0312826/Doree-main/source
INFO    : verifying and expanding input directory: /workspaces/activediscreteTEST0312826/Doree-main/source/../generated-assets
INFO    : input directory expanded to absolute path: /workspaces/activediscreteTEST0312826/Doree-main/generated-assets
INFO    : verifying and expanding input directory: /workspaces/activediscreteTEST0312826/Doree-main/source/../assets
INFO    : input directory expanded to absolute path: /workspaces/activediscreteTEST0312826/Doree-main/assets
INFO    : discovering source file's directory name: /workspaces/activediscreteTEST0312826/Doree-main/source
INFO    : XSL conversion of /workspaces/activediscreteTEST0312826/Doree-main/source/main.ptx by /home/codespace/.ptx/2.43.1/core/xsl/utilities/report-publisher-variables.xsl
INFO    : successful application of /home/codespace/.ptx/2.43.1/core/xsl/utilities/report-publisher-variables.xsl
INFO    : Downloading rs services file from https://runestone.academy/cdn/runestone/latest/webpack_static_imports.xml.
INFO    : Runestone Services via online CDN query: version 8.2.1
INFO    : Downloading Runestone Services, version 8.2.1
INFO    : Extracting Runestone Services from archive file
INFO    : Building custom css theme: theme-default-modern
INFO    : converting /workspaces/activediscreteTEST0312826/Doree-main/source/main.ptx to HTML in /tmp/ptx-5oub2ze4
INFO    : XSL conversion of /workspaces/activediscreteTEST0312826/Doree-main/source/main.ptx by /tmp/ptxcli_fx6p_n4w/cli_xsl/custom-html.xsl
INFO    : messages from the log for XSL processing:
WARNING : * PTX:WARNING: There are apparent XML elements in locations that should be text only (1 times).
WARNING : * PTX:WARNING: There is an apparent XML element (<ndash>) inside an <c> element, which should only contain text.  Using an escaped "less than" ('&lt;') might be the solution, or using a CDATA section.
INFO    : *              located at: pretext/book/chapter/section/subsection/subsubsection/exercise/statement/p/c/ndash
INFO    : *              located within: "exer_bal_ternary_strings" (xml:id), "Explore" (title)
WARNING : * PTX:WARNING: In a section containing subsections, any content that is not inside a subsection needs to be inside an <introduction> and/or  <conclusion>.
INFO    : *              located at: pretext/book/chapter/section
INFO    : *              located within: "sec_handshakes" (xml:id), "Handshakes" (title)
INFO    : * PTX:INFO:   checking all deprecated elements.
WARNING : * PTX:DEPRECATE: (2024-10-08) elements previously included in a "titlepage" element inside the "frontmatter" (author, editor, credit, date, and event) should now be placed in "frontmatter/bibinfo".  To ensure a title page is created, put only the empty element "titlepage-items" inside "titlepage".  Until you move these elements, we will try to honor your intent. (1 time)
INFO    : *              located at: pretext/book/frontmatter/titlepage
INFO    : *              located within: "Active Discrete Mathematics: Patterns, Structures, and Proof" (title)
INFO    : * --------------
WARNING : * PTX:DEPRECATE: (2026-05-11) the "me" and "men" elements have been deprecated.  The replacement is an "md" with no "mrow" children, and numbering is controlled by the "@number" attribute, or a global setting in "docinfo". (842 times)
INFO    : *              located at: pretext/book/chapter/section/subsection/activity/p/ol/li/p/me
INFO    : *              located within: "act_handshakes" (xml:id), "Handshakes puzzle" (title)
INFO    : *              located at: pretext/book/chapter/section/subsection/example/solution/p/me
INFO    : *              located within: "exam_hs6" (xml:id), "Six students shake hands" (title)
INFO    : *              located at: pretext/book/chapter/section/subsection/example/solution/p/me
INFO    : *              located within: "exam_hs6" (xml:id), "Six students shake hands" (title)
INFO    : *              located at: pretext/book/chapter/section/subsection/example/solution/p/me
INFO    : *              located within: "exam_hs6" (xml:id), "Six students shake hands" (title)
INFO    : *              located at: pretext/book/chapter/section/subsection/p/me
INFO    : *              located within: "Counting Handshakes" (title)
INFO    : *              located at: pretext/book/chapter/section/subsection/example/statement/p/ol/li/p/solution/figure/me
INFO    : *              located within: "fig_sq_dom6_start1" (xml:id)
INFO    : *              located at: pretext/book/chapter/section/subsection/example/statement/p/ol/li/p/solution/figure/me
INFO    : *              located within: "fig_sq_dom6_start1" (xml:id)
INFO    : *              located at: pretext/book/chapter/section/subsection/example/statement/p/ol/li/p/solution/figure/me
INFO    : *              located within: "fig_sq_dom6_start2" (xml:id)
INFO    : * --------------
INFO    : successful application of /tmp/ptxcli_fx6p_n4w/cli_xsl/custom-html.xsl
INFO    : Removing temporary directory /tmp/ptx-5oub2ze4
INFO    : Removing temporary directory /tmp/ptx-m4vgplrm
INFO    : 
Finished build for target web. Run `pretext view web` to see the results.

INFO    : 
Success!  Built requested target(s) without errors.

INFO    : 
