WARNING : Project's CLI version could not be detected from `requirements.txt`.
WARNING : Try `pretext update-project` to produce a compatible file.
INFO    : Generating any needed assets.
WARNING : Destroying directory /workspaces/activediscreteTEST0312826/Doree-main/generated-assets to clean previously built assets.
WARNING : Destroying directory /workspaces/activediscreteTEST0312826/.cache to clean previously built assets.
INFO    : XSL conversion of /workspaces/activediscreteTEST0312826/Doree-main/source/main.ptx by /home/codespace/.ptx/2.43.1/core/xsl/utilities/pretext-enhanced-source.xsl
INFO    : successful application of /home/codespace/.ptx/2.43.1/core/xsl/utilities/pretext-enhanced-source.xsl
WARNING : Now generating latex images
INFO    : converting latex-image pictures from /workspaces/activediscreteTEST0312826/Doree-main/source/main.ptx to svg graphics for placement in /workspaces/activediscreteTEST0312826/Doree-main/generated-assets/latex-image
INFO    : extracting latex-image pictures from /workspaces/activediscreteTEST0312826/Doree-main/source/main.ptx
INFO    : string parameters passed to extraction stylesheet: {'publisher': '/workspaces/activediscreteTEST0312826/Doree-main/source/publication.xml', 'subtree': 'sec_graph_models'}
INFO    : discovering source file's directory name: /workspaces/activediscreteTEST0312826/Doree-main/source
INFO    : verifying and expanding input directory: /workspaces/activediscreteTEST0312826/Doree-main/source/../generated-assets
INFO    : input directory expanded to absolute path: /workspaces/activediscreteTEST0312826/Doree-main/generated-assets
INFO    : verifying and expanding input directory: /workspaces/activediscreteTEST0312826/Doree-main/source/../assets
INFO    : input directory expanded to absolute path: /workspaces/activediscreteTEST0312826/Doree-main/assets
INFO    : discovering source file's directory name: /workspaces/activediscreteTEST0312826/Doree-main/source
INFO    : XSL conversion of /workspaces/activediscreteTEST0312826/Doree-main/source/main.ptx by /home/codespace/.ptx/2.43.1/core/xsl/extract-latex-image.xsl
INFO    : successful application of /home/codespace/.ptx/2.43.1/core/xsl/extract-latex-image.xsl
INFO    : converting fig_3comp-2.tex to fig_3comp-2.pdf
INFO    : cropping fig_3comp-2.pdf to cropped-fig_3comp-2.pdf
INFO    : renaming cropped-fig_3comp-2.pdf to fig_3comp-2.pdf
INFO    : converting fig_3comp-2.pdf to fig_3comp-2.svg
INFO    : converting fig_bridges-2.tex to fig_bridges-2.pdf
INFO    : cropping fig_bridges-2.pdf to cropped-fig_bridges-2.pdf
INFO    : renaming cropped-fig_bridges-2.pdf to fig_bridges-2.pdf
INFO    : converting fig_bridges-2.pdf to fig_bridges-2.svg
INFO    : converting fig_four_drawings_K4_minus_edge-2.tex to fig_four_drawings_K4_minus_edge-2.pdf
INFO    : cropping fig_four_drawings_K4_minus_edge-2.pdf to cropped-fig_four_drawings_K4_minus_edge-2.pdf
INFO    : renaming cropped-fig_four_drawings_K4_minus_edge-2.pdf to fig_four_drawings_K4_minus_edge-2.pdf
INFO    : converting fig_four_drawings_K4_minus_edge-2.pdf to fig_four_drawings_K4_minus_edge-2.svg
INFO    : converting fig_bridges_graph-2.tex to fig_bridges_graph-2.pdf
INFO    : cropping fig_bridges_graph-2.pdf to cropped-fig_bridges_graph-2.pdf
INFO    : renaming cropped-fig_bridges_graph-2.pdf to fig_bridges_graph-2.pdf
INFO    : converting fig_bridges_graph-2.pdf to fig_bridges_graph-2.svg
INFO    : converting fig_elephant-2.tex to fig_elephant-2.pdf
INFO    : cropping fig_elephant-2.pdf to cropped-fig_elephant-2.pdf
INFO    : renaming cropped-fig_elephant-2.pdf to fig_elephant-2.pdf
INFO    : converting fig_elephant-2.pdf to fig_elephant-2.svg
INFO    : converting fig_graph_act_deg_comp-2.tex to fig_graph_act_deg_comp-2.pdf
INFO    : cropping fig_graph_act_deg_comp-2.pdf to cropped-fig_graph_act_deg_comp-2.pdf
INFO    : renaming cropped-fig_graph_act_deg_comp-2.pdf to fig_graph_act_deg_comp-2.pdf
INFO    : converting fig_graph_act_deg_comp-2.pdf to fig_graph_act_deg_comp-2.svg
INFO    : converting fig_three_comp_answer-2.tex to fig_three_comp_answer-2.pdf
INFO    : cropping fig_three_comp_answer-2.pdf to cropped-fig_three_comp_answer-2.pdf
INFO    : renaming cropped-fig_three_comp_answer-2.pdf to fig_three_comp_answer-2.pdf
INFO    : converting fig_three_comp_answer-2.pdf to fig_three_comp_answer-2.svg
INFO    : converting fig_classmates_graph-2.tex to fig_classmates_graph-2.pdf
INFO    : cropping fig_classmates_graph-2.pdf to cropped-fig_classmates_graph-2.pdf
INFO    : renaming cropped-fig_classmates_graph-2.pdf to fig_classmates_graph-2.pdf
INFO    : converting fig_classmates_graph-2.pdf to fig_classmates_graph-2.svg
INFO    : converting fig_word_graph_first-2.tex to fig_word_graph_first-2.pdf
INFO    : cropping fig_word_graph_first-2.pdf to cropped-fig_word_graph_first-2.pdf
INFO    : renaming cropped-fig_word_graph_first-2.pdf to fig_word_graph_first-2.pdf
INFO    : converting fig_word_graph_first-2.pdf to fig_word_graph_first-2.svg
INFO    : converting fig_midwest_map-2.tex to fig_midwest_map-2.pdf
INFO    : cropping fig_midwest_map-2.pdf to cropped-fig_midwest_map-2.pdf
INFO    : renaming cropped-fig_midwest_map-2.pdf to fig_midwest_map-2.pdf
INFO    : converting fig_midwest_map-2.pdf to fig_midwest_map-2.svg
INFO    : converting fig_classmates_comp-2.tex to fig_classmates_comp-2.pdf
INFO    : cropping fig_classmates_comp-2.pdf to cropped-fig_classmates_comp-2.pdf
INFO    : renaming cropped-fig_classmates_comp-2.pdf to fig_classmates_comp-2.pdf
INFO    : converting fig_classmates_comp-2.pdf to fig_classmates_comp-2.svg
INFO    : Removing temporary directory /tmp/ptx-4lf00gig
INFO    : Finished generating assets.

INFO    : Finished generating assets successfully.

INFO    : 
