WARNING : Using CLI version 2.43.2 but project's `requirements.txt`
WARNING : is configured to use 2.43.1. Consider either installing
WARNING : CLI version 2.43.1 or running `pretext update-project`
WARNING : to update `requirements.txt` and other managed files to match 2.43.2.
INFO    : Building target web
INFO    : XSL conversion of /workspaces/activediscreteTEST0312826/Doree-main/source/main.ptx by /home/codespace/.ptx/2.43.2/core/xsl/utilities/pretext-enhanced-source.xsl
INFO    : successful application of /home/codespace/.ptx/2.43.2/core/xsl/utilities/pretext-enhanced-source.xsl
WARNING : Schema validation could not be completed: no validator was available (jing is not installed and lxml could not compile the schema). Continuing with build.
INFO    : Generating any needed assets.
WARNING : Now generating latex images
INFO    : converting latex-image pictures from /workspaces/activediscreteTEST0312826/Doree-main/source/main.ptx to svg graphics for placement in /workspaces/activediscreteTEST0312826/Doree-main/generated-assets/latex-image
INFO    : extracting latex-image pictures from /workspaces/activediscreteTEST0312826/Doree-main/source/main.ptx
INFO    : string parameters passed to extraction stylesheet: {'cli.version': '2.43', 'publisher': '/workspaces/activediscreteTEST0312826/Doree-main/source/publication.xml'}
INFO    : discovering source file's directory name: /workspaces/activediscreteTEST0312826/Doree-main/source
INFO    : verifying and expanding input directory: /workspaces/activediscreteTEST0312826/Doree-main/source/../generated-assets
INFO    : input directory expanded to absolute path: /workspaces/activediscreteTEST0312826/Doree-main/generated-assets
INFO    : verifying and expanding input directory: /workspaces/activediscreteTEST0312826/Doree-main/source/../assets
INFO    : input directory expanded to absolute path: /workspaces/activediscreteTEST0312826/Doree-main/assets
INFO    : discovering source file's directory name: /workspaces/activediscreteTEST0312826/Doree-main/source
INFO    : XSL conversion of /workspaces/activediscreteTEST0312826/Doree-main/source/main.ptx by /home/codespace/.ptx/2.43.2/core/xsl/extract-latex-image.xsl
INFO    : successful application of /home/codespace/.ptx/2.43.2/core/xsl/extract-latex-image.xsl
INFO    : converting fig_ism_Ham5-2.tex to fig_ism_Ham5-2.pdf
INFO    : cropping fig_ism_Ham5-2.pdf to cropped-fig_ism_Ham5-2.pdf
INFO    : renaming cropped-fig_ism_Ham5-2.pdf to fig_ism_Ham5-2.pdf
INFO    : converting fig_ism_Ham5-2.pdf to fig_ism_Ham5-2.svg
INFO    : converting fig_schedule_alumni-2.tex to fig_schedule_alumni-2.pdf
INFO    : cropping fig_schedule_alumni-2.pdf to cropped-fig_schedule_alumni-2.pdf
INFO    : renaming cropped-fig_schedule_alumni-2.pdf to fig_schedule_alumni-2.pdf
INFO    : converting fig_schedule_alumni-2.pdf to fig_schedule_alumni-2.svg
INFO    : converting fig_wheel5_4colored-2.tex to fig_wheel5_4colored-2.pdf
INFO    : cropping fig_wheel5_4colored-2.pdf to cropped-fig_wheel5_4colored-2.pdf
INFO    : renaming cropped-fig_wheel5_4colored-2.pdf to fig_wheel5_4colored-2.pdf
INFO    : converting fig_wheel5_4colored-2.pdf to fig_wheel5_4colored-2.svg
INFO    : converting fig_ism_notK33-2.tex to fig_ism_notK33-2.pdf
INFO    : cropping fig_ism_notK33-2.pdf to cropped-fig_ism_notK33-2.pdf
INFO    : renaming cropped-fig_ism_notK33-2.pdf to fig_ism_notK33-2.pdf
INFO    : converting fig_ism_notK33-2.pdf to fig_ism_notK33-2.svg
INFO    : converting fig_ism_trees_easy_answer-2.tex to fig_ism_trees_easy_answer-2.pdf
INFO    : cropping fig_ism_trees_easy_answer-2.pdf to cropped-fig_ism_trees_easy_answer-2.pdf
INFO    : renaming cropped-fig_ism_trees_easy_answer-2.pdf to fig_ism_trees_easy_answer-2.pdf
INFO    : converting fig_ism_trees_easy_answer-2.pdf to fig_ism_trees_easy_answer-2.svg
INFO    : converting fig_K5-2.tex to fig_K5-2.pdf
INFO    : cropping fig_K5-2.pdf to cropped-fig_K5-2.pdf
INFO    : renaming cropped-fig_K5-2.pdf to fig_K5-2.pdf
INFO    : converting fig_K5-2.pdf to fig_K5-2.svg
INFO    : converting fig_regular8_answer-2.tex to fig_regular8_answer-2.pdf
INFO    : cropping fig_regular8_answer-2.pdf to cropped-fig_regular8_answer-2.pdf
INFO    : renaming cropped-fig_regular8_answer-2.pdf to fig_regular8_answer-2.pdf
INFO    : converting fig_regular8_answer-2.pdf to fig_regular8_answer-2.svg
INFO    : converting fig_bridges_graph-2.tex to fig_bridges_graph-2.pdf
INFO    : cropping fig_bridges_graph-2.pdf to cropped-fig_bridges_graph-2.pdf
INFO    : renaming cropped-fig_bridges_graph-2.pdf to fig_bridges_graph-2.pdf
INFO    : converting fig_bridges_graph-2.pdf to fig_bridges_graph-2.svg
INFO    : Removing temporary directory /tmp/ptx-cz9q22g1
INFO    : Finished generating assets.

INFO    : Preparing to build into /workspaces/activediscreteTEST0312826/Doree-main/source/build/web.
INFO    : discovering source file's directory name: /workspaces/activediscreteTEST0312826/Doree-main/source
INFO    : verifying and expanding input directory: /workspaces/activediscreteTEST0312826/Doree-main/source/../generated-assets
INFO    : input directory expanded to absolute path: /workspaces/activediscreteTEST0312826/Doree-main/generated-assets
INFO    : verifying and expanding input directory: /workspaces/activediscreteTEST0312826/Doree-main/source/../assets
INFO    : input directory expanded to absolute path: /workspaces/activediscreteTEST0312826/Doree-main/assets
INFO    : discovering source file's directory name: /workspaces/activediscreteTEST0312826/Doree-main/source
INFO    : XSL conversion of /workspaces/activediscreteTEST0312826/Doree-main/source/main.ptx by /home/codespace/.ptx/2.43.2/core/xsl/utilities/report-publisher-variables.xsl
INFO    : successful application of /home/codespace/.ptx/2.43.2/core/xsl/utilities/report-publisher-variables.xsl
INFO    : Downloading rs services file from https://runestone.academy/cdn/runestone/latest/webpack_static_imports.xml.
INFO    : Runestone Services via online CDN query: version 8.1.9
INFO    : Downloading Runestone Services, version 8.1.9
INFO    : Extracting Runestone Services from archive file
INFO    : Building custom css theme: theme-default-modern
INFO    : converting /workspaces/activediscreteTEST0312826/Doree-main/source/main.ptx to HTML in /tmp/ptx-nuyalk2q
INFO    : XSL conversion of /workspaces/activediscreteTEST0312826/Doree-main/source/main.ptx by /home/codespace/.ptx/2.43.2/core/xsl/pretext-html.xsl
INFO    : messages from the log for XSL processing:
WARNING : * PTX:WARNING: There are apparent XML elements in locations that should be text only (1 times).
WARNING : * PTX:WARNING: There is an apparent XML element (<ndash>) inside an <c> element, which should only contain text.  Using an escaped "less than" ('&lt;') might be the solution, or using a CDATA section.
INFO    : *              located at: pretext/book/chapter/section/subsection/subsubsection/exercise/statement/p/c/ndash
INFO    : *              located within: "exer_bal_ternary_strings" (xml:id), "\exerE" (title)
INFO    : * PTX:INFO:   checking all deprecated elements.
WARNING : * PTX:DEPRECATE: (2024-10-08) elements previously included in a "titlepage" element inside the "frontmatter" (author, editor, credit, date, and event) should now be placed in "frontmatter/bibinfo".  To ensure a title page is created, put only the empty element "titlepage-items" inside "titlepage".  Until you move these elements, we will try to honor your intent. (1 time)
INFO    : *              located at: pretext/book/frontmatter/titlepage
INFO    : *              located within: "Active Discrete Mathematics: Patterns, Structures, and Proof" (title)
INFO    : * --------------
WARNING : * PTX:DEPRECATE: (2026-05-11) the "me" and "men" elements have been deprecated.  The replacement is an "md" with no "mrow" children, and numbering is controlled by the "@number" attribute, or a global setting in "docinfo". (106 times)
INFO    : *              located at: pretext/book/chapter/activity/p/ol/li/p/me
INFO    : *              located within: "act_handshakes" (xml:id), "Handshakes puzzle" (title)
INFO    : *              located at: pretext/book/chapter/example/solution/p/me
INFO    : *              located within: "exam_hs6" (xml:id), "Six students shake hands" (title)
INFO    : *              located at: pretext/book/chapter/example/solution/p/me
INFO    : *              located within: "exam_hs6" (xml:id), "Six students shake hands" (title)
INFO    : *              located at: pretext/book/chapter/example/solution/p/me
INFO    : *              located within: "exam_hs6" (xml:id), "Six students shake hands" (title)
INFO    : *              located at: pretext/book/chapter/p/me
INFO    : *              located within: "ch_prologue" (xml:id), "Prologue: Handshakes" (title)
INFO    : *              located at: pretext/book/chapter/section/subsection/example/statement/p/ol/li/p/solution/figure/me
INFO    : *              located within: "fig_sq_dom6_start1" (xml:id)
INFO    : *              located at: pretext/book/chapter/section/subsection/example/statement/p/ol/li/p/solution/figure/me
INFO    : *              located within: "fig_sq_dom6_start2" (xml:id)
INFO    : *              located at: pretext/book/chapter/section/subsection/example/statement/p/ol/li/p/solution/p/me
INFO    : *              located within: "exam_sq_dom8" (xml:id), "Counting squares and dominoes tilings of a 1 \times 8 board" (title)
INFO    : * --------------
ERROR   : * PTX:ERROR:   a cross-reference ("xref") uses references [exer_math_ind_sum_evens] that do not point to any target, or perhaps point to multiple targets.  Maybe you typed an @xml:id value wrong, maybe the target of the @xml:id is nonexistent, or maybe you temporarily removed the target from your source, or maybe an auxiliary file contains a duplicate.  Your output will contain some placeholder text that you will not want to distribute to your readers.
INFO    : *              located at: pretext/book/chapter/p/xref
INFO    : *              located within: "ch_prologue" (xml:id), "Prologue: Handshakes" (title)
ERROR   : * PTX:ERROR:   a cross-reference ("xref") uses references [exer_comb_pf_sum_hs] that do not point to any target, or perhaps point to multiple targets.  Maybe you typed an @xml:id value wrong, maybe the target of the @xml:id is nonexistent, or maybe you temporarily removed the target from your source, or maybe an auxiliary file contains a duplicate.  Your output will contain some placeholder text that you will not want to distribute to your readers.
INFO    : *              located at: pretext/book/chapter/p/xref
INFO    : *              located within: "ch_prologue" (xml:id), "Prologue: Handshakes" (title)
ERROR   : * PTX:ERROR:   a cross-reference ("xref") uses references [sec_sum_proofs] that do not point to any target, or perhaps point to multiple targets.  Maybe you typed an @xml:id value wrong, maybe the target of the @xml:id is nonexistent, or maybe you temporarily removed the target from your source, or maybe an auxiliary file contains a duplicate.  Your output will contain some placeholder text that you will not want to distribute to your readers.
INFO    : *              located at: pretext/book/chapter/p/xref
INFO    : *              located within: "ch_prologue" (xml:id), "Prologue: Handshakes" (title)
ERROR   : * PTX:ERROR:   a cross-reference ("xref") uses references [ch_number_theory] that do not point to any target, or perhaps point to multiple targets.  Maybe you typed an @xml:id value wrong, maybe the target of the @xml:id is nonexistent, or maybe you temporarily removed the target from your source, or maybe an auxiliary file contains a duplicate.  Your output will contain some placeholder text that you will not want to distribute to your readers.
INFO    : *              located at: pretext/book/chapter/p/xref
INFO    : *              located within: "ch_prologue" (xml:id), "Prologue: Handshakes" (title)
ERROR   : * PTX:ERROR:   a cross-reference ("xref") uses references [ch_logic_proof] that do not point to any target, or perhaps point to multiple targets.  Maybe you typed an @xml:id value wrong, maybe the target of the @xml:id is nonexistent, or maybe you temporarily removed the target from your source, or maybe an auxiliary file contains a duplicate.  Your output will contain some placeholder text that you will not want to distribute to your readers.
INFO    : *              located at: pretext/book/chapter/p/xref
INFO    : *              located within: "ch_prologue" (xml:id), "Prologue: Handshakes" (title)
ERROR   : * PTX:ERROR:   a cross-reference ("xref") uses references [ch_functions] that do not point to any target, or perhaps point to multiple targets.  Maybe you typed an @xml:id value wrong, maybe the target of the @xml:id is nonexistent, or maybe you temporarily removed the target from your source, or maybe an auxiliary file contains a duplicate.  Your output will contain some placeholder text that you will not want to distribute to your readers.
INFO    : *              located at: pretext/book/chapter/p/xref
INFO    : *              located within: "ch_prologue" (xml:id), "Prologue: Handshakes" (title)
ERROR   : * PTX:ERROR:   a cross-reference ("xref") uses references [ch_sets_rel] that do not point to any target, or perhaps point to multiple targets.  Maybe you typed an @xml:id value wrong, maybe the target of the @xml:id is nonexistent, or maybe you temporarily removed the target from your source, or maybe an auxiliary file contains a duplicate.  Your output will contain some placeholder text that you will not want to distribute to your readers.
INFO    : *              located at: pretext/book/chapter/p/xref
INFO    : *              located within: "ch_prologue" (xml:id), "Prologue: Handshakes" (title)
ERROR   : * PTX:ERROR:   a cross-reference ("xref") uses references [ch_recursion_induction] that do not point to any target, or perhaps point to multiple targets.  Maybe you typed an @xml:id value wrong, maybe the target of the @xml:id is nonexistent, or maybe you temporarily removed the target from your source, or maybe an auxiliary file contains a duplicate.  Your output will contain some placeholder text that you will not want to distribute to your readers.
INFO    : *              located at: pretext/book/chapter/p/xref
INFO    : *              located within: "ch_prologue" (xml:id), "Prologue: Handshakes" (title)
ERROR   : * PTX:ERROR:   a cross-reference ("xref") uses references [ch_sum_prod] that do not point to any target, or perhaps point to multiple targets.  Maybe you typed an @xml:id value wrong, maybe the target of the @xml:id is nonexistent, or maybe you temporarily removed the target from your source, or maybe an auxiliary file contains a duplicate.  Your output will contain some placeholder text that you will not want to distribute to your readers.
INFO    : *              located at: pretext/book/chapter/p/xref
INFO    : *              located within: "ch_prologue" (xml:id), "Prologue: Handshakes" (title)
ERROR   : * PTX:ERROR:   a cross-reference ("xref") uses references [ch_recursion_induction] that do not point to any target, or perhaps point to multiple targets.  Maybe you typed an @xml:id value wrong, maybe the target of the @xml:id is nonexistent, or maybe you temporarily removed the target from your source, or maybe an auxiliary file contains a duplicate.  Your output will contain some placeholder text that you will not want to distribute to your readers.
INFO    : *              located at: pretext/book/chapter/section/subsection/p/xref
INFO    : *              located within: "sub_squares_dominoes" (xml:id), "\subsqdom" (title)
ERROR   : * PTX:ERROR:   a cross-reference ("xref") uses references [sec_explicitly_defined_sequences] that do not point to any target, or perhaps point to multiple targets.  Maybe you typed an @xml:id value wrong, maybe the target of the @xml:id is nonexistent, or maybe you temporarily removed the target from your source, or maybe an auxiliary file contains a duplicate.  Your output will contain some placeholder text that you will not want to distribute to your readers.
INFO    : *              located at: pretext/book/chapter/section/subsection/example/statement/p/ol/li/p/solution/p/xref
INFO    : *              located within: "exam_sq_dom8" (xml:id), "Counting squares and dominoes tilings of a 1 \times 8 board" (title)
ERROR   : * PTX:ERROR:   a cross-reference ("xref") uses references [sec_fibonacci_higher] that do not point to any target, or perhaps point to multiple targets.  Maybe you typed an @xml:id value wrong, maybe the target of the @xml:id is nonexistent, or maybe you temporarily removed the target from your source, or maybe an auxiliary file contains a duplicate.  Your output will contain some placeholder text that you will not want to distribute to your readers.
INFO    : *              located at: pretext/book/chapter/section/subsection/p/xref
INFO    : *              located within: "sub_squares_dominoes" (xml:id), "\subsqdom" (title)
ERROR   : * PTX:ERROR:   a cross-reference ("xref") uses references [sec_logic_connectives] that do not point to any target, or perhaps point to multiple targets.  Maybe you typed an @xml:id value wrong, maybe the target of the @xml:id is nonexistent, or maybe you temporarily removed the target from your source, or maybe an auxiliary file contains a duplicate.  Your output will contain some placeholder text that you will not want to distribute to your readers.
INFO    : *              located at: pretext/book/chapter/section/subsection/subsubsection/exercise/statement/p/fn/xref
INFO    : *              located within: "exer_big_island" (xml:id), "\exerU" (title)
ERROR   : * PTX:ERROR:   a cross-reference ("xref") uses references [thm_div_alg] that do not point to any target, or perhaps point to multiple targets.  Maybe you typed an @xml:id value wrong, maybe the target of the @xml:id is nonexistent, or maybe you temporarily removed the target from your source, or maybe an auxiliary file contains a duplicate.  Your output will contain some placeholder text that you will not want to distribute to your readers.
INFO    : *              located at: pretext/book/chapter/section/subsection/example/statement/p/ol/li/p/solution/p/xref
INFO    : *              located within: "exam_check_first_thm_graph_thy" (xml:id), "Checking first theorem of graph theory" (title)
ERROR   : * PTX:ERROR:   a cross-reference ("xref") uses references [sec_converse_cp] that do not point to any target, or perhaps point to multiple targets.  Maybe you typed an @xml:id value wrong, maybe the target of the @xml:id is nonexistent, or maybe you temporarily removed the target from your source, or maybe an auxiliary file contains a duplicate.  Your output will contain some placeholder text that you will not want to distribute to your readers.
INFO    : *              located at: pretext/book/chapter/section/subsection/remark/p/fn/xref
INFO    : *              located within: "rem_show_not_ism" (xml:id), "Using graph invariants to prove that two graphs are not isomorphic" (title)
ERROR   : * PTX:ERROR:   a cross-reference ("xref") uses references [sec_explicitly_defined_sequences] that do not point to any target, or perhaps point to multiple targets.  Maybe you typed an @xml:id value wrong, maybe the target of the @xml:id is nonexistent, or maybe you temporarily removed the target from your source, or maybe an auxiliary file contains a duplicate.  Your output will contain some placeholder text that you will not want to distribute to your readers.
INFO    : *              located at: pretext/book/chapter/section/subsection/example/statement/p/ol/li/p/solution/p/xref
INFO    : *              located within: "exam_sq_dom8" (xml:id), "Counting squares and dominoes tilings of a 1 \times 8 board" (title)
ERROR   : * PTX:ERROR:   a cross-reference ("xref") uses references [thm_div_alg] that do not point to any target, or perhaps point to multiple targets.  Maybe you typed an @xml:id value wrong, maybe the target of the @xml:id is nonexistent, or maybe you temporarily removed the target from your source, or maybe an auxiliary file contains a duplicate.  Your output will contain some placeholder text that you will not want to distribute to your readers.
INFO    : *              located at: pretext/book/chapter/section/subsection/example/statement/p/ol/li/p/solution/p/xref
INFO    : *              located within: "exam_check_first_thm_graph_thy" (xml:id), "Checking first theorem of graph theory" (title)
INFO    : successful application of /home/codespace/.ptx/2.43.2/core/xsl/pretext-html.xsl
INFO    : Removing temporary directory /tmp/ptx-nuyalk2q
INFO    : Removing temporary directory /tmp/ptx-mw9crl9_
INFO    : 
Finished build for target web. Run `pretext view web` to see the results.

CRITICAL: There were errors during the build.  See above.
INFO    : ------------------------
CRITICAL: Failed to build without errors.  Exiting...
INFO    : 
----------------------------------------------------
INFO    : While running pretext, the following errors occurred:

INFO    : (see log messages above or in the 'logs' folder for more information)
INFO    : ----------------------------------------------------
